Archive member included to satisfy reference by file (symbol)

C:/ST/STM32CubeCLT_1.21.0/GNU-tools-for-STM32/bin/../lib/gcc/arm-none-eabi/14.3.1/thumb/v6-m/nofp\libgcc.a(_udivsi3.o)
                              cmake/stm32cubemx/CMakeFiles/STM32_Drivers.dir/__/__/Core/Src/system_stm32f0xx.c.obj (__aeabi_uidiv)
C:/ST/STM32CubeCLT_1.21.0/GNU-tools-for-STM32/bin/../lib/gcc/arm-none-eabi/14.3.1/thumb/v6-m/nofp\libgcc.a(_dvmd_tls.o)
                              C:/ST/STM32CubeCLT_1.21.0/GNU-tools-for-STM32/bin/../lib/gcc/arm-none-eabi/14.3.1/thumb/v6-m/nofp\libgcc.a(_udivsi3.o) (__aeabi_idiv0)
C:/ST/STM32CubeCLT_1.21.0/GNU-tools-for-STM32/bin/../lib/gcc/arm-none-eabi/14.3.1/../../../../arm-none-eabi/lib/thumb/v6-m/nofp\libg_nano.a(libc_a-exit.o)
                              C:/ST/STM32CubeCLT_1.21.0/GNU-tools-for-STM32/bin/../lib/gcc/arm-none-eabi/14.3.1/../../../../arm-none-eabi/lib/thumb/v6-m/nofp/crt0.o (exit)
C:/ST/STM32CubeCLT_1.21.0/GNU-tools-for-STM32/bin/../lib/gcc/arm-none-eabi/14.3.1/../../../../arm-none-eabi/lib/thumb/v6-m/nofp\libg_nano.a(libc_a-findfp.o)
                              C:/ST/STM32CubeCLT_1.21.0/GNU-tools-for-STM32/bin/../lib/gcc/arm-none-eabi/14.3.1/../../../../arm-none-eabi/lib/thumb/v6-m/nofp\libg_nano.a(libc_a-exit.o) (__stdio_exit_handler)
C:/ST/STM32CubeCLT_1.21.0/GNU-tools-for-STM32/bin/../lib/gcc/arm-none-eabi/14.3.1/../../../../arm-none-eabi/lib/thumb/v6-m/nofp\libg_nano.a(libc_a-fwalk.o)
                              C:/ST/STM32CubeCLT_1.21.0/GNU-tools-for-STM32/bin/../lib/gcc/arm-none-eabi/14.3.1/../../../../arm-none-eabi/lib/thumb/v6-m/nofp\libg_nano.a(libc_a-findfp.o) (_fwalk_sglue)
C:/ST/STM32CubeCLT_1.21.0/GNU-tools-for-STM32/bin/../lib/gcc/arm-none-eabi/14.3.1/../../../../arm-none-eabi/lib/thumb/v6-m/nofp\libg_nano.a(libc_a-stdio.o)
                              C:/ST/STM32CubeCLT_1.21.0/GNU-tools-for-STM32/bin/../lib/gcc/arm-none-eabi/14.3.1/../../../../arm-none-eabi/lib/thumb/v6-m/nofp\libg_nano.a(libc_a-findfp.o) (__sread)
C:/ST/STM32CubeCLT_1.21.0/GNU-tools-for-STM32/bin/../lib/gcc/arm-none-eabi/14.3.1/../../../../arm-none-eabi/lib/thumb/v6-m/nofp\libg_nano.a(libc_a-memset.o)
                              C:/ST/STM32CubeCLT_1.21.0/GNU-tools-for-STM32/bin/../lib/gcc/arm-none-eabi/14.3.1/../../../../arm-none-eabi/lib/thumb/v6-m/nofp/crt0.o (memset)
C:/ST/STM32CubeCLT_1.21.0/GNU-tools-for-STM32/bin/../lib/gcc/arm-none-eabi/14.3.1/../../../../arm-none-eabi/lib/thumb/v6-m/nofp\libg_nano.a(libc_a-closer.o)
                              C:/ST/STM32CubeCLT_1.21.0/GNU-tools-for-STM32/bin/../lib/gcc/arm-none-eabi/14.3.1/../../../../arm-none-eabi/lib/thumb/v6-m/nofp\libg_nano.a(libc_a-stdio.o) (_close_r)
C:/ST/STM32CubeCLT_1.21.0/GNU-tools-for-STM32/bin/../lib/gcc/arm-none-eabi/14.3.1/../../../../arm-none-eabi/lib/thumb/v6-m/nofp\libg_nano.a(libc_a-reent.o)
                              C:/ST/STM32CubeCLT_1.21.0/GNU-tools-for-STM32/bin/../lib/gcc/arm-none-eabi/14.3.1/../../../../arm-none-eabi/lib/thumb/v6-m/nofp\libg_nano.a(libc_a-closer.o) (errno)
C:/ST/STM32CubeCLT_1.21.0/GNU-tools-for-STM32/bin/../lib/gcc/arm-none-eabi/14.3.1/../../../../arm-none-eabi/lib/thumb/v6-m/nofp\libg_nano.a(libc_a-impure.o)
                              C:/ST/STM32CubeCLT_1.21.0/GNU-tools-for-STM32/bin/../lib/gcc/arm-none-eabi/14.3.1/../../../../arm-none-eabi/lib/thumb/v6-m/nofp\libg_nano.a(libc_a-reent.o) (_impure_ptr)
C:/ST/STM32CubeCLT_1.21.0/GNU-tools-for-STM32/bin/../lib/gcc/arm-none-eabi/14.3.1/../../../../arm-none-eabi/lib/thumb/v6-m/nofp\libg_nano.a(libc_a-lseekr.o)
                              C:/ST/STM32CubeCLT_1.21.0/GNU-tools-for-STM32/bin/../lib/gcc/arm-none-eabi/14.3.1/../../../../arm-none-eabi/lib/thumb/v6-m/nofp\libg_nano.a(libc_a-stdio.o) (_lseek_r)
C:/ST/STM32CubeCLT_1.21.0/GNU-tools-for-STM32/bin/../lib/gcc/arm-none-eabi/14.3.1/../../../../arm-none-eabi/lib/thumb/v6-m/nofp\libg_nano.a(libc_a-readr.o)
                              C:/ST/STM32CubeCLT_1.21.0/GNU-tools-for-STM32/bin/../lib/gcc/arm-none-eabi/14.3.1/../../../../arm-none-eabi/lib/thumb/v6-m/nofp\libg_nano.a(libc_a-stdio.o) (_read_r)
C:/ST/STM32CubeCLT_1.21.0/GNU-tools-for-STM32/bin/../lib/gcc/arm-none-eabi/14.3.1/../../../../arm-none-eabi/lib/thumb/v6-m/nofp\libg_nano.a(libc_a-writer.o)
                              C:/ST/STM32CubeCLT_1.21.0/GNU-tools-for-STM32/bin/../lib/gcc/arm-none-eabi/14.3.1/../../../../arm-none-eabi/lib/thumb/v6-m/nofp\libg_nano.a(libc_a-stdio.o) (_write_r)
C:/ST/STM32CubeCLT_1.21.0/GNU-tools-for-STM32/bin/../lib/gcc/arm-none-eabi/14.3.1/../../../../arm-none-eabi/lib/thumb/v6-m/nofp\libg_nano.a(libc_a-errno.o)
                              CMakeFiles/stm30f030f4p6-firmware.dir/Core/Src/sysmem.c.obj (__errno)
C:/ST/STM32CubeCLT_1.21.0/GNU-tools-for-STM32/bin/../lib/gcc/arm-none-eabi/14.3.1/../../../../arm-none-eabi/lib/thumb/v6-m/nofp\libg_nano.a(libc_a-init.o)
[...]
Memory Configuration

Name             Origin             Length             Attributes
RAM              0x20000000         0x00001000         xrw
FLASH            0x08000000         0x00004000         xr
*default*        0x00000000         0xffffffff

Linker script and memory map

LOAD C:/ST/STM32CubeCLT_1.21.0/GNU-tools-for-STM32/bin/../lib/gcc/arm-none-eabi/14.3.1/thumb/v6-m/nofp/crti.o
LOAD C:/ST/STM32CubeCLT_1.21.0/GNU-tools-for-STM32/bin/../lib/gcc/arm-none-eabi/14.3.1/thumb/v6-m/nofp/crtbegin.o
LOAD C:/ST/STM32CubeCLT_1.21.0/GNU-tools-for-STM32/bin/../lib/gcc/arm-none-eabi/14.3.1/../../../../arm-none-eabi/lib/thumb/v6-m/nofp/crt0.o
LOAD cmake/stm32cubemx/CMakeFiles/STM32_Drivers.dir/__/__/Core/Src/system_stm32f0xx.c.obj
LOAD cmake/stm32cubemx/CMakeFiles/STM32_Drivers.dir/__/__/Drivers/STM32F0xx_HAL_Driver/Src/stm32f0xx_hal_tim.c.obj
LOAD cmake/stm32cubemx/CMakeFiles/STM32_Drivers.dir/__/__/Drivers/STM32F0xx_HAL_Driver/Src/stm32f0xx_hal_tim_ex.c.obj
LOAD cmake/stm32cubemx/CMakeFiles/STM32_Drivers.dir/__/__/Drivers/STM32F0xx_HAL_Driver/Src/stm32f0xx_hal_rcc.c.obj
LOAD cmake/stm32cubemx/CMakeFiles/STM32_Drivers.dir/__/__/Drivers/STM32F0xx_HAL_Driver/Src/stm32f0xx_hal_rcc_ex.c.obj
LOAD cmake/stm32cubemx/CMakeFiles/STM32_Drivers.dir/__/__/Drivers/STM32F0xx_HAL_Driver/Src/stm32f0xx_hal.c.obj
LOAD cmake/stm32cubemx/CMakeFiles/STM32_Drivers.dir/__/__/Drivers/STM32F0xx_HAL_Driver/Src/stm32f0xx_hal_i2c.c.obj
LOAD cmake/stm32cubemx/CMakeFiles/STM32_Drivers.dir/__/__/Drivers/STM32F0xx_HAL_Driver/Src/stm32f0xx_hal_i2c_ex.c.obj
LOAD cmake/stm32cubemx/CMakeFiles/STM32_Drivers.dir/__/__/Drivers/STM32F0xx_HAL_Driver/Src/stm32f0xx_hal_gpio.c.obj
LOAD cmake/stm32cubemx/CMakeFiles/STM32_Drivers.dir/__/__/Drivers/STM32F0xx_HAL_Driver/Src/stm32f0xx_hal_dma.c.obj
LOAD cmake/stm32cubemx/CMakeFiles/STM32_Drivers.dir/__/__/Drivers/STM32F0xx_HAL_Driver/Src/stm32f0xx_hal_cortex.c.obj
LOAD cmake/stm32cubemx/CMakeFiles/STM32_Drivers.dir/__/__/Drivers/STM32F0xx_HAL_Driver/Src/stm32f0xx_hal_pwr.c.obj
LOAD cmake/stm32cubemx/CMakeFiles/STM32_Drivers.dir/__/__/Drivers/STM32F0xx_HAL_Driver/Src/stm32f0xx_hal_pwr_ex.c.obj
LOAD cmake/stm32cubemx/CMakeFiles/STM32_Drivers.dir/__/__/Drivers/STM32F0xx_HAL_Driver/Src/stm32f0xx_hal_flash.c.obj
LOAD cmake/stm32cubemx/CMakeFiles/STM32_Drivers.dir/__/__/Drivers/STM32F0xx_HAL_Driver/Src/stm32f0xx_hal_flash_ex.c.obj
LOAD cmake/stm32cubemx/CMakeFiles/STM32_Drivers.dir/__/__/Drivers/STM32F0xx_HAL_Driver/Src/stm32f0xx_hal_exti.c.obj
LOAD CMakeFiles/stm30f030f4p6-firmware.dir/Core/Src/main.c.obj
LOAD CMakeFiles/stm30f030f4p6-firmware.dir/Core/Src/gpio.c.obj
LOAD CMakeFiles/stm30f030f4p6-firmware.dir/Core/Src/tim.c.obj
LOAD CMakeFiles/stm30f030f4p6-firmware.dir/Core/Src/stm32f0xx_it.c.obj
LOAD CMakeFiles/stm30f030f4p6-firmware.dir/Core/Src/stm32f0xx_hal_msp.c.obj
LOAD CMakeFiles/stm30f030f4p6-firmware.dir/Core/Src/sysmem.c.obj
LOAD CMakeFiles/stm30f030f4p6-firmware.dir/Core/Src/syscalls.c.obj
LOAD CMakeFiles/stm30f030f4p6-firmware.dir/startup_stm32f030x6.s.obj
LOAD CMakeFiles/stm30f030f4p6-firmware.dir/Core/Src/ultrasonic.c.obj
LOAD CMakeFiles/stm30f030f4p6-firmware.dir/Core/Src/clock_config.c.obj
LOAD C:/ST/STM32CubeCLT_1.21.0/GNU-tools-for-STM32/bin/../lib/gcc/arm-none-eabi/14.3.1/../../../../arm-none-eabi/lib/thumb/v6-m/nofp\libm.a
START GROUP
LOAD C:/ST/STM32CubeCLT_1.21.0/GNU-tools-for-STM32/bin/../lib/gcc/arm-none-eabi/14.3.1/thumb/v6-m/nofp\libgcc.a
LOAD C:/ST/STM32CubeCLT_1.21.0/GNU-tools-for-STM32/bin/../lib/gcc/arm-none-eabi/14.3.1/../../../../arm-none-eabi/lib/thumb/v6-m/nofp\libg_nano.a
LOAD C:/ST/STM32CubeCLT_1.21.0/GNU-tools-for-STM32/bin/../lib/gcc/arm-none-eabi/14.3.1/../../../../arm-none-eabi/lib/thumb/v6-m/nofp\libc_nano.a
END GROUP
START GROUP
LOAD C:/ST/STM32CubeCLT_1.21.0/GNU-tools-for-STM32/bin/../lib/gcc/arm-none-eabi/14.3.1/thumb/v6-m/nofp\libgcc.a
LOAD C:/ST/STM32CubeCLT_1.21.0/GNU-tools-for-STM32/bin/../lib/gcc/arm-none-eabi/14.3.1/../../../../arm-none-eabi/lib/thumb/v6-m/nofp\libc_nano.a
END GROUP
LOAD C:/ST/STM32CubeCLT_1.21.0/GNU-tools-for-STM32/bin/../lib/gcc/arm-none-eabi/14.3.1/thumb/v6-m/nofp/crtend.o
LOAD C:/ST/STM32CubeCLT_1.21.0/GNU-tools-for-STM32/bin/../lib/gcc/arm-none-eabi/14.3.1/thumb/v6-m/nofp/crtn.o
                0x20001000                        _estack = (ORIGIN (RAM) + LENGTH (RAM))
                0x20000c00                        _sstack = (_estack - _Min_Stack_Size)
                0x00000200                        _Min_Heap_Size = 0x200
                0x00000400                        _Min_Stack_Size = 0x400

.isr_vector     0x08000000       0xc0
                0x08000000                        . = ALIGN (0x4)
 *(.isr_vector)
 .isr_vector    0x08000000       0xc0 CMakeFiles/stm30f030f4p6-firmware.dir/startup_stm32f030x6.s.obj
                0x08000000                g_pfnVectors
                0x080000c0                        . = ALIGN (0x4)

.text           0x080000c0     0x3730
                0x080000c0                        . = ALIGN (0x4)
 *(.text)
 .text          0x080000c0       0x48 C:/ST/STM32CubeCLT_1.21.0/GNU-tools-for-STM32/bin/../lib/gcc/arm-none-eabi/14.3.1/thumb/v6-m/nofp/crtbegin.o
 .text          0x08000108      0x114 C:/ST/STM32CubeCLT_1.21.0/GNU-tools-for-STM32/bin/../lib/gcc/arm-none-eabi/14.3.1/thumb/v6-m/nofp\libgcc.a(_udivsi3.o)
                0x08000108                __aeabi_uidiv
                0x08000108                __udivsi3
                0x08000214                __aeabi_uidivmod
 .text          0x0800021c        0x4 C:/ST/STM32CubeCLT_1.21.0/GNU-tools-for-STM32/bin/../lib/gcc/arm-none-eabi/14.3.1/thumb/v6-m/nofp\libgcc.a(_dvmd_tls.o)
                0x0800021c                __aeabi_idiv0
                0x0800021c                __aeabi_ldiv0
 *(.text*)
 .text.SystemInit
                0x08000220        0xa cmake/stm32cubemx/CMakeFiles/STM32_Drivers.dir/__/__/Core/Src/system_stm32f0xx.c.obj
                0x08000220                SystemInit
 .text.HAL_TIM_Base_Init
                0x0800022a       0xa0 cmake/stm32cubemx/CMakeFiles/STM32_Drivers.dir/__/__/Drivers/STM32F0xx_HAL_Driver/Src/stm32f0xx_hal_tim.c.obj
                0x0800022a                HAL_TIM_Base_Init
 *fill*         0x080002ca        0x2 
 .text.HAL_TIM_Base_Start_IT
                0x080002cc       0x8c cmake/stm32cubemx/CMakeFiles/STM32_Drivers.dir/__/__/Drivers/STM32F0xx_HAL_Driver/Src/stm32f0xx_hal_tim.c.obj
                0x080002cc                HAL_TIM_Base_Start_IT
 .text.HAL_TIM_PWM_Init
                0x08000358       0xa0 cmake/stm32cubemx/CMakeFiles/STM32_Drivers.dir/__/__/Drivers/STM32F0xx_HAL_Driver/Src/stm32f0xx_hal_tim.c.obj
                0x08000358                HAL_TIM_PWM_Init
 .text.HAL_TIM_PWM_MspInit
                0x080003f8       0x10 cmake/stm32cubemx/CMakeFiles/STM32_Drivers.dir/__/__/Drivers/STM32F0xx_HAL_Driver/Src/stm32f0xx_hal_tim.c.obj
                0x080003f8                HAL_TIM_PWM_MspInit
 .text.HAL_TIM_PWM_Start
                0x08000408      0x14c cmake/stm32cubemx/CMakeFiles/STM32_Drivers.dir/__/__/Drivers/STM32F0xx_HAL_Driver/Src/stm32f0xx_hal_tim.c.obj
                0x08000408                HAL_TIM_PWM_Start
 .text.HAL_TIM_IC_Init
                0x08000554       0xa0 cmake/stm32cubemx/CMakeFiles/STM32_Drivers.dir/__/__/Drivers/STM32F0xx_HAL_Driver/Src/stm32f0xx_hal_tim.c.obj
                0x08000554                HAL_TIM_IC_Init
 .text.HAL_TIM_IC_MspInit
                0x080005f4       0x10 cmake/stm32cubemx/CMakeFiles/STM32_Drivers.dir/__/__/Drivers/STM32F0xx_HAL_Driver/Src/stm32f0xx_hal_tim.c.obj
                0x080005f4                HAL_TIM_IC_MspInit
 .text.HAL_TIM_IC_Start_IT
                0x08000604      0x204 cmake/stm32cubemx/CMakeFiles/STM32_Drivers.dir/__/__/Drivers/STM32F0xx_HAL_Driver/Src/stm32f0xx_hal_tim.c.obj
                0x08000604                HAL_TIM_IC_Start_IT
 .text.HAL_TIM_OnePulse_Init
                0x08000808       0xa2 cmake/stm32cubemx/CMakeFiles/STM32_Drivers.dir/__/__/Drivers/STM32F0xx_HAL_Driver/Src/stm32f0xx_hal_tim.c.obj
                0x08000808                HAL_TIM_OnePulse_Init
 .text.HAL_TIM_OnePulse_MspInit
                0x080008aa       0x10 cmake/stm32cubemx/CMakeFiles/STM32_Drivers.dir/__/__/Drivers/STM32F0xx_HAL_Driver/Src/stm32f0xx_hal_tim.c.obj
                0x080008aa                HAL_TIM_OnePulse_MspInit
 *fill*         0x080008ba        0x2 
 .text.HAL_TIM_IC_ConfigChannel
                0x080008bc      0x148 cmake/stm32cubemx/CMakeFiles/STM32_Drivers.dir/__/__/Drivers/STM32F0xx_HAL_Driver/Src/stm32f0xx_hal_tim.c.obj
                0x080008bc                HAL_TIM_IC_ConfigChannel
 .text.HAL_TIM_PWM_ConfigChannel
                0x08000a04      0x18c cmake/stm32cubemx/CMakeFiles/STM32_Drivers.dir/__/__/Drivers/STM32F0xx_HAL_Driver/Src/stm32f0xx_hal_tim.c.obj
                0x08000a04                HAL_TIM_PWM_ConfigChannel
 .text.HAL_TIM_ConfigClockSource
                0x08000b90      0x1a8 cmake/stm32cubemx/CMakeFiles/STM32_Drivers.dir/__/__/Drivers/STM32F0xx_HAL_Driver/Src/stm32f0xx_hal_tim.c.obj
                0x08000b90                HAL_TIM_ConfigClockSource
 .text.HAL_TIM_SlaveConfigSynchro
                0x08000d38       0x8c cmake/stm32cubemx/CMakeFiles/STM32_Drivers.dir/__/__/Drivers/STM32F0xx_HAL_Driver/Src/stm32f0xx_hal_tim.c.obj
                0x08000d38                HAL_TIM_SlaveConfigSynchro
 .text.TIM_Base_SetConfig
                0x08000dc4       0xf4 cmake/stm32cubemx/CMakeFiles/STM32_Drivers.dir/__/__/Drivers/STM32F0xx_HAL_Driver/Src/stm32f0xx_hal_tim.c.obj
                0x08000dc4                TIM_Base_SetConfig
 .text.TIM_OC1_SetConfig
                0x08000eb8       0xfc cmake/stm32cubemx/CMakeFiles/STM32_Drivers.dir/__/__/Drivers/STM32F0xx_HAL_Driver/Src/stm32f0xx_hal_tim.c.obj
 .text.TIM_OC2_SetConfig
                0x08000fb4       0xfc cmake/stm32cubemx/CMakeFiles/STM32_Drivers.dir/__/__/Drivers/STM32F0xx_HAL_Driver/Src/stm32f0xx_hal_tim.c.obj
                0x08000fb4                TIM_OC2_SetConfig
 .text.TIM_OC3_SetConfig
                0x080010b0      0x100 cmake/stm32cubemx/CMakeFiles/STM32_Drivers.dir/__/__/Drivers/STM32F0xx_HAL_Driver/Src/stm32f0xx_hal_tim.c.obj
 .text.TIM_OC4_SetConfig
                0x080011b0       0xc8 cmake/stm32cubemx/CMakeFiles/STM32_Drivers.dir/__/__/Drivers/STM32F0xx_HAL_Driver/Src/stm32f0xx_hal_tim.c.obj
 .text.TIM_SlaveTimer_SetConfig
                0x08001278      0x124 cmake/stm32cubemx/CMakeFiles/STM32_Drivers.dir/__/__/Drivers/STM32F0xx_HAL_Driver/Src/stm32f0xx_hal_tim.c.obj
 .text.TIM_TI1_SetConfig
                0x0800139c       0xa4 cmake/stm32cubemx/CMakeFiles/STM32_Drivers.dir/__/__/Drivers/STM32F0xx_HAL_Driver/Src/stm32f0xx_hal_tim.c.obj
                0x0800139c                TIM_TI1_SetConfig
 .text.TIM_TI1_ConfigInputStage
                0x08001440       0x5c cmake/stm32cubemx/CMakeFiles/STM32_Drivers.dir/__/__/Drivers/STM32F0xx_HAL_Driver/Src/stm32f0xx_hal_tim.c.obj
 .text.TIM_TI2_SetConfig
                0x0800149c       0x84 cmake/stm32cubemx/CMakeFiles/STM32_Drivers.dir/__/__/Drivers/STM32F0xx_HAL_Driver/Src/stm32f0xx_hal_tim.c.obj
 .text.TIM_TI2_ConfigInputStage
                0x08001520       0x64 cmake/stm32cubemx/CMakeFiles/STM32_Drivers.dir/__/__/Drivers/STM32F0xx_HAL_Driver/Src/stm32f0xx_hal_tim.c.obj
 .text.TIM_TI3_SetConfig
                0x08001584       0x80 cmake/stm32cubemx/CMakeFiles/STM32_Drivers.dir/__/__/Drivers/STM32F0xx_HAL_Driver/Src/stm32f0xx_hal_tim.c.obj
 .text.TIM_TI4_SetConfig
                0x08001604       0x8c cmake/stm32cubemx/CMakeFiles/STM32_Drivers.dir/__/__/Drivers/STM32F0xx_HAL_Driver/Src/stm32f0xx_hal_tim.c.obj
 .text.TIM_ITRx_SetConfig
                0x08001690       0x32 cmake/stm32cubemx/CMakeFiles/STM32_Drivers.dir/__/__/Drivers/STM32F0xx_HAL_Driver/Src/stm32f0xx_hal_tim.c.obj
 *fill*         0x080016c2        0x2 
 .text.TIM_ETR_SetConfig
                0x080016c4       0x40 cmake/stm32cubemx/CMakeFiles/STM32_Drivers.dir/__/__/Drivers/STM32F0xx_HAL_Driver/Src/stm32f0xx_hal_tim.c.obj
                0x080016c4                TIM_ETR_SetConfig
 .text.TIM_CCxChannelCmd
                0x08001704       0x46 cmake/stm32cubemx/CMakeFiles/STM32_Drivers.dir/__/__/Drivers/STM32F0xx_HAL_Driver/Src/stm32f0xx_hal_tim.c.obj
                0x08001704                TIM_CCxChannelCmd
 *fill*         0x0800174a        0x2 
 .text.HAL_TIMEx_MasterConfigSynchronization
                0x0800174c       0xa4 cmake/stm32cubemx/CMakeFiles/STM32_Drivers.dir/__/__/Drivers/STM32F0xx_HAL_Driver/Src/stm32f0xx_hal_tim_ex.c.obj
                0x0800174c                HAL_TIMEx_MasterConfigSynchronization
 .text.HAL_TIMEx_ConfigBreakDeadTime
                0x080017f0       0xbc cmake/stm32cubemx/CMakeFiles/STM32_Drivers.dir/__/__/Drivers/STM32F0xx_HAL_Driver/Src/stm32f0xx_hal_tim_ex.c.obj
                0x080017f0                HAL_TIMEx_ConfigBreakDeadTime
 .text.HAL_RCC_OscConfig
                0x080018ac      0x634 cmake/stm32cubemx/CMakeFiles/STM32_Drivers.dir/__/__/Drivers/STM32F0xx_HAL_Driver/Src/stm32f0xx_hal_rcc.c.obj
                0x080018ac                HAL_RCC_OscConfig
 .text.HAL_RCC_ClockConfig
                0x08001ee0      0x19c cmake/stm32cubemx/CMakeFiles/STM32_Drivers.dir/__/__/Drivers/STM32F0xx_HAL_Driver/Src/stm32f0xx_hal_rcc.c.obj
                0x08001ee0                HAL_RCC_ClockConfig
 .text.HAL_RCC_MCOConfig
                0x0800207c       0x80 cmake/stm32cubemx/CMakeFiles/STM32_Drivers.dir/__/__/Drivers/STM32F0xx_HAL_Driver/Src/stm32f0xx_hal_rcc.c.obj
                0x0800207c                HAL_RCC_MCOConfig
 .text.HAL_RCC_GetSysClockFreq
                0x080020fc       0xac cmake/stm32cubemx/CMakeFiles/STM32_Drivers.dir/__/__/Drivers/STM32F0xx_HAL_Driver/Src/stm32f0xx_hal_rcc.c.obj
                0x080020fc                HAL_RCC_GetSysClockFreq
 .text.HAL_Init
                0x080021a8       0x28 cmake/stm32cubemx/CMakeFiles/STM32_Drivers.dir/__/__/Drivers/STM32F0xx_HAL_Driver/Src/stm32f0xx_hal.c.obj
                0x080021a8                HAL_Init
 .text.HAL_InitTick
                0x080021d0       0x68 cmake/stm32cubemx/CMakeFiles/STM32_Drivers.dir/__/__/Drivers/STM32F0xx_HAL_Driver/Src/stm32f0xx_hal.c.obj
                0x080021d0                HAL_InitTick
 .text.HAL_IncTick
                0x08002238       0x24 cmake/stm32cubemx/CMakeFiles/STM32_Drivers.dir/__/__/Drivers/STM32F0xx_HAL_Driver/Src/stm32f0xx_hal.c.obj
                0x08002238                HAL_IncTick
 .text.HAL_GetTick
                0x0800225c       0x14 cmake/stm32cubemx/CMakeFiles/STM32_Drivers.dir/__/__/Drivers/STM32F0xx_HAL_Driver/Src/stm32f0xx_hal.c.obj
                0x0800225c                HAL_GetTick
 .text.HAL_GPIO_Init
                0x08002270      0x2e0 cmake/stm32cubemx/CMakeFiles/STM32_Drivers.dir/__/__/Drivers/STM32F0xx_HAL_Driver/Src/stm32f0xx_hal_gpio.c.obj
                0x08002270                HAL_GPIO_Init
 .text.HAL_GPIO_WritePin
                0x08002550       0x3a cmake/stm32cubemx/CMakeFiles/STM32_Drivers.dir/__/__/Drivers/STM32F0xx_HAL_Driver/Src/stm32f0xx_hal_gpio.c.obj
                0x08002550                HAL_GPIO_WritePin
 *fill*         0x0800258a        0x2 
 .text.__NVIC_EnableIRQ
                0x0800258c       0x34 cmake/stm32cubemx/CMakeFiles/STM32_Drivers.dir/__/__/Drivers/STM32F0xx_HAL_Driver/Src/stm32f0xx_hal_cortex.c.obj
 .text.__NVIC_SetPriority
                0x080025c0       0xdc cmake/stm32cubemx/CMakeFiles/STM32_Drivers.dir/__/__/Drivers/STM32F0xx_HAL_Driver/Src/stm32f0xx_hal_cortex.c.obj
 .text.SysTick_Config
                0x0800269c       0x48 cmake/stm32cubemx/CMakeFiles/STM32_Drivers.dir/__/__/Drivers/STM32F0xx_HAL_Driver/Src/stm32f0xx_hal_cortex.c.obj
 .text.HAL_NVIC_SetPriority
                0x080026e4       0x2a cmake/stm32cubemx/CMakeFiles/STM32_Drivers.dir/__/__/Drivers/STM32F0xx_HAL_Driver/Src/stm32f0xx_hal_cortex.c.obj
                0x080026e4                HAL_NVIC_SetPriority
 .text.HAL_NVIC_EnableIRQ
                0x0800270e       0x20 cmake/stm32cubemx/CMakeFiles/STM32_Drivers.dir/__/__/Drivers/STM32F0xx_HAL_Driver/Src/stm32f0xx_hal_cortex.c.obj
                0x0800270e                HAL_NVIC_EnableIRQ
 .text.HAL_SYSTICK_Config
                0x0800272e       0x1a cmake/stm32cubemx/CMakeFiles/STM32_Drivers.dir/__/__/Drivers/STM32F0xx_HAL_Driver/Src/stm32f0xx_hal_cortex.c.obj
                0x0800272e                HAL_SYSTICK_Config
 .text.main     0x08002748       0x38 CMakeFiles/stm30f030f4p6-firmware.dir/Core/Src/main.c.obj
                0x08002748                main
 .text.SystemClock_Config
                0x08002780       0x9c CMakeFiles/stm30f030f4p6-firmware.dir/Core/Src/main.c.obj
                0x08002780                SystemClock_Config
 .text.Error_Handler
                0x0800281c        0xc CMakeFiles/stm30f030f4p6-firmware.dir/Core/Src/main.c.obj
                0x0800281c                Error_Handler
 .text.MX_GPIO_Init
                0x08002828       0xbc CMakeFiles/stm30f030f4p6-firmware.dir/Core/Src/gpio.c.obj
                0x08002828                MX_GPIO_Init
 .text.MX_TIM1_Init
                0x080028e4      0x16c CMakeFiles/stm30f030f4p6-firmware.dir/Core/Src/tim.c.obj
                0x080028e4                MX_TIM1_Init
 .text.MX_TIM3_Init
                0x08002a50      0x114 CMakeFiles/stm30f030f4p6-firmware.dir/Core/Src/tim.c.obj
                0x08002a50                MX_TIM3_Init
 .text.MX_TIM14_Init
                0x08002b64       0x98 CMakeFiles/stm30f030f4p6-firmware.dir/Core/Src/tim.c.obj
                0x08002b64                MX_TIM14_Init
 .text.MX_TIM17_Init
                0x08002bfc       0x50 CMakeFiles/stm30f030f4p6-firmware.dir/Core/Src/tim.c.obj
                0x08002bfc                MX_TIM17_Init
 .text.HAL_TIM_Base_MspInit
                0x08002c4c      0x14c CMakeFiles/stm30f030f4p6-firmware.dir/Core/Src/tim.c.obj
                0x08002c4c                HAL_TIM_Base_MspInit
 .text.HAL_TIM_MspPostInit
                0x08002d98       0xd8 CMakeFiles/stm30f030f4p6-firmware.dir/Core/Src/tim.c.obj
                0x08002d98                HAL_TIM_MspPostInit
 .text.NMI_Handler
                0x08002e70        0x8 CMakeFiles/stm30f030f4p6-firmware.dir/Core/Src/stm32f0xx_it.c.obj
                0x08002e70                NMI_Handler
 .text.HardFault_Handler
                0x08002e78        0x8 CMakeFiles/stm30f030f4p6-firmware.dir/Core/Src/stm32f0xx_it.c.obj
                0x08002e78                HardFault_Handler
 .text.SVC_Handler
                0x08002e80        0xa CMakeFiles/stm30f030f4p6-firmware.dir/Core/Src/stm32f0xx_it.c.obj
                0x08002e80                SVC_Handler
 .text.PendSV_Handler
                0x08002e8a        0xa CMakeFiles/stm30f030f4p6-firmware.dir/Core/Src/stm32f0xx_it.c.obj
                0x08002e8a                PendSV_Handler
 .text.SysTick_Handler
                0x08002e94        0xe CMakeFiles/stm30f030f4p6-firmware.dir/Core/Src/stm32f0xx_it.c.obj
                0x08002e94                SysTick_Handler
 .text.TIM3_IRQHandler
                0x08002ea2        0xe CMakeFiles/stm30f030f4p6-firmware.dir/Core/Src/stm32f0xx_it.c.obj
                0x08002ea2                TIM3_IRQHandler
 .text.TIM14_IRQHandler
                0x08002eb0        0xe CMakeFiles/stm30f030f4p6-firmware.dir/Core/Src/stm32f0xx_it.c.obj
                0x08002eb0                TIM14_IRQHandler
 .text.TIM17_IRQHandler
                0x08002ebe        0xe CMakeFiles/stm30f030f4p6-firmware.dir/Core/Src/stm32f0xx_it.c.obj
                0x08002ebe                TIM17_IRQHandler
 .text.HAL_MspInit
                0x08002ecc       0x48 CMakeFiles/stm30f030f4p6-firmware.dir/Core/Src/stm32f0xx_hal_msp.c.obj
                0x08002ecc                HAL_MspInit
 .text.Reset_Handler
                0x08002f14       0x50 CMakeFiles/stm30f030f4p6-firmware.dir/startup_stm32f030x6.s.obj
                0x08002f14                Reset_Handler
 .text.Default_Handler
                0x08002f64        0x2 CMakeFiles/stm30f030f4p6-firmware.dir/startup_stm32f030x6.s.obj
                0x08002f64                TIM1_CC_IRQHandler
                0x08002f64                I2C1_IRQHandler
                0x08002f64                SPI1_IRQHandler
                0x08002f64                EXTI2_3_IRQHandler
                0x08002f64                ADC1_IRQHandler
                0x08002f64                RTC_IRQHandler
                0x08002f64                TIM16_IRQHandler
                0x08002f64                EXTI4_15_IRQHandler
                0x08002f64                RCC_IRQHandler
                0x08002f64                DMA1_Channel1_IRQHandler
                0x08002f64                Default_Handler
                0x08002f64                DMA1_Channel4_5_IRQHandler
                0x08002f64                EXTI0_1_IRQHandler
                0x08002f64                WWDG_IRQHandler
                0x08002f64                DMA1_Channel2_3_IRQHandler
                0x08002f64                FLASH_IRQHandler
                0x08002f64                USART1_IRQHandler
                0x08002f64                TIM1_BRK_UP_TRG_COM_IRQHandler
 *fill*         0x08002f66        0x2 
 .text.TIM14_GetTimestamp32
                0x08002f68       0x24 CMakeFiles/stm30f030f4p6-firmware.dir/Core/Src/ultrasonic.c.obj
 .text.Ultrasonic_Init
                0x08002f8c      0x244 CMakeFiles/stm30f030f4p6-firmware.dir/Core/Src/ultrasonic.c.obj
                0x08002f8c                Ultrasonic_Init
 .text.Ultrasonic_StartTX
                0x080031d0       0xc8 CMakeFiles/stm30f030f4p6-firmware.dir/Core/Src/ultrasonic.c.obj
                0x080031d0                Ultrasonic_StartTX
 .text.Ultrasonic_ProcessEcho
                0x08003298      0x1a4 CMakeFiles/stm30f030f4p6-firmware.dir/Core/Src/ultrasonic.c.obj
                0x08003298                Ultrasonic_ProcessEcho
 .text.Ultrasonic_BuzzerUpdate
                0x0800343c       0x3c CMakeFiles/stm30f030f4p6-firmware.dir/Core/Src/ultrasonic.c.obj
                0x0800343c                Ultrasonic_BuzzerUpdate
 .text.Ultrasonic_TIM3_IRQHandler
                0x08003478       0xdc CMakeFiles/stm30f030f4p6-firmware.dir/Core/Src/ultrasonic.c.obj
                0x08003478                Ultrasonic_TIM3_IRQHandler
 .text.Ultrasonic_TIM14_IRQHandler
                0x08003554       0xa8 CMakeFiles/stm30f030f4p6-firmware.dir/Core/Src/ultrasonic.c.obj
                0x08003554                Ultrasonic_TIM14_IRQHandler
 .text.Ultrasonic_TIM17_IRQHandler
                0x080035fc       0xb8 CMakeFiles/stm30f030f4p6-firmware.dir/Core/Src/ultrasonic.c.obj
                0x080035fc                Ultrasonic_TIM17_IRQHandler
 .text.SystemClock_UserConfig
                0x080036b4       0xca CMakeFiles/stm30f030f4p6-firmware.dir/Core/Src/clock_config.c.obj
                0x080036b4                SystemClock_UserConfig
 .text.memset   0x0800377e       0x10 C:/ST/STM32CubeCLT_1.21.0/GNU-tools-for-STM32/bin/../lib/gcc/arm-none-eabi/14.3.1/../../../../arm-none-eabi/lib/thumb/v6-m/nofp\libg_nano.a(libc_a-memset.o)
                0x0800377e                memset
 *fill*         0x0800378e        0x2 
 .text.__libc_init_array
                0x08003790       0x48 C:/ST/STM32CubeCLT_1.21.0/GNU-tools-for-STM32/bin/../lib/gcc/arm-none-eabi/14.3.1/../../../../arm-none-eabi/lib/thumb/v6-m/nofp\libg_nano.a(libc_a-init.o)
                0x08003790                __libc_init_array
 *(.glue_7)
 .glue_7        0x080037d8        0x0 linker stubs
 *(.glue_7t)
 .glue_7t       0x080037d8        0x0 linker stubs
 *(.eh_frame)
 .eh_frame      0x080037d8        0x0 C:/ST/STM32CubeCLT_1.21.0/GNU-tools-for-STM32/bin/../lib/gcc/arm-none-eabi/14.3.1/thumb/v6-m/nofp/crtbegin.o
 *(.init)
 .init          0x080037d8        0x4 C:/ST/STM32CubeCLT_1.21.0/GNU-tools-for-STM32/bin/../lib/gcc/arm-none-eabi/14.3.1/thumb/v6-m/nofp/crti.o
                0x080037d8                _init
 .init          0x080037dc        0x8 C:/ST/STM32CubeCLT_1.21.0/GNU-tools-for-STM32/bin/../lib/gcc/arm-none-eabi/14.3.1/thumb/v6-m/nofp/crtn.o
 *(.fini)
 .fini          0x080037e4        0x4 C:/ST/STM32CubeCLT_1.21.0/GNU-tools-for-STM32/bin/../lib/gcc/arm-none-eabi/14.3.1/thumb/v6-m/nofp/crti.o
                0x080037e4                _fini
 .fini          0x080037e8        0x8 C:/ST/STM32CubeCLT_1.21.0/GNU-tools-for-STM32/bin/../lib/gcc/arm-none-eabi/14.3.1/thumb/v6-m/nofp/crtn.o
                0x080037f0                        . = ALIGN (0x4)
                0x080037f0                        _etext = .

.vfp11_veneer   0x080037f0        0x0
 .vfp11_veneer  0x080037f0        0x0 linker stubs

.v4_bx          0x080037f0        0x0
 .v4_bx         0x080037f0        0x0 linker stubs

.iplt           0x080037f0        0x0
 .iplt          0x080037f0        0x0 C:/ST/STM32CubeCLT_1.21.0/GNU-tools-for-STM32/bin/../lib/gcc/arm-none-eabi/14.3.1/thumb/v6-m/nofp/crtbegin.o

.rodata         0x080037f0       0x30
                0x080037f0                        . = ALIGN (0x4)
 *(.rodata)
 *(.rodata*)
 .rodata.AHBPrescTable
                0x080037f0       0x10 cmake/stm32cubemx/CMakeFiles/STM32_Drivers.dir/__/__/Core/Src/system_stm32f0xx.c.obj
                0x080037f0                AHBPrescTable
 .rodata.aPLLMULFactorTable.1
                0x08003800       0x10 cmake/stm32cubemx/CMakeFiles/STM32_Drivers.dir/__/__/Drivers/STM32F0xx_HAL_Driver/Src/stm32f0xx_hal_rcc.c.obj
 .rodata.aPredivFactorTable.0
                0x08003810       0x10 cmake/stm32cubemx/CMakeFiles/STM32_Drivers.dir/__/__/Drivers/STM32F0xx_HAL_Driver/Src/stm32f0xx_hal_rcc.c.obj
                0x08003820                        . = ALIGN (0x4)

.ARM.extab      0x08003820        0x0
                0x08003820                        . = ALIGN (0x4)
 *(.ARM.extab* .gnu.linkonce.armextab.*)
                0x08003820                        . = ALIGN (0x4)

.ARM            0x08003820        0x0
                0x08003820                        . = ALIGN (0x4)
                0x08003820                        __exidx_start = .
 *(.ARM.exidx*)
                0x08003820                        __exidx_end = .
                0x08003820                        . = ALIGN (0x4)

.preinit_array  0x08003820        0x0
                0x08003820                        . = ALIGN (0x4)
                0x08003820                        PROVIDE (__preinit_array_start = .)
 *(.preinit_array*)
                0x08003820                        PROVIDE (__preinit_array_end = .)
                0x08003820                        . = ALIGN (0x4)

.init_array     0x08003820        0x4
                0x08003820                        . = ALIGN (0x4)
                0x08003820                        PROVIDE (__init_array_start = .)
 *(SORT_BY_NAME(.init_array.*))
 *(.init_array*)
 .init_array    0x08003820        0x4 C:/ST/STM32CubeCLT_1.21.0/GNU-tools-for-STM32/bin/../lib/gcc/arm-none-eabi/14.3.1/thumb/v6-m/nofp/crtbegin.o
                0x08003824                        PROVIDE (__init_array_end = .)
                0x08003824                        . = ALIGN (0x4)

.fini_array     0x08003824        0x4
                0x08003824                        . = ALIGN (0x4)
                [!provide]                        PROVIDE (__fini_array_start = .)
 *(SORT_BY_NAME(.fini_array.*))
 *(.fini_array*)
 .fini_array    0x08003824        0x4 C:/ST/STM32CubeCLT_1.21.0/GNU-tools-for-STM32/bin/../lib/gcc/arm-none-eabi/14.3.1/thumb/v6-m/nofp/crtbegin.o
                [!provide]                        PROVIDE (__fini_array_end = .)
                0x08003828                        . = ALIGN (0x4)
                0x08003828                        _sidata = LOADADDR (.data)

.rel.dyn        0x08003828        0x0
 .rel.iplt      0x08003828        0x0 C:/ST/STM32CubeCLT_1.21.0/GNU-tools-for-STM32/bin/../lib/gcc/arm-none-eabi/14.3.1/thumb/v6-m/nofp/crtbegin.o

.data           0x20000000        0xc load address 0x08003828
                0x20000000                        . = ALIGN (0x4)
                0x20000000                        _sdata = .
 *(.data)
 *(.data*)
 .data.SystemCoreClock
                0x20000000        0x4 cmake/stm32cubemx/CMakeFiles/STM32_Drivers.dir/__/__/Core/Src/system_stm32f0xx.c.obj
                0x20000000                SystemCoreClock
 .data.uwTickPrio
                0x20000004        0x4 cmake/stm32cubemx/CMakeFiles/STM32_Drivers.dir/__/__/Drivers/STM32F0xx_HAL_Driver/Src/stm32f0xx_hal.c.obj
                0x20000004                uwTickPrio
 .data.uwTickFreq
                0x20000008        0x1 cmake/stm32cubemx/CMakeFiles/STM32_Drivers.dir/__/__/Drivers/STM32F0xx_HAL_Driver/Src/stm32f0xx_hal.c.obj
                0x20000008                uwTickFreq
 *(.RamFunc)
 *(.RamFunc*)
                0x2000000c                        . = ALIGN (0x4)
 *fill*         0x20000009        0x3 

.igot.plt       0x2000000c        0x0 load address 0x08003834
 .igot.plt      0x2000000c        0x0 C:/ST/STM32CubeCLT_1.21.0/GNU-tools-for-STM32/bin/../lib/gcc/arm-none-eabi/14.3.1/thumb/v6-m/nofp/crtbegin.o

.tdata          0x2000000c        0x0 load address 0x08003834
 *(.tdata .tdata.* .gnu.linkonce.td.*)
                0x2000000c                        . = ALIGN (0x4)
                0x2000000c                        _edata = .
                [!provide]                        PROVIDE (__data_end = .)
                [!provide]                        PROVIDE (__tdata_end = .)
                [!provide]                        PROVIDE (__tdata_start = ADDR (.tdata))
                [!provide]                        PROVIDE (__tdata_size = (__tdata_end - __tdata_start))
                [!provide]                        PROVIDE (__data_start = ADDR (.data))
                [!provide]                        PROVIDE (__data_size = (__data_end - __data_start))
                [!provide]                        PROVIDE (__tdata_source = LOADADDR (.tdata))
                [!provide]                        PROVIDE (__tdata_source_end = (LOADADDR (.tdata) + SIZEOF (.tdata)))
                [!provide]                        PROVIDE (__tdata_source_size = (__tdata_source_end - __tdata_source))
                [!provide]                        PROVIDE (__data_source = LOADADDR (.data))
                [!provide]                        PROVIDE (__data_source_end = __tdata_source_end)
                [!provide]                        PROVIDE (__data_source_size = (__data_source_end - __data_source))

.tbss           0x2000000c        0x0 load address 0x08003834
                0x2000000c                        _sbss = .
                0x2000000c                        __bss_start__ = _sbss
 *(.tbss .tbss.*)
                0x2000000c                        . = ALIGN (0x4)
                [!provide]                        PROVIDE (__tbss_end = .)
                [!provide]                        PROVIDE (__tbss_start = ADDR (.tbss))
                [!provide]                        PROVIDE (__tbss_size = (__tbss_end - __tbss_start))
                [!provide]                        PROVIDE (__tbss_offset = (ADDR (.tbss) - ADDR (.tdata)))
                [!provide]                        PROVIDE (__tls_base = __tdata_start)
                [!provide]                        PROVIDE (__tls_end = __tbss_end)
                [!provide]                        PROVIDE (__tls_size = (__tls_end - __tls_base))
                [!provide]                        PROVIDE (__tls_align = MAX (ALIGNOF (.tdata), ALIGNOF (.tbss)))
                [!provide]                        PROVIDE (__tls_size_align = (((__tls_size + __tls_align) - 0x1) & ~ ((__tls_align - 0x1))))
                [!provide]                        PROVIDE (__arm32_tls_tcb_offset = MAX (0x8, __tls_align))
                [!provide]                        PROVIDE (__arm64_tls_tcb_offset = MAX (0x10, __tls_align))

.bss            0x2000000c      0x1d8 load address 0x08003834
 *(.bss)
 .bss           0x2000000c       0x1c C:/ST/STM32CubeCLT_1.21.0/GNU-tools-for-STM32/bin/../lib/gcc/arm-none-eabi/14.3.1/thumb/v6-m/nofp/crtbegin.o
 *(.bss*)
 .bss.uwTick    0x20000028        0x4 cmake/stm32cubemx/CMakeFiles/STM32_Drivers.dir/__/__/Drivers/STM32F0xx_HAL_Driver/Src/stm32f0xx_hal.c.obj
                0x20000028                uwTick
 .bss.htim1     0x2000002c       0x48 CMakeFiles/stm30f030f4p6-firmware.dir/Core/Src/tim.c.obj
                0x2000002c                htim1
 .bss.htim3     0x20000074       0x48 CMakeFiles/stm30f030f4p6-firmware.dir/Core/Src/tim.c.obj
                0x20000074                htim3
 .bss.htim14    0x200000bc       0x48 CMakeFiles/stm30f030f4p6-firmware.dir/Core/Src/tim.c.obj
                0x200000bc                htim14
 .bss.htim17    0x20000104       0x48 CMakeFiles/stm30f030f4p6-firmware.dir/Core/Src/tim.c.obj
                0x20000104                htim17
 .bss.echo_captures
                0x2000014c       0x80 CMakeFiles/stm30f030f4p6-firmware.dir/Core/Src/ultrasonic.c.obj
 .bss.echo_count
                0x200001cc        0x1 CMakeFiles/stm30f030f4p6-firmware.dir/Core/Src/ultrasonic.c.obj
 .bss.echo_capturing
                0x200001cd        0x1 CMakeFiles/stm30f030f4p6-firmware.dir/Core/Src/ultrasonic.c.obj
 *fill*         0x200001ce        0x2 
 .bss.tx_burst_end_tick32
                0x200001d0        0x4 CMakeFiles/stm30f030f4p6-firmware.dir/Core/Src/ultrasonic.c.obj
 .bss.tx_burst_ended
                0x200001d4        0x1 CMakeFiles/stm30f030f4p6-firmware.dir/Core/Src/ultrasonic.c.obj
 *fill*         0x200001d5        0x3 
 .bss.buzzer_off_tick
                0x200001d8        0x4 CMakeFiles/stm30f030f4p6-firmware.dir/Core/Src/ultrasonic.c.obj
 .bss.buzzer_active
                0x200001dc        0x1 CMakeFiles/stm30f030f4p6-firmware.dir/Core/Src/ultrasonic.c.obj
 *fill*         0x200001dd        0x3 
 .bss.tim14_overflows
                0x200001e0        0x4 CMakeFiles/stm30f030f4p6-firmware.dir/Core/Src/ultrasonic.c.obj
 *(COMMON)
                0x200001e4                        . = ALIGN (0x4)
                0x200001e4                        _ebss = .
                0x200001e4                        __bss_end__ = _ebss
                [!provide]                        PROVIDE (__bss_end = .)
                [!provide]                        PROVIDE (__non_tls_bss_start = ADDR (.bss))
                [!provide]                        PROVIDE (__bss_start = __tbss_start)
                [!provide]                        PROVIDE (__bss_size = (__bss_end - __bss_start))

._user_heap_stack
                0x200001e4      0x604 load address 0x08003834
                0x200001e8                        . = ALIGN (0x8)
 *fill*         0x200001e4        0x4 
                [!provide]                        PROVIDE (end = .)
                0x200001e8                        PROVIDE (_end = .)
                0x200003e8                        . = (. + _Min_Heap_Size)
 *fill*         0x200001e8      0x200 
                0x200007e8                        . = (. + _Min_Stack_Size)
 *fill*         0x200003e8      0x400 
                0x200007e8                        . = ALIGN (0x8)

/DISCARD/
 libc.a:*(*)
 libm.a:*(*)
 libgcc.a:*(*)
OUTPUT(stm30f030f4p6-firmware.elf elf32-littlearm)
LOAD linker stubs

.ARM.attributes
                0x00000000       0x28
 .ARM.attributes
                0x00000000       0x1e C:/ST/STM32CubeCLT_1.21.0/GNU-tools-for-STM32/bin/../lib/gcc/arm-none-eabi/14.3.1/thumb/v6-m/nofp/crti.o
 .ARM.attributes
                0x0000001e       0x2c C:/ST/STM32CubeCLT_1.21.0/GNU-tools-for-STM32/bin/../lib/gcc/arm-none-eabi/14.3.1/thumb/v6-m/nofp/crtbegin.o
 .ARM.attributes
                0x0000004a       0x2c cmake/stm32cubemx/CMakeFiles/STM32_Drivers.dir/__/__/Core/Src/system_stm32f0xx.c.obj
 .ARM.attributes
                0x00000076       0x2c cmake/stm32cubemx/CMakeFiles/STM32_Drivers.dir/__/__/Drivers/STM32F0xx_HAL_Driver/Src/stm32f0xx_hal_tim.c.obj
 .ARM.attributes
                0x000000a2       0x2c cmake/stm32cubemx/CMakeFiles/STM32_Drivers.dir/__/__/Drivers/STM32F0xx_HAL_Driver/Src/stm32f0xx_hal_tim_ex.c.obj
 .ARM.attributes
                0x000000ce       0x2c cmake/stm32cubemx/CMakeFiles/STM32_Drivers.dir/__/__/Drivers/STM32F0xx_HAL_Driver/Src/stm32f0xx_hal_rcc.c.obj
 .ARM.attributes
                0x000000fa       0x2c cmake/stm32cubemx/CMakeFiles/STM32_Drivers.dir/__/__/Drivers/STM32F0xx_HAL_Driver/Src/stm32f0xx_hal.c.obj
 .ARM.attributes
                0x00000126       0x2c cmake/stm32cubemx/CMakeFiles/STM32_Drivers.dir/__/__/Drivers/STM32F0xx_HAL_Driver/Src/stm32f0xx_hal_gpio.c.obj
 .ARM.attributes
                0x00000152       0x2c cmake/stm32cubemx/CMakeFiles/STM32_Drivers.dir/__/__/Drivers/STM32F0xx_HAL_Driver/Src/stm32f0xx_hal_cortex.c.obj
 .ARM.attributes
                0x0000017e       0x2c CMakeFiles/stm30f030f4p6-firmware.dir/Core/Src/main.c.obj
 .ARM.attributes
                0x000001aa       0x2c CMakeFiles/stm30f030f4p6-firmware.dir/Core/Src/gpio.c.obj
 .ARM.attributes
                0x000001d6       0x2c CMakeFiles/stm30f030f4p6-firmware.dir/Core/Src/tim.c.obj
 .ARM.attributes
                0x00000202       0x2c CMakeFiles/stm30f030f4p6-firmware.dir/Core/Src/stm32f0xx_it.c.obj
 .ARM.attributes
                0x0000022e       0x2c CMakeFiles/stm30f030f4p6-firmware.dir/Core/Src/stm32f0xx_hal_msp.c.obj
 .ARM.attributes
                0x0000025a       0x21 CMakeFiles/stm30f030f4p6-firmware.dir/startup_stm32f030x6.s.obj
 .ARM.attributes
                0x0000027b       0x2c CMakeFiles/stm30f030f4p6-firmware.dir/Core/Src/ultrasonic.c.obj
 .ARM.attributes
                0x000002a7       0x2c CMakeFiles/stm30f030f4p6-firmware.dir/Core/Src/clock_config.c.obj
 .ARM.attributes
                0x000002d3       0x1e C:/ST/STM32CubeCLT_1.21.0/GNU-tools-for-STM32/bin/../lib/gcc/arm-none-eabi/14.3.1/thumb/v6-m/nofp\libgcc.a(_udivsi3.o)
 .ARM.attributes
                0x000002f1       0x1e C:/ST/STM32CubeCLT_1.21.0/GNU-tools-for-STM32/bin/../lib/gcc/arm-none-eabi/14.3.1/thumb/v6-m/nofp\libgcc.a(_dvmd_tls.o)
 .ARM.attributes
                0x0000030f       0x2c C:/ST/STM32CubeCLT_1.21.0/GNU-tools-for-STM32/bin/../lib/gcc/arm-none-eabi/14.3.1/../../../../arm-none-eabi/lib/thumb/v6-m/nofp\libg_nano.a(libc_a-memset.o)
 .ARM.attributes
                0x0000033b       0x2c C:/ST/STM32CubeCLT_1.21.0/GNU-tools-for-STM32/bin/../lib/gcc/arm-none-eabi/14.3.1/../../../../arm-none-eabi/lib/thumb/v6-m/nofp\libg_nano.a(libc_a-init.o)
 .ARM.attributes
                0x00000367       0x1e C:/ST/STM32CubeCLT_1.21.0/GNU-tools-for-STM32/bin/../lib/gcc/arm-none-eabi/14.3.1/thumb/v6-m/nofp/crtn.o

.comment        0x00000000       0x43
 .comment       0x00000000       0x43 cmake/stm32cubemx/CMakeFiles/STM32_Drivers.dir/__/__/Core/Src/system_stm32f0xx.c.obj
                                 0x44 (size before relaxing)
 .comment       0x00000043       0x44 cmake/stm32cubemx/CMakeFiles/STM32_Drivers.dir/__/__/Drivers/STM32F0xx_HAL_Driver/Src/stm32f0xx_hal_tim.c.obj
 .comment       0x00000043       0x44 cmake/stm32cubemx/CMakeFiles/STM32_Drivers.dir/__/__/Drivers/STM32F0xx_HAL_Driver/Src/stm32f0xx_hal_tim_ex.c.obj
 .comment       0x00000043       0x44 cmake/stm32cubemx/CMakeFiles/STM32_Drivers.dir/__/__/Drivers/STM32F0xx_HAL_Driver/Src/stm32f0xx_hal_rcc.c.obj
 .comment       0x00000043       0x44 cmake/stm32cubemx/CMakeFiles/STM32_Drivers.dir/__/__/Drivers/STM32F0xx_HAL_Driver/Src/stm32f0xx_hal.c.obj
 .comment       0x00000043       0x44 cmake/stm32cubemx/CMakeFiles/STM32_Drivers.dir/__/__/Drivers/STM32F0xx_HAL_Driver/Src/stm32f0xx_hal_gpio.c.obj
 .comment       0x00000043       0x44 cmake/stm32cubemx/CMakeFiles/STM32_Drivers.dir/__/__/Drivers/STM32F0xx_HAL_Driver/Src/stm32f0xx_hal_cortex.c.obj
 .comment       0x00000043       0x44 CMakeFiles/stm30f030f4p6-firmware.dir/Core/Src/main.c.obj
 .comment       0x00000043       0x44 CMakeFiles/stm30f030f4p6-firmware.dir/Core/Src/gpio.c.obj
 .comment       0x00000043       0x44 CMakeFiles/stm30f030f4p6-firmware.dir/Core/Src/tim.c.obj
 .comment       0x00000043       0x44 CMakeFiles/stm30f030f4p6-firmware.dir/Core/Src/stm32f0xx_it.c.obj
 .comment       0x00000043       0x44 CMakeFiles/stm30f030f4p6-firmware.dir/Core/Src/stm32f0xx_hal_msp.c.obj
 .comment       0x00000043       0x44 CMakeFiles/stm30f030f4p6-firmware.dir/Core/Src/ultrasonic.c.obj
 .comment       0x00000043       0x44 CMakeFiles/stm30f030f4p6-firmware.dir/Core/Src/clock_config.c.obj
 .comment       0x00000043       0x44 C:/ST/STM32CubeCLT_1.21.0/GNU-tools-for-STM32/bin/../lib/gcc/arm-none-eabi/14.3.1/../../../../arm-none-eabi/lib/thumb/v6-m/nofp\libg_nano.a(libc_a-memset.o)
 .comment       0x00000043       0x44 C:/ST/STM32CubeCLT_1.21.0/GNU-tools-for-STM32/bin/../lib/gcc/arm-none-eabi/14.3.1/../../../../arm-none-eabi/lib/thumb/v6-m/nofp\libg_nano.a(libc_a-init.o)

.debug_info     0x00000000     0x8259
 .debug_info    0x00000000      0x242 cmake/stm32cubemx/CMakeFiles/STM32_Drivers.dir/__/__/Core/Src/system_stm32f0xx.c.obj
 .debug_info    0x00000242     0x2946 cmake/stm32cubemx/CMakeFiles/STM32_Drivers.dir/__/__/Drivers/STM32F0xx_HAL_Driver/Src/stm32f0xx_hal_tim.c.obj
 .debug_info    0x00002b88     0x1488 cmake/stm32cubemx/CMakeFiles/STM32_Drivers.dir/__/__/Drivers/STM32F0xx_HAL_Driver/Src/stm32f0xx_hal_tim_ex.c.obj
 .debug_info    0x00004010      0x844 cmake/stm32cubemx/CMakeFiles/STM32_Drivers.dir/__/__/Drivers/STM32F0xx_HAL_Driver/Src/stm32f0xx_hal_rcc.c.obj
 .debug_info    0x00004854      0x652 cmake/stm32cubemx/CMakeFiles/STM32_Drivers.dir/__/__/Drivers/STM32F0xx_HAL_Driver/Src/stm32f0xx_hal.c.obj
 .debug_info    0x00004ea6      0x5c8 cmake/stm32cubemx/CMakeFiles/STM32_Drivers.dir/__/__/Drivers/STM32F0xx_HAL_Driver/Src/stm32f0xx_hal_gpio.c.obj
 .debug_info    0x0000546e      0x67d cmake/stm32cubemx/CMakeFiles/STM32_Drivers.dir/__/__/Drivers/STM32F0xx_HAL_Driver/Src/stm32f0xx_hal_cortex.c.obj
 .debug_info    0x00005aeb      0x2e5 CMakeFiles/stm30f030f4p6-firmware.dir/Core/Src/main.c.obj
 .debug_info    0x00005dd0      0x341 CMakeFiles/stm30f030f4p6-firmware.dir/Core/Src/gpio.c.obj
 .debug_info    0x00006111      0xed5 CMakeFiles/stm30f030f4p6-firmware.dir/Core/Src/tim.c.obj
 .debug_info    0x00006fe6      0x113 CMakeFiles/stm30f030f4p6-firmware.dir/Core/Src/stm32f0xx_it.c.obj
 .debug_info    0x000070f9      0x199 CMakeFiles/stm30f030f4p6-firmware.dir/Core/Src/stm32f0xx_hal_msp.c.obj
 .debug_info    0x00007292       0x30 CMakeFiles/stm30f030f4p6-firmware.dir/startup_stm32f030x6.s.obj
 .debug_info    0x000072c2      0xb82 CMakeFiles/stm30f030f4p6-firmware.dir/Core/Src/ultrasonic.c.obj
 .debug_info    0x00007e44      0x22a CMakeFiles/stm30f030f4p6-firmware.dir/Core/Src/clock_config.c.obj
 .debug_info    0x0000806e       0xe0 C:/ST/STM32CubeCLT_1.21.0/GNU-tools-for-STM32/bin/../lib/gcc/arm-none-eabi/14.3.1/../../../../arm-none-eabi/lib/thumb/v6-m/nofp\libg_nano.a(libc_a-memset.o)
 .debug_info    0x0000814e      0x10b C:/ST/STM32CubeCLT_1.21.0/GNU-tools-for-STM32/bin/../lib/gcc/arm-none-eabi/14.3.1/../../../../arm-none-eabi/lib/thumb/v6-m/nofp\libg_nano.a(libc_a-init.o)

.debug_abbrev   0x00000000     0x1b90
 .debug_abbrev  0x00000000      0x11c cmake/stm32cubemx/CMakeFiles/STM32_Drivers.dir/__/__/Core/Src/system_stm32f0xx.c.obj
 .debug_abbrev  0x0000011c      0x28c cmake/stm32cubemx/CMakeFiles/STM32_Drivers.dir/__/__/Drivers/STM32F0xx_HAL_Driver/Src/stm32f0xx_hal_tim.c.obj
 .debug_abbrev  0x000003a8      0x297 cmake/stm32cubemx/CMakeFiles/STM32_Drivers.dir/__/__/Drivers/STM32F0xx_HAL_Driver/Src/stm32f0xx_hal_tim_ex.c.obj
 .debug_abbrev  0x0000063f      0x28b cmake/stm32cubemx/CMakeFiles/STM32_Drivers.dir/__/__/Drivers/STM32F0xx_HAL_Driver/Src/stm32f0xx_hal_rcc.c.obj
 .debug_abbrev  0x000008ca      0x24b cmake/stm32cubemx/CMakeFiles/STM32_Drivers.dir/__/__/Drivers/STM32F0xx_HAL_Driver/Src/stm32f0xx_hal.c.obj
 .debug_abbrev  0x00000b15      0x1c6 cmake/stm32cubemx/CMakeFiles/STM32_Drivers.dir/__/__/Drivers/STM32F0xx_HAL_Driver/Src/stm32f0xx_hal_gpio.c.obj
 .debug_abbrev  0x00000cdb      0x28c cmake/stm32cubemx/CMakeFiles/STM32_Drivers.dir/__/__/Drivers/STM32F0xx_HAL_Driver/Src/stm32f0xx_hal_cortex.c.obj
 .debug_abbrev  0x00000f67      0x1b1 CMakeFiles/stm30f030f4p6-firmware.dir/Core/Src/main.c.obj
 .debug_abbrev  0x00001118      0x14d CMakeFiles/stm30f030f4p6-firmware.dir/Core/Src/gpio.c.obj
 .debug_abbrev  0x00001265      0x2a1 CMakeFiles/stm30f030f4p6-firmware.dir/Core/Src/tim.c.obj
 .debug_abbrev  0x00001506       0x8a CMakeFiles/stm30f030f4p6-firmware.dir/Core/Src/stm32f0xx_it.c.obj
 .debug_abbrev  0x00001590       0xc6 CMakeFiles/stm30f030f4p6-firmware.dir/Core/Src/stm32f0xx_hal_msp.c.obj
 .debug_abbrev  0x00001656       0x24 CMakeFiles/stm30f030f4p6-firmware.dir/startup_stm32f030x6.s.obj
 .debug_abbrev  0x0000167a      0x2a9 CMakeFiles/stm30f030f4p6-firmware.dir/Core/Src/ultrasonic.c.obj
 .debug_abbrev  0x00001923      0x106 CMakeFiles/stm30f030f4p6-firmware.dir/Core/Src/clock_config.c.obj
 .debug_abbrev  0x00001a29       0x9e C:/ST/STM32CubeCLT_1.21.0/GNU-tools-for-STM32/bin/../lib/gcc/arm-none-eabi/14.3.1/../../../../arm-none-eabi/lib/thumb/v6-m/nofp\libg_nano.a(libc_a-memset.o)
 .debug_abbrev  0x00001ac7       0xc9 C:/ST/STM32CubeCLT_1.21.0/GNU-tools-for-STM32/bin/../lib/gcc/arm-none-eabi/14.3.1/../../../../arm-none-eabi/lib/thumb/v6-m/nofp\libg_nano.a(libc_a-init.o)

.debug_aranges  0x00000000      0x9e0
 .debug_aranges
                0x00000000       0x28 cmake/stm32cubemx/CMakeFiles/STM32_Drivers.dir/__/__/Core/Src/system_stm32f0xx.c.obj
 .debug_aranges
                0x00000028      0x3d0 cmake/stm32cubemx/CMakeFiles/STM32_Drivers.dir/__/__/Drivers/STM32F0xx_HAL_Driver/Src/stm32f0xx_hal_tim.c.obj
 .debug_aranges
                0x000003f8      0x168 cmake/stm32cubemx/CMakeFiles/STM32_Drivers.dir/__/__/Drivers/STM32F0xx_HAL_Driver/Src/stm32f0xx_hal_tim_ex.c.obj
 .debug_aranges
                0x00000560       0x80 cmake/stm32cubemx/CMakeFiles/STM32_Drivers.dir/__/__/Drivers/STM32F0xx_HAL_Driver/Src/stm32f0xx_hal_rcc.c.obj
 .debug_aranges
                0x000005e0       0xd0 cmake/stm32cubemx/CMakeFiles/STM32_Drivers.dir/__/__/Drivers/STM32F0xx_HAL_Driver/Src/stm32f0xx_hal.c.obj
 .debug_aranges
                0x000006b0       0x58 cmake/stm32cubemx/CMakeFiles/STM32_Drivers.dir/__/__/Drivers/STM32F0xx_HAL_Driver/Src/stm32f0xx_hal_gpio.c.obj
 .debug_aranges
                0x00000708       0xc0 cmake/stm32cubemx/CMakeFiles/STM32_Drivers.dir/__/__/Drivers/STM32F0xx_HAL_Driver/Src/stm32f0xx_hal_cortex.c.obj
 .debug_aranges
                0x000007c8       0x30 CMakeFiles/stm30f030f4p6-firmware.dir/Core/Src/main.c.obj
 .debug_aranges
                0x000007f8       0x20 CMakeFiles/stm30f030f4p6-firmware.dir/Core/Src/gpio.c.obj
 .debug_aranges
                0x00000818       0x50 CMakeFiles/stm30f030f4p6-firmware.dir/Core/Src/tim.c.obj
 .debug_aranges
                0x00000868       0x58 CMakeFiles/stm30f030f4p6-firmware.dir/Core/Src/stm32f0xx_it.c.obj
 .debug_aranges
                0x000008c0       0x20 CMakeFiles/stm30f030f4p6-firmware.dir/Core/Src/stm32f0xx_hal_msp.c.obj
 .debug_aranges
                0x000008e0       0x28 CMakeFiles/stm30f030f4p6-firmware.dir/startup_stm32f030x6.s.obj
 .debug_aranges
                0x00000908       0x78 CMakeFiles/stm30f030f4p6-firmware.dir/Core/Src/ultrasonic.c.obj
 .debug_aranges
                0x00000980       0x20 CMakeFiles/stm30f030f4p6-firmware.dir/Core/Src/clock_config.c.obj
 .debug_aranges
                0x000009a0       0x20 C:/ST/STM32CubeCLT_1.21.0/GNU-tools-for-STM32/bin/../lib/gcc/arm-none-eabi/14.3.1/../../../../arm-none-eabi/lib/thumb/v6-m/nofp\libg_nano.a(libc_a-memset.o)
 .debug_aranges
                0x000009c0       0x20 C:/ST/STM32CubeCLT_1.21.0/GNU-tools-for-STM32/bin/../lib/gcc/arm-none-eabi/14.3.1/../../../../arm-none-eabi/lib/thumb/v6-m/nofp\libg_nano.a(libc_a-init.o)

.debug_rnglists
                0x00000000      0x78d
 .debug_rnglists
                0x00000000       0x1a cmake/stm32cubemx/CMakeFiles/STM32_Drivers.dir/__/__/Core/Src/system_stm32f0xx.c.obj
 .debug_rnglists
                0x0000001a      0x31b cmake/stm32cubemx/CMakeFiles/STM32_Drivers.dir/__/__/Drivers/STM32F0xx_HAL_Driver/Src/stm32f0xx_hal_tim.c.obj
 .debug_rnglists
                0x00000335      0x126 cmake/stm32cubemx/CMakeFiles/STM32_Drivers.dir/__/__/Drivers/STM32F0xx_HAL_Driver/Src/stm32f0xx_hal_tim_ex.c.obj
 .debug_rnglists
                0x0000045b       0x61 cmake/stm32cubemx/CMakeFiles/STM32_Drivers.dir/__/__/Drivers/STM32F0xx_HAL_Driver/Src/stm32f0xx_hal_rcc.c.obj
 .debug_rnglists
                0x000004bc       0x97 cmake/stm32cubemx/CMakeFiles/STM32_Drivers.dir/__/__/Drivers/STM32F0xx_HAL_Driver/Src/stm32f0xx_hal.c.obj
 .debug_rnglists
                0x00000553       0x3f cmake/stm32cubemx/CMakeFiles/STM32_Drivers.dir/__/__/Drivers/STM32F0xx_HAL_Driver/Src/stm32f0xx_hal_gpio.c.obj
 .debug_rnglists
                0x00000592       0x8c cmake/stm32cubemx/CMakeFiles/STM32_Drivers.dir/__/__/Drivers/STM32F0xx_HAL_Driver/Src/stm32f0xx_hal_cortex.c.obj
 .debug_rnglists
                0x0000061e       0x20 CMakeFiles/stm30f030f4p6-firmware.dir/Core/Src/main.c.obj
 .debug_rnglists
                0x0000063e       0x14 CMakeFiles/stm30f030f4p6-firmware.dir/Core/Src/gpio.c.obj
 .debug_rnglists
                0x00000652       0x3d CMakeFiles/stm30f030f4p6-firmware.dir/Core/Src/tim.c.obj
 .debug_rnglists
                0x0000068f       0x3d CMakeFiles/stm30f030f4p6-firmware.dir/Core/Src/stm32f0xx_it.c.obj
 .debug_rnglists
                0x000006cc       0x13 CMakeFiles/stm30f030f4p6-firmware.dir/Core/Src/stm32f0xx_hal_msp.c.obj
 .debug_rnglists
                0x000006df       0x19 CMakeFiles/stm30f030f4p6-firmware.dir/startup_stm32f030x6.s.obj
 .debug_rnglists
                0x000006f8       0x5b CMakeFiles/stm30f030f4p6-firmware.dir/Core/Src/ultrasonic.c.obj
 .debug_rnglists
                0x00000753       0x14 CMakeFiles/stm30f030f4p6-firmware.dir/Core/Src/clock_config.c.obj
 .debug_rnglists
                0x00000767       0x13 C:/ST/STM32CubeCLT_1.21.0/GNU-tools-for-STM32/bin/../lib/gcc/arm-none-eabi/14.3.1/../../../../arm-none-eabi/lib/thumb/v6-m/nofp\libg_nano.a(libc_a-memset.o)
 .debug_rnglists
                0x0000077a       0x13 C:/ST/STM32CubeCLT_1.21.0/GNU-tools-for-STM32/bin/../lib/gcc/arm-none-eabi/14.3.1/../../../../arm-none-eabi/lib/thumb/v6-m/nofp\libg_nano.a(libc_a-init.o)

.debug_macro    0x00000000     0xf42f
 .debug_macro   0x00000000      0x1ad cmake/stm32cubemx/CMakeFiles/STM32_Drivers.dir/__/__/Core/Src/system_stm32f0xx.c.obj
 .debug_macro   0x000001ad      0xab4 cmake/stm32cubemx/CMakeFiles/STM32_Drivers.dir/__/__/Core/Src/system_stm32f0xx.c.obj
 .debug_macro   0x00000c61       0x2e cmake/stm32cubemx/CMakeFiles/STM32_Drivers.dir/__/__/Core/Src/system_stm32f0xx.c.obj
 .debug_macro   0x00000c8f       0x22 cmake/stm32cubemx/CMakeFiles/STM32_Drivers.dir/__/__/Core/Src/system_stm32f0xx.c.obj
 .debug_macro   0x00000cb1       0x22 cmake/stm32cubemx/CMakeFiles/STM32_Drivers.dir/__/__/Core/Src/system_stm32f0xx.c.obj
 .debug_macro   0x00000cd3       0x8e cmake/stm32cubemx/CMakeFiles/STM32_Drivers.dir/__/__/Core/Src/system_stm32f0xx.c.obj
 .debug_macro   0x00000d61       0x51 cmake/stm32cubemx/CMakeFiles/STM32_Drivers.dir/__/__/Core/Src/system_stm32f0xx.c.obj
 .debug_macro   0x00000db2      0x103 cmake/stm32cubemx/CMakeFiles/STM32_Drivers.dir/__/__/Core/Src/system_stm32f0xx.c.obj
 .debug_macro   0x00000eb5       0x6a cmake/stm32cubemx/CMakeFiles/STM32_Drivers.dir/__/__/Core/Src/system_stm32f0xx.c.obj
 .debug_macro   0x00000f1f      0x1df cmake/stm32cubemx/CMakeFiles/STM32_Drivers.dir/__/__/Core/Src/system_stm32f0xx.c.obj
 .debug_macro   0x000010fe       0x1c cmake/stm32cubemx/CMakeFiles/STM32_Drivers.dir/__/__/Core/Src/system_stm32f0xx.c.obj
 .debug_macro   0x0000111a       0x22 cmake/stm32cubemx/CMakeFiles/STM32_Drivers.dir/__/__/Core/Src/system_stm32f0xx.c.obj
 .debug_macro   0x0000113c       0xaf cmake/stm32cubemx/CMakeFiles/STM32_Drivers.dir/__/__/Core/Src/system_stm32f0xx.c.obj
 .debug_macro   0x000011eb      0x391 cmake/stm32cubemx/CMakeFiles/STM32_Drivers.dir/__/__/Core/Src/system_stm32f0xx.c.obj
 .debug_macro   0x0000157c     0x6e6e cmake/stm32cubemx/CMakeFiles/STM32_Drivers.dir/__/__/Core/Src/system_stm32f0xx.c.obj
 .debug_macro   0x000083ea       0x66 cmake/stm32cubemx/CMakeFiles/STM32_Drivers.dir/__/__/Core/Src/system_stm32f0xx.c.obj
 .debug_macro   0x00008450      0x127 cmake/stm32cubemx/CMakeFiles/STM32_Drivers.dir/__/__/Core/Src/system_stm32f0xx.c.obj
 .debug_macro   0x00008577     0x34da cmake/stm32cubemx/CMakeFiles/STM32_Drivers.dir/__/__/Core/Src/system_stm32f0xx.c.obj
 .debug_macro   0x0000ba51      0x190 cmake/stm32cubemx/CMakeFiles/STM32_Drivers.dir/__/__/Core/Src/system_stm32f0xx.c.obj
 .debug_macro   0x0000bbe1       0x55 cmake/stm32cubemx/CMakeFiles/STM32_Drivers.dir/__/__/Core/Src/system_stm32f0xx.c.obj
 .debug_macro   0x0000bc36      0x924 cmake/stm32cubemx/CMakeFiles/STM32_Drivers.dir/__/__/Core/Src/system_stm32f0xx.c.obj
 .debug_macro   0x0000c55a       0xe5 cmake/stm32cubemx/CMakeFiles/STM32_Drivers.dir/__/__/Core/Src/system_stm32f0xx.c.obj
 .debug_macro   0x0000c63f      0x1ae cmake/stm32cubemx/CMakeFiles/STM32_Drivers.dir/__/__/Core/Src/system_stm32f0xx.c.obj
 .debug_macro   0x0000c7ed       0xb3 cmake/stm32cubemx/CMakeFiles/STM32_Drivers.dir/__/__/Core/Src/system_stm32f0xx.c.obj
 .debug_macro   0x0000c8a0      0x1a0 cmake/stm32cubemx/CMakeFiles/STM32_Drivers.dir/__/__/Core/Src/system_stm32f0xx.c.obj
 .debug_macro   0x0000ca40      0x1ed cmake/stm32cubemx/CMakeFiles/STM32_Drivers.dir/__/__/Core/Src/system_stm32f0xx.c.obj
 .debug_macro   0x0000cc2d       0x34 cmake/stm32cubemx/CMakeFiles/STM32_Drivers.dir/__/__/Core/Src/system_stm32f0xx.c.obj
 .debug_macro   0x0000cc61       0x43 cmake/stm32cubemx/CMakeFiles/STM32_Drivers.dir/__/__/Core/Src/system_stm32f0xx.c.obj
 .debug_macro   0x0000cca4       0x28 cmake/stm32cubemx/CMakeFiles/STM32_Drivers.dir/__/__/Core/Src/system_stm32f0xx.c.obj
 .debug_macro   0x0000cccc       0xb0 cmake/stm32cubemx/CMakeFiles/STM32_Drivers.dir/__/__/Core/Src/system_stm32f0xx.c.obj
 .debug_macro   0x0000cd7c      0x15a cmake/stm32cubemx/CMakeFiles/STM32_Drivers.dir/__/__/Core/Src/system_stm32f0xx.c.obj
 .debug_macro   0x0000ced6      0x22c cmake/stm32cubemx/CMakeFiles/STM32_Drivers.dir/__/__/Core/Src/system_stm32f0xx.c.obj
 .debug_macro   0x0000d102       0x61 cmake/stm32cubemx/CMakeFiles/STM32_Drivers.dir/__/__/Core/Src/system_stm32f0xx.c.obj
 .debug_macro   0x0000d163       0xa5 cmake/stm32cubemx/CMakeFiles/STM32_Drivers.dir/__/__/Core/Src/system_stm32f0xx.c.obj
 .debug_macro   0x0000d208       0x4c cmake/stm32cubemx/CMakeFiles/STM32_Drivers.dir/__/__/Core/Src/system_stm32f0xx.c.obj
 .debug_macro   0x0000d254       0x2b cmake/stm32cubemx/CMakeFiles/STM32_Drivers.dir/__/__/Core/Src/system_stm32f0xx.c.obj
 .debug_macro   0x0000d27f      0x8f4 cmake/stm32cubemx/CMakeFiles/STM32_Drivers.dir/__/__/Core/Src/system_stm32f0xx.c.obj
 .debug_macro   0x0000db73       0x28 cmake/stm32cubemx/CMakeFiles/STM32_Drivers.dir/__/__/Core/Src/system_stm32f0xx.c.obj
 .debug_macro   0x0000db9b       0xf1 cmake/stm32cubemx/CMakeFiles/STM32_Drivers.dir/__/__/Core/Src/system_stm32f0xx.c.obj
 .debug_macro   0x0000dc8c      0x1ae cmake/stm32cubemx/CMakeFiles/STM32_Drivers.dir/__/__/Drivers/STM32F0xx_HAL_Driver/Src/stm32f0xx_hal_tim.c.obj
 .debug_macro   0x0000de3a      0x1ad cmake/stm32cubemx/CMakeFiles/STM32_Drivers.dir/__/__/Drivers/STM32F0xx_HAL_Driver/Src/stm32f0xx_hal_tim_ex.c.obj
 .debug_macro   0x0000dfe7      0x1bf cmake/stm32cubemx/CMakeFiles/STM32_Drivers.dir/__/__/Drivers/STM32F0xx_HAL_Driver/Src/stm32f0xx_hal_rcc.c.obj
 .debug_macro   0x0000e1a6      0x1d1 cmake/stm32cubemx/CMakeFiles/STM32_Drivers.dir/__/__/Drivers/STM32F0xx_HAL_Driver/Src/stm32f0xx_hal.c.obj
 .debug_macro   0x0000e377      0x1b4 cmake/stm32cubemx/CMakeFiles/STM32_Drivers.dir/__/__/Drivers/STM32F0xx_HAL_Driver/Src/stm32f0xx_hal_gpio.c.obj
 .debug_macro   0x0000e52b      0x1ad cmake/stm32cubemx/CMakeFiles/STM32_Drivers.dir/__/__/Drivers/STM32F0xx_HAL_Driver/Src/stm32f0xx_hal_cortex.c.obj
 .debug_macro   0x0000e6d8      0x1e7 CMakeFiles/stm30f030f4p6-firmware.dir/Core/Src/main.c.obj
 .debug_macro   0x0000e8bf       0x22 CMakeFiles/stm30f030f4p6-firmware.dir/Core/Src/main.c.obj
 .debug_macro   0x0000e8e1       0x9a CMakeFiles/stm30f030f4p6-firmware.dir/Core/Src/main.c.obj
 .debug_macro   0x0000e97b      0x1c1 CMakeFiles/stm30f030f4p6-firmware.dir/Core/Src/gpio.c.obj
 .debug_macro   0x0000eb3c      0x1c1 CMakeFiles/stm30f030f4p6-firmware.dir/Core/Src/tim.c.obj
 .debug_macro   0x0000ecfd      0x1dd CMakeFiles/stm30f030f4p6-firmware.dir/Core/Src/stm32f0xx_it.c.obj
 .debug_macro   0x0000eeda      0x1b7 CMakeFiles/stm30f030f4p6-firmware.dir/Core/Src/stm32f0xx_hal_msp.c.obj
 .debug_macro   0x0000f091      0x1cf CMakeFiles/stm30f030f4p6-firmware.dir/Core/Src/ultrasonic.c.obj
 .debug_macro   0x0000f260      0x1cf CMakeFiles/stm30f030f4p6-firmware.dir/Core/Src/clock_config.c.obj

.debug_line     0x00000000     0xc11e
 .debug_line    0x00000000      0x785 cmake/stm32cubemx/CMakeFiles/STM32_Drivers.dir/__/__/Core/Src/system_stm32f0xx.c.obj
 .debug_line    0x00000785     0x362b cmake/stm32cubemx/CMakeFiles/STM32_Drivers.dir/__/__/Drivers/STM32F0xx_HAL_Driver/Src/stm32f0xx_hal_tim.c.obj
 .debug_line    0x00003db0     0x1824 cmake/stm32cubemx/CMakeFiles/STM32_Drivers.dir/__/__/Drivers/STM32F0xx_HAL_Driver/Src/stm32f0xx_hal_tim_ex.c.obj
 .debug_line    0x000055d4      0xe25 cmake/stm32cubemx/CMakeFiles/STM32_Drivers.dir/__/__/Drivers/STM32F0xx_HAL_Driver/Src/stm32f0xx_hal_rcc.c.obj
 .debug_line    0x000063f9      0x997 cmake/stm32cubemx/CMakeFiles/STM32_Drivers.dir/__/__/Drivers/STM32F0xx_HAL_Driver/Src/stm32f0xx_hal.c.obj
 .debug_line    0x00006d90      0xaf9 cmake/stm32cubemx/CMakeFiles/STM32_Drivers.dir/__/__/Drivers/STM32F0xx_HAL_Driver/Src/stm32f0xx_hal_gpio.c.obj
 .debug_line    0x00007889      0xa3c cmake/stm32cubemx/CMakeFiles/STM32_Drivers.dir/__/__/Drivers/STM32F0xx_HAL_Driver/Src/stm32f0xx_hal_cortex.c.obj
 .debug_line    0x000082c5      0x7c0 CMakeFiles/stm30f030f4p6-firmware.dir/Core/Src/main.c.obj
 .debug_line    0x00008a85      0x725 CMakeFiles/stm30f030f4p6-firmware.dir/Core/Src/gpio.c.obj
 .debug_line    0x000091aa      0x9da CMakeFiles/stm30f030f4p6-firmware.dir/Core/Src/tim.c.obj
 .debug_line    0x00009b84      0x7da CMakeFiles/stm30f030f4p6-firmware.dir/Core/Src/stm32f0xx_it.c.obj
 .debug_line    0x0000a35e      0x715 CMakeFiles/stm30f030f4p6-firmware.dir/Core/Src/stm32f0xx_hal_msp.c.obj
 .debug_line    0x0000aa73       0x7b CMakeFiles/stm30f030f4p6-firmware.dir/startup_stm32f030x6.s.obj
 .debug_line    0x0000aaee      0xbd4 CMakeFiles/stm30f030f4p6-firmware.dir/Core/Src/ultrasonic.c.obj
 .debug_line    0x0000b6c2      0x778 CMakeFiles/stm30f030f4p6-firmware.dir/Core/Src/clock_config.c.obj
 .debug_line    0x0000be3a      0x178 C:/ST/STM32CubeCLT_1.21.0/GNU-tools-for-STM32/bin/../lib/gcc/arm-none-eabi/14.3.1/../../../../arm-none-eabi/lib/thumb/v6-m/nofp\libg_nano.a(libc_a-memset.o)
 .debug_line    0x0000bfb2      0x16c C:/ST/STM32CubeCLT_1.21.0/GNU-tools-for-STM32/bin/../lib/gcc/arm-none-eabi/14.3.1/../../../../arm-none-eabi/lib/thumb/v6-m/nofp\libg_nano.a(libc_a-init.o)

.debug_str      0x00000000    0x5c7e2
 .debug_str     0x00000000    0x5c7e2 cmake/stm32cubemx/CMakeFiles/STM32_Drivers.dir/__/__/Core/Src/system_stm32f0xx.c.obj
                              0x59a4f (size before relaxing)
 .debug_str     0x0005c7e2    0x5ae65 cmake/stm32cubemx/CMakeFiles/STM32_Drivers.dir/__/__/Drivers/STM32F0xx_HAL_Driver/Src/stm32f0xx_hal_tim.c.obj
 .debug_str     0x0005c7e2    0x5a671 cmake/stm32cubemx/CMakeFiles/STM32_Drivers.dir/__/__/Drivers/STM32F0xx_HAL_Driver/Src/stm32f0xx_hal_tim_ex.c.obj
 .debug_str     0x0005c7e2    0x59e8b cmake/stm32cubemx/CMakeFiles/STM32_Drivers.dir/__/__/Drivers/STM32F0xx_HAL_Driver/Src/stm32f0xx_hal_rcc.c.obj
 .debug_str     0x0005c7e2    0x59fae cmake/stm32cubemx/CMakeFiles/STM32_Drivers.dir/__/__/Drivers/STM32F0xx_HAL_Driver/Src/stm32f0xx_hal.c.obj
 .debug_str     0x0005c7e2    0x59bf0 cmake/stm32cubemx/CMakeFiles/STM32_Drivers.dir/__/__/Drivers/STM32F0xx_HAL_Driver/Src/stm32f0xx_hal_gpio.c.obj
 .debug_str     0x0005c7e2    0x59d9f cmake/stm32cubemx/CMakeFiles/STM32_Drivers.dir/__/__/Drivers/STM32F0xx_HAL_Driver/Src/stm32f0xx_hal_cortex.c.obj
 .debug_str     0x0005c7e2    0x59f5e CMakeFiles/stm30f030f4p6-firmware.dir/Core/Src/main.c.obj
 .debug_str     0x0005c7e2    0x59aba CMakeFiles/stm30f030f4p6-firmware.dir/Core/Src/gpio.c.obj
 .debug_str     0x0005c7e2    0x5a517 CMakeFiles/stm30f030f4p6-firmware.dir/Core/Src/tim.c.obj
 .debug_str     0x0005c7e2    0x59db4 CMakeFiles/stm30f030f4p6-firmware.dir/Core/Src/stm32f0xx_it.c.obj
 .debug_str     0x0005c7e2    0x599ef CMakeFiles/stm30f030f4p6-firmware.dir/Core/Src/stm32f0xx_hal_msp.c.obj
 .debug_str     0x0005c7e2       0x9a CMakeFiles/stm30f030f4p6-firmware.dir/startup_stm32f030x6.s.obj
 .debug_str     0x0005c7e2    0x5a544 CMakeFiles/stm30f030f4p6-firmware.dir/Core/Src/ultrasonic.c.obj
 .debug_str     0x0005c7e2    0x59e47 CMakeFiles/stm30f030f4p6-firmware.dir/Core/Src/clock_config.c.obj
 .debug_str     0x0005c7e2      0x20a C:/ST/STM32CubeCLT_1.21.0/GNU-tools-for-STM32/bin/../lib/gcc/arm-none-eabi/14.3.1/../../../../arm-none-eabi/lib/thumb/v6-m/nofp\libg_nano.a(libc_a-memset.o)
 .debug_str     0x0005c7e2      0x26b C:/ST/STM32CubeCLT_1.21.0/GNU-tools-for-STM32/bin/../lib/gcc/arm-none-eabi/14.3.1/../../../../arm-none-eabi/lib/thumb/v6-m/nofp\libg_nano.a(libc_a-init.o)

.debug_frame    0x00000000     0x2158
 .debug_frame   0x00000000       0x4c cmake/stm32cubemx/CMakeFiles/STM32_Drivers.dir/__/__/Core/Src/system_stm32f0xx.c.obj
 .debug_frame   0x0000004c      0xf00 cmake/stm32cubemx/CMakeFiles/STM32_Drivers.dir/__/__/Drivers/STM32F0xx_HAL_Driver/Src/stm32f0xx_hal_tim.c.obj
 .debug_frame   0x00000f4c      0x560 cmake/stm32cubemx/CMakeFiles/STM32_Drivers.dir/__/__/Drivers/STM32F0xx_HAL_Driver/Src/stm32f0xx_hal_tim_ex.c.obj
 .debug_frame   0x000014ac      0x198 cmake/stm32cubemx/CMakeFiles/STM32_Drivers.dir/__/__/Drivers/STM32F0xx_HAL_Driver/Src/stm32f0xx_hal_rcc.c.obj
 .debug_frame   0x00001644      0x2a4 cmake/stm32cubemx/CMakeFiles/STM32_Drivers.dir/__/__/Drivers/STM32F0xx_HAL_Driver/Src/stm32f0xx_hal.c.obj
 .debug_frame   0x000018e8      0x110 cmake/stm32cubemx/CMakeFiles/STM32_Drivers.dir/__/__/Drivers/STM32F0xx_HAL_Driver/Src/stm32f0xx_hal_gpio.c.obj
 .debug_frame   0x000019f8      0x2a0 cmake/stm32cubemx/CMakeFiles/STM32_Drivers.dir/__/__/Drivers/STM32F0xx_HAL_Driver/Src/stm32f0xx_hal_cortex.c.obj
 .debug_frame   0x00001c98       0x68 CMakeFiles/stm30f030f4p6-firmware.dir/Core/Src/main.c.obj
 .debug_frame   0x00001d00       0x30 CMakeFiles/stm30f030f4p6-firmware.dir/Core/Src/gpio.c.obj
 .debug_frame   0x00001d30       0xec CMakeFiles/stm30f030f4p6-firmware.dir/Core/Src/tim.c.obj
 .debug_frame   0x00001e1c       0xf0 CMakeFiles/stm30f030f4p6-firmware.dir/Core/Src/stm32f0xx_it.c.obj
 .debug_frame   0x00001f0c       0x30 CMakeFiles/stm30f030f4p6-firmware.dir/Core/Src/stm32f0xx_hal_msp.c.obj
 .debug_frame   0x00001f3c      0x180 CMakeFiles/stm30f030f4p6-firmware.dir/Core/Src/ultrasonic.c.obj
 .debug_frame   0x000020bc       0x30 CMakeFiles/stm30f030f4p6-firmware.dir/Core/Src/clock_config.c.obj
 .debug_frame   0x000020ec       0x20 C:/ST/STM32CubeCLT_1.21.0/GNU-tools-for-STM32/bin/../lib/gcc/arm-none-eabi/14.3.1/thumb/v6-m/nofp\libgcc.a(_udivsi3.o)
 .debug_frame   0x0000210c       0x20 C:/ST/STM32CubeCLT_1.21.0/GNU-tools-for-STM32/bin/../lib/gcc/arm-none-eabi/14.3.1/../../../../arm-none-eabi/lib/thumb/v6-m/nofp\libg_nano.a(libc_a-memset.o)
 .debug_frame   0x0000212c       0x2c C:/ST/STM32CubeCLT_1.21.0/GNU-tools-for-STM32/bin/../lib/gcc/arm-none-eabi/14.3.1/../../../../arm-none-eabi/lib/thumb/v6-m/nofp\libg_nano.a(libc_a-init.o)

.debug_line_str
                0x00000000       0x7e
 .debug_line_str
                0x00000000       0x7e CMakeFiles/stm30f030f4p6-firmware.dir/startup_stm32f030x6.s.obj

.debug_loclists
                0x00000000       0xdb
 .debug_loclists
                0x00000000       0x80 C:/ST/STM32CubeCLT_1.21.0/GNU-tools-for-STM32/bin/../lib/gcc/arm-none-eabi/14.3.1/../../../../arm-none-eabi/lib/thumb/v6-m/nofp\libg_nano.a(libc_a-memset.o)
 .debug_loclists
                0x00000080       0x5b C:/ST/STM32CubeCLT_1.21.0/GNU-tools-for-STM32/bin/../lib/gcc/arm-none-eabi/14.3.1/../../../../arm-none-eabi/lib/thumb/v6-m/nofp\libg_nano.a(libc_a-init.o)
