C:/Users/alfre/Desktop/stm30f030f4p6-firmware/Core/Src/stm32f0xx_it.c:72:6:NMI_Handler	8	static
C:/Users/alfre/Desktop/stm30f030f4p6-firmware/Core/Src/stm32f0xx_it.c:87:6:HardFault_Handler	8	static
C:/Users/alfre/Desktop/stm30f030f4p6-firmware/Core/Src/stm32f0xx_it.c:102:6:SVC_Handler	8	static
C:/Users/alfre/Desktop/stm30f030f4p6-firmware/Core/Src/stm32f0xx_it.c:115:6:PendSV_Handler	8	static
C:/Users/alfre/Desktop/stm30f030f4p6-firmware/Core/Src/stm32f0xx_it.c:128:6:SysTick_Handler	8	static
C:/Users/alfre/Desktop/stm30f030f4p6-firmware/Core/Src/stm32f0xx_it.c:149:6:TIM3_IRQHandler	8	static
C:/Users/alfre/Desktop/stm30f030f4p6-firmware/Core/Src/stm32f0xx_it.c:164:6:TIM14_IRQHandler	8	static
C:/Users/alfre/Desktop/stm30f030f4p6-firmware/Core/Src/stm32f0xx_it.c:179:6:TIM17_IRQHandler	8	static
