C:/Users/alfre/Desktop/stm30f030f4p6-firmware/Core/Src/tim.c:33:6:MX_TIM1_Init	96	static
C:/Users/alfre/Desktop/stm30f030f4p6-firmware/Core/Src/tim.c:103:6:MX_TIM3_Init	64	static
C:/Users/alfre/Desktop/stm30f030f4p6-firmware/Core/Src/tim.c:162:6:MX_TIM14_Init	24	static
C:/Users/alfre/Desktop/stm30f030f4p6-firmware/Core/Src/tim.c:202:6:MX_TIM17_Init	8	static
C:/Users/alfre/Desktop/stm30f030f4p6-firmware/Core/Src/tim.c:229:6:HAL_TIM_Base_MspInit	56	static
C:/Users/alfre/Desktop/stm30f030f4p6-firmware/Core/Src/tim.c:301:6:HAL_TIM_MspPostInit	56	static
C:/Users/alfre/Desktop/stm30f030f4p6-firmware/Core/Src/tim.c:349:6:HAL_TIM_Base_MspDeInit	16	static
