C:/Users/alfre/Desktop/stm30f030f4p6-firmware/Core/Src/ultrasonic.c:59:24:TIM14_GetTimestamp32	16	static
C:/Users/alfre/Desktop/stm30f030f4p6-firmware/Core/Src/ultrasonic.c:70:13:ApplyPinOverride	16	static
C:/Users/alfre/Desktop/stm30f030f4p6-firmware/Core/Src/ultrasonic.c:85:13:PA6_ConfigAsGPIO	32	static
C:/Users/alfre/Desktop/stm30f030f4p6-firmware/Core/Src/ultrasonic.c:98:13:PA4_SetOverride	16	static
C:/Users/alfre/Desktop/stm30f030f4p6-firmware/Core/Src/ultrasonic.c:110:6:Ultrasonic_Init	24	static
C:/Users/alfre/Desktop/stm30f030f4p6-firmware/Core/Src/ultrasonic.c:259:6:Ultrasonic_StartTX	8	static
C:/Users/alfre/Desktop/stm30f030f4p6-firmware/Core/Src/ultrasonic.c:304:6:Ultrasonic_StopTX	8	static
C:/Users/alfre/Desktop/stm30f030f4p6-firmware/Core/Src/ultrasonic.c:330:6:Ultrasonic_ProcessEcho	160	static
C:/Users/alfre/Desktop/stm30f030f4p6-firmware/Core/Src/ultrasonic.c:402:6:Ultrasonic_BuzzerUpdate	8	static
C:/Users/alfre/Desktop/stm30f030f4p6-firmware/Core/Src/ultrasonic.c:418:6:Ultrasonic_TIM3_IRQHandler	16	static
C:/Users/alfre/Desktop/stm30f030f4p6-firmware/Core/Src/ultrasonic.c:480:6:Ultrasonic_TIM14_IRQHandler	24	static
C:/Users/alfre/Desktop/stm30f030f4p6-firmware/Core/Src/ultrasonic.c:510:6:Ultrasonic_TIM17_IRQHandler	8	static
