Archive member included to satisfy reference by file (symbol)

C:/ST/STM32CubeIDE_1.19.0/STM32CubeIDE/plugins/com.st.stm32cube.ide.mcu.externaltools.gnu-tools-for-stm32.13.3.rel1.win32_1.0.0.202411081344/tools/bin/../lib/gcc/arm-none-eabi/13.3.1/../../../../arm-none-eabi/lib/thumb/v6-m/nofp\libc_nano.a(libc_a-exit.o)
                              C:/ST/STM32CubeIDE_1.19.0/STM32CubeIDE/plugins/com.st.stm32cube.ide.mcu.externaltools.gnu-tools-for-stm32.13.3.rel1.win32_1.0.0.202411081344/tools/bin/../lib/gcc/arm-none-eabi/13.3.1/../../../../arm-none-eabi/lib/thumb/v6-m/nofp/crt0.o (exit)
C:/ST/STM32CubeIDE_1.19.0/STM32CubeIDE/plugins/com.st.stm32cube.ide.mcu.externaltools.gnu-tools-for-stm32.13.3.rel1.win32_1.0.0.202411081344/tools/bin/../lib/gcc/arm-none-eabi/13.3.1/../../../../arm-none-eabi/lib/thumb/v6-m/nofp\libc_nano.a(libc_a-findfp.o)
                              C:/ST/STM32CubeIDE_1.19.0/STM32CubeIDE/plugins/com.st.stm32cube.ide.mcu.externaltools.gnu-tools-for-stm32.13.3.rel1.win32_1.0.0.202411081344/tools/bin/../lib/gcc/arm-none-eabi/13.3.1/../../../../arm-none-eabi/lib/thumb/v6-m/nofp\libc_nano.a(libc_a-exit.o) (__stdio_exit_handler)
C:/ST/STM32CubeIDE_1.19.0/STM32CubeIDE/plugins/com.st.stm32cube.ide.mcu.externaltools.gnu-tools-for-stm32.13.3.rel1.win32_1.0.0.202411081344/tools/bin/../lib/gcc/arm-none-eabi/13.3.1/../../../../arm-none-eabi/lib/thumb/v6-m/nofp\libc_nano.a(libc_a-fwalk.o)
                              C:/ST/STM32CubeIDE_1.19.0/STM32CubeIDE/plugins/com.st.stm32cube.ide.mcu.externaltools.gnu-tools-for-stm32.13.3.rel1.win32_1.0.0.202411081344/tools/bin/../lib/gcc/arm-none-eabi/13.3.1/../../../../arm-none-eabi/lib/thumb/v6-m/nofp\libc_nano.a(libc_a-findfp.o) (_fwalk_sglue)
C:/ST/STM32CubeIDE_1.19.0/STM32CubeIDE/plugins/com.st.stm32cube.ide.mcu.externaltools.gnu-tools-for-stm32.13.3.rel1.win32_1.0.0.202411081344/tools/bin/../lib/gcc/arm-none-eabi/13.3.1/../../../../arm-none-eabi/lib/thumb/v6-m/nofp\libc_nano.a(libc_a-stdio.o)
                              C:/ST/STM32CubeIDE_1.19.0/STM32CubeIDE/plugins/com.st.stm32cube.ide.mcu.externaltools.gnu-tools-for-stm32.13.3.rel1.win32_1.0.0.202411081344/tools/bin/../lib/gcc/arm-none-eabi/13.3.1/../../../../arm-none-eabi/lib/thumb/v6-m/nofp\libc_nano.a(libc_a-findfp.o) (__sread)
C:/ST/STM32CubeIDE_1.19.0/STM32CubeIDE/plugins/com.st.stm32cube.ide.mcu.externaltools.gnu-tools-for-stm32.13.3.rel1.win32_1.0.0.202411081344/tools/bin/../lib/gcc/arm-none-eabi/13.3.1/../../../../arm-none-eabi/lib/thumb/v6-m/nofp\libc_nano.a(libc_a-memset.o)
                              C:/ST/STM32CubeIDE_1.19.0/STM32CubeIDE/plugins/com.st.stm32cube.ide.mcu.externaltools.gnu-tools-for-stm32.13.3.rel1.win32_1.0.0.202411081344/tools/bin/../lib/gcc/arm-none-eabi/13.3.1/../../../../arm-none-eabi/lib/thumb/v6-m/nofp/crt0.o (memset)
C:/ST/STM32CubeIDE_1.19.0/STM32CubeIDE/plugins/com.st.stm32cube.ide.mcu.externaltools.gnu-tools-for-stm32.13.3.rel1.win32_1.0.0.202411081344/tools/bin/../lib/gcc/arm-none-eabi/13.3.1/../../../../arm-none-eabi/lib/thumb/v6-m/nofp\libc_nano.a(libc_a-closer.o)
                              C:/ST/STM32CubeIDE_1.19.0/STM32CubeIDE/plugins/com.st.stm32cube.ide.mcu.externaltools.gnu-tools-for-stm32.13.3.rel1.win32_1.0.0.202411081344/tools/bin/../lib/gcc/arm-none-eabi/13.3.1/../../../../arm-none-eabi/lib/thumb/v6-m/nofp\libc_nano.a(libc_a-stdio.o) (_close_r)
C:/ST/STM32CubeIDE_1.19.0/STM32CubeIDE/plugins/com.st.stm32cube.ide.mcu.externaltools.gnu-tools-for-stm32.13.3.rel1.win32_1.0.0.202411081344/tools/bin/../lib/gcc/arm-none-eabi/13.3.1/../../../../arm-none-eabi/lib/thumb/v6-m/nofp\libc_nano.a(libc_a-reent.o)
                              C:/ST/STM32CubeIDE_1.19.0/STM32CubeIDE/plugins/com.st.stm32cube.ide.mcu.externaltools.gnu-tools-for-stm32.13.3.rel1.win32_1.0.0.202411081344/tools/bin/../lib/gcc/arm-none-eabi/13.3.1/../../../../arm-none-eabi/lib/thumb/v6-m/nofp\libc_nano.a(libc_a-closer.o) (errno)
C:/ST/STM32CubeIDE_1.19.0/STM32CubeIDE/plugins/com.st.stm32cube.ide.mcu.externaltools.gnu-tools-for-stm32.13.3.rel1.win32_1.0.0.202411081344/tools/bin/../lib/gcc/arm-none-eabi/13.3.1/../../../../arm-none-eabi/lib/thumb/v6-m/nofp\libc_nano.a(libc_a-impure.o)
                              C:/ST/STM32CubeIDE_1.19.0/STM32CubeIDE/plugins/com.st.stm32cube.ide.mcu.externaltools.gnu-tools-for-stm32.13.3.rel1.win32_1.0.0.202411081344/tools/bin/../lib/gcc/arm-none-eabi/13.3.1/../../../../arm-none-eabi/lib/thumb/v6-m/nofp\libc_nano.a(libc_a-reent.o) (_impure_ptr)
C:/ST/STM32CubeIDE_1.19.0/STM32CubeIDE/plugins/com.st.stm32cube.ide.mcu.externaltools.gnu-tools-for-stm32.13.3.rel1.win32_1.0.0.202411081344/tools/bin/../lib/gcc/arm-none-eabi/13.3.1/../../../../arm-none-eabi/lib/thumb/v6-m/nofp\libc_nano.a(libc_a-lseekr.o)
[...]
Memory Configuration

Name             Origin             Length             Attributes
RAM              0x20000000         0x00001000         xrw
FLASH            0x08000000         0x00004000         xr
*default*        0x00000000         0xffffffff

Linker script and memory map

LOAD C:/ST/STM32CubeIDE_1.19.0/STM32CubeIDE/plugins/com.st.stm32cube.ide.mcu.externaltools.gnu-tools-for-stm32.13.3.rel1.win32_1.0.0.202411081344/tools/bin/../lib/gcc/arm-none-eabi/13.3.1/thumb/v6-m/nofp/crti.o
LOAD C:/ST/STM32CubeIDE_1.19.0/STM32CubeIDE/plugins/com.st.stm32cube.ide.mcu.externaltools.gnu-tools-for-stm32.13.3.rel1.win32_1.0.0.202411081344/tools/bin/../lib/gcc/arm-none-eabi/13.3.1/thumb/v6-m/nofp/crtbegin.o
LOAD C:/ST/STM32CubeIDE_1.19.0/STM32CubeIDE/plugins/com.st.stm32cube.ide.mcu.externaltools.gnu-tools-for-stm32.13.3.rel1.win32_1.0.0.202411081344/tools/bin/../lib/gcc/arm-none-eabi/13.3.1/../../../../arm-none-eabi/lib/thumb/v6-m/nofp/crt0.o
LOAD ./Core/Src/main.o
LOAD ./Core/Src/stm32f0xx_it.o
LOAD ./Core/Src/syscalls.o
LOAD ./Core/Src/sysmem.o
LOAD ./Core/Src/system_stm32f0xx.o
LOAD ./Core/Startup/startup_stm32f030f4px.o
LOAD ./Drivers/STM32F0xx_HAL_Driver/Src/stm32f0xx_ll_dma.o
LOAD ./Drivers/STM32F0xx_HAL_Driver/Src/stm32f0xx_ll_exti.o
LOAD ./Drivers/STM32F0xx_HAL_Driver/Src/stm32f0xx_ll_gpio.o
LOAD ./Drivers/STM32F0xx_HAL_Driver/Src/stm32f0xx_ll_pwr.o
LOAD ./Drivers/STM32F0xx_HAL_Driver/Src/stm32f0xx_ll_rcc.o
LOAD ./Drivers/STM32F0xx_HAL_Driver/Src/stm32f0xx_ll_tim.o
LOAD ./Drivers/STM32F0xx_HAL_Driver/Src/stm32f0xx_ll_utils.o
START GROUP
LOAD C:/ST/STM32CubeIDE_1.19.0/STM32CubeIDE/plugins/com.st.stm32cube.ide.mcu.externaltools.gnu-tools-for-stm32.13.3.rel1.win32_1.0.0.202411081344/tools/bin/../lib/gcc/arm-none-eabi/13.3.1/../../../../arm-none-eabi/lib/thumb/v6-m/nofp\libc_nano.a
LOAD C:/ST/STM32CubeIDE_1.19.0/STM32CubeIDE/plugins/com.st.stm32cube.ide.mcu.externaltools.gnu-tools-for-stm32.13.3.rel1.win32_1.0.0.202411081344/tools/bin/../lib/gcc/arm-none-eabi/13.3.1/../../../../arm-none-eabi/lib/thumb/v6-m/nofp\libm.a
END GROUP
START GROUP
LOAD C:/ST/STM32CubeIDE_1.19.0/STM32CubeIDE/plugins/com.st.stm32cube.ide.mcu.externaltools.gnu-tools-for-stm32.13.3.rel1.win32_1.0.0.202411081344/tools/bin/../lib/gcc/arm-none-eabi/13.3.1/thumb/v6-m/nofp\libgcc.a
LOAD C:/ST/STM32CubeIDE_1.19.0/STM32CubeIDE/plugins/com.st.stm32cube.ide.mcu.externaltools.gnu-tools-for-stm32.13.3.rel1.win32_1.0.0.202411081344/tools/bin/../lib/gcc/arm-none-eabi/13.3.1/../../../../arm-none-eabi/lib/thumb/v6-m/nofp\libc_nano.a
END GROUP
START GROUP
LOAD C:/ST/STM32CubeIDE_1.19.0/STM32CubeIDE/plugins/com.st.stm32cube.ide.mcu.externaltools.gnu-tools-for-stm32.13.3.rel1.win32_1.0.0.202411081344/tools/bin/../lib/gcc/arm-none-eabi/13.3.1/thumb/v6-m/nofp\libgcc.a
LOAD C:/ST/STM32CubeIDE_1.19.0/STM32CubeIDE/plugins/com.st.stm32cube.ide.mcu.externaltools.gnu-tools-for-stm32.13.3.rel1.win32_1.0.0.202411081344/tools/bin/../lib/gcc/arm-none-eabi/13.3.1/../../../../arm-none-eabi/lib/thumb/v6-m/nofp\libc_nano.a
LOAD C:/ST/STM32CubeIDE_1.19.0/STM32CubeIDE/plugins/com.st.stm32cube.ide.mcu.externaltools.gnu-tools-for-stm32.13.3.rel1.win32_1.0.0.202411081344/tools/bin/../lib/gcc/arm-none-eabi/13.3.1/../../../../arm-none-eabi/lib/thumb/v6-m/nofp\libnosys.a
END GROUP
START GROUP
LOAD C:/ST/STM32CubeIDE_1.19.0/STM32CubeIDE/plugins/com.st.stm32cube.ide.mcu.externaltools.gnu-tools-for-stm32.13.3.rel1.win32_1.0.0.202411081344/tools/bin/../lib/gcc/arm-none-eabi/13.3.1/thumb/v6-m/nofp\libgcc.a
LOAD C:/ST/STM32CubeIDE_1.19.0/STM32CubeIDE/plugins/com.st.stm32cube.ide.mcu.externaltools.gnu-tools-for-stm32.13.3.rel1.win32_1.0.0.202411081344/tools/bin/../lib/gcc/arm-none-eabi/13.3.1/../../../../arm-none-eabi/lib/thumb/v6-m/nofp\libc_nano.a
LOAD C:/ST/STM32CubeIDE_1.19.0/STM32CubeIDE/plugins/com.st.stm32cube.ide.mcu.externaltools.gnu-tools-for-stm32.13.3.rel1.win32_1.0.0.202411081344/tools/bin/../lib/gcc/arm-none-eabi/13.3.1/../../../../arm-none-eabi/lib/thumb/v6-m/nofp\libnosys.a
END GROUP
LOAD C:/ST/STM32CubeIDE_1.19.0/STM32CubeIDE/plugins/com.st.stm32cube.ide.mcu.externaltools.gnu-tools-for-stm32.13.3.rel1.win32_1.0.0.202411081344/tools/bin/../lib/gcc/arm-none-eabi/13.3.1/thumb/v6-m/nofp/crtend.o
LOAD C:/ST/STM32CubeIDE_1.19.0/STM32CubeIDE/plugins/com.st.stm32cube.ide.mcu.externaltools.gnu-tools-for-stm32.13.3.rel1.win32_1.0.0.202411081344/tools/bin/../lib/gcc/arm-none-eabi/13.3.1/thumb/v6-m/nofp/crtn.o
                0x20001000                        _estack = (ORIGIN (RAM) + LENGTH (RAM))
                0x00000200                        _Min_Heap_Size = 0x200
                0x00000400                        _Min_Stack_Size = 0x400

.isr_vector     0x08000000       0xc0
                0x08000000                        . = ALIGN (0x4)
 *(.isr_vector)
 .isr_vector    0x08000000       0xc0 ./Core/Startup/startup_stm32f030f4px.o
                0x08000000                g_pfnVectors
                0x080000c0                        . = ALIGN (0x4)

.text           0x080000c0     0x1164
                0x080000c0                        . = ALIGN (0x4)
 *(.text)
 .text          0x080000c0       0x48 C:/ST/STM32CubeIDE_1.19.0/STM32CubeIDE/plugins/com.st.stm32cube.ide.mcu.externaltools.gnu-tools-for-stm32.13.3.rel1.win32_1.0.0.202411081344/tools/bin/../lib/gcc/arm-none-eabi/13.3.1/thumb/v6-m/nofp/crtbegin.o
 .text          0x08000108      0x114 C:/ST/STM32CubeIDE_1.19.0/STM32CubeIDE/plugins/com.st.stm32cube.ide.mcu.externaltools.gnu-tools-for-stm32.13.3.rel1.win32_1.0.0.202411081344/tools/bin/../lib/gcc/arm-none-eabi/13.3.1/thumb/v6-m/nofp\libgcc.a(_udivsi3.o)
                0x08000108                __aeabi_uidiv
                0x08000108                __udivsi3
                0x08000214                __aeabi_uidivmod
 .text          0x0800021c        0x4 C:/ST/STM32CubeIDE_1.19.0/STM32CubeIDE/plugins/com.st.stm32cube.ide.mcu.externaltools.gnu-tools-for-stm32.13.3.rel1.win32_1.0.0.202411081344/tools/bin/../lib/gcc/arm-none-eabi/13.3.1/thumb/v6-m/nofp\libgcc.a(_dvmd_tls.o)
                0x0800021c                __aeabi_idiv0
                0x0800021c                __aeabi_ldiv0
 *(.text*)
 .text.__NVIC_EnableIRQ
                0x08000220       0x34 ./Core/Src/main.o
 .text.__NVIC_SetPriority
                0x08000254       0xdc ./Core/Src/main.o
 .text.LL_RCC_HSE_Enable
                0x08000330       0x1c ./Core/Src/main.o
 .text.LL_RCC_HSE_Disable
                0x0800034c       0x20 ./Core/Src/main.o
 .text.LL_RCC_HSE_IsReady
                0x0800036c       0x28 ./Core/Src/main.o
 .text.LL_RCC_HSI_Enable
                0x08000394       0x1c ./Core/Src/main.o
 .text.LL_RCC_HSI_IsReady
                0x080003b0       0x20 ./Core/Src/main.o
 .text.LL_RCC_SetSysClkSource
                0x080003d0       0x28 ./Core/Src/main.o
 .text.LL_RCC_GetSysClkSource
                0x080003f8       0x18 ./Core/Src/main.o
 .text.LL_RCC_SetAHBPrescaler
                0x08000410       0x28 ./Core/Src/main.o
 .text.LL_RCC_SetAPB1Prescaler
                0x08000438       0x2c ./Core/Src/main.o
 .text.LL_RCC_PLL_Enable
                0x08000464       0x1c ./Core/Src/main.o
 .text.LL_RCC_PLL_IsReady
                0x08000480       0x28 ./Core/Src/main.o
 .text.LL_RCC_PLL_ConfigDomain_SYS
                0x080004a8       0x4c ./Core/Src/main.o
 .text.LL_AHB1_GRP1_EnableClock
                0x080004f4       0x2c ./Core/Src/main.o
 .text.LL_APB1_GRP1_EnableClock
                0x08000520       0x2c ./Core/Src/main.o
 .text.LL_APB1_GRP2_EnableClock
                0x0800054c       0x2c ./Core/Src/main.o
 .text.LL_FLASH_SetLatency
                0x08000578       0x28 ./Core/Src/main.o
 .text.LL_FLASH_GetLatency
                0x080005a0       0x18 ./Core/Src/main.o
 .text.LL_TIM_EnableCounter
                0x080005b8       0x1c ./Core/Src/main.o
 .text.LL_TIM_SetPrescaler
                0x080005d4       0x18 ./Core/Src/main.o
 .text.LL_TIM_SetAutoReload
                0x080005ec       0x18 ./Core/Src/main.o
 .text.LL_TIM_CC_EnableChannel
                0x08000604       0x1e ./Core/Src/main.o
 *fill*         0x08000622        0x2 
 .text.LL_TIM_OC_SetMode
                0x08000624       0xa4 ./Core/Src/main.o
 .text.LL_TIM_OC_SetCompareCH1
                0x080006c8       0x18 ./Core/Src/main.o
 .text.LL_TIM_OC_SetCompareCH2
                0x080006e0       0x18 ./Core/Src/main.o
 .text.LL_TIM_IC_SetActiveInput
                0x080006f8       0xa4 ./Core/Src/main.o
 .text.LL_TIM_IC_SetPolarity
                0x0800079c       0x90 ./Core/Src/main.o
 .text.LL_TIM_EnableAllOutputs
                0x0800082c       0x1e ./Core/Src/main.o
 .text.LL_TIM_ClearFlag_UPDATE
                0x0800084a       0x18 ./Core/Src/main.o
 .text.LL_TIM_IsActiveFlag_UPDATE
                0x08000862       0x22 ./Core/Src/main.o
 .text.LL_TIM_ClearFlag_CC2
                0x08000884       0x18 ./Core/Src/main.o
 .text.LL_TIM_IsActiveFlag_CC2
                0x0800089c       0x22 ./Core/Src/main.o
 .text.LL_TIM_ClearFlag_CC4
                0x080008be       0x18 ./Core/Src/main.o
 .text.LL_TIM_IsActiveFlag_CC4
                0x080008d6       0x22 ./Core/Src/main.o
 .text.LL_TIM_EnableIT_UPDATE
                0x080008f8       0x1c ./Core/Src/main.o
 .text.LL_TIM_EnableIT_CC2
                0x08000914       0x1c ./Core/Src/main.o
 .text.LL_TIM_EnableIT_CC4
                0x08000930       0x1c ./Core/Src/main.o
 .text.LL_GPIO_SetPinMode
                0x0800094c       0x38 ./Core/Src/main.o
 .text.LL_GPIO_SetPinSpeed
                0x08000984       0x38 ./Core/Src/main.o
 .text.LL_GPIO_SetPinPull
                0x080009bc       0x38 ./Core/Src/main.o
 .text.LL_GPIO_SetAFPin_0_7
                0x080009f4       0x46 ./Core/Src/main.o
 .text.LL_GPIO_SetAFPin_8_15
                0x08000a3a       0x5a ./Core/Src/main.o
 .text.TIM14_IRQHandler
                0x08000a94       0xa4 ./Core/Src/main.o
                0x08000a94                TIM14_IRQHandler
 .text.TIM1_CC_IRQHandler
                0x08000b38      0x150 ./Core/Src/main.o
                0x08000b38                TIM1_CC_IRQHandler
 .text.TIM3_IRQHandler
                0x08000c88      0x128 ./Core/Src/main.o
                0x08000c88                TIM3_IRQHandler
 .text.SystemClock_Config
                0x08000db0       0xbc ./Core/Src/main.o
                0x08000db0                SystemClock_Config
 .text.main     0x08000e6c      0x25c ./Core/Src/main.o
                0x08000e6c                main
 .text.NMI_Handler
                0x080010c8        0x8 ./Core/Src/stm32f0xx_it.o
                0x080010c8                NMI_Handler
 .text.HardFault_Handler
                0x080010d0        0x8 ./Core/Src/stm32f0xx_it.o
                0x080010d0                HardFault_Handler
 .text.SVC_Handler
                0x080010d8        0xa ./Core/Src/stm32f0xx_it.o
                0x080010d8                SVC_Handler
 .text.PendSV_Handler
                0x080010e2        0xa ./Core/Src/stm32f0xx_it.o
                0x080010e2                PendSV_Handler
 .text.SysTick_Handler
                0x080010ec        0xa ./Core/Src/stm32f0xx_it.o
                0x080010ec                SysTick_Handler
 .text.SystemInit
                0x080010f6        0xa ./Core/Src/system_stm32f0xx.o
                0x080010f6                SystemInit
 .text.Reset_Handler
                0x08001100       0x50 ./Core/Startup/startup_stm32f030f4px.o
                0x08001100                Reset_Handler
 .text.Default_Handler
                0x08001150        0x2 ./Core/Startup/startup_stm32f030f4px.o
                0x08001150                I2C1_IRQHandler
                0x08001150                SPI1_IRQHandler
                0x08001150                EXTI2_3_IRQHandler
                0x08001150                ADC1_IRQHandler
                0x08001150                TIM17_IRQHandler
                0x08001150                RTC_IRQHandler
                0x08001150                TIM16_IRQHandler
                0x08001150                EXTI4_15_IRQHandler
                0x08001150                RCC_IRQHandler
                0x08001150                DMA1_Channel1_IRQHandler
                0x08001150                Default_Handler
                0x08001150                DMA1_Channel4_5_IRQHandler
                0x08001150                EXTI0_1_IRQHandler
                0x08001150                WWDG_IRQHandler
                0x08001150                DMA1_Channel2_3_IRQHandler
                0x08001150                FLASH_IRQHandler
                0x08001150                USART1_IRQHandler
                0x08001150                TIM1_BRK_UP_TRG_COM_IRQHandler
 *fill*         0x08001152        0x2 
 .text.LL_InitTick
                0x08001154       0x34 ./Drivers/STM32F0xx_HAL_Driver/Src/stm32f0xx_ll_utils.o
 .text.LL_Init1msTick
                0x08001188       0x1e ./Drivers/STM32F0xx_HAL_Driver/Src/stm32f0xx_ll_utils.o
                0x08001188                LL_Init1msTick
 *fill*         0x080011a6        0x2 
 .text.LL_SetSystemCoreClock
                0x080011a8       0x1c ./Drivers/STM32F0xx_HAL_Driver/Src/stm32f0xx_ll_utils.o
                0x080011a8                LL_SetSystemCoreClock
 .text.__libc_init_array
                0x080011c4       0x48 C:/ST/STM32CubeIDE_1.19.0/STM32CubeIDE/plugins/com.st.stm32cube.ide.mcu.externaltools.gnu-tools-for-stm32.13.3.rel1.win32_1.0.0.202411081344/tools/bin/../lib/gcc/arm-none-eabi/13.3.1/../../../../arm-none-eabi/lib/thumb/v6-m/nofp\libc_nano.a(libc_a-init.o)
                0x080011c4                __libc_init_array
 *(.glue_7)
 .glue_7        0x0800120c        0x0 linker stubs
 *(.glue_7t)
 .glue_7t       0x0800120c        0x0 linker stubs
 *(.eh_frame)
 .eh_frame      0x0800120c        0x0 C:/ST/STM32CubeIDE_1.19.0/STM32CubeIDE/plugins/com.st.stm32cube.ide.mcu.externaltools.gnu-tools-for-stm32.13.3.rel1.win32_1.0.0.202411081344/tools/bin/../lib/gcc/arm-none-eabi/13.3.1/thumb/v6-m/nofp/crtbegin.o
 *(.init)
 .init          0x0800120c        0x4 C:/ST/STM32CubeIDE_1.19.0/STM32CubeIDE/plugins/com.st.stm32cube.ide.mcu.externaltools.gnu-tools-for-stm32.13.3.rel1.win32_1.0.0.202411081344/tools/bin/../lib/gcc/arm-none-eabi/13.3.1/thumb/v6-m/nofp/crti.o
                0x0800120c                _init
 .init          0x08001210        0x8 C:/ST/STM32CubeIDE_1.19.0/STM32CubeIDE/plugins/com.st.stm32cube.ide.mcu.externaltools.gnu-tools-for-stm32.13.3.rel1.win32_1.0.0.202411081344/tools/bin/../lib/gcc/arm-none-eabi/13.3.1/thumb/v6-m/nofp/crtn.o
 *(.fini)
 .fini          0x08001218        0x4 C:/ST/STM32CubeIDE_1.19.0/STM32CubeIDE/plugins/com.st.stm32cube.ide.mcu.externaltools.gnu-tools-for-stm32.13.3.rel1.win32_1.0.0.202411081344/tools/bin/../lib/gcc/arm-none-eabi/13.3.1/thumb/v6-m/nofp/crti.o
                0x08001218                _fini
 .fini          0x0800121c        0x8 C:/ST/STM32CubeIDE_1.19.0/STM32CubeIDE/plugins/com.st.stm32cube.ide.mcu.externaltools.gnu-tools-for-stm32.13.3.rel1.win32_1.0.0.202411081344/tools/bin/../lib/gcc/arm-none-eabi/13.3.1/thumb/v6-m/nofp/crtn.o
                0x08001224                        . = ALIGN (0x4)
                0x08001224                        _etext = .

.vfp11_veneer   0x08001224        0x0
 .vfp11_veneer  0x08001224        0x0 linker stubs

.v4_bx          0x08001224        0x0
 .v4_bx         0x08001224        0x0 linker stubs

.iplt           0x08001224        0x0
 .iplt          0x08001224        0x0 C:/ST/STM32CubeIDE_1.19.0/STM32CubeIDE/plugins/com.st.stm32cube.ide.mcu.externaltools.gnu-tools-for-stm32.13.3.rel1.win32_1.0.0.202411081344/tools/bin/../lib/gcc/arm-none-eabi/13.3.1/thumb/v6-m/nofp/crtbegin.o

.rodata         0x08001224       0x20
                0x08001224                        . = ALIGN (0x4)
 *(.rodata)
 *(.rodata*)
 .rodata.OFFSET_TAB_CCMRx
                0x08001224        0x7 ./Core/Src/main.o
 *fill*         0x0800122b        0x1 
 .rodata.SHIFT_TAB_OCxx
                0x0800122c        0x7 ./Core/Src/main.o
 *fill*         0x08001233        0x1 
 .rodata.SHIFT_TAB_ICxx
                0x08001234        0x7 ./Core/Src/main.o
 *fill*         0x0800123b        0x1 
 .rodata.SHIFT_TAB_CCxP
                0x0800123c        0x7 ./Core/Src/main.o
                0x08001244                        . = ALIGN (0x4)
 *fill*         0x08001243        0x1 

.ARM.extab      0x08001244        0x0
                0x08001244                        . = ALIGN (0x4)
 *(.ARM.extab* .gnu.linkonce.armextab.*)
                0x08001244                        . = ALIGN (0x4)

.ARM            0x08001244        0x0
                0x08001244                        . = ALIGN (0x4)
                0x08001244                        __exidx_start = .
 *(.ARM.exidx*)
                0x08001244                        __exidx_end = .
                0x08001244                        . = ALIGN (0x4)

.preinit_array  0x08001244        0x0
                0x08001244                        . = ALIGN (0x4)
                0x08001244                        PROVIDE (__preinit_array_start = .)
 *(.preinit_array*)
                0x08001244                        PROVIDE (__preinit_array_end = .)
                0x08001244                        . = ALIGN (0x4)

.init_array     0x08001244        0x4
                0x08001244                        . = ALIGN (0x4)
                0x08001244                        PROVIDE (__init_array_start = .)
 *(SORT_BY_NAME(.init_array.*))
 *(.init_array*)
 .init_array    0x08001244        0x4 C:/ST/STM32CubeIDE_1.19.0/STM32CubeIDE/plugins/com.st.stm32cube.ide.mcu.externaltools.gnu-tools-for-stm32.13.3.rel1.win32_1.0.0.202411081344/tools/bin/../lib/gcc/arm-none-eabi/13.3.1/thumb/v6-m/nofp/crtbegin.o
                0x08001248                        PROVIDE (__init_array_end = .)
                0x08001248                        . = ALIGN (0x4)

.fini_array     0x08001248        0x4
                0x08001248                        . = ALIGN (0x4)
                [!provide]                        PROVIDE (__fini_array_start = .)
 *(SORT_BY_NAME(.fini_array.*))
 *(.fini_array*)
 .fini_array    0x08001248        0x4 C:/ST/STM32CubeIDE_1.19.0/STM32CubeIDE/plugins/com.st.stm32cube.ide.mcu.externaltools.gnu-tools-for-stm32.13.3.rel1.win32_1.0.0.202411081344/tools/bin/../lib/gcc/arm-none-eabi/13.3.1/thumb/v6-m/nofp/crtbegin.o
                [!provide]                        PROVIDE (__fini_array_end = .)
                0x0800124c                        . = ALIGN (0x4)
                0x0800124c                        _sidata = LOADADDR (.data)

.rel.dyn        0x0800124c        0x0
 .rel.iplt      0x0800124c        0x0 C:/ST/STM32CubeIDE_1.19.0/STM32CubeIDE/plugins/com.st.stm32cube.ide.mcu.externaltools.gnu-tools-for-stm32.13.3.rel1.win32_1.0.0.202411081344/tools/bin/../lib/gcc/arm-none-eabi/13.3.1/thumb/v6-m/nofp/crtbegin.o

.data           0x20000000        0x4 load address 0x0800124c
                0x20000000                        . = ALIGN (0x4)
                0x20000000                        _sdata = .
 *(.data)
 *(.data*)
 .data.SystemCoreClock
                0x20000000        0x4 ./Core/Src/system_stm32f0xx.o
                0x20000000                SystemCoreClock
 *(.RamFunc)
 *(.RamFunc*)
                0x20000004                        . = ALIGN (0x4)
                0x20000004                        _edata = .

.igot.plt       0x20000004        0x0 load address 0x08001250
 .igot.plt      0x20000004        0x0 C:/ST/STM32CubeIDE_1.19.0/STM32CubeIDE/plugins/com.st.stm32cube.ide.mcu.externaltools.gnu-tools-for-stm32.13.3.rel1.win32_1.0.0.202411081344/tools/bin/../lib/gcc/arm-none-eabi/13.3.1/thumb/v6-m/nofp/crtbegin.o
                0x20000004                        . = ALIGN (0x4)

.bss            0x20000004       0x3c load address 0x08001250
                0x20000004                        _sbss = .
                0x20000004                        __bss_start__ = _sbss
 *(.bss)
 .bss           0x20000004       0x1c C:/ST/STM32CubeIDE_1.19.0/STM32CubeIDE/plugins/com.st.stm32cube.ide.mcu.externaltools.gnu-tools-for-stm32.13.3.rel1.win32_1.0.0.202411081344/tools/bin/../lib/gcc/arm-none-eabi/13.3.1/thumb/v6-m/nofp/crtbegin.o
 *(.bss*)
 .bss.trigger_pending
                0x20000020        0x1 ./Core/Src/main.o
 *fill*         0x20000021        0x1 
 .bss.irq_count
                0x20000022        0x2 ./Core/Src/main.o
 .bss.pulse_active
                0x20000024        0x1 ./Core/Src/main.o
 .bss.edge_count
                0x20000025        0x1 ./Core/Src/main.o
 .bss.amp_blanked
                0x20000026        0x1 ./Core/Src/main.o
 *fill*         0x20000027        0x1 
 .bss.amp_blank_count
                0x20000028        0x2 ./Core/Src/main.o
 .bss.listen_active
                0x2000002a        0x1 ./Core/Src/main.o
 *fill*         0x2000002b        0x1 
 .bss.listen_count
                0x2000002c        0x2 ./Core/Src/main.o
 .bss.tof_armed
                0x2000002e        0x1 ./Core/Src/main.o
 *fill*         0x2000002f        0x1 
 .bss.pulse_start_time
                0x20000030        0x4 ./Core/Src/main.o
 .bss.last_capture
                0x20000034        0x4 ./Core/Src/main.o
 .bss.has_previous
                0x20000038        0x1 ./Core/Src/main.o
 .bss.valid_pulse_count
                0x20000039        0x1 ./Core/Src/main.o
 .bss.led_on_flag
                0x2000003a        0x1 ./Core/Src/main.o
 .bss.led_timer
                0x2000003b        0x1 ./Core/Src/main.o
 .bss.miss_count
                0x2000003c        0x1 ./Core/Src/main.o
 *(COMMON)
                0x20000040                        . = ALIGN (0x4)
 *fill*         0x2000003d        0x3 
                0x20000040                        _ebss = .
                0x20000040                        __bss_end__ = _ebss

._user_heap_stack
                0x20000040      0x600 load address 0x08001250
                0x20000040                        . = ALIGN (0x8)
                [!provide]                        PROVIDE (end = .)
                0x20000040                        PROVIDE (_end = .)
                0x20000240                        . = (. + _Min_Heap_Size)
 *fill*         0x20000040      0x200 
                0x20000640                        . = (. + _Min_Stack_Size)
 *fill*         0x20000240      0x400 
                0x20000640                        . = ALIGN (0x8)

/DISCARD/
 libc.a(*)
 libm.a(*)
 libgcc.a(*)

.ARM.attributes
                0x00000000       0x28
 *(.ARM.attributes)
 .ARM.attributes
                0x00000000       0x1e C:/ST/STM32CubeIDE_1.19.0/STM32CubeIDE/plugins/com.st.stm32cube.ide.mcu.externaltools.gnu-tools-for-stm32.13.3.rel1.win32_1.0.0.202411081344/tools/bin/../lib/gcc/arm-none-eabi/13.3.1/thumb/v6-m/nofp/crti.o
 .ARM.attributes
                0x0000001e       0x2c C:/ST/STM32CubeIDE_1.19.0/STM32CubeIDE/plugins/com.st.stm32cube.ide.mcu.externaltools.gnu-tools-for-stm32.13.3.rel1.win32_1.0.0.202411081344/tools/bin/../lib/gcc/arm-none-eabi/13.3.1/thumb/v6-m/nofp/crtbegin.o
 .ARM.attributes
                0x0000004a       0x2c ./Core/Src/main.o
 .ARM.attributes
                0x00000076       0x2c ./Core/Src/stm32f0xx_it.o
 .ARM.attributes
                0x000000a2       0x2c ./Core/Src/system_stm32f0xx.o
 .ARM.attributes
                0x000000ce       0x21 ./Core/Startup/startup_stm32f030f4px.o
 .ARM.attributes
                0x000000ef       0x2c ./Drivers/STM32F0xx_HAL_Driver/Src/stm32f0xx_ll_utils.o
 .ARM.attributes
                0x0000011b       0x2c C:/ST/STM32CubeIDE_1.19.0/STM32CubeIDE/plugins/com.st.stm32cube.ide.mcu.externaltools.gnu-tools-for-stm32.13.3.rel1.win32_1.0.0.202411081344/tools/bin/../lib/gcc/arm-none-eabi/13.3.1/../../../../arm-none-eabi/lib/thumb/v6-m/nofp\libc_nano.a(libc_a-init.o)
 .ARM.attributes
                0x00000147       0x1e C:/ST/STM32CubeIDE_1.19.0/STM32CubeIDE/plugins/com.st.stm32cube.ide.mcu.externaltools.gnu-tools-for-stm32.13.3.rel1.win32_1.0.0.202411081344/tools/bin/../lib/gcc/arm-none-eabi/13.3.1/thumb/v6-m/nofp\libgcc.a(_udivsi3.o)
 .ARM.attributes
                0x00000165       0x1e C:/ST/STM32CubeIDE_1.19.0/STM32CubeIDE/plugins/com.st.stm32cube.ide.mcu.externaltools.gnu-tools-for-stm32.13.3.rel1.win32_1.0.0.202411081344/tools/bin/../lib/gcc/arm-none-eabi/13.3.1/thumb/v6-m/nofp\libgcc.a(_dvmd_tls.o)
 .ARM.attributes
                0x00000183       0x1e C:/ST/STM32CubeIDE_1.19.0/STM32CubeIDE/plugins/com.st.stm32cube.ide.mcu.externaltools.gnu-tools-for-stm32.13.3.rel1.win32_1.0.0.202411081344/tools/bin/../lib/gcc/arm-none-eabi/13.3.1/thumb/v6-m/nofp/crtn.o
OUTPUT(alfred_ultrasonic_hedghog.elf elf32-littlearm)
LOAD linker stubs
LOAD C:/ST/STM32CubeIDE_1.19.0/STM32CubeIDE/plugins/com.st.stm32cube.ide.mcu.externaltools.gnu-tools-for-stm32.13.3.rel1.win32_1.0.0.202411081344/tools/bin/../lib/gcc/arm-none-eabi/13.3.1/../../../../arm-none-eabi/lib/thumb/v6-m/nofp\libc.a
LOAD C:/ST/STM32CubeIDE_1.19.0/STM32CubeIDE/plugins/com.st.stm32cube.ide.mcu.externaltools.gnu-tools-for-stm32.13.3.rel1.win32_1.0.0.202411081344/tools/bin/../lib/gcc/arm-none-eabi/13.3.1/../../../../arm-none-eabi/lib/thumb/v6-m/nofp\libm.a
LOAD C:/ST/STM32CubeIDE_1.19.0/STM32CubeIDE/plugins/com.st.stm32cube.ide.mcu.externaltools.gnu-tools-for-stm32.13.3.rel1.win32_1.0.0.202411081344/tools/bin/../lib/gcc/arm-none-eabi/13.3.1/thumb/v6-m/nofp\libgcc.a

.debug_info     0x00000000     0x1c21
 .debug_info    0x00000000     0x10dd ./Core/Src/main.o
 .debug_info    0x000010dd      0x16e ./Core/Src/stm32f0xx_it.o
 .debug_info    0x0000124b      0x23b ./Core/Src/system_stm32f0xx.o
 .debug_info    0x00001486       0x30 ./Core/Startup/startup_stm32f030f4px.o
 .debug_info    0x000014b6      0x76b ./Drivers/STM32F0xx_HAL_Driver/Src/stm32f0xx_ll_utils.o

.debug_abbrev   0x00000000      0x710
 .debug_abbrev  0x00000000      0x2f7 ./Core/Src/main.o
 .debug_abbrev  0x000002f7       0x81 ./Core/Src/stm32f0xx_it.o
 .debug_abbrev  0x00000378      0x11c ./Core/Src/system_stm32f0xx.o
 .debug_abbrev  0x00000494       0x24 ./Core/Startup/startup_stm32f030f4px.o
 .debug_abbrev  0x000004b8      0x258 ./Drivers/STM32F0xx_HAL_Driver/Src/stm32f0xx_ll_utils.o

.debug_aranges  0x00000000      0x318
 .debug_aranges
                0x00000000      0x1a0 ./Core/Src/main.o
 .debug_aranges
                0x000001a0       0x40 ./Core/Src/stm32f0xx_it.o
 .debug_aranges
                0x000001e0       0x28 ./Core/Src/system_stm32f0xx.o
 .debug_aranges
                0x00000208       0x28 ./Core/Startup/startup_stm32f030f4px.o
 .debug_aranges
                0x00000230       0xe8 ./Drivers/STM32F0xx_HAL_Driver/Src/stm32f0xx_ll_utils.o

.debug_rnglists
                0x00000000      0x246
 .debug_rnglists
                0x00000000      0x13c ./Core/Src/main.o
 .debug_rnglists
                0x0000013c       0x2b ./Core/Src/stm32f0xx_it.o
 .debug_rnglists
                0x00000167       0x1a ./Core/Src/system_stm32f0xx.o
 .debug_rnglists
                0x00000181       0x19 ./Core/Startup/startup_stm32f030f4px.o
 .debug_rnglists
                0x0000019a       0xac ./Drivers/STM32F0xx_HAL_Driver/Src/stm32f0xx_ll_utils.o

.debug_macro    0x00000000     0x9895
 .debug_macro   0x00000000      0x1e0 ./Core/Src/main.o
 .debug_macro   0x000001e0      0xaea ./Core/Src/main.o
 .debug_macro   0x00000cca       0x2e ./Core/Src/main.o
 .debug_macro   0x00000cf8       0x22 ./Core/Src/main.o
 .debug_macro   0x00000d1a       0x22 ./Core/Src/main.o
 .debug_macro   0x00000d3c       0x8e ./Core/Src/main.o
 .debug_macro   0x00000dca       0x51 ./Core/Src/main.o
 .debug_macro   0x00000e1b      0x103 ./Core/Src/main.o
 .debug_macro   0x00000f1e       0x6a ./Core/Src/main.o
 .debug_macro   0x00000f88      0x1df ./Core/Src/main.o
 .debug_macro   0x00001167       0x1c ./Core/Src/main.o
 .debug_macro   0x00001183       0x22 ./Core/Src/main.o
 .debug_macro   0x000011a5       0xaf ./Core/Src/main.o
 .debug_macro   0x00001254      0x391 ./Core/Src/main.o
 .debug_macro   0x000015e5     0x6e6e ./Core/Src/main.o
 .debug_macro   0x00008453       0x66 ./Core/Src/main.o
 .debug_macro   0x000084b9      0x40c ./Core/Src/main.o
 .debug_macro   0x000088c5       0xab ./Core/Src/main.o
 .debug_macro   0x00008970      0x17d ./Core/Src/main.o
 .debug_macro   0x00008aed       0xd0 ./Core/Src/main.o
 .debug_macro   0x00008bbd       0x16 ./Core/Src/main.o
 .debug_macro   0x00008bd3       0x2a ./Core/Src/main.o
 .debug_macro   0x00008bfd       0x68 ./Core/Src/main.o
 .debug_macro   0x00008c65      0x215 ./Core/Src/main.o
 .debug_macro   0x00008e7a      0x5bd ./Core/Src/main.o
 .debug_macro   0x00009437      0x11f ./Core/Src/main.o
 .debug_macro   0x00009556       0x22 ./Core/Src/main.o
 .debug_macro   0x00009578      0x136 ./Core/Src/stm32f0xx_it.o
 .debug_macro   0x000096ae       0xbf ./Core/Src/system_stm32f0xx.o
 .debug_macro   0x0000976d      0x128 ./Drivers/STM32F0xx_HAL_Driver/Src/stm32f0xx_ll_utils.o

.debug_line     0x00000000     0x2447
 .debug_line    0x00000000      0xec7 ./Core/Src/main.o
 .debug_line    0x00000ec7      0x665 ./Core/Src/stm32f0xx_it.o
 .debug_line    0x0000152c      0x551 ./Core/Src/system_stm32f0xx.o
 .debug_line    0x00001a7d       0x7b ./Core/Startup/startup_stm32f030f4px.o
 .debug_line    0x00001af8      0x94f ./Drivers/STM32F0xx_HAL_Driver/Src/stm32f0xx_ll_utils.o

.debug_str      0x00000000    0x34fbb
 .debug_str     0x00000000    0x34fbb ./Core/Src/main.o
                              0x344a4 (size before relaxing)
 .debug_str     0x00034fbb    0x3386e ./Core/Src/stm32f0xx_it.o
 .debug_str     0x00034fbb    0x2bf2e ./Core/Src/system_stm32f0xx.o
 .debug_str     0x00034fbb       0x92 ./Core/Startup/startup_stm32f030f4px.o
 .debug_str     0x00034fbb    0x2f50c ./Drivers/STM32F0xx_HAL_Driver/Src/stm32f0xx_ll_utils.o

.comment        0x00000000       0x43
 .comment       0x00000000       0x43 ./Core/Src/main.o
                                 0x44 (size before relaxing)
 .comment       0x00000043       0x44 ./Core/Src/stm32f0xx_it.o
 .comment       0x00000043       0x44 ./Core/Src/system_stm32f0xx.o
 .comment       0x00000043       0x44 ./Drivers/STM32F0xx_HAL_Driver/Src/stm32f0xx_ll_utils.o

.debug_frame    0x00000000      0xa58
 .debug_frame   0x00000000      0x5fc ./Core/Src/main.o
 .debug_frame   0x000005fc       0x9c ./Core/Src/stm32f0xx_it.o
 .debug_frame   0x00000698       0x4c ./Core/Src/system_stm32f0xx.o
 .debug_frame   0x000006e4      0x328 ./Drivers/STM32F0xx_HAL_Driver/Src/stm32f0xx_ll_utils.o
 .debug_frame   0x00000a0c       0x2c C:/ST/STM32CubeIDE_1.19.0/STM32CubeIDE/plugins/com.st.stm32cube.ide.mcu.externaltools.gnu-tools-for-stm32.13.3.rel1.win32_1.0.0.202411081344/tools/bin/../lib/gcc/arm-none-eabi/13.3.1/../../../../arm-none-eabi/lib/thumb/v6-m/nofp\libc_nano.a(libc_a-init.o)
 .debug_frame   0x00000a38       0x20 C:/ST/STM32CubeIDE_1.19.0/STM32CubeIDE/plugins/com.st.stm32cube.ide.mcu.externaltools.gnu-tools-for-stm32.13.3.rel1.win32_1.0.0.202411081344/tools/bin/../lib/gcc/arm-none-eabi/13.3.1/thumb/v6-m/nofp\libgcc.a(_udivsi3.o)

.debug_line_str
                0x00000000       0x76
 .debug_line_str
                0x00000000       0x76 ./Core/Startup/startup_stm32f030f4px.o
