2026-02-26 16:24:24,914 [INFO] Activator:176 - 


2026-02-26 16:24:24,925 [INFO] Activator:177 - !SESSION log4j initialized
2026-02-26 16:24:31,130 [INFO] LogOutputStream:77 - [STDOUT_REDIRECT] 
2026-02-26 16:24:32,693 [INFO] ApplicationProperties:184 - Using Application install path: C:\ST\STM32CubeIDE_1.19.0\STM32CubeIDE\plugins\com.st.stm32cube.common.mx_6.15.0.202507011659
2026-02-26 16:24:32,712 [INFO] DbMcusXml:78 - Set database path to: C:\ST\STM32CubeIDE_1.19.0\STM32CubeIDE\plugins\com.st.stm32cube.common.mx_6.15.0.202507011659\\db\/mcu/
2026-02-26 16:24:32,712 [INFO] ApiDb:274 - Set plugin database path to: C:\ST\STM32CubeIDE_1.19.0\STM32CubeIDE\plugins\com.st.stm32cube.common.mx_6.15.0.202507011659\\db\/plugins/boardmanager/
2026-02-26 16:24:32,712 [WARN] ApiDb:259 - Overriding images path with different value:  => C:\ST\STM32CubeIDE_1.19.0\STM32CubeIDE\plugins\com.st.stm32cube.common.mx_6.15.0.202507011659\\db\/plugins/mcufinder/images/
2026-02-26 16:24:32,721 [INFO] ApiDb:250 - Set database path to: C:\Users\Alfred\.stmcufinder\plugins\mcufinder//mcu/
2026-02-26 16:24:32,722 [INFO] DbMcusAds:125 - Set database path to: C:\Users\Alfred\.stmcufinder\plugins\mcufinder//mcu/
2026-02-26 16:24:32,725 [INFO] CrossReferenceDbSqlite:203 - Set database path to: C:\Users\Alfred\.stmcufinder\plugins\mcufinder//mcu/cs/
2026-02-26 16:24:32,850 [INFO] RulesReader:64 - Compatibility file has been processed (317 Rules)
2026-02-26 16:24:32,937 [INFO] DbMcusXml:78 - Set database path to: C:\ST\STM32CubeIDE_1.19.0\STM32CubeIDE\plugins\com.st.stm32cube.common.mx_6.15.0.202507011659\\db\/mcu/
2026-02-26 16:24:32,937 [INFO] ApiDb:274 - Set plugin database path to: C:\ST\STM32CubeIDE_1.19.0\STM32CubeIDE\plugins\com.st.stm32cube.common.mx_6.15.0.202507011659\\db\/plugins/boardmanager/
2026-02-26 16:24:32,937 [INFO] ApiDb:261 - Set plugin images path to: C:\ST\STM32CubeIDE_1.19.0\STM32CubeIDE\plugins\com.st.stm32cube.common.mx_6.15.0.202507011659\\db\/plugins/mcufinder/images/
2026-02-26 16:24:32,937 [WARN] DbFile:41 - Overriding database path with different value: C:\Users\Alfred\.stmcufinder\plugins\mcufinder/ => C:\Users\Alfred\.stmcufinder\plugins\mcufinder
2026-02-26 16:24:32,937 [INFO] ApiDb:250 - Set database path to: C:\Users\Alfred\.stmcufinder\plugins\mcufinder//mcu/
2026-02-26 16:24:32,937 [WARN] DbFile:41 - Overriding database path with different value: C:\Users\Alfred\.stmcufinder\plugins\mcufinder/ => C:\Users\Alfred\.stmcufinder\plugins\mcufinder
2026-02-26 16:24:32,938 [INFO] DbMcusAds:125 - Set database path to: C:\Users\Alfred\.stmcufinder\plugins\mcufinder//mcu/
2026-02-26 16:24:32,938 [WARN] DbFile:41 - Overriding database path with different value: C:\Users\Alfred\.stmcufinder\plugins\mcufinder/ => C:\Users\Alfred\.stmcufinder\plugins\mcufinder
2026-02-26 16:24:32,938 [WARN] DbFile:41 - Overriding database path with different value: C:\Users\Alfred\.stmcufinder\plugins\mcufinder/ => C:\Users\Alfred\.stmcufinder\plugins\mcufinder
2026-02-26 16:24:32,938 [INFO] CrossReferenceDbSqlite:203 - Set database path to: C:\Users\Alfred\.stmcufinder\plugins\mcufinder//mcu/cs/
2026-02-26 16:24:33,017 [INFO] MainPanel:274 - HeapMemory: 268435456
2026-02-26 16:24:33,133 [INFO] DbMcusXml:78 - Set database path to: C:\ST\STM32CubeIDE_1.19.0\STM32CubeIDE\plugins\com.st.stm32cube.common.mx_6.15.0.202507011659\\db\/mcu/
2026-02-26 16:24:33,133 [INFO] ApiDb:274 - Set plugin database path to: C:\ST\STM32CubeIDE_1.19.0\STM32CubeIDE\plugins\com.st.stm32cube.common.mx_6.15.0.202507011659\\db\/plugins/boardmanager/
2026-02-26 16:24:33,133 [INFO] ApiDb:261 - Set plugin images path to: C:\ST\STM32CubeIDE_1.19.0\STM32CubeIDE\plugins\com.st.stm32cube.common.mx_6.15.0.202507011659\\db\/plugins/mcufinder/images/
2026-02-26 16:24:33,133 [WARN] DbFile:41 - Overriding database path with different value: C:\Users\Alfred\.stmcufinder\plugins\mcufinder/ => C:\Users\Alfred\.stmcufinder\plugins\mcufinder
2026-02-26 16:24:33,133 [INFO] ApiDb:250 - Set database path to: C:\Users\Alfred\.stmcufinder\plugins\mcufinder//mcu/
2026-02-26 16:24:33,134 [WARN] DbFile:41 - Overriding database path with different value: C:\Users\Alfred\.stmcufinder\plugins\mcufinder/ => C:\Users\Alfred\.stmcufinder\plugins\mcufinder
2026-02-26 16:24:33,134 [INFO] DbMcusAds:125 - Set database path to: C:\Users\Alfred\.stmcufinder\plugins\mcufinder//mcu/
2026-02-26 16:24:33,134 [WARN] DbFile:41 - Overriding database path with different value: C:\Users\Alfred\.stmcufinder\plugins\mcufinder/ => C:\Users\Alfred\.stmcufinder\plugins\mcufinder
2026-02-26 16:24:33,134 [WARN] DbFile:41 - Overriding database path with different value: C:\Users\Alfred\.stmcufinder\plugins\mcufinder/ => C:\Users\Alfred\.stmcufinder\plugins\mcufinder
2026-02-26 16:24:33,134 [INFO] CrossReferenceDbSqlite:203 - Set database path to: C:\Users\Alfred\.stmcufinder\plugins\mcufinder//mcu/cs/
2026-02-26 16:24:33,151 [INFO] ApplicationProperties:184 - Using Application install path: C:\ST\STM32CubeIDE_1.19.0\STM32CubeIDE\plugins\com.st.stm32cube.common.mx_6.15.0.202507011659
2026-02-26 16:24:33,152 [INFO] PluginManage:196 - Search for loadable plugins [exclusion list=, ]
2026-02-26 16:24:33,153 [INFO] PluginManage:310 - Check plugin analytics
2026-02-26 16:24:33,336 [INFO] AnalyticsPlugin:253 - Accepted Software Licenses: 
2026-02-26 16:24:33,337 [INFO] AnalyticsPlugin:255 - Accepted CMSIS Pack Licenses: 
2026-02-26 16:24:33,337 [INFO] AnalyticsPlugin:257 - Accepted Firmware Licenses: FW.G0.1.6.0
2026-02-26 16:24:33,342 [INFO] PluginManage:359 - Loaded plugin analytics (category:tool,tabindex:-1)
2026-02-26 16:24:33,342 [INFO] PluginManage:310 - Check plugin cadmodel
2026-02-26 16:24:33,360 [INFO] CADModel:105 - Init CAD model plugin
2026-02-26 16:24:33,361 [INFO] PluginManage:359 - Loaded plugin cadmodel (category:power,tabindex:5)
2026-02-26 16:24:33,361 [INFO] PluginManage:310 - Check plugin clock
2026-02-26 16:24:33,382 [INFO] PluginManage:359 - Loaded plugin clock (category:base,tabindex:2)
2026-02-26 16:24:33,382 [INFO] PluginManage:310 - Check plugin ddr
2026-02-26 16:24:33,385 [INFO] PluginManage:359 - Loaded plugin ddr (category:tool,tabindex:6)
2026-02-26 16:24:33,385 [INFO] PluginManage:310 - Check plugin filemanager
2026-02-26 16:24:33,564 [INFO] PluginManage:359 - Loaded plugin filemanager (category:base,tabindex:10)
2026-02-26 16:24:33,564 [INFO] PluginManage:310 - Check plugin ipmanager
2026-02-26 16:24:33,571 [INFO] PluginManage:359 - Loaded plugin ipmanager (category:base,tabindex:5)
2026-02-26 16:24:33,571 [INFO] PluginManage:310 - Check plugin lpbam
2026-02-26 16:24:33,590 [INFO] PluginManage:359 - Loaded plugin lpbam (category:base,tabindex:0)
2026-02-26 16:24:33,591 [INFO] PluginManage:310 - Check plugin memorymap
2026-02-26 16:24:33,620 [INFO] PluginManage:359 - Loaded plugin memorymap (category:base,tabindex:4)
2026-02-26 16:24:33,621 [INFO] PluginManage:310 - Check plugin pinoutandconfiguration
2026-02-26 16:24:33,644 [INFO] PluginManage:359 - Loaded plugin pinoutandconfiguration (category:base,tabindex:1)
2026-02-26 16:24:33,644 [INFO] PluginManage:310 - Check plugin pinoutconfig
2026-02-26 16:24:33,755 [WARN] SupportedApi:132 - Cannot load RTOS API schema: s4s-elt-must-match.1: The content of 'definitions' must match (annotation?, (simpleType | complexType)?, (unique | key | keyref)*)). A problem was found starting at: attribute.
2026-02-26 16:24:33,919 [INFO] PluginManage:359 - Loaded plugin pinoutconfig (category:base,tabindex:0)
2026-02-26 16:24:33,919 [INFO] PluginManage:310 - Check plugin power
2026-02-26 16:24:33,946 [INFO] PluginManage:359 - Loaded plugin power (category:power,tabindex:4)
2026-02-26 16:24:33,946 [INFO] PluginManage:310 - Check plugin projectmanager
2026-02-26 16:24:33,963 [INFO] PluginManage:359 - Loaded plugin projectmanager (category:projectmanager,tabindex:4)
2026-02-26 16:24:33,963 [INFO] PluginManage:310 - Check plugin rif
2026-02-26 16:24:33,983 [INFO] PluginManage:359 - Loaded plugin rif (category:base,tabindex:3)
2026-02-26 16:24:33,983 [INFO] PluginManage:310 - Check plugin thirdparty
2026-02-26 16:24:34,290 [INFO] PluginManage:359 - Loaded plugin thirdparty (category:base,tabindex:-1)
2026-02-26 16:24:34,290 [WARN] IntegrityCheckThread:84 - waiting for thirdparty lock release [integrity check]
2026-02-26 16:24:34,290 [INFO] PluginManage:310 - Check plugin tools
2026-02-26 16:24:34,290 [INFO] IntegrityCheckThread:86 - entering critical section [integrity check]
2026-02-26 16:24:34,291 [INFO] ThirdPartyUpdaterWithRetryManager:70 - Updater plugin not ready yet. [1/15]
2026-02-26 16:24:34,324 [INFO] PluginManage:359 - Loaded plugin tools (category:base,tabindex:7)
2026-02-26 16:24:34,325 [INFO] PluginManage:310 - Check plugin tutovideos
2026-02-26 16:24:34,559 [INFO] PluginManage:359 - Loaded plugin tutovideos (category:base,tabindex:-1)
2026-02-26 16:24:34,560 [INFO] PluginManage:310 - Check plugin updater
2026-02-26 16:24:34,581 [INFO] PluginManage:359 - Loaded plugin updater (category:base,tabindex:12)
2026-02-26 16:24:34,581 [INFO] PluginManage:310 - Check plugin userauth
2026-02-26 16:24:34,589 [INFO] UserAuth:118 - Init User Auth plugin
2026-02-26 16:24:34,590 [INFO] PluginManage:359 - Loaded plugin userauth (category:base,tabindex:14)
2026-02-26 16:24:34,590 [INFO] PluginManage:283 - PluginManage : Loaded plugins [18]
2026-02-26 16:24:34,797 [INFO] PinOutPanel:1589 - setPackage(No Configuration,No Configuration)
2026-02-26 16:24:34,893 [INFO] CADModel:165 - CPN selected for project level
2026-02-26 16:24:34,893 [INFO] CADModel:114 - Register for checkConnection events
2026-02-26 16:24:34,930 [INFO] IPUIPlugin:80 - create IPUIPlugin
2026-02-26 16:24:34,931 [INFO] PluginManager:220 - loadIPPluginJar : add adc
2026-02-26 16:24:34,973 [INFO] IPUIPlugin:80 - create IPUIPlugin
2026-02-26 16:24:34,973 [INFO] PluginManager:220 - loadIPPluginJar : add aes
2026-02-26 16:24:35,024 [INFO] IPUIPlugin:80 - create IPUIPlugin
2026-02-26 16:24:35,024 [INFO] PluginManager:220 - loadIPPluginJar : add can
2026-02-26 16:24:35,055 [INFO] IPUIPlugin:80 - create IPUIPlugin
2026-02-26 16:24:35,055 [INFO] PluginManager:220 - loadIPPluginJar : add comp
2026-02-26 16:24:35,094 [INFO] IPUIPlugin:80 - create IPUIPlugin
2026-02-26 16:24:35,094 [INFO] PluginManager:220 - loadIPPluginJar : add cryp
2026-02-26 16:24:35,110 [INFO] IPUIPlugin:80 - create IPUIPlugin
2026-02-26 16:24:35,110 [INFO] PluginManager:220 - loadIPPluginJar : add ddr_ctrl_phy
2026-02-26 16:24:35,146 [INFO] IPUIPlugin:80 - create IPUIPlugin
2026-02-26 16:24:35,146 [INFO] PluginManager:220 - loadIPPluginJar : add dfsdm
2026-02-26 16:24:35,162 [INFO] IPUIPlugin:80 - create IPUIPlugin
2026-02-26 16:24:35,162 [INFO] PluginManager:220 - loadIPPluginJar : add dma
2026-02-26 16:24:35,201 [INFO] IPUIPlugin:80 - create IPUIPlugin
2026-02-26 16:24:35,201 [INFO] PluginManager:220 - loadIPPluginJar : add dma3
2026-02-26 16:24:35,250 [INFO] IPUIPlugin:80 - create IPUIPlugin
2026-02-26 16:24:35,250 [INFO] PluginManager:220 - loadIPPluginJar : add extmemmanager
2026-02-26 16:24:35,274 [INFO] IPUIPlugin:80 - create IPUIPlugin
2026-02-26 16:24:35,274 [INFO] PluginManager:220 - loadIPPluginJar : add fatfs
2026-02-26 16:24:35,322 [INFO] IPUIPlugin:80 - create IPUIPlugin
2026-02-26 16:24:35,322 [INFO] PluginManager:220 - loadIPPluginJar : add fmc
2026-02-26 16:24:35,339 [INFO] IPUIPlugin:80 - create IPUIPlugin
2026-02-26 16:24:35,339 [INFO] PluginManager:220 - loadIPPluginJar : add freertos
2026-02-26 16:24:35,361 [INFO] IPUIPlugin:80 - create IPUIPlugin
2026-02-26 16:24:35,361 [INFO] PluginManager:220 - loadIPPluginJar : add genericplugin
2026-02-26 16:24:35,460 [INFO] IPUIPlugin:80 - create IPUIPlugin
2026-02-26 16:24:35,460 [INFO] PluginManager:220 - loadIPPluginJar : add gfxmmu
2026-02-26 16:24:35,591 [INFO] IPUIPlugin:80 - create IPUIPlugin
2026-02-26 16:24:35,591 [INFO] PluginManager:220 - loadIPPluginJar : add gic
2026-02-26 16:24:35,605 [INFO] IPUIPlugin:80 - create IPUIPlugin
2026-02-26 16:24:35,605 [INFO] PluginManager:220 - loadIPPluginJar : add gpio
2026-02-26 16:24:35,698 [INFO] IPUIPlugin:80 - create IPUIPlugin
2026-02-26 16:24:35,698 [INFO] PluginManager:220 - loadIPPluginJar : add gtzc
2026-02-26 16:24:35,732 [INFO] IPUIPlugin:80 - create IPUIPlugin
2026-02-26 16:24:35,732 [INFO] PluginManager:220 - loadIPPluginJar : add hash
2026-02-26 16:24:35,786 [INFO] IPUIPlugin:80 - create IPUIPlugin
2026-02-26 16:24:35,786 [INFO] PluginManager:220 - loadIPPluginJar : add i2c
2026-02-26 16:24:35,832 [INFO] IPUIPlugin:80 - create IPUIPlugin
2026-02-26 16:24:35,832 [INFO] PluginManager:220 - loadIPPluginJar : add i2s
2026-02-26 16:24:35,876 [INFO] IPUIPlugin:80 - create IPUIPlugin
2026-02-26 16:24:35,876 [INFO] PluginManager:220 - loadIPPluginJar : add i3c
2026-02-26 16:24:35,979 [INFO] IPUIPlugin:80 - create IPUIPlugin
2026-02-26 16:24:35,979 [INFO] PluginManager:220 - loadIPPluginJar : add ipddr
2026-02-26 16:24:36,069 [INFO] IPUIPlugin:80 - create IPUIPlugin
2026-02-26 16:24:36,069 [INFO] PluginManager:220 - loadIPPluginJar : add linkedlist
2026-02-26 16:24:36,105 [INFO] IPUIPlugin:80 - create IPUIPlugin
2026-02-26 16:24:36,105 [INFO] PluginManager:220 - loadIPPluginJar : add lorawan
2026-02-26 16:24:36,146 [INFO] IPUIPlugin:80 - create IPUIPlugin
2026-02-26 16:24:36,146 [INFO] PluginManager:220 - loadIPPluginJar : add ltdc
2026-02-26 16:24:36,163 [INFO] IPUIPlugin:80 - create IPUIPlugin
2026-02-26 16:24:36,163 [INFO] PluginManager:220 - loadIPPluginJar : add mdma
2026-02-26 16:24:36,178 [INFO] IPUIPlugin:80 - create IPUIPlugin
2026-02-26 16:24:36,178 [INFO] PluginManager:220 - loadIPPluginJar : add nvic
2026-02-26 16:24:36,220 [INFO] IPUIPlugin:80 - create IPUIPlugin
2026-02-26 16:24:36,220 [INFO] PluginManager:220 - loadIPPluginJar : add opamp
2026-02-26 16:24:36,287 [INFO] IPUIPlugin:80 - create IPUIPlugin
2026-02-26 16:24:36,288 [INFO] PluginManager:220 - loadIPPluginJar : add openamp
2026-02-26 16:24:36,330 [INFO] IPUIPlugin:80 - create IPUIPlugin
2026-02-26 16:24:36,330 [INFO] PluginManager:220 - loadIPPluginJar : add pdm2pcm
2026-02-26 16:24:36,345 [INFO] IPUIPlugin:80 - create IPUIPlugin
2026-02-26 16:24:36,347 [INFO] PluginManager:220 - loadIPPluginJar : add plateformsettings
2026-02-26 16:24:36,372 [INFO] IPUIPlugin:80 - create IPUIPlugin
2026-02-26 16:24:36,372 [INFO] PluginManager:220 - loadIPPluginJar : add quadspi
2026-02-26 16:24:36,398 [INFO] IPUIPlugin:80 - create IPUIPlugin
2026-02-26 16:24:36,398 [INFO] PluginManager:220 - loadIPPluginJar : add radio
2026-02-26 16:24:36,413 [INFO] IPUIPlugin:80 - create IPUIPlugin
2026-02-26 16:24:36,413 [INFO] PluginManager:220 - loadIPPluginJar : add resmgrutility
2026-02-26 16:24:36,465 [INFO] IPUIPlugin:80 - create IPUIPlugin
2026-02-26 16:24:36,465 [INFO] PluginManager:220 - loadIPPluginJar : add sai
2026-02-26 16:24:36,505 [INFO] IPUIPlugin:80 - create IPUIPlugin
2026-02-26 16:24:36,505 [INFO] PluginManager:220 - loadIPPluginJar : add spi
2026-02-26 16:24:36,583 [INFO] IPUIPlugin:80 - create IPUIPlugin
2026-02-26 16:24:36,583 [INFO] PluginManager:220 - loadIPPluginJar : add stm32_wpan
2026-02-26 16:24:36,608 [INFO] IPUIPlugin:80 - create IPUIPlugin
2026-02-26 16:24:36,608 [INFO] PluginManager:220 - loadIPPluginJar : add tim
2026-02-26 16:24:36,665 [INFO] IPUIPlugin:80 - create IPUIPlugin
2026-02-26 16:24:36,665 [INFO] PluginManager:220 - loadIPPluginJar : add touchsensing
2026-02-26 16:24:36,690 [INFO] IPUIPlugin:80 - create IPUIPlugin
2026-02-26 16:24:36,690 [INFO] PluginManager:220 - loadIPPluginJar : add tracer_emb
2026-02-26 16:24:36,715 [INFO] IPUIPlugin:80 - create IPUIPlugin
2026-02-26 16:24:36,716 [INFO] PluginManager:220 - loadIPPluginJar : add ts
2026-02-26 16:24:36,739 [INFO] IPUIPlugin:80 - create IPUIPlugin
2026-02-26 16:24:36,740 [INFO] PluginManager:220 - loadIPPluginJar : add tsc
2026-02-26 16:24:36,762 [INFO] IPUIPlugin:80 - create IPUIPlugin
2026-02-26 16:24:36,762 [INFO] PluginManager:220 - loadIPPluginJar : add ucpd
2026-02-26 16:24:36,806 [INFO] IPUIPlugin:80 - create IPUIPlugin
2026-02-26 16:24:36,806 [INFO] PluginManager:220 - loadIPPluginJar : add usart
2026-02-26 16:24:36,858 [INFO] IPUIPlugin:80 - create IPUIPlugin
2026-02-26 16:24:36,859 [INFO] PluginManager:220 - loadIPPluginJar : add usbx
2026-02-26 16:24:36,979 [FATAL] Updater:351 - Updater called before beeing initialized
2026-02-26 16:24:37,005 [INFO] RulesReader:64 - Compatibility file has been processed (317 Rules)
2026-02-26 16:24:37,016 [INFO] RulesReader:64 - Compatibility file has been processed (317 Rules)
2026-02-26 16:24:37,025 [INFO] CADModel:165 - CPN selected for project level
2026-02-26 16:24:37,026 [INFO] CADModel:114 - Register for checkConnection events
2026-02-26 16:24:37,026 [FATAL] Updater:351 - Updater called before beeing initialized
2026-02-26 16:24:37,026 [ERROR] CADModel:125 - Updater not yet initialized, retry later 
2026-02-26 16:24:37,194 [FATAL] Updater:351 - Updater called before beeing initialized
2026-02-26 16:24:37,196 [INFO] CADModel:165 - CPN selected for project level
2026-02-26 16:24:37,197 [INFO] CADModel:114 - Register for checkConnection events
2026-02-26 16:24:37,197 [FATAL] Updater:351 - Updater called before beeing initialized
2026-02-26 16:24:37,197 [ERROR] CADModel:125 - Updater not yet initialized, retry later 
2026-02-26 16:24:37,199 [FATAL] Updater:351 - Updater called before beeing initialized
2026-02-26 16:24:37,292 [INFO] ThirdPartyUpdaterWithRetryManager:70 - Updater plugin not ready yet. [2/15]
2026-02-26 16:24:37,307 [FATAL] Updater:351 - Updater called before beeing initialized
2026-02-26 16:24:37,318 [INFO] DbMcusAds:53 - JSON generation date=Tue Feb 10 17:46:36 IST 2026 (1770725796209)
2026-02-26 16:24:37,318 [FATAL] Updater:351 - Updater called before beeing initialized
2026-02-26 16:24:37,354 [WARN] DetailPanel:346 - Failed to get advertising image, set to default
2026-02-26 16:24:37,429 [FATAL] Updater:351 - Updater called before beeing initialized
2026-02-26 16:24:37,431 [FATAL] Updater:351 - Updater called before beeing initialized
2026-02-26 16:24:37,431 [FATAL] Updater:351 - Updater called before beeing initialized
2026-02-26 16:24:37,431 [WARN] DetailPanel:346 - Failed to get advertising image, set to default
2026-02-26 16:24:37,432 [FATAL] Updater:351 - Updater called before beeing initialized
2026-02-26 16:24:37,497 [ERROR] Updater:1198 - MainUpdater not yet initialized. External WinMGr cannot be set.
2026-02-26 16:24:37,508 [INFO] Updater:1134 - Updater Version found : 6.15.0
2026-02-26 16:24:37,524 [INFO] ApplicationProperties:184 - Using Application install path: C:\ST\STM32CubeIDE_1.19.0\STM32CubeIDE\plugins\com.st.stm32cube.common.mx_6.15.0.202507011659
2026-02-26 16:24:38,093 [INFO] MainUpdater:2872 - connection check result : 10
2026-02-26 16:24:38,093 [INFO] MainUpdater:3604 - Updater definition file requires update
2026-02-26 16:24:38,094 [INFO] MainUpdater:289 - Updater Check For Update Now.
2026-02-26 16:24:38,094 [INFO] MicroXplorer:498 - Change Database Version : DB.6.0.150
2026-02-26 16:24:38,113 [INFO] McuFinderGlobals:63 - Set McuFinder mode to 2 (CubeIDE integrated)
2026-02-26 16:24:38,121 [INFO] UserAuth:487 - Internet connection configuration mode: 1
2026-02-26 16:24:38,155 [INFO] ServerAccessManage:452 - Complete download http(s) 200
2026-02-26 16:24:38,156 [INFO] JxBrowserEngine:152 - Initiate JxBrowser Engine with user profile folder
2026-02-26 16:24:38,156 [INFO] ServerAccessManage:509 - Download File updaters.zip
2026-02-26 16:24:38,361 [INFO] FileExtend:248 - Unzip File : updaters.zip
2026-02-26 16:24:38,361 [INFO] FileExtend:263 - Standard Zip Deflate
2026-02-26 16:24:39,344 [INFO] ServerAccessManage:452 - Complete download http(s) 200
2026-02-26 16:24:39,345 [INFO] ServerAccessManage:509 - Download File PacksControlFlags.xml
2026-02-26 16:24:39,480 [INFO] ServerAccessManage:452 - Complete download http(s) 200
2026-02-26 16:24:39,480 [INFO] ServerAccessManage:509 - Download File cubemx.pidx
2026-02-26 16:24:39,610 [INFO] LoadServerUpdatesThread:375 - End of LoadServerUpdate Thread
2026-02-26 16:24:39,880 [INFO] CheckServerUpdateThread:120 - End of CheckServer Thread
2026-02-26 16:24:40,617 [INFO] WebApp:169 - Instantiating new browser for Auth
2026-02-26 16:24:40,710 [WARN] PackLoader:240 - Cannot read IP mode file for STMicroelectronics.FP-SNS-MOTENVWB1.1.4.0
2026-02-26 16:24:40,737 [WARN] PackLoader:240 - Cannot read IP mode file for STMicroelectronics.FP-ATR-ASTRA1.2.0.2
2026-02-26 16:24:40,763 [WARN] PackLoader:240 - Cannot read IP mode file for STMicroelectronics.X-CUBE-SMBUS.2.1.0
2026-02-26 16:24:40,818 [WARN] PackLoader:240 - Cannot read IP mode file for STMicroelectronics.X-CUBE-AZRTOS-F7.1.1.0
2026-02-26 16:24:40,846 [WARN] PackLoader:240 - Cannot read IP mode file for Cesanta.I-CUBE-Mongoose.7.19.0
2026-02-26 16:24:40,859 [WARN] PackLoader:240 - Cannot read IP mode file for STMicroelectronics.FP-SNS-MOTENV1.5.1.0
2026-02-26 16:24:40,883 [WARN] PackLoader:240 - Cannot read IP mode file for WES.I-CUBE-Cesium.1.4.0
2026-02-26 16:24:40,928 [WARN] PackLoader:240 - Cannot read IP mode file for Infineon.AIROC-Wi-Fi-Bluetooth-STM32.1.7.1
2026-02-26 16:24:40,975 [WARN] PackLoader:240 - Cannot read IP mode file for STMicroelectronics.X-CUBE-AZRTOS-H7.3.4.0
2026-02-26 16:24:40,995 [WARN] PackLoader:240 - Cannot read IP mode file for STMicroelectronics.X-CUBE-DISPLAY.3.0.0
2026-02-26 16:24:41,010 [WARN] PackLoader:240 - Cannot read IP mode file for STMicroelectronics.FP-SNS-MOTENVWB1.1.5.0
2026-02-26 16:24:41,031 [WARN] PackLoader:240 - Cannot read IP mode file for STMicroelectronics.X-CUBE-NFC10.1.0.0
2026-02-26 16:24:41,047 [WARN] PackLoader:240 - Cannot read IP mode file for STMicroelectronics.X-CUBE-ST60.1.1.0
2026-02-26 16:24:41,065 [WARN] PackLoader:240 - Cannot read IP mode file for emotas.I-CUBE-CANOPEN.1.3.0
2026-02-26 16:24:41,081 [WARN] PackLoader:240 - Cannot read IP mode file for STMicroelectronics.X-CUBE-GNSS1.7.1.0
2026-02-26 16:24:41,103 [WARN] PackLoader:240 - Cannot read IP mode file for STMicroelectronics.FP-SNS-STBOX1.2.1.0
2026-02-26 16:24:41,122 [WARN] PackLoader:240 - Cannot read IP mode file for STMicroelectronics.FP-SNS-SMARTAG2.1.2.0
2026-02-26 16:24:41,137 [WARN] PackLoader:240 - Cannot read IP mode file for STMicroelectronics.FP-SNS-FLIGHT1.5.1.0
2026-02-26 16:24:41,159 [INFO] LogOutputStream:77 - [STDOUT_REDIRECT] 1 : Invalid condition id : UX_CORESTACK_Condition cause : null
2026-02-26 16:24:41,160 [INFO] LogOutputStream:77 - [STDOUT_REDIRECT] 1 : Invalid condition id : UX_CORESTACK_Condition cause : null
2026-02-26 16:24:41,161 [INFO] LogOutputStream:77 - [STDOUT_REDIRECT] 1 : Invalid condition id : UX_CORESTACK_Condition cause : null
2026-02-26 16:24:41,163 [INFO] LogOutputStream:77 - [STDOUT_REDIRECT] 1 : Invalid condition id : UX_CORESTACK_Condition cause : null
2026-02-26 16:24:41,164 [INFO] LogOutputStream:77 - [STDOUT_REDIRECT] 1 : Invalid condition id : UX_CORESTACK_Condition cause : null
2026-02-26 16:24:41,166 [WARN] PackLoader:240 - Cannot read IP mode file for STMicroelectronics.X-CUBE-AZRTOS-WL.2.0.0
2026-02-26 16:24:41,182 [WARN] PackLoader:240 - Cannot read IP mode file for STMicroelectronics.FP-SNS-MOTENV1.5.0.0
2026-02-26 16:24:41,227 [WARN] PackLoader:240 - Cannot read IP mode file for STMicroelectronics.X-CUBE-AZRTOS-H7RS.1.2.0
2026-02-26 16:24:41,255 [WARN] PackLoader:240 - Cannot read IP mode file for STMicroelectronics.X-CUBE-BLE2.3.3.0
2026-02-26 16:24:41,331 [WARN] PackLoader:240 - Cannot read IP mode file for STMicroelectronics.X-CUBE-NFC9.1.0.0
2026-02-26 16:24:41,346 [WARN] PackLoader:240 - Cannot read IP mode file for wolfSSL.I-CUBE-wolfSSL.5.8.2
2026-02-26 16:24:41,361 [WARN] PackLoader:240 - Cannot read IP mode file for STMicroelectronics.X-CUBE-BLE1.7.1.0
2026-02-26 16:24:41,373 [WARN] PackLoader:240 - Cannot read IP mode file for wolfSSL.I-CUBE-wolfMQTT.1.19.2
2026-02-26 16:24:41,387 [WARN] PackLoader:240 - Cannot read IP mode file for STMicroelectronics.X-CUBE-FREERTOS.1.4.0
2026-02-26 16:24:41,402 [WARN] PackLoader:240 - Cannot read IP mode file for STMicroelectronics.X-CUBE-EEPRMA1.5.2.0
2026-02-26 16:24:41,418 [WARN] PackLoader:240 - Cannot read IP mode file for STMicroelectronics.X-CUBE-ST67W61.1.1.0
2026-02-26 16:24:41,470 [WARN] PackLoader:240 - Cannot read IP mode file for STMicroelectronics.X-CUBE-MEMS1.12.0.0
2026-02-26 16:24:41,607 [WARN] PackLoader:240 - Cannot read IP mode file for STMicroelectronics.X-CUBE-AZRTOS-G0.1.1.0
2026-02-26 16:24:41,627 [WARN] PackLoader:240 - Cannot read IP mode file for STMicroelectronics.X-CUBE-SAFEA1.1.2.2
2026-02-26 16:24:41,644 [WARN] PackLoader:240 - Cannot read IP mode file for STMicroelectronics.X-CUBE-NFC4.3.0.0
2026-02-26 16:24:41,663 [WARN] PackLoader:240 - Cannot read IP mode file for EmbeddedOffice.I-CUBE-FS-RTOS.1.0.1
2026-02-26 16:24:41,680 [WARN] PackLoader:240 - Cannot read IP mode file for STMicroelectronics.X-CUBE-WB05N.2.0.0
2026-02-26 16:24:41,694 [WARN] PackLoader:240 - Cannot read IP mode file for wolfSSL.I-CUBE-wolfTPM.3.8.0
2026-02-26 16:24:41,711 [WARN] PackLoader:240 - Cannot read IP mode file for STMicroelectronics.X-CUBE-TCPP.4.2.0
2026-02-26 16:24:41,725 [WARN] PackLoader:240 - Cannot read IP mode file for RealThread.X-CUBE-RT-Thread_Nano.4.1.1
2026-02-26 16:24:41,737 [WARN] PackLoader:240 - Cannot read IP mode file for STMicroelectronics.FP-ATR-SIGFOX1.3.2.0
2026-02-26 16:24:41,751 [WARN] PackLoader:240 - Cannot read IP mode file for ITTIA_DB.I-CUBE-ITTIADB.8.9.0
2026-02-26 16:24:41,766 [WARN] PackLoader:240 - Cannot read IP mode file for STMicroelectronics.X-CUBE-NFC6.3.2.0
2026-02-26 16:24:41,781 [WARN] PackLoader:240 - Cannot read IP mode file for STMicroelectronics.X-CUBE-AI.10.2.0
2026-02-26 16:24:41,813 [WARN] PackLoader:240 - Cannot read IP mode file for SEGGER.I-CUBE-embOS.1.3.1
2026-02-26 16:24:41,862 [WARN] PackLoader:240 - Cannot read IP mode file for STMicroelectronics.X-CUBE-ALGOBUILD.1.4.0
2026-02-26 16:24:41,908 [WARN] PackLoader:240 - Cannot read IP mode file for STMicroelectronics.X-CUBE-MEMS1.11.3.0
2026-02-26 16:24:42,016 [WARN] PackLoader:240 - Cannot read IP mode file for STMicroelectronics.X-CUBE-PM33A1.1.0.0
2026-02-26 16:24:42,063 [WARN] PackLoader:240 - Cannot read IP mode file for STMicroelectronics.X-CUBE-AZRTOS-F4.1.1.0
2026-02-26 16:24:42,101 [WARN] PackLoader:240 - Cannot read IP mode file for STMicroelectronics.X-CUBE-ISPU.2.1.0
2026-02-26 16:24:42,143 [WARN] PackLoader:240 - Cannot read IP mode file for STMicroelectronics.X-CUBE-IPS.3.2.0
2026-02-26 16:24:42,193 [WARN] PackLoader:240 - Cannot read IP mode file for STMicroelectronics.X-CUBE-NFC12.1.0.0
2026-02-26 16:24:42,231 [INFO] WebApp:463 - Apply proxy settings
2026-02-26 16:24:42,231 [INFO] WebApp:548 - Chromium requires no authentication
2026-02-26 16:24:42,243 [WARN] PackLoader:240 - Cannot read IP mode file for STMicroelectronics.X-CUBE-AZRTOS-L5.2.0.0
2026-02-26 16:24:42,256 [INFO] WebApp:491 - Direct internet connection detected
2026-02-26 16:24:42,280 [WARN] PackLoader:240 - Cannot read IP mode file for STMicroelectronics.X-CUBE-NFC6.3.1.0
2026-02-26 16:24:42,301 [WARN] PackLoader:240 - Cannot read IP mode file for STMicroelectronics.X-CUBE-FREERTOS.1.3.1
2026-02-26 16:24:42,322 [WARN] PackLoader:240 - Cannot read IP mode file for STMicroelectronics.X-CUBE-TOUCHGFX.4.26.0
2026-02-26 16:24:42,326 [INFO] WebApp:900 - Register for checkConnection events
2026-02-26 16:24:42,326 [INFO] WebApp:463 - Apply proxy settings
2026-02-26 16:24:42,326 [INFO] WebApp:548 - Chromium requires no authentication
2026-02-26 16:24:42,327 [INFO] WebApp:491 - Direct internet connection detected
2026-02-26 16:24:42,341 [WARN] PackLoader:240 - Cannot read IP mode file for STMicroelectronics.FP-SNS-STAIOTCFT.1.0.0
2026-02-26 16:24:42,360 [WARN] PackLoader:240 - Cannot read IP mode file for STMicroelectronics.X-CUBE-DPower.1.3.0
2026-02-26 16:24:42,389 [WARN] ConditionMgr:438 - getConditionDescription Invalid condition id : LAN8742 Phy interface Condition cause : null
2026-02-26 16:24:42,389 [WARN] PackLoader:240 - Cannot read IP mode file for STMicroelectronics.X-CUBE-AZRTOS-L4.2.0.0
2026-02-26 16:24:42,390 [WARN] ConditionMgr:1044 - genDependencies : Invalid condition id : LAN8742 Phy interface Condition cause : null
2026-02-26 16:24:42,390 [WARN] ConditionMgr:1044 - genDependencies : Invalid condition id : LAN8742 Phy interface Condition cause : null
2026-02-26 16:24:42,390 [WARN] ConditionMgr:1044 - genDependencies : Invalid condition id : LAN8742 Phy interface Condition cause : null
2026-02-26 16:24:42,406 [WARN] PackLoader:240 - Cannot read IP mode file for STMicroelectronics.X-CUBE-SFXS2LP1.4.0.0
2026-02-26 16:24:42,420 [WARN] PackLoader:240 - Cannot read IP mode file for STMicroelectronics.X-CUBE-ST67W61.1.2.0
2026-02-26 16:24:42,438 [WARN] PackLoader:240 - Cannot read IP mode file for STMicroelectronics.X-CUBE-BLEMGR.4.1.0
2026-02-26 16:24:42,463 [WARN] ConditionMgr:438 - getConditionDescription Invalid condition id : UX DEVICE CLASS RTOS Condition cause : null
2026-02-26 16:24:42,463 [WARN] ConditionMgr:438 - getConditionDescription Invalid condition id : UX DEVICE CLASS RTOS Condition cause : null
2026-02-26 16:24:42,465 [WARN] PackLoader:240 - Cannot read IP mode file for STMicroelectronics.X-CUBE-AZRTOS-WB.2.0.0
2026-02-26 16:24:42,466 [WARN] ConditionMgr:1044 - genDependencies : Invalid condition id : UX DEVICE CLASS RTOS Condition cause : null
2026-02-26 16:24:42,466 [WARN] ConditionMgr:1044 - genDependencies : Invalid condition id : UX DEVICE CLASS RTOS Condition cause : null
2026-02-26 16:24:42,466 [WARN] ConditionMgr:1044 - genDependencies : Invalid condition id : UX DEVICE CLASS RTOS Condition cause : null
2026-02-26 16:24:42,467 [WARN] ConditionMgr:1044 - genDependencies : Invalid condition id : UX DEVICE CLASS RTOS Condition cause : null
2026-02-26 16:24:42,467 [WARN] ConditionMgr:1044 - genDependencies : Invalid condition id : UX DEVICE CLASS RTOS Condition cause : null
2026-02-26 16:24:42,481 [WARN] PackLoader:240 - Cannot read IP mode file for STMicroelectronics.X-CUBE-GNSS1.7.0.1
2026-02-26 16:24:42,496 [WARN] ConditionMgr:438 - getConditionDescription Invalid condition id : Cortex-A Device cause : null
2026-02-26 16:24:42,513 [WARN] ConditionMgr:1044 - genDependencies : Invalid condition id : Cortex-A Device cause : null
2026-02-26 16:24:42,513 [WARN] ConditionMgr:1044 - genDependencies : Invalid condition id : Cortex-A Device cause : null
2026-02-26 16:24:42,514 [WARN] ConditionMgr:1044 - genDependencies : Invalid condition id : Cortex-A Device cause : null
2026-02-26 16:24:42,528 [WARN] PackLoader:240 - Cannot read IP mode file for STMicroelectronics.X-CUBE-STSE01.2.0.0
2026-02-26 16:24:42,549 [WARN] PackLoader:240 - Cannot read IP mode file for STMicroelectronics.X-CUBE-SUBG2.5.0.0
2026-02-26 16:24:42,581 [WARN] PackLoader:240 - Cannot read IP mode file for STMicroelectronics.X-CUBE-AZRTOS-H7RS.1.1.0
2026-02-26 16:24:42,604 [WARN] PackLoader:240 - Cannot read IP mode file for STMicroelectronics.X-CUBE-AZRTOS-G4.2.0.0
2026-02-26 16:24:42,619 [WARN] PackLoader:240 - Cannot read IP mode file for wolfSSL.I-CUBE-wolfSSH.1.4.20
2026-02-26 16:24:42,632 [WARN] PackLoader:240 - Cannot read IP mode file for STMicroelectronics.X-CUBE-NFC7.2.0.0
2026-02-26 16:24:42,646 [WARN] PackLoader:240 - Cannot read IP mode file for STMicroelectronics.X-CUBE-ALS.1.0.2
2026-02-26 16:24:42,661 [WARN] PackLoader:240 - Cannot read IP mode file for STMicroelectronics.X-CUBE-STSE01.1.0.0
2026-02-26 16:24:42,679 [WARN] PackLoader:240 - Cannot read IP mode file for STMicroelectronics.X-CUBE-TOF1.3.4.3
2026-02-26 16:24:42,685 [INFO] ThirdParty:978 - Integrity check success = true
2026-02-26 16:24:42,685 [INFO] IntegrityCheckThread:100 - exiting critical section [integrity check]
2026-02-26 16:24:42,686 [INFO] IntegrityCheckThread:103 - End integrity checks thread
2026-02-26 16:24:42,735 [INFO] WebApp:225 - Starting web application
2026-02-26 16:24:42,735 [INFO] WebApp:593 - Web application path used C:\ST\STM32CubeIDE_1.19.0\STM32CubeIDE\plugins\com.st.stm32cube.common.mx_6.15.0.202507011659\db\plugins\mcufinder\reactClient1\index.html
2026-02-26 16:24:42,874 [INFO] WebApp:191 - Connection restablished
2026-02-26 16:24:42,958 [INFO] UserAuth:487 - Internet connection configuration mode: 1
2026-02-26 16:44:51,851 [INFO] WebApp:194 - Connection lost
2026-02-26 16:44:52,218 [INFO] WebApp:191 - Connection restablished
2026-02-26 16:51:31,802 [INFO] WebApp:194 - Connection lost
2026-02-26 16:51:32,003 [INFO] WebApp:191 - Connection restablished
2026-02-26 16:57:39,308 [INFO] WebApp:194 - Connection lost
2026-02-26 16:57:39,503 [INFO] WebApp:191 - Connection restablished
2026-02-26 18:02:44,761 [INFO] WebApp:403 - JxBrowser engine has been closed 
