2026-03-11 12:28:59,493 [INFO] Activator:176 - 


2026-03-11 12:28:59,495 [INFO] Activator:177 - !SESSION log4j initialized
2026-03-11 12:29:06,438 [INFO] LogOutputStream:77 - [STDOUT_REDIRECT] 
2026-03-11 12:29:07,958 [INFO] ApplicationProperties:184 - Using Application install path: C:\ST\STM32CubeIDE_1.19.0\STM32CubeIDE\plugins\com.st.stm32cube.common.mx_6.15.0.202507011659
2026-03-11 12:29:07,974 [INFO] DbMcusXml:78 - Set database path to: C:\ST\STM32CubeIDE_1.19.0\STM32CubeIDE\plugins\com.st.stm32cube.common.mx_6.15.0.202507011659\\db\/mcu/
2026-03-11 12:29:07,974 [INFO] ApiDb:274 - Set plugin database path to: C:\ST\STM32CubeIDE_1.19.0\STM32CubeIDE\plugins\com.st.stm32cube.common.mx_6.15.0.202507011659\\db\/plugins/boardmanager/
2026-03-11 12:29:07,974 [WARN] ApiDb:259 - Overriding images path with different value:  => C:\ST\STM32CubeIDE_1.19.0\STM32CubeIDE\plugins\com.st.stm32cube.common.mx_6.15.0.202507011659\\db\/plugins/mcufinder/images/
2026-03-11 12:29:07,986 [INFO] ApiDb:250 - Set database path to: C:\Users\Alfred\.stmcufinder\plugins\mcufinder//mcu/
2026-03-11 12:29:07,986 [INFO] DbMcusAds:125 - Set database path to: C:\Users\Alfred\.stmcufinder\plugins\mcufinder//mcu/
2026-03-11 12:29:07,990 [INFO] CrossReferenceDbSqlite:203 - Set database path to: C:\Users\Alfred\.stmcufinder\plugins\mcufinder//mcu/cs/
2026-03-11 12:29:08,108 [INFO] RulesReader:64 - Compatibility file has been processed (317 Rules)
2026-03-11 12:29:08,193 [INFO] DbMcusXml:78 - Set database path to: C:\ST\STM32CubeIDE_1.19.0\STM32CubeIDE\plugins\com.st.stm32cube.common.mx_6.15.0.202507011659\\db\/mcu/
2026-03-11 12:29:08,193 [INFO] ApiDb:274 - Set plugin database path to: C:\ST\STM32CubeIDE_1.19.0\STM32CubeIDE\plugins\com.st.stm32cube.common.mx_6.15.0.202507011659\\db\/plugins/boardmanager/
2026-03-11 12:29:08,193 [INFO] ApiDb:261 - Set plugin images path to: C:\ST\STM32CubeIDE_1.19.0\STM32CubeIDE\plugins\com.st.stm32cube.common.mx_6.15.0.202507011659\\db\/plugins/mcufinder/images/
2026-03-11 12:29:08,193 [WARN] DbFile:41 - Overriding database path with different value: C:\Users\Alfred\.stmcufinder\plugins\mcufinder/ => C:\Users\Alfred\.stmcufinder\plugins\mcufinder
2026-03-11 12:29:08,193 [INFO] ApiDb:250 - Set database path to: C:\Users\Alfred\.stmcufinder\plugins\mcufinder//mcu/
2026-03-11 12:29:08,193 [WARN] DbFile:41 - Overriding database path with different value: C:\Users\Alfred\.stmcufinder\plugins\mcufinder/ => C:\Users\Alfred\.stmcufinder\plugins\mcufinder
2026-03-11 12:29:08,193 [INFO] DbMcusAds:125 - Set database path to: C:\Users\Alfred\.stmcufinder\plugins\mcufinder//mcu/
2026-03-11 12:29:08,193 [WARN] DbFile:41 - Overriding database path with different value: C:\Users\Alfred\.stmcufinder\plugins\mcufinder/ => C:\Users\Alfred\.stmcufinder\plugins\mcufinder
2026-03-11 12:29:08,193 [WARN] DbFile:41 - Overriding database path with different value: C:\Users\Alfred\.stmcufinder\plugins\mcufinder/ => C:\Users\Alfred\.stmcufinder\plugins\mcufinder
2026-03-11 12:29:08,193 [INFO] CrossReferenceDbSqlite:203 - Set database path to: C:\Users\Alfred\.stmcufinder\plugins\mcufinder//mcu/cs/
2026-03-11 12:29:08,273 [INFO] MainPanel:274 - HeapMemory: 268435456
2026-03-11 12:29:08,374 [INFO] DbMcusXml:78 - Set database path to: C:\ST\STM32CubeIDE_1.19.0\STM32CubeIDE\plugins\com.st.stm32cube.common.mx_6.15.0.202507011659\\db\/mcu/
2026-03-11 12:29:08,374 [INFO] ApiDb:274 - Set plugin database path to: C:\ST\STM32CubeIDE_1.19.0\STM32CubeIDE\plugins\com.st.stm32cube.common.mx_6.15.0.202507011659\\db\/plugins/boardmanager/
2026-03-11 12:29:08,374 [INFO] ApiDb:261 - Set plugin images path to: C:\ST\STM32CubeIDE_1.19.0\STM32CubeIDE\plugins\com.st.stm32cube.common.mx_6.15.0.202507011659\\db\/plugins/mcufinder/images/
2026-03-11 12:29:08,374 [WARN] DbFile:41 - Overriding database path with different value: C:\Users\Alfred\.stmcufinder\plugins\mcufinder/ => C:\Users\Alfred\.stmcufinder\plugins\mcufinder
2026-03-11 12:29:08,374 [INFO] ApiDb:250 - Set database path to: C:\Users\Alfred\.stmcufinder\plugins\mcufinder//mcu/
2026-03-11 12:29:08,374 [WARN] DbFile:41 - Overriding database path with different value: C:\Users\Alfred\.stmcufinder\plugins\mcufinder/ => C:\Users\Alfred\.stmcufinder\plugins\mcufinder
2026-03-11 12:29:08,374 [INFO] DbMcusAds:125 - Set database path to: C:\Users\Alfred\.stmcufinder\plugins\mcufinder//mcu/
2026-03-11 12:29:08,374 [WARN] DbFile:41 - Overriding database path with different value: C:\Users\Alfred\.stmcufinder\plugins\mcufinder/ => C:\Users\Alfred\.stmcufinder\plugins\mcufinder
2026-03-11 12:29:08,374 [WARN] DbFile:41 - Overriding database path with different value: C:\Users\Alfred\.stmcufinder\plugins\mcufinder/ => C:\Users\Alfred\.stmcufinder\plugins\mcufinder
2026-03-11 12:29:08,374 [INFO] CrossReferenceDbSqlite:203 - Set database path to: C:\Users\Alfred\.stmcufinder\plugins\mcufinder//mcu/cs/
2026-03-11 12:29:08,400 [INFO] ApplicationProperties:184 - Using Application install path: C:\ST\STM32CubeIDE_1.19.0\STM32CubeIDE\plugins\com.st.stm32cube.common.mx_6.15.0.202507011659
2026-03-11 12:29:08,400 [INFO] PluginManage:196 - Search for loadable plugins [exclusion list=, ]
2026-03-11 12:29:08,402 [INFO] PluginManage:310 - Check plugin analytics
2026-03-11 12:29:08,576 [INFO] AnalyticsPlugin:253 - Accepted Software Licenses: 
2026-03-11 12:29:08,576 [INFO] AnalyticsPlugin:255 - Accepted CMSIS Pack Licenses: 
2026-03-11 12:29:08,576 [INFO] AnalyticsPlugin:257 - Accepted Firmware Licenses: FW.G0.1.6.0
2026-03-11 12:29:08,581 [INFO] PluginManage:359 - Loaded plugin analytics (category:tool,tabindex:-1)
2026-03-11 12:29:08,583 [INFO] PluginManage:310 - Check plugin cadmodel
2026-03-11 12:29:08,601 [INFO] CADModel:105 - Init CAD model plugin
2026-03-11 12:29:08,601 [INFO] PluginManage:359 - Loaded plugin cadmodel (category:power,tabindex:5)
2026-03-11 12:29:08,601 [INFO] PluginManage:310 - Check plugin clock
2026-03-11 12:29:08,627 [INFO] PluginManage:359 - Loaded plugin clock (category:base,tabindex:2)
2026-03-11 12:29:08,627 [INFO] PluginManage:310 - Check plugin ddr
2026-03-11 12:29:08,634 [INFO] PluginManage:359 - Loaded plugin ddr (category:tool,tabindex:6)
2026-03-11 12:29:08,634 [INFO] PluginManage:310 - Check plugin filemanager
2026-03-11 12:29:08,787 [INFO] PluginManage:359 - Loaded plugin filemanager (category:base,tabindex:10)
2026-03-11 12:29:08,787 [INFO] PluginManage:310 - Check plugin ipmanager
2026-03-11 12:29:08,793 [INFO] PluginManage:359 - Loaded plugin ipmanager (category:base,tabindex:5)
2026-03-11 12:29:08,795 [INFO] PluginManage:310 - Check plugin lpbam
2026-03-11 12:29:08,813 [INFO] PluginManage:359 - Loaded plugin lpbam (category:base,tabindex:0)
2026-03-11 12:29:08,813 [INFO] PluginManage:310 - Check plugin memorymap
2026-03-11 12:29:08,837 [INFO] PluginManage:359 - Loaded plugin memorymap (category:base,tabindex:4)
2026-03-11 12:29:08,837 [INFO] PluginManage:310 - Check plugin pinoutandconfiguration
2026-03-11 12:29:08,864 [INFO] PluginManage:359 - Loaded plugin pinoutandconfiguration (category:base,tabindex:1)
2026-03-11 12:29:08,864 [INFO] PluginManage:310 - Check plugin pinoutconfig
2026-03-11 12:29:08,948 [WARN] SupportedApi:132 - Cannot load RTOS API schema: s4s-elt-must-match.1: The content of 'definitions' must match (annotation?, (simpleType | complexType)?, (unique | key | keyref)*)). A problem was found starting at: attribute.
2026-03-11 12:29:09,072 [INFO] PluginManage:359 - Loaded plugin pinoutconfig (category:base,tabindex:0)
2026-03-11 12:29:09,072 [INFO] PluginManage:310 - Check plugin power
2026-03-11 12:29:09,092 [INFO] PluginManage:359 - Loaded plugin power (category:power,tabindex:4)
2026-03-11 12:29:09,092 [INFO] PluginManage:310 - Check plugin projectmanager
2026-03-11 12:29:09,109 [INFO] PluginManage:359 - Loaded plugin projectmanager (category:projectmanager,tabindex:4)
2026-03-11 12:29:09,109 [INFO] PluginManage:310 - Check plugin rif
2026-03-11 12:29:09,130 [INFO] PluginManage:359 - Loaded plugin rif (category:base,tabindex:3)
2026-03-11 12:29:09,130 [INFO] PluginManage:310 - Check plugin thirdparty
2026-03-11 12:29:09,434 [INFO] PluginManage:359 - Loaded plugin thirdparty (category:base,tabindex:-1)
2026-03-11 12:29:09,434 [WARN] IntegrityCheckThread:84 - waiting for thirdparty lock release [integrity check]
2026-03-11 12:29:09,434 [INFO] IntegrityCheckThread:86 - entering critical section [integrity check]
2026-03-11 12:29:09,434 [INFO] PluginManage:310 - Check plugin tools
2026-03-11 12:29:09,436 [INFO] ThirdPartyUpdaterWithRetryManager:70 - Updater plugin not ready yet. [1/15]
2026-03-11 12:29:09,472 [INFO] PluginManage:359 - Loaded plugin tools (category:base,tabindex:7)
2026-03-11 12:29:09,472 [INFO] PluginManage:310 - Check plugin tutovideos
2026-03-11 12:29:09,679 [INFO] PluginManage:359 - Loaded plugin tutovideos (category:base,tabindex:-1)
2026-03-11 12:29:09,679 [INFO] PluginManage:310 - Check plugin updater
2026-03-11 12:29:09,697 [INFO] PluginManage:359 - Loaded plugin updater (category:base,tabindex:12)
2026-03-11 12:29:09,697 [INFO] PluginManage:310 - Check plugin userauth
2026-03-11 12:29:09,708 [INFO] UserAuth:118 - Init User Auth plugin
2026-03-11 12:29:09,708 [INFO] PluginManage:359 - Loaded plugin userauth (category:base,tabindex:14)
2026-03-11 12:29:09,708 [INFO] PluginManage:283 - PluginManage : Loaded plugins [18]
2026-03-11 12:29:09,907 [INFO] PinOutPanel:1589 - setPackage(No Configuration,No Configuration)
2026-03-11 12:29:09,989 [INFO] CADModel:165 - CPN selected for project level
2026-03-11 12:29:09,989 [INFO] CADModel:114 - Register for checkConnection events
2026-03-11 12:29:10,025 [INFO] IPUIPlugin:80 - create IPUIPlugin
2026-03-11 12:29:10,027 [INFO] PluginManager:220 - loadIPPluginJar : add adc
2026-03-11 12:29:10,060 [INFO] IPUIPlugin:80 - create IPUIPlugin
2026-03-11 12:29:10,060 [INFO] PluginManager:220 - loadIPPluginJar : add aes
2026-03-11 12:29:10,112 [INFO] IPUIPlugin:80 - create IPUIPlugin
2026-03-11 12:29:10,112 [INFO] PluginManager:220 - loadIPPluginJar : add can
2026-03-11 12:29:10,141 [INFO] IPUIPlugin:80 - create IPUIPlugin
2026-03-11 12:29:10,141 [INFO] PluginManager:220 - loadIPPluginJar : add comp
2026-03-11 12:29:10,181 [INFO] IPUIPlugin:80 - create IPUIPlugin
2026-03-11 12:29:10,181 [INFO] PluginManager:220 - loadIPPluginJar : add cryp
2026-03-11 12:29:10,193 [INFO] IPUIPlugin:80 - create IPUIPlugin
2026-03-11 12:29:10,193 [INFO] PluginManager:220 - loadIPPluginJar : add ddr_ctrl_phy
2026-03-11 12:29:10,221 [INFO] IPUIPlugin:80 - create IPUIPlugin
2026-03-11 12:29:10,221 [INFO] PluginManager:220 - loadIPPluginJar : add dfsdm
2026-03-11 12:29:10,235 [INFO] IPUIPlugin:80 - create IPUIPlugin
2026-03-11 12:29:10,235 [INFO] PluginManager:220 - loadIPPluginJar : add dma
2026-03-11 12:29:10,271 [INFO] IPUIPlugin:80 - create IPUIPlugin
2026-03-11 12:29:10,271 [INFO] PluginManager:220 - loadIPPluginJar : add dma3
2026-03-11 12:29:10,316 [INFO] IPUIPlugin:80 - create IPUIPlugin
2026-03-11 12:29:10,316 [INFO] PluginManager:220 - loadIPPluginJar : add extmemmanager
2026-03-11 12:29:10,337 [INFO] IPUIPlugin:80 - create IPUIPlugin
2026-03-11 12:29:10,337 [INFO] PluginManager:220 - loadIPPluginJar : add fatfs
2026-03-11 12:29:10,388 [INFO] IPUIPlugin:80 - create IPUIPlugin
2026-03-11 12:29:10,388 [INFO] PluginManager:220 - loadIPPluginJar : add fmc
2026-03-11 12:29:10,406 [INFO] IPUIPlugin:80 - create IPUIPlugin
2026-03-11 12:29:10,406 [INFO] PluginManager:220 - loadIPPluginJar : add freertos
2026-03-11 12:29:10,428 [INFO] IPUIPlugin:80 - create IPUIPlugin
2026-03-11 12:29:10,428 [INFO] PluginManager:220 - loadIPPluginJar : add genericplugin
2026-03-11 12:29:10,546 [INFO] IPUIPlugin:80 - create IPUIPlugin
2026-03-11 12:29:10,546 [INFO] PluginManager:220 - loadIPPluginJar : add gfxmmu
2026-03-11 12:29:10,670 [INFO] IPUIPlugin:80 - create IPUIPlugin
2026-03-11 12:29:10,670 [INFO] PluginManager:220 - loadIPPluginJar : add gic
2026-03-11 12:29:10,682 [INFO] IPUIPlugin:80 - create IPUIPlugin
2026-03-11 12:29:10,682 [INFO] PluginManager:220 - loadIPPluginJar : add gpio
2026-03-11 12:29:10,774 [INFO] IPUIPlugin:80 - create IPUIPlugin
2026-03-11 12:29:10,774 [INFO] PluginManager:220 - loadIPPluginJar : add gtzc
2026-03-11 12:29:10,809 [INFO] IPUIPlugin:80 - create IPUIPlugin
2026-03-11 12:29:10,811 [INFO] PluginManager:220 - loadIPPluginJar : add hash
2026-03-11 12:29:10,863 [INFO] IPUIPlugin:80 - create IPUIPlugin
2026-03-11 12:29:10,863 [INFO] PluginManager:220 - loadIPPluginJar : add i2c
2026-03-11 12:29:10,899 [INFO] IPUIPlugin:80 - create IPUIPlugin
2026-03-11 12:29:10,899 [INFO] PluginManager:220 - loadIPPluginJar : add i2s
2026-03-11 12:29:10,939 [INFO] IPUIPlugin:80 - create IPUIPlugin
2026-03-11 12:29:10,939 [INFO] PluginManager:220 - loadIPPluginJar : add i3c
2026-03-11 12:29:11,039 [INFO] IPUIPlugin:80 - create IPUIPlugin
2026-03-11 12:29:11,039 [INFO] PluginManager:220 - loadIPPluginJar : add ipddr
2026-03-11 12:29:11,125 [INFO] IPUIPlugin:80 - create IPUIPlugin
2026-03-11 12:29:11,127 [INFO] PluginManager:220 - loadIPPluginJar : add linkedlist
2026-03-11 12:29:11,159 [INFO] IPUIPlugin:80 - create IPUIPlugin
2026-03-11 12:29:11,159 [INFO] PluginManager:220 - loadIPPluginJar : add lorawan
2026-03-11 12:29:11,195 [INFO] IPUIPlugin:80 - create IPUIPlugin
2026-03-11 12:29:11,195 [INFO] PluginManager:220 - loadIPPluginJar : add ltdc
2026-03-11 12:29:11,212 [INFO] IPUIPlugin:80 - create IPUIPlugin
2026-03-11 12:29:11,212 [INFO] PluginManager:220 - loadIPPluginJar : add mdma
2026-03-11 12:29:11,224 [INFO] IPUIPlugin:80 - create IPUIPlugin
2026-03-11 12:29:11,224 [INFO] PluginManager:220 - loadIPPluginJar : add nvic
2026-03-11 12:29:11,262 [INFO] IPUIPlugin:80 - create IPUIPlugin
2026-03-11 12:29:11,262 [INFO] PluginManager:220 - loadIPPluginJar : add opamp
2026-03-11 12:29:11,327 [INFO] IPUIPlugin:80 - create IPUIPlugin
2026-03-11 12:29:11,328 [INFO] PluginManager:220 - loadIPPluginJar : add openamp
2026-03-11 12:29:11,378 [INFO] IPUIPlugin:80 - create IPUIPlugin
2026-03-11 12:29:11,378 [INFO] PluginManager:220 - loadIPPluginJar : add pdm2pcm
2026-03-11 12:29:11,392 [INFO] IPUIPlugin:80 - create IPUIPlugin
2026-03-11 12:29:11,394 [INFO] PluginManager:220 - loadIPPluginJar : add plateformsettings
2026-03-11 12:29:11,418 [INFO] IPUIPlugin:80 - create IPUIPlugin
2026-03-11 12:29:11,418 [INFO] PluginManager:220 - loadIPPluginJar : add quadspi
2026-03-11 12:29:11,438 [INFO] IPUIPlugin:80 - create IPUIPlugin
2026-03-11 12:29:11,438 [INFO] PluginManager:220 - loadIPPluginJar : add radio
2026-03-11 12:29:11,459 [INFO] IPUIPlugin:80 - create IPUIPlugin
2026-03-11 12:29:11,459 [INFO] PluginManager:220 - loadIPPluginJar : add resmgrutility
2026-03-11 12:29:11,509 [INFO] IPUIPlugin:80 - create IPUIPlugin
2026-03-11 12:29:11,509 [INFO] PluginManager:220 - loadIPPluginJar : add sai
2026-03-11 12:29:11,550 [INFO] IPUIPlugin:80 - create IPUIPlugin
2026-03-11 12:29:11,560 [INFO] PluginManager:220 - loadIPPluginJar : add spi
2026-03-11 12:29:11,647 [INFO] IPUIPlugin:80 - create IPUIPlugin
2026-03-11 12:29:11,647 [INFO] PluginManager:220 - loadIPPluginJar : add stm32_wpan
2026-03-11 12:29:11,673 [INFO] IPUIPlugin:80 - create IPUIPlugin
2026-03-11 12:29:11,673 [INFO] PluginManager:220 - loadIPPluginJar : add tim
2026-03-11 12:29:11,742 [INFO] IPUIPlugin:80 - create IPUIPlugin
2026-03-11 12:29:11,742 [INFO] PluginManager:220 - loadIPPluginJar : add touchsensing
2026-03-11 12:29:11,766 [INFO] IPUIPlugin:80 - create IPUIPlugin
2026-03-11 12:29:11,766 [INFO] PluginManager:220 - loadIPPluginJar : add tracer_emb
2026-03-11 12:29:11,797 [INFO] IPUIPlugin:80 - create IPUIPlugin
2026-03-11 12:29:11,797 [INFO] PluginManager:220 - loadIPPluginJar : add ts
2026-03-11 12:29:11,817 [INFO] IPUIPlugin:80 - create IPUIPlugin
2026-03-11 12:29:11,817 [INFO] PluginManager:220 - loadIPPluginJar : add tsc
2026-03-11 12:29:11,847 [INFO] IPUIPlugin:80 - create IPUIPlugin
2026-03-11 12:29:11,847 [INFO] PluginManager:220 - loadIPPluginJar : add ucpd
2026-03-11 12:29:11,889 [INFO] IPUIPlugin:80 - create IPUIPlugin
2026-03-11 12:29:11,889 [INFO] PluginManager:220 - loadIPPluginJar : add usart
2026-03-11 12:29:11,940 [INFO] IPUIPlugin:80 - create IPUIPlugin
2026-03-11 12:29:11,940 [INFO] PluginManager:220 - loadIPPluginJar : add usbx
2026-03-11 12:29:12,073 [FATAL] Updater:351 - Updater called before beeing initialized
2026-03-11 12:29:12,104 [INFO] RulesReader:64 - Compatibility file has been processed (317 Rules)
2026-03-11 12:29:12,114 [INFO] RulesReader:64 - Compatibility file has been processed (317 Rules)
2026-03-11 12:29:12,124 [INFO] CADModel:165 - CPN selected for project level
2026-03-11 12:29:12,124 [INFO] CADModel:114 - Register for checkConnection events
2026-03-11 12:29:12,124 [FATAL] Updater:351 - Updater called before beeing initialized
2026-03-11 12:29:12,124 [ERROR] CADModel:125 - Updater not yet initialized, retry later 
2026-03-11 12:29:12,275 [FATAL] Updater:351 - Updater called before beeing initialized
2026-03-11 12:29:12,281 [INFO] CADModel:165 - CPN selected for project level
2026-03-11 12:29:12,281 [INFO] CADModel:114 - Register for checkConnection events
2026-03-11 12:29:12,281 [FATAL] Updater:351 - Updater called before beeing initialized
2026-03-11 12:29:12,281 [ERROR] CADModel:125 - Updater not yet initialized, retry later 
2026-03-11 12:29:12,281 [FATAL] Updater:351 - Updater called before beeing initialized
2026-03-11 12:29:12,393 [FATAL] Updater:351 - Updater called before beeing initialized
2026-03-11 12:29:12,404 [INFO] DbMcusAds:53 - JSON generation date=Tue Feb 10 17:46:36 IST 2026 (1770725796209)
2026-03-11 12:29:12,404 [FATAL] Updater:351 - Updater called before beeing initialized
2026-03-11 12:29:12,445 [INFO] ThirdPartyUpdaterWithRetryManager:70 - Updater plugin not ready yet. [2/15]
2026-03-11 12:29:12,445 [WARN] DetailPanel:346 - Failed to get advertising image, set to default
2026-03-11 12:29:12,517 [FATAL] Updater:351 - Updater called before beeing initialized
2026-03-11 12:29:12,517 [FATAL] Updater:351 - Updater called before beeing initialized
2026-03-11 12:29:12,517 [FATAL] Updater:351 - Updater called before beeing initialized
2026-03-11 12:29:12,517 [WARN] DetailPanel:346 - Failed to get advertising image, set to default
2026-03-11 12:29:12,517 [FATAL] Updater:351 - Updater called before beeing initialized
2026-03-11 12:29:12,578 [ERROR] Updater:1198 - MainUpdater not yet initialized. External WinMGr cannot be set.
2026-03-11 12:29:12,588 [INFO] Updater:1134 - Updater Version found : 6.15.0
2026-03-11 12:29:12,609 [INFO] ApplicationProperties:184 - Using Application install path: C:\ST\STM32CubeIDE_1.19.0\STM32CubeIDE\plugins\com.st.stm32cube.common.mx_6.15.0.202507011659
2026-03-11 12:29:13,039 [INFO] MainUpdater:2872 - connection check result : 10
2026-03-11 12:29:13,039 [INFO] MainUpdater:289 - Updater Check For Update Now.
2026-03-11 12:29:13,039 [INFO] MicroXplorer:498 - Change Database Version : DB.6.0.150
2026-03-11 12:29:13,066 [INFO] McuFinderGlobals:63 - Set McuFinder mode to 2 (CubeIDE integrated)
2026-03-11 12:29:13,068 [INFO] UserAuth:487 - Internet connection configuration mode: 1
2026-03-11 12:29:13,121 [INFO] JxBrowserEngine:152 - Initiate JxBrowser Engine with user profile folder
2026-03-11 12:29:13,277 [INFO] CheckServerUpdateThread:120 - End of CheckServer Thread
2026-03-11 12:29:14,786 [INFO] WebApp:169 - Instantiating new browser for Auth
2026-03-11 12:29:15,613 [INFO] WebApp:463 - Apply proxy settings
2026-03-11 12:29:15,613 [INFO] WebApp:548 - Chromium requires no authentication
2026-03-11 12:29:15,634 [INFO] WebApp:491 - Direct internet connection detected
2026-03-11 12:29:15,685 [INFO] WebApp:900 - Register for checkConnection events
2026-03-11 12:29:15,685 [INFO] WebApp:463 - Apply proxy settings
2026-03-11 12:29:15,685 [INFO] WebApp:548 - Chromium requires no authentication
2026-03-11 12:29:15,685 [INFO] WebApp:491 - Direct internet connection detected
2026-03-11 12:29:15,952 [WARN] PackLoader:240 - Cannot read IP mode file for STMicroelectronics.X-CUBE-AZRTOS-H7.3.5.0
2026-03-11 12:29:15,969 [WARN] PackLoader:240 - Cannot read IP mode file for STMicroelectronics.FP-SNS-MOTENVWB1.1.4.0
2026-03-11 12:29:15,988 [WARN] PackLoader:240 - Cannot read IP mode file for STMicroelectronics.FP-ATR-ASTRA1.2.0.2
2026-03-11 12:29:16,009 [WARN] PackLoader:240 - Cannot read IP mode file for STMicroelectronics.X-CUBE-SMBUS.2.1.0
2026-03-11 12:29:16,029 [INFO] WebApp:225 - Starting web application
2026-03-11 12:29:16,029 [INFO] WebApp:593 - Web application path used C:\ST\STM32CubeIDE_1.19.0\STM32CubeIDE\plugins\com.st.stm32cube.common.mx_6.15.0.202507011659\db\plugins\mcufinder\reactClient1\index.html
2026-03-11 12:29:16,058 [WARN] PackLoader:240 - Cannot read IP mode file for STMicroelectronics.X-CUBE-AZRTOS-F7.1.1.0
2026-03-11 12:29:16,084 [WARN] PackLoader:240 - Cannot read IP mode file for Cesanta.I-CUBE-Mongoose.7.19.0
2026-03-11 12:29:16,108 [WARN] PackLoader:240 - Cannot read IP mode file for STMicroelectronics.FP-SNS-MOTENV1.5.1.0
2026-03-11 12:29:16,145 [WARN] PackLoader:240 - Cannot read IP mode file for WES.I-CUBE-Cesium.1.4.0
2026-03-11 12:29:16,192 [WARN] PackLoader:240 - Cannot read IP mode file for Infineon.AIROC-Wi-Fi-Bluetooth-STM32.1.7.1
2026-03-11 12:29:16,242 [WARN] PackLoader:240 - Cannot read IP mode file for STMicroelectronics.X-CUBE-AZRTOS-H7.3.4.0
2026-03-11 12:29:16,275 [WARN] PackLoader:240 - Cannot read IP mode file for STMicroelectronics.X-CUBE-DISPLAY.3.0.0
2026-03-11 12:29:16,294 [INFO] UserAuth:487 - Internet connection configuration mode: 1
2026-03-11 12:29:16,302 [WARN] PackLoader:240 - Cannot read IP mode file for STMicroelectronics.FP-SNS-MOTENVWB1.1.5.0
2026-03-11 12:29:16,312 [INFO] WebApp:191 - Connection restablished
2026-03-11 12:29:16,327 [WARN] PackLoader:240 - Cannot read IP mode file for STMicroelectronics.X-CUBE-NFC10.1.0.0
2026-03-11 12:29:16,341 [WARN] PackLoader:240 - Cannot read IP mode file for STMicroelectronics.X-CUBE-ST60.1.1.0
2026-03-11 12:29:16,372 [WARN] PackLoader:240 - Cannot read IP mode file for emotas.I-CUBE-CANOPEN.1.3.0
2026-03-11 12:29:16,389 [WARN] PackLoader:240 - Cannot read IP mode file for STMicroelectronics.X-CUBE-GNSS1.7.1.0
2026-03-11 12:29:16,412 [WARN] PackLoader:240 - Cannot read IP mode file for STMicroelectronics.FP-SNS-STBOX1.2.1.0
2026-03-11 12:29:16,438 [WARN] PackLoader:240 - Cannot read IP mode file for STMicroelectronics.FP-SNS-SMARTAG2.1.2.0
2026-03-11 12:29:16,455 [WARN] PackLoader:240 - Cannot read IP mode file for STMicroelectronics.FP-SNS-FLIGHT1.5.1.0
2026-03-11 12:29:16,483 [INFO] LogOutputStream:77 - [STDOUT_REDIRECT] 1 : Invalid condition id : UX_CORESTACK_Condition cause : null
2026-03-11 12:29:16,484 [INFO] LogOutputStream:77 - [STDOUT_REDIRECT] 1 : Invalid condition id : UX_CORESTACK_Condition cause : null
2026-03-11 12:29:16,485 [INFO] LogOutputStream:77 - [STDOUT_REDIRECT] 1 : Invalid condition id : UX_CORESTACK_Condition cause : null
2026-03-11 12:29:16,487 [INFO] LogOutputStream:77 - [STDOUT_REDIRECT] 1 : Invalid condition id : UX_CORESTACK_Condition cause : null
2026-03-11 12:29:16,489 [INFO] LogOutputStream:77 - [STDOUT_REDIRECT] 1 : Invalid condition id : UX_CORESTACK_Condition cause : null
2026-03-11 12:29:16,492 [WARN] PackLoader:240 - Cannot read IP mode file for STMicroelectronics.X-CUBE-AZRTOS-WL.2.0.0
2026-03-11 12:29:16,511 [WARN] PackLoader:240 - Cannot read IP mode file for STMicroelectronics.FP-SNS-MOTENV1.5.0.0
2026-03-11 12:29:16,553 [WARN] PackLoader:240 - Cannot read IP mode file for STMicroelectronics.X-CUBE-AZRTOS-H7RS.1.2.0
2026-03-11 12:29:16,576 [WARN] PackLoader:240 - Cannot read IP mode file for STMicroelectronics.X-CUBE-BLE2.3.3.0
2026-03-11 12:29:16,652 [WARN] PackLoader:240 - Cannot read IP mode file for STMicroelectronics.X-CUBE-NFC9.1.0.0
2026-03-11 12:29:16,674 [WARN] PackLoader:240 - Cannot read IP mode file for wolfSSL.I-CUBE-wolfSSL.5.8.2
2026-03-11 12:29:16,690 [WARN] PackLoader:240 - Cannot read IP mode file for STMicroelectronics.X-CUBE-BLE1.7.1.0
2026-03-11 12:29:16,707 [WARN] PackLoader:240 - Cannot read IP mode file for wolfSSL.I-CUBE-wolfMQTT.1.19.2
2026-03-11 12:29:16,727 [WARN] PackLoader:240 - Cannot read IP mode file for STMicroelectronics.X-CUBE-FREERTOS.1.4.0
2026-03-11 12:29:16,754 [WARN] PackLoader:240 - Cannot read IP mode file for STMicroelectronics.X-CUBE-EEPRMA1.5.2.0
2026-03-11 12:29:16,780 [WARN] PackLoader:240 - Cannot read IP mode file for STMicroelectronics.X-CUBE-ST67W61.1.1.0
2026-03-11 12:29:16,880 [WARN] PackLoader:240 - Cannot read IP mode file for STMicroelectronics.X-CUBE-MEMS1.12.0.0
2026-03-11 12:29:17,040 [WARN] PackLoader:240 - Cannot read IP mode file for STMicroelectronics.X-CUBE-AZRTOS-G0.1.1.0
2026-03-11 12:29:17,075 [WARN] PackLoader:240 - Cannot read IP mode file for STMicroelectronics.X-CUBE-SAFEA1.1.2.2
2026-03-11 12:29:17,099 [WARN] PackLoader:240 - Cannot read IP mode file for STMicroelectronics.X-CUBE-NFC4.3.0.0
2026-03-11 12:29:17,133 [WARN] PackLoader:240 - Cannot read IP mode file for EmbeddedOffice.I-CUBE-FS-RTOS.1.0.1
2026-03-11 12:29:17,158 [WARN] PackLoader:240 - Cannot read IP mode file for STMicroelectronics.X-CUBE-WB05N.2.0.0
2026-03-11 12:29:17,180 [WARN] PackLoader:240 - Cannot read IP mode file for wolfSSL.I-CUBE-wolfTPM.3.8.0
2026-03-11 12:29:17,201 [WARN] PackLoader:240 - Cannot read IP mode file for STMicroelectronics.X-CUBE-TCPP.4.2.0
2026-03-11 12:29:17,231 [WARN] PackLoader:240 - Cannot read IP mode file for RealThread.X-CUBE-RT-Thread_Nano.4.1.1
2026-03-11 12:29:17,249 [WARN] PackLoader:240 - Cannot read IP mode file for STMicroelectronics.FP-ATR-SIGFOX1.3.2.0
2026-03-11 12:29:17,272 [WARN] PackLoader:240 - Cannot read IP mode file for STMicroelectronics.X-CUBE-FREERTOS.1.5.0
2026-03-11 12:29:17,299 [WARN] PackLoader:240 - Cannot read IP mode file for ITTIA_DB.I-CUBE-ITTIADB.8.9.0
2026-03-11 12:29:17,322 [WARN] PackLoader:240 - Cannot read IP mode file for STMicroelectronics.X-CUBE-NFC6.3.2.0
2026-03-11 12:29:17,347 [WARN] PackLoader:240 - Cannot read IP mode file for STMicroelectronics.X-CUBE-AI.10.2.0
2026-03-11 12:29:17,385 [WARN] PackLoader:240 - Cannot read IP mode file for SEGGER.I-CUBE-embOS.1.3.1
2026-03-11 12:29:17,437 [WARN] PackLoader:240 - Cannot read IP mode file for STMicroelectronics.X-CUBE-ALGOBUILD.1.4.0
2026-03-11 12:29:17,498 [WARN] PackLoader:240 - Cannot read IP mode file for STMicroelectronics.X-CUBE-MEMS1.11.3.0
2026-03-11 12:29:17,729 [WARN] PackLoader:240 - Cannot read IP mode file for STMicroelectronics.X-CUBE-PM33A1.1.0.0
2026-03-11 12:29:17,781 [WARN] PackLoader:240 - Cannot read IP mode file for STMicroelectronics.X-CUBE-AZRTOS-F4.1.1.0
2026-03-11 12:29:17,808 [WARN] PackLoader:240 - Cannot read IP mode file for STMicroelectronics.X-CUBE-ISPU.2.1.0
2026-03-11 12:29:17,845 [WARN] PackLoader:240 - Cannot read IP mode file for STMicroelectronics.X-CUBE-IPS.3.2.0
2026-03-11 12:29:17,869 [WARN] PackLoader:240 - Cannot read IP mode file for STMicroelectronics.X-CUBE-NFC12.1.0.0
2026-03-11 12:29:17,907 [WARN] PackLoader:240 - Cannot read IP mode file for STMicroelectronics.X-CUBE-AZRTOS-L5.2.0.0
2026-03-11 12:29:17,935 [WARN] PackLoader:240 - Cannot read IP mode file for STMicroelectronics.X-CUBE-NFC6.3.1.0
2026-03-11 12:29:17,967 [WARN] PackLoader:240 - Cannot read IP mode file for STMicroelectronics.X-CUBE-FREERTOS.1.3.1
2026-03-11 12:29:17,992 [WARN] PackLoader:240 - Cannot read IP mode file for STMicroelectronics.X-CUBE-TOUCHGFX.4.26.0
2026-03-11 12:29:18,008 [WARN] PackLoader:240 - Cannot read IP mode file for STMicroelectronics.X-CUBE-TOUCHGFX.4.26.1
2026-03-11 12:29:18,033 [WARN] PackLoader:240 - Cannot read IP mode file for STMicroelectronics.FP-SNS-STAIOTCFT.1.0.0
2026-03-11 12:29:18,055 [WARN] PackLoader:240 - Cannot read IP mode file for STMicroelectronics.X-CUBE-DPower.1.3.0
2026-03-11 12:29:18,091 [WARN] ConditionMgr:438 - getConditionDescription Invalid condition id : LAN8742 Phy interface Condition cause : null
2026-03-11 12:29:18,092 [WARN] PackLoader:240 - Cannot read IP mode file for STMicroelectronics.X-CUBE-AZRTOS-L4.2.0.0
2026-03-11 12:29:18,095 [WARN] ConditionMgr:1044 - genDependencies : Invalid condition id : LAN8742 Phy interface Condition cause : null
2026-03-11 12:29:18,095 [WARN] ConditionMgr:1044 - genDependencies : Invalid condition id : LAN8742 Phy interface Condition cause : null
2026-03-11 12:29:18,096 [WARN] ConditionMgr:1044 - genDependencies : Invalid condition id : LAN8742 Phy interface Condition cause : null
2026-03-11 12:29:18,121 [WARN] PackLoader:240 - Cannot read IP mode file for STMicroelectronics.X-CUBE-SFXS2LP1.4.0.0
2026-03-11 12:29:18,143 [WARN] PackLoader:240 - Cannot read IP mode file for STMicroelectronics.X-CUBE-ST67W61.1.2.0
2026-03-11 12:29:18,168 [WARN] PackLoader:240 - Cannot read IP mode file for STMicroelectronics.X-CUBE-BLEMGR.4.1.0
2026-03-11 12:29:18,199 [WARN] ConditionMgr:438 - getConditionDescription Invalid condition id : UX DEVICE CLASS RTOS Condition cause : null
2026-03-11 12:29:18,200 [WARN] ConditionMgr:438 - getConditionDescription Invalid condition id : UX DEVICE CLASS RTOS Condition cause : null
2026-03-11 12:29:18,202 [WARN] PackLoader:240 - Cannot read IP mode file for STMicroelectronics.X-CUBE-AZRTOS-WB.2.0.0
2026-03-11 12:29:18,202 [WARN] ConditionMgr:1044 - genDependencies : Invalid condition id : UX DEVICE CLASS RTOS Condition cause : null
2026-03-11 12:29:18,203 [WARN] ConditionMgr:1044 - genDependencies : Invalid condition id : UX DEVICE CLASS RTOS Condition cause : null
2026-03-11 12:29:18,203 [WARN] ConditionMgr:1044 - genDependencies : Invalid condition id : UX DEVICE CLASS RTOS Condition cause : null
2026-03-11 12:29:18,203 [WARN] ConditionMgr:1044 - genDependencies : Invalid condition id : UX DEVICE CLASS RTOS Condition cause : null
2026-03-11 12:29:18,203 [WARN] ConditionMgr:1044 - genDependencies : Invalid condition id : UX DEVICE CLASS RTOS Condition cause : null
2026-03-11 12:29:18,223 [WARN] PackLoader:240 - Cannot read IP mode file for STMicroelectronics.X-CUBE-GNSS1.7.0.1
2026-03-11 12:29:18,243 [WARN] ConditionMgr:438 - getConditionDescription Invalid condition id : Cortex-A Device cause : null
2026-03-11 12:29:18,271 [WARN] ConditionMgr:1044 - genDependencies : Invalid condition id : Cortex-A Device cause : null
2026-03-11 12:29:18,271 [WARN] ConditionMgr:1044 - genDependencies : Invalid condition id : Cortex-A Device cause : null
2026-03-11 12:29:18,271 [WARN] ConditionMgr:1044 - genDependencies : Invalid condition id : Cortex-A Device cause : null
2026-03-11 12:29:18,303 [WARN] PackLoader:240 - Cannot read IP mode file for STMicroelectronics.X-CUBE-STSE01.2.0.0
2026-03-11 12:29:18,334 [WARN] PackLoader:240 - Cannot read IP mode file for STMicroelectronics.X-CUBE-SUBG2.5.0.0
2026-03-11 12:29:18,381 [WARN] PackLoader:240 - Cannot read IP mode file for STMicroelectronics.X-CUBE-AZRTOS-H7RS.1.1.0
2026-03-11 12:29:18,437 [WARN] PackLoader:240 - Cannot read IP mode file for STMicroelectronics.X-CUBE-AZRTOS-G4.2.0.0
2026-03-11 12:29:18,458 [WARN] PackLoader:240 - Cannot read IP mode file for wolfSSL.I-CUBE-wolfSSH.1.4.20
2026-03-11 12:29:18,484 [WARN] PackLoader:240 - Cannot read IP mode file for STMicroelectronics.X-CUBE-NFC7.2.0.0
2026-03-11 12:29:18,512 [WARN] PackLoader:240 - Cannot read IP mode file for STMicroelectronics.X-CUBE-ALS.1.0.2
2026-03-11 12:29:18,534 [WARN] PackLoader:240 - Cannot read IP mode file for STMicroelectronics.X-CUBE-STSE01.1.0.0
2026-03-11 12:29:18,562 [WARN] PackLoader:240 - Cannot read IP mode file for STMicroelectronics.X-CUBE-TOF1.3.4.3
2026-03-11 12:29:18,570 [INFO] ThirdParty:978 - Integrity check success = true
2026-03-11 12:29:18,571 [INFO] IntegrityCheckThread:100 - exiting critical section [integrity check]
2026-03-11 12:29:18,571 [INFO] IntegrityCheckThread:103 - End integrity checks thread
2026-03-11 12:35:52,794 [INFO] WebApp:194 - Connection lost
2026-03-11 12:35:52,983 [INFO] WebApp:191 - Connection restablished
2026-03-11 12:46:09,292 [INFO] WebApp:194 - Connection lost
2026-03-11 12:46:17,406 [INFO] WebApp:191 - Connection restablished
2026-03-11 12:51:23,804 [INFO] WebApp:194 - Connection lost
2026-03-11 12:51:24,003 [INFO] WebApp:191 - Connection restablished
2026-03-11 12:57:37,295 [INFO] WebApp:194 - Connection lost
2026-03-11 12:57:37,474 [INFO] WebApp:191 - Connection restablished
2026-03-11 13:00:38,312 [INFO] WebApp:194 - Connection lost
2026-03-11 13:00:38,480 [INFO] WebApp:191 - Connection restablished
2026-03-11 13:04:12,313 [INFO] WebApp:194 - Connection lost
2026-03-11 13:04:12,617 [INFO] WebApp:191 - Connection restablished
2026-03-11 13:07:54,794 [INFO] WebApp:194 - Connection lost
2026-03-11 13:07:55,010 [INFO] WebApp:191 - Connection restablished
2026-03-11 13:08:52,796 [INFO] WebApp:194 - Connection lost
2026-03-11 13:08:52,983 [INFO] WebApp:191 - Connection restablished
2026-03-11 13:19:08,341 [INFO] WebApp:194 - Connection lost
2026-03-11 13:19:08,649 [INFO] WebApp:191 - Connection restablished
2026-03-11 13:20:14,296 [INFO] WebApp:194 - Connection lost
2026-03-11 13:20:21,117 [INFO] WebApp:191 - Connection restablished
2026-03-11 13:30:08,302 [INFO] WebApp:194 - Connection lost
2026-03-11 13:30:08,967 [INFO] WebApp:191 - Connection restablished
2026-03-11 13:30:31,799 [INFO] WebApp:194 - Connection lost
2026-03-11 13:30:32,027 [INFO] WebApp:191 - Connection restablished
2026-03-11 13:33:41,788 [INFO] WebApp:194 - Connection lost
2026-03-11 13:33:41,987 [INFO] WebApp:191 - Connection restablished
2026-03-11 13:34:55,802 [INFO] WebApp:194 - Connection lost
2026-03-11 13:34:56,018 [INFO] WebApp:191 - Connection restablished
2026-03-11 13:36:47,311 [INFO] WebApp:194 - Connection lost
2026-03-11 13:36:47,484 [INFO] WebApp:191 - Connection restablished
2026-03-11 13:40:19,799 [INFO] WebApp:194 - Connection lost
2026-03-11 13:40:23,236 [INFO] WebApp:191 - Connection restablished
2026-03-11 13:40:25,827 [INFO] WebApp:194 - Connection lost
2026-03-11 13:40:25,976 [INFO] WebApp:191 - Connection restablished
2026-03-11 13:42:27,309 [INFO] WebApp:194 - Connection lost
2026-03-11 13:42:27,488 [INFO] WebApp:191 - Connection restablished
2026-03-11 13:43:31,330 [INFO] WebApp:194 - Connection lost
2026-03-11 13:43:31,503 [INFO] WebApp:191 - Connection restablished
2026-03-11 13:46:00,811 [INFO] WebApp:194 - Connection lost
2026-03-11 13:46:07,372 [INFO] WebApp:191 - Connection restablished
2026-03-11 13:46:30,811 [INFO] WebApp:194 - Connection lost
2026-03-11 13:46:30,962 [INFO] WebApp:191 - Connection restablished
2026-03-11 13:46:54,812 [INFO] WebApp:194 - Connection lost
2026-03-11 13:46:54,982 [INFO] WebApp:191 - Connection restablished
2026-03-11 13:47:29,310 [INFO] WebApp:194 - Connection lost
2026-03-11 13:47:29,500 [INFO] WebApp:191 - Connection restablished
2026-03-11 13:49:31,309 [INFO] WebApp:194 - Connection lost
2026-03-11 13:49:31,502 [INFO] WebApp:191 - Connection restablished
2026-03-11 13:50:19,788 [INFO] WebApp:194 - Connection lost
2026-03-11 13:50:19,971 [INFO] WebApp:191 - Connection restablished
2026-03-11 13:56:09,787 [INFO] WebApp:194 - Connection lost
2026-03-11 13:56:09,997 [INFO] WebApp:191 - Connection restablished
2026-03-11 13:56:41,294 [INFO] WebApp:194 - Connection lost
2026-03-11 13:56:41,462 [INFO] WebApp:191 - Connection restablished
2026-03-11 14:00:55,294 [INFO] WebApp:194 - Connection lost
2026-03-11 14:00:55,567 [INFO] WebApp:191 - Connection restablished
2026-03-11 14:02:47,313 [INFO] WebApp:194 - Connection lost
2026-03-11 14:02:47,499 [INFO] WebApp:191 - Connection restablished
2026-03-11 14:04:37,805 [INFO] WebApp:194 - Connection lost
2026-03-11 14:04:38,007 [INFO] WebApp:191 - Connection restablished
2026-03-11 14:07:41,293 [INFO] WebApp:194 - Connection lost
2026-03-11 14:07:41,475 [INFO] WebApp:191 - Connection restablished
2026-03-11 14:07:53,303 [INFO] WebApp:194 - Connection lost
2026-03-11 14:07:53,447 [INFO] WebApp:191 - Connection restablished
2026-03-11 14:13:16,798 [INFO] WebApp:194 - Connection lost
2026-03-11 14:13:17,011 [INFO] WebApp:191 - Connection restablished
2026-03-11 14:16:06,316 [INFO] WebApp:194 - Connection lost
2026-03-11 14:16:06,489 [INFO] WebApp:191 - Connection restablished
2026-03-11 14:24:28,322 [INFO] WebApp:194 - Connection lost
2026-03-11 14:24:28,554 [INFO] WebApp:191 - Connection restablished
2026-03-11 14:26:59,312 [INFO] WebApp:194 - Connection lost
2026-03-11 14:26:59,577 [INFO] WebApp:191 - Connection restablished
2026-03-11 14:30:17,800 [INFO] WebApp:194 - Connection lost
2026-03-11 14:30:18,014 [INFO] WebApp:191 - Connection restablished
2026-03-11 14:33:37,297 [INFO] WebApp:194 - Connection lost
2026-03-11 14:33:37,584 [INFO] WebApp:191 - Connection restablished
2026-03-11 14:34:13,795 [INFO] WebApp:194 - Connection lost
2026-03-11 14:34:14,041 [INFO] WebApp:191 - Connection restablished
2026-03-11 14:35:27,354 [INFO] WebApp:194 - Connection lost
2026-03-11 14:35:28,198 [INFO] WebApp:191 - Connection restablished
2026-03-11 14:35:32,806 [INFO] WebApp:194 - Connection lost
2026-03-11 14:35:33,059 [INFO] WebApp:191 - Connection restablished
2026-03-11 14:37:14,312 [INFO] WebApp:194 - Connection lost
2026-03-11 14:37:14,587 [INFO] WebApp:191 - Connection restablished
2026-03-11 14:38:11,320 [INFO] WebApp:194 - Connection lost
2026-03-11 14:38:11,485 [INFO] WebApp:191 - Connection restablished
2026-03-11 14:38:41,316 [INFO] WebApp:194 - Connection lost
2026-03-11 14:38:41,507 [INFO] WebApp:191 - Connection restablished
2026-03-11 14:49:42,878 [INFO] WebApp:194 - Connection lost
2026-03-11 14:49:43,152 [INFO] WebApp:191 - Connection restablished
2026-03-11 14:56:17,319 [INFO] WebApp:194 - Connection lost
2026-03-11 14:56:17,517 [INFO] WebApp:191 - Connection restablished
2026-03-11 15:07:11,485 [INFO] WebApp:194 - Connection lost
2026-03-11 15:07:12,009 [INFO] WebApp:191 - Connection restablished
2026-03-11 15:08:00,301 [INFO] WebApp:194 - Connection lost
2026-03-11 15:08:00,494 [INFO] WebApp:191 - Connection restablished
2026-03-11 15:12:16,983 [INFO] WebApp:194 - Connection lost
2026-03-11 15:12:17,337 [INFO] WebApp:191 - Connection restablished
2026-03-11 15:14:32,301 [INFO] WebApp:194 - Connection lost
2026-03-11 15:14:32,649 [INFO] WebApp:191 - Connection restablished
2026-03-11 15:15:49,310 [INFO] WebApp:194 - Connection lost
2026-03-11 15:15:49,503 [INFO] WebApp:191 - Connection restablished
2026-03-11 15:16:32,814 [INFO] WebApp:194 - Connection lost
2026-03-11 15:16:33,003 [INFO] WebApp:191 - Connection restablished
2026-03-11 15:55:17,719 [INFO] WebApp:194 - Connection lost
2026-03-11 15:55:18,413 [INFO] WebApp:191 - Connection restablished
2026-03-11 15:55:56,804 [INFO] WebApp:194 - Connection lost
2026-03-11 15:55:56,989 [INFO] WebApp:191 - Connection restablished
2026-03-11 16:08:54,146 [INFO] WebApp:194 - Connection lost
2026-03-11 16:08:54,798 [INFO] WebApp:191 - Connection restablished
2026-03-11 16:22:59,914 [INFO] WebApp:194 - Connection lost
2026-03-11 16:23:00,455 [INFO] WebApp:191 - Connection restablished
2026-03-11 16:46:45,207 [INFO] WebApp:194 - Connection lost
2026-03-11 16:46:45,688 [INFO] WebApp:191 - Connection restablished
2026-03-11 16:59:40,021 [INFO] WebApp:194 - Connection lost
2026-03-11 16:59:40,554 [INFO] WebApp:191 - Connection restablished
2026-03-11 17:01:38,790 [INFO] WebApp:194 - Connection lost
2026-03-11 17:01:38,969 [INFO] WebApp:191 - Connection restablished
2026-03-11 17:11:37,101 [INFO] WebApp:194 - Connection lost
2026-03-11 17:11:37,527 [INFO] WebApp:191 - Connection restablished
2026-03-11 17:12:31,037 [INFO] WebApp:194 - Connection lost
2026-03-11 17:12:40,849 [INFO] WebApp:191 - Connection restablished
2026-03-11 17:12:42,838 [INFO] WebApp:194 - Connection lost
2026-03-11 17:12:43,008 [INFO] WebApp:191 - Connection restablished
2026-03-11 17:16:40,696 [ERROR] LogOutputStream:75 - [STDERR_REDIRECT] 
