2026-04-10 10:38:56,441 [INFO] Activator:176 - 


2026-04-10 10:38:56,448 [INFO] Activator:177 - !SESSION log4j initialized
2026-04-10 10:39:04,927 [INFO] LogOutputStream:77 - [STDOUT_REDIRECT] 
2026-04-10 10:39:07,039 [INFO] ApplicationProperties:184 - Using Application install path: C:\ST\STM32CubeIDE_1.19.0\STM32CubeIDE\plugins\com.st.stm32cube.common.mx_6.15.0.202507011659
2026-04-10 10:39:07,055 [INFO] DbMcusXml:78 - Set database path to: C:\ST\STM32CubeIDE_1.19.0\STM32CubeIDE\plugins\com.st.stm32cube.common.mx_6.15.0.202507011659\\db\/mcu/
2026-04-10 10:39:07,056 [INFO] ApiDb:274 - Set plugin database path to: C:\ST\STM32CubeIDE_1.19.0\STM32CubeIDE\plugins\com.st.stm32cube.common.mx_6.15.0.202507011659\\db\/plugins/boardmanager/
2026-04-10 10:39:07,056 [WARN] ApiDb:259 - Overriding images path with different value:  => C:\ST\STM32CubeIDE_1.19.0\STM32CubeIDE\plugins\com.st.stm32cube.common.mx_6.15.0.202507011659\\db\/plugins/mcufinder/images/
2026-04-10 10:39:07,066 [INFO] ApiDb:250 - Set database path to: C:\Users\Alfred\.stmcufinder\plugins\mcufinder//mcu/
2026-04-10 10:39:07,067 [INFO] DbMcusAds:125 - Set database path to: C:\Users\Alfred\.stmcufinder\plugins\mcufinder//mcu/
2026-04-10 10:39:07,070 [INFO] CrossReferenceDbSqlite:203 - Set database path to: C:\Users\Alfred\.stmcufinder\plugins\mcufinder//mcu/cs/
2026-04-10 10:39:07,222 [INFO] RulesReader:64 - Compatibility file has been processed (317 Rules)
2026-04-10 10:39:07,307 [INFO] DbMcusXml:78 - Set database path to: C:\ST\STM32CubeIDE_1.19.0\STM32CubeIDE\plugins\com.st.stm32cube.common.mx_6.15.0.202507011659\\db\/mcu/
2026-04-10 10:39:07,307 [INFO] ApiDb:274 - Set plugin database path to: C:\ST\STM32CubeIDE_1.19.0\STM32CubeIDE\plugins\com.st.stm32cube.common.mx_6.15.0.202507011659\\db\/plugins/boardmanager/
2026-04-10 10:39:07,308 [INFO] ApiDb:261 - Set plugin images path to: C:\ST\STM32CubeIDE_1.19.0\STM32CubeIDE\plugins\com.st.stm32cube.common.mx_6.15.0.202507011659\\db\/plugins/mcufinder/images/
2026-04-10 10:39:07,308 [WARN] DbFile:41 - Overriding database path with different value: C:\Users\Alfred\.stmcufinder\plugins\mcufinder/ => C:\Users\Alfred\.stmcufinder\plugins\mcufinder
2026-04-10 10:39:07,308 [INFO] ApiDb:250 - Set database path to: C:\Users\Alfred\.stmcufinder\plugins\mcufinder//mcu/
2026-04-10 10:39:07,308 [WARN] DbFile:41 - Overriding database path with different value: C:\Users\Alfred\.stmcufinder\plugins\mcufinder/ => C:\Users\Alfred\.stmcufinder\plugins\mcufinder
2026-04-10 10:39:07,308 [INFO] DbMcusAds:125 - Set database path to: C:\Users\Alfred\.stmcufinder\plugins\mcufinder//mcu/
2026-04-10 10:39:07,308 [WARN] DbFile:41 - Overriding database path with different value: C:\Users\Alfred\.stmcufinder\plugins\mcufinder/ => C:\Users\Alfred\.stmcufinder\plugins\mcufinder
2026-04-10 10:39:07,308 [WARN] DbFile:41 - Overriding database path with different value: C:\Users\Alfred\.stmcufinder\plugins\mcufinder/ => C:\Users\Alfred\.stmcufinder\plugins\mcufinder
2026-04-10 10:39:07,308 [INFO] CrossReferenceDbSqlite:203 - Set database path to: C:\Users\Alfred\.stmcufinder\plugins\mcufinder//mcu/cs/
2026-04-10 10:39:07,394 [INFO] MainPanel:274 - HeapMemory: 268435456
2026-04-10 10:39:07,506 [INFO] DbMcusXml:78 - Set database path to: C:\ST\STM32CubeIDE_1.19.0\STM32CubeIDE\plugins\com.st.stm32cube.common.mx_6.15.0.202507011659\\db\/mcu/
2026-04-10 10:39:07,506 [INFO] ApiDb:274 - Set plugin database path to: C:\ST\STM32CubeIDE_1.19.0\STM32CubeIDE\plugins\com.st.stm32cube.common.mx_6.15.0.202507011659\\db\/plugins/boardmanager/
2026-04-10 10:39:07,506 [INFO] ApiDb:261 - Set plugin images path to: C:\ST\STM32CubeIDE_1.19.0\STM32CubeIDE\plugins\com.st.stm32cube.common.mx_6.15.0.202507011659\\db\/plugins/mcufinder/images/
2026-04-10 10:39:07,507 [WARN] DbFile:41 - Overriding database path with different value: C:\Users\Alfred\.stmcufinder\plugins\mcufinder/ => C:\Users\Alfred\.stmcufinder\plugins\mcufinder
2026-04-10 10:39:07,507 [INFO] ApiDb:250 - Set database path to: C:\Users\Alfred\.stmcufinder\plugins\mcufinder//mcu/
2026-04-10 10:39:07,507 [WARN] DbFile:41 - Overriding database path with different value: C:\Users\Alfred\.stmcufinder\plugins\mcufinder/ => C:\Users\Alfred\.stmcufinder\plugins\mcufinder
2026-04-10 10:39:07,507 [INFO] DbMcusAds:125 - Set database path to: C:\Users\Alfred\.stmcufinder\plugins\mcufinder//mcu/
2026-04-10 10:39:07,508 [WARN] DbFile:41 - Overriding database path with different value: C:\Users\Alfred\.stmcufinder\plugins\mcufinder/ => C:\Users\Alfred\.stmcufinder\plugins\mcufinder
2026-04-10 10:39:07,508 [WARN] DbFile:41 - Overriding database path with different value: C:\Users\Alfred\.stmcufinder\plugins\mcufinder/ => C:\Users\Alfred\.stmcufinder\plugins\mcufinder
2026-04-10 10:39:07,508 [INFO] CrossReferenceDbSqlite:203 - Set database path to: C:\Users\Alfred\.stmcufinder\plugins\mcufinder//mcu/cs/
2026-04-10 10:39:07,531 [INFO] ApplicationProperties:184 - Using Application install path: C:\ST\STM32CubeIDE_1.19.0\STM32CubeIDE\plugins\com.st.stm32cube.common.mx_6.15.0.202507011659
2026-04-10 10:39:07,532 [INFO] PluginManage:196 - Search for loadable plugins [exclusion list=, ]
2026-04-10 10:39:07,534 [INFO] PluginManage:310 - Check plugin analytics
2026-04-10 10:39:07,723 [INFO] AnalyticsPlugin:253 - Accepted Software Licenses: 
2026-04-10 10:39:07,723 [INFO] AnalyticsPlugin:255 - Accepted CMSIS Pack Licenses: 
2026-04-10 10:39:07,724 [INFO] AnalyticsPlugin:257 - Accepted Firmware Licenses: FW.G0.1.6.0
2026-04-10 10:39:07,727 [INFO] PluginManage:359 - Loaded plugin analytics (category:tool,tabindex:-1)
2026-04-10 10:39:07,727 [INFO] PluginManage:310 - Check plugin cadmodel
2026-04-10 10:39:07,748 [INFO] CADModel:105 - Init CAD model plugin
2026-04-10 10:39:07,748 [INFO] PluginManage:359 - Loaded plugin cadmodel (category:power,tabindex:5)
2026-04-10 10:39:07,748 [INFO] PluginManage:310 - Check plugin clock
2026-04-10 10:39:07,768 [INFO] PluginManage:359 - Loaded plugin clock (category:base,tabindex:2)
2026-04-10 10:39:07,768 [INFO] PluginManage:310 - Check plugin ddr
2026-04-10 10:39:07,770 [INFO] PluginManage:359 - Loaded plugin ddr (category:tool,tabindex:6)
2026-04-10 10:39:07,771 [INFO] PluginManage:310 - Check plugin filemanager
2026-04-10 10:39:07,922 [INFO] PluginManage:359 - Loaded plugin filemanager (category:base,tabindex:10)
2026-04-10 10:39:07,922 [INFO] PluginManage:310 - Check plugin ipmanager
2026-04-10 10:39:07,929 [INFO] PluginManage:359 - Loaded plugin ipmanager (category:base,tabindex:5)
2026-04-10 10:39:07,930 [INFO] PluginManage:310 - Check plugin lpbam
2026-04-10 10:39:07,948 [INFO] PluginManage:359 - Loaded plugin lpbam (category:base,tabindex:0)
2026-04-10 10:39:07,948 [INFO] PluginManage:310 - Check plugin memorymap
2026-04-10 10:39:07,973 [INFO] PluginManage:359 - Loaded plugin memorymap (category:base,tabindex:4)
2026-04-10 10:39:07,973 [INFO] PluginManage:310 - Check plugin pinoutandconfiguration
2026-04-10 10:39:07,991 [INFO] PluginManage:359 - Loaded plugin pinoutandconfiguration (category:base,tabindex:1)
2026-04-10 10:39:07,991 [INFO] PluginManage:310 - Check plugin pinoutconfig
2026-04-10 10:39:08,131 [WARN] SupportedApi:132 - Cannot load RTOS API schema: s4s-elt-must-match.1: The content of 'definitions' must match (annotation?, (simpleType | complexType)?, (unique | key | keyref)*)). A problem was found starting at: attribute.
2026-04-10 10:39:08,271 [INFO] PluginManage:359 - Loaded plugin pinoutconfig (category:base,tabindex:0)
2026-04-10 10:39:08,271 [INFO] PluginManage:310 - Check plugin power
2026-04-10 10:39:08,290 [INFO] PluginManage:359 - Loaded plugin power (category:power,tabindex:4)
2026-04-10 10:39:08,290 [INFO] PluginManage:310 - Check plugin projectmanager
2026-04-10 10:39:08,305 [INFO] PluginManage:359 - Loaded plugin projectmanager (category:projectmanager,tabindex:4)
2026-04-10 10:39:08,306 [INFO] PluginManage:310 - Check plugin rif
2026-04-10 10:39:08,326 [INFO] PluginManage:359 - Loaded plugin rif (category:base,tabindex:3)
2026-04-10 10:39:08,326 [INFO] PluginManage:310 - Check plugin thirdparty
2026-04-10 10:39:08,638 [INFO] PluginManage:359 - Loaded plugin thirdparty (category:base,tabindex:-1)
2026-04-10 10:39:08,638 [WARN] IntegrityCheckThread:84 - waiting for thirdparty lock release [integrity check]
2026-04-10 10:39:08,638 [INFO] PluginManage:310 - Check plugin tools
2026-04-10 10:39:08,638 [INFO] IntegrityCheckThread:86 - entering critical section [integrity check]
2026-04-10 10:39:08,639 [INFO] ThirdPartyUpdaterWithRetryManager:70 - Updater plugin not ready yet. [1/15]
2026-04-10 10:39:08,685 [INFO] PluginManage:359 - Loaded plugin tools (category:base,tabindex:7)
2026-04-10 10:39:08,685 [INFO] PluginManage:310 - Check plugin tutovideos
2026-04-10 10:39:08,945 [INFO] PluginManage:359 - Loaded plugin tutovideos (category:base,tabindex:-1)
2026-04-10 10:39:08,945 [INFO] PluginManage:310 - Check plugin updater
2026-04-10 10:39:08,964 [INFO] PluginManage:359 - Loaded plugin updater (category:base,tabindex:12)
2026-04-10 10:39:08,964 [INFO] PluginManage:310 - Check plugin userauth
2026-04-10 10:39:08,967 [INFO] UserAuth:118 - Init User Auth plugin
2026-04-10 10:39:08,968 [INFO] PluginManage:359 - Loaded plugin userauth (category:base,tabindex:14)
2026-04-10 10:39:08,969 [INFO] PluginManage:283 - PluginManage : Loaded plugins [18]
2026-04-10 10:39:09,178 [INFO] PinOutPanel:1589 - setPackage(No Configuration,No Configuration)
2026-04-10 10:39:09,271 [INFO] CADModel:165 - CPN selected for project level
2026-04-10 10:39:09,272 [INFO] CADModel:114 - Register for checkConnection events
2026-04-10 10:39:09,300 [INFO] IPUIPlugin:80 - create IPUIPlugin
2026-04-10 10:39:09,300 [INFO] PluginManager:220 - loadIPPluginJar : add adc
2026-04-10 10:39:09,342 [INFO] IPUIPlugin:80 - create IPUIPlugin
2026-04-10 10:39:09,343 [INFO] PluginManager:220 - loadIPPluginJar : add aes
2026-04-10 10:39:09,401 [INFO] IPUIPlugin:80 - create IPUIPlugin
2026-04-10 10:39:09,401 [INFO] PluginManager:220 - loadIPPluginJar : add can
2026-04-10 10:39:09,435 [INFO] IPUIPlugin:80 - create IPUIPlugin
2026-04-10 10:39:09,435 [INFO] PluginManager:220 - loadIPPluginJar : add comp
2026-04-10 10:39:09,470 [INFO] IPUIPlugin:80 - create IPUIPlugin
2026-04-10 10:39:09,470 [INFO] PluginManager:220 - loadIPPluginJar : add cryp
2026-04-10 10:39:09,485 [INFO] IPUIPlugin:80 - create IPUIPlugin
2026-04-10 10:39:09,485 [INFO] PluginManager:220 - loadIPPluginJar : add ddr_ctrl_phy
2026-04-10 10:39:09,515 [INFO] IPUIPlugin:80 - create IPUIPlugin
2026-04-10 10:39:09,515 [INFO] PluginManager:220 - loadIPPluginJar : add dfsdm
2026-04-10 10:39:09,534 [INFO] IPUIPlugin:80 - create IPUIPlugin
2026-04-10 10:39:09,534 [INFO] PluginManager:220 - loadIPPluginJar : add dma
2026-04-10 10:39:09,571 [INFO] IPUIPlugin:80 - create IPUIPlugin
2026-04-10 10:39:09,571 [INFO] PluginManager:220 - loadIPPluginJar : add dma3
2026-04-10 10:39:09,624 [INFO] IPUIPlugin:80 - create IPUIPlugin
2026-04-10 10:39:09,624 [INFO] PluginManager:220 - loadIPPluginJar : add extmemmanager
2026-04-10 10:39:09,644 [INFO] IPUIPlugin:80 - create IPUIPlugin
2026-04-10 10:39:09,644 [INFO] PluginManager:220 - loadIPPluginJar : add fatfs
2026-04-10 10:39:09,690 [INFO] IPUIPlugin:80 - create IPUIPlugin
2026-04-10 10:39:09,690 [INFO] PluginManager:220 - loadIPPluginJar : add fmc
2026-04-10 10:39:09,709 [INFO] IPUIPlugin:80 - create IPUIPlugin
2026-04-10 10:39:09,709 [INFO] PluginManager:220 - loadIPPluginJar : add freertos
2026-04-10 10:39:09,732 [INFO] IPUIPlugin:80 - create IPUIPlugin
2026-04-10 10:39:09,732 [INFO] PluginManager:220 - loadIPPluginJar : add genericplugin
2026-04-10 10:39:09,828 [INFO] IPUIPlugin:80 - create IPUIPlugin
2026-04-10 10:39:09,828 [INFO] PluginManager:220 - loadIPPluginJar : add gfxmmu
2026-04-10 10:39:09,950 [INFO] IPUIPlugin:80 - create IPUIPlugin
2026-04-10 10:39:09,950 [INFO] PluginManager:220 - loadIPPluginJar : add gic
2026-04-10 10:39:09,967 [INFO] IPUIPlugin:80 - create IPUIPlugin
2026-04-10 10:39:09,967 [INFO] PluginManager:220 - loadIPPluginJar : add gpio
2026-04-10 10:39:10,061 [INFO] IPUIPlugin:80 - create IPUIPlugin
2026-04-10 10:39:10,061 [INFO] PluginManager:220 - loadIPPluginJar : add gtzc
2026-04-10 10:39:10,098 [INFO] IPUIPlugin:80 - create IPUIPlugin
2026-04-10 10:39:10,098 [INFO] PluginManager:220 - loadIPPluginJar : add hash
2026-04-10 10:39:10,153 [INFO] IPUIPlugin:80 - create IPUIPlugin
2026-04-10 10:39:10,153 [INFO] PluginManager:220 - loadIPPluginJar : add i2c
2026-04-10 10:39:10,197 [INFO] IPUIPlugin:80 - create IPUIPlugin
2026-04-10 10:39:10,198 [INFO] PluginManager:220 - loadIPPluginJar : add i2s
2026-04-10 10:39:10,234 [INFO] IPUIPlugin:80 - create IPUIPlugin
2026-04-10 10:39:10,235 [INFO] PluginManager:220 - loadIPPluginJar : add i3c
2026-04-10 10:39:10,335 [INFO] IPUIPlugin:80 - create IPUIPlugin
2026-04-10 10:39:10,336 [INFO] PluginManager:220 - loadIPPluginJar : add ipddr
2026-04-10 10:39:10,441 [INFO] IPUIPlugin:80 - create IPUIPlugin
2026-04-10 10:39:10,441 [INFO] PluginManager:220 - loadIPPluginJar : add linkedlist
2026-04-10 10:39:10,485 [INFO] IPUIPlugin:80 - create IPUIPlugin
2026-04-10 10:39:10,485 [INFO] PluginManager:220 - loadIPPluginJar : add lorawan
2026-04-10 10:39:10,531 [INFO] IPUIPlugin:80 - create IPUIPlugin
2026-04-10 10:39:10,532 [INFO] PluginManager:220 - loadIPPluginJar : add ltdc
2026-04-10 10:39:10,546 [INFO] IPUIPlugin:80 - create IPUIPlugin
2026-04-10 10:39:10,546 [INFO] PluginManager:220 - loadIPPluginJar : add mdma
2026-04-10 10:39:10,558 [INFO] IPUIPlugin:80 - create IPUIPlugin
2026-04-10 10:39:10,559 [INFO] PluginManager:220 - loadIPPluginJar : add nvic
2026-04-10 10:39:10,602 [INFO] IPUIPlugin:80 - create IPUIPlugin
2026-04-10 10:39:10,602 [INFO] PluginManager:220 - loadIPPluginJar : add opamp
2026-04-10 10:39:10,674 [INFO] IPUIPlugin:80 - create IPUIPlugin
2026-04-10 10:39:10,674 [INFO] PluginManager:220 - loadIPPluginJar : add openamp
2026-04-10 10:39:10,731 [INFO] IPUIPlugin:80 - create IPUIPlugin
2026-04-10 10:39:10,732 [INFO] PluginManager:220 - loadIPPluginJar : add pdm2pcm
2026-04-10 10:39:10,754 [INFO] IPUIPlugin:80 - create IPUIPlugin
2026-04-10 10:39:10,757 [INFO] PluginManager:220 - loadIPPluginJar : add plateformsettings
2026-04-10 10:39:10,780 [INFO] IPUIPlugin:80 - create IPUIPlugin
2026-04-10 10:39:10,781 [INFO] PluginManager:220 - loadIPPluginJar : add quadspi
2026-04-10 10:39:10,808 [INFO] IPUIPlugin:80 - create IPUIPlugin
2026-04-10 10:39:10,809 [INFO] PluginManager:220 - loadIPPluginJar : add radio
2026-04-10 10:39:10,822 [INFO] IPUIPlugin:80 - create IPUIPlugin
2026-04-10 10:39:10,822 [INFO] PluginManager:220 - loadIPPluginJar : add resmgrutility
2026-04-10 10:39:10,872 [INFO] IPUIPlugin:80 - create IPUIPlugin
2026-04-10 10:39:10,872 [INFO] PluginManager:220 - loadIPPluginJar : add sai
2026-04-10 10:39:10,910 [INFO] IPUIPlugin:80 - create IPUIPlugin
2026-04-10 10:39:10,910 [INFO] PluginManager:220 - loadIPPluginJar : add spi
2026-04-10 10:39:10,987 [INFO] IPUIPlugin:80 - create IPUIPlugin
2026-04-10 10:39:10,987 [INFO] PluginManager:220 - loadIPPluginJar : add stm32_wpan
2026-04-10 10:39:11,016 [INFO] IPUIPlugin:80 - create IPUIPlugin
2026-04-10 10:39:11,017 [INFO] PluginManager:220 - loadIPPluginJar : add tim
2026-04-10 10:39:11,074 [INFO] IPUIPlugin:80 - create IPUIPlugin
2026-04-10 10:39:11,074 [INFO] PluginManager:220 - loadIPPluginJar : add touchsensing
2026-04-10 10:39:11,099 [INFO] IPUIPlugin:80 - create IPUIPlugin
2026-04-10 10:39:11,099 [INFO] PluginManager:220 - loadIPPluginJar : add tracer_emb
2026-04-10 10:39:11,126 [INFO] IPUIPlugin:80 - create IPUIPlugin
2026-04-10 10:39:11,126 [INFO] PluginManager:220 - loadIPPluginJar : add ts
2026-04-10 10:39:11,150 [INFO] IPUIPlugin:80 - create IPUIPlugin
2026-04-10 10:39:11,150 [INFO] PluginManager:220 - loadIPPluginJar : add tsc
2026-04-10 10:39:11,179 [INFO] IPUIPlugin:80 - create IPUIPlugin
2026-04-10 10:39:11,179 [INFO] PluginManager:220 - loadIPPluginJar : add ucpd
2026-04-10 10:39:11,234 [INFO] IPUIPlugin:80 - create IPUIPlugin
2026-04-10 10:39:11,234 [INFO] PluginManager:220 - loadIPPluginJar : add usart
2026-04-10 10:39:11,280 [INFO] IPUIPlugin:80 - create IPUIPlugin
2026-04-10 10:39:11,280 [INFO] PluginManager:220 - loadIPPluginJar : add usbx
2026-04-10 10:39:11,413 [FATAL] Updater:351 - Updater called before beeing initialized
2026-04-10 10:39:11,437 [INFO] RulesReader:64 - Compatibility file has been processed (317 Rules)
2026-04-10 10:39:11,445 [INFO] RulesReader:64 - Compatibility file has been processed (317 Rules)
2026-04-10 10:39:11,451 [INFO] CADModel:165 - CPN selected for project level
2026-04-10 10:39:11,451 [INFO] CADModel:114 - Register for checkConnection events
2026-04-10 10:39:11,451 [FATAL] Updater:351 - Updater called before beeing initialized
2026-04-10 10:39:11,451 [ERROR] CADModel:125 - Updater not yet initialized, retry later 
2026-04-10 10:39:11,605 [FATAL] Updater:351 - Updater called before beeing initialized
2026-04-10 10:39:11,607 [INFO] CADModel:165 - CPN selected for project level
2026-04-10 10:39:11,607 [INFO] CADModel:114 - Register for checkConnection events
2026-04-10 10:39:11,607 [FATAL] Updater:351 - Updater called before beeing initialized
2026-04-10 10:39:11,607 [ERROR] CADModel:125 - Updater not yet initialized, retry later 
2026-04-10 10:39:11,610 [FATAL] Updater:351 - Updater called before beeing initialized
2026-04-10 10:39:11,639 [INFO] ThirdPartyUpdaterWithRetryManager:70 - Updater plugin not ready yet. [2/15]
2026-04-10 10:39:11,728 [FATAL] Updater:351 - Updater called before beeing initialized
2026-04-10 10:39:11,740 [INFO] DbMcusAds:53 - JSON generation date=Tue Feb 10 17:46:36 IST 2026 (1770725796209)
2026-04-10 10:39:11,740 [FATAL] Updater:351 - Updater called before beeing initialized
2026-04-10 10:39:11,777 [WARN] DetailPanel:346 - Failed to get advertising image, set to default
2026-04-10 10:39:11,922 [FATAL] Updater:351 - Updater called before beeing initialized
2026-04-10 10:39:11,924 [FATAL] Updater:351 - Updater called before beeing initialized
2026-04-10 10:39:11,924 [FATAL] Updater:351 - Updater called before beeing initialized
2026-04-10 10:39:11,925 [WARN] DetailPanel:346 - Failed to get advertising image, set to default
2026-04-10 10:39:11,926 [FATAL] Updater:351 - Updater called before beeing initialized
2026-04-10 10:39:11,998 [ERROR] Updater:1198 - MainUpdater not yet initialized. External WinMGr cannot be set.
2026-04-10 10:39:12,008 [INFO] Updater:1134 - Updater Version found : 6.15.0
2026-04-10 10:39:12,022 [INFO] ApplicationProperties:184 - Using Application install path: C:\ST\STM32CubeIDE_1.19.0\STM32CubeIDE\plugins\com.st.stm32cube.common.mx_6.15.0.202507011659
2026-04-10 10:39:12,430 [INFO] MainUpdater:2872 - connection check result : 10
2026-04-10 10:39:12,431 [INFO] MainUpdater:289 - Updater Check For Update Now.
2026-04-10 10:39:12,431 [INFO] MicroXplorer:498 - Change Database Version : DB.6.0.150
2026-04-10 10:39:12,450 [INFO] McuFinderGlobals:63 - Set McuFinder mode to 2 (CubeIDE integrated)
2026-04-10 10:39:12,458 [INFO] UserAuth:487 - Internet connection configuration mode: 1
2026-04-10 10:39:12,493 [INFO] JxBrowserEngine:152 - Initiate JxBrowser Engine with user profile folder
2026-04-10 10:39:12,649 [INFO] CheckServerUpdateThread:120 - End of CheckServer Thread
2026-04-10 10:39:15,503 [WARN] PackLoader:240 - Cannot read IP mode file for STMicroelectronics.X-CUBE-AZRTOS-H7.3.5.0
2026-04-10 10:39:15,535 [WARN] PackLoader:240 - Cannot read IP mode file for STMicroelectronics.FP-SNS-MOTENVWB1.1.4.0
2026-04-10 10:39:15,567 [WARN] PackLoader:240 - Cannot read IP mode file for STMicroelectronics.FP-ATR-ASTRA1.2.0.2
2026-04-10 10:39:15,596 [WARN] PackLoader:240 - Cannot read IP mode file for STMicroelectronics.X-CUBE-SMBUS.2.1.0
2026-04-10 10:39:15,637 [WARN] PackLoader:240 - Cannot read IP mode file for STMicroelectronics.X-CUBE-AZRTOS-F7.1.1.0
2026-04-10 10:39:15,669 [WARN] PackLoader:240 - Cannot read IP mode file for Cesanta.I-CUBE-Mongoose.7.19.0
2026-04-10 10:39:15,697 [WARN] PackLoader:240 - Cannot read IP mode file for STMicroelectronics.FP-SNS-MOTENV1.5.1.0
2026-04-10 10:39:15,734 [WARN] PackLoader:240 - Cannot read IP mode file for WES.I-CUBE-Cesium.1.4.0
2026-04-10 10:39:15,786 [WARN] PackLoader:240 - Cannot read IP mode file for Infineon.AIROC-Wi-Fi-Bluetooth-STM32.1.7.1
2026-04-10 10:39:15,838 [INFO] WebApp:169 - Instantiating new browser for Auth
2026-04-10 10:39:15,847 [WARN] PackLoader:240 - Cannot read IP mode file for STMicroelectronics.X-CUBE-AZRTOS-H7.3.4.0
2026-04-10 10:39:15,907 [WARN] PackLoader:240 - Cannot read IP mode file for STMicroelectronics.X-CUBE-DISPLAY.3.0.0
2026-04-10 10:39:15,943 [WARN] PackLoader:240 - Cannot read IP mode file for STMicroelectronics.FP-SNS-MOTENVWB1.1.5.0
2026-04-10 10:39:15,982 [WARN] PackLoader:240 - Cannot read IP mode file for STMicroelectronics.X-CUBE-NFC10.1.0.0
2026-04-10 10:39:16,014 [WARN] PackLoader:240 - Cannot read IP mode file for STMicroelectronics.X-CUBE-ST60.1.1.0
2026-04-10 10:39:16,048 [WARN] PackLoader:240 - Cannot read IP mode file for emotas.I-CUBE-CANOPEN.1.3.0
2026-04-10 10:39:16,075 [WARN] PackLoader:240 - Cannot read IP mode file for STMicroelectronics.X-CUBE-GNSS1.7.1.0
2026-04-10 10:39:16,112 [WARN] PackLoader:240 - Cannot read IP mode file for STMicroelectronics.FP-SNS-STBOX1.2.1.0
2026-04-10 10:39:16,148 [WARN] PackLoader:240 - Cannot read IP mode file for STMicroelectronics.FP-SNS-SMARTAG2.1.2.0
2026-04-10 10:39:16,172 [WARN] PackLoader:240 - Cannot read IP mode file for STMicroelectronics.FP-SNS-FLIGHT1.5.1.0
2026-04-10 10:39:16,212 [INFO] LogOutputStream:77 - [STDOUT_REDIRECT] 1 : Invalid condition id : UX_CORESTACK_Condition cause : null
2026-04-10 10:39:16,213 [INFO] LogOutputStream:77 - [STDOUT_REDIRECT] 1 : Invalid condition id : UX_CORESTACK_Condition cause : null
2026-04-10 10:39:16,214 [INFO] LogOutputStream:77 - [STDOUT_REDIRECT] 1 : Invalid condition id : UX_CORESTACK_Condition cause : null
2026-04-10 10:39:16,216 [INFO] LogOutputStream:77 - [STDOUT_REDIRECT] 1 : Invalid condition id : UX_CORESTACK_Condition cause : null
2026-04-10 10:39:16,218 [INFO] LogOutputStream:77 - [STDOUT_REDIRECT] 1 : Invalid condition id : UX_CORESTACK_Condition cause : null
2026-04-10 10:39:16,220 [WARN] PackLoader:240 - Cannot read IP mode file for STMicroelectronics.X-CUBE-AZRTOS-WL.2.0.0
2026-04-10 10:39:16,242 [WARN] PackLoader:240 - Cannot read IP mode file for STMicroelectronics.FP-SNS-MOTENV1.5.0.0
2026-04-10 10:39:16,273 [WARN] PackLoader:240 - Cannot read IP mode file for STMicroelectronics.X-CUBE-AZRTOS-H7RS.1.2.0
2026-04-10 10:39:16,291 [WARN] PackLoader:240 - Cannot read IP mode file for STMicroelectronics.X-CUBE-BLE2.3.3.0
2026-04-10 10:39:16,351 [WARN] PackLoader:240 - Cannot read IP mode file for STMicroelectronics.X-CUBE-NFC9.1.0.0
2026-04-10 10:39:16,373 [WARN] PackLoader:240 - Cannot read IP mode file for wolfSSL.I-CUBE-wolfSSL.5.8.2
2026-04-10 10:39:16,393 [WARN] PackLoader:240 - Cannot read IP mode file for STMicroelectronics.X-CUBE-BLE1.7.1.0
2026-04-10 10:39:16,415 [WARN] PackLoader:240 - Cannot read IP mode file for wolfSSL.I-CUBE-wolfMQTT.1.19.2
2026-04-10 10:39:16,432 [WARN] PackLoader:240 - Cannot read IP mode file for STMicroelectronics.X-CUBE-FREERTOS.1.4.0
2026-04-10 10:39:16,452 [WARN] PackLoader:240 - Cannot read IP mode file for STMicroelectronics.X-CUBE-EEPRMA1.5.2.0
2026-04-10 10:39:16,474 [WARN] PackLoader:240 - Cannot read IP mode file for STMicroelectronics.X-CUBE-ST67W61.1.1.0
2026-04-10 10:39:16,540 [WARN] PackLoader:240 - Cannot read IP mode file for STMicroelectronics.X-CUBE-MEMS1.12.0.0
2026-04-10 10:39:16,989 [WARN] PackLoader:240 - Cannot read IP mode file for STMicroelectronics.X-CUBE-AZRTOS-G0.1.1.0
2026-04-10 10:39:17,041 [WARN] PackLoader:240 - Cannot read IP mode file for STMicroelectronics.X-CUBE-SAFEA1.1.2.2
2026-04-10 10:39:17,081 [WARN] PackLoader:240 - Cannot read IP mode file for STMicroelectronics.X-CUBE-NFC4.3.0.0
2026-04-10 10:39:17,129 [WARN] PackLoader:240 - Cannot read IP mode file for EmbeddedOffice.I-CUBE-FS-RTOS.1.0.1
2026-04-10 10:39:17,166 [WARN] PackLoader:240 - Cannot read IP mode file for STMicroelectronics.X-CUBE-WB05N.2.0.0
2026-04-10 10:39:17,194 [WARN] PackLoader:240 - Cannot read IP mode file for wolfSSL.I-CUBE-wolfTPM.3.8.0
2026-04-10 10:39:17,218 [WARN] PackLoader:240 - Cannot read IP mode file for STMicroelectronics.X-CUBE-TCPP.4.2.0
2026-04-10 10:39:17,239 [WARN] PackLoader:240 - Cannot read IP mode file for RealThread.X-CUBE-RT-Thread_Nano.4.1.1
2026-04-10 10:39:17,254 [WARN] PackLoader:240 - Cannot read IP mode file for STMicroelectronics.FP-ATR-SIGFOX1.3.2.0
2026-04-10 10:39:17,268 [WARN] PackLoader:240 - Cannot read IP mode file for STMicroelectronics.X-CUBE-FREERTOS.1.5.0
2026-04-10 10:39:17,287 [WARN] PackLoader:240 - Cannot read IP mode file for ITTIA_DB.I-CUBE-ITTIADB.8.9.0
2026-04-10 10:39:17,311 [WARN] PackLoader:240 - Cannot read IP mode file for STMicroelectronics.X-CUBE-NFC6.3.2.0
2026-04-10 10:39:17,332 [WARN] PackLoader:240 - Cannot read IP mode file for STMicroelectronics.X-CUBE-AI.10.2.0
2026-04-10 10:39:17,374 [WARN] PackLoader:240 - Cannot read IP mode file for SEGGER.I-CUBE-embOS.1.3.1
2026-04-10 10:39:17,587 [WARN] PackLoader:240 - Cannot read IP mode file for STMicroelectronics.X-CUBE-ALGOBUILD.1.4.0
2026-04-10 10:39:17,726 [WARN] PackLoader:240 - Cannot read IP mode file for STMicroelectronics.X-CUBE-MEMS1.11.3.0
2026-04-10 10:39:17,928 [WARN] PackLoader:240 - Cannot read IP mode file for STMicroelectronics.X-CUBE-PM33A1.1.0.0
2026-04-10 10:39:18,033 [WARN] PackLoader:240 - Cannot read IP mode file for STMicroelectronics.X-CUBE-AZRTOS-F4.1.1.0
2026-04-10 10:39:18,070 [WARN] PackLoader:240 - Cannot read IP mode file for STMicroelectronics.X-CUBE-ISPU.2.1.0
2026-04-10 10:39:18,085 [INFO] WebApp:463 - Apply proxy settings
2026-04-10 10:39:18,086 [INFO] WebApp:548 - Chromium requires no authentication
2026-04-10 10:39:18,109 [WARN] PackLoader:240 - Cannot read IP mode file for STMicroelectronics.X-CUBE-IPS.3.2.0
2026-04-10 10:39:18,225 [WARN] PackLoader:240 - Cannot read IP mode file for STMicroelectronics.eDS-WB_DPC_TT-BIDIR.2.1.1
2026-04-10 10:39:18,227 [INFO] WebApp:491 - Direct internet connection detected
2026-04-10 10:39:18,257 [WARN] PackLoader:240 - Cannot read IP mode file for STMicroelectronics.X-CUBE-NFC12.1.0.0
2026-04-10 10:39:18,304 [INFO] WebApp:900 - Register for checkConnection events
2026-04-10 10:39:18,305 [INFO] WebApp:463 - Apply proxy settings
2026-04-10 10:39:18,305 [INFO] WebApp:548 - Chromium requires no authentication
2026-04-10 10:39:18,306 [WARN] PackLoader:240 - Cannot read IP mode file for STMicroelectronics.X-CUBE-AZRTOS-L5.2.0.0
2026-04-10 10:39:18,306 [INFO] WebApp:491 - Direct internet connection detected
2026-04-10 10:39:18,341 [WARN] PackLoader:240 - Cannot read IP mode file for STMicroelectronics.X-CUBE-NFC6.3.1.0
2026-04-10 10:39:18,376 [WARN] PackLoader:240 - Cannot read IP mode file for STMicroelectronics.eDS-WB_DPC_VIENNA.1.2.0
2026-04-10 10:39:18,420 [WARN] PackLoader:240 - Cannot read IP mode file for STMicroelectronics.eDS-WB_DPC_3PH2L-BIDIR.1.1.1
2026-04-10 10:39:18,456 [WARN] PackLoader:240 - Cannot read IP mode file for STMicroelectronics.X-CUBE-FREERTOS.1.3.1
2026-04-10 10:39:18,488 [WARN] PackLoader:240 - Cannot read IP mode file for STMicroelectronics.X-CUBE-TOUCHGFX.4.26.0
2026-04-10 10:39:18,508 [WARN] PackLoader:240 - Cannot read IP mode file for STMicroelectronics.X-CUBE-TOUCHGFX.4.26.1
2026-04-10 10:39:18,528 [WARN] PackLoader:240 - Cannot read IP mode file for STMicroelectronics.FP-SNS-STAIOTCFT.1.0.0
2026-04-10 10:39:18,543 [WARN] PackLoader:240 - Cannot read IP mode file for STMicroelectronics.X-CUBE-DPower.1.3.0
2026-04-10 10:39:18,571 [WARN] ConditionMgr:438 - getConditionDescription Invalid condition id : LAN8742 Phy interface Condition cause : null
2026-04-10 10:39:18,572 [WARN] PackLoader:240 - Cannot read IP mode file for STMicroelectronics.X-CUBE-AZRTOS-L4.2.0.0
2026-04-10 10:39:18,573 [WARN] ConditionMgr:1044 - genDependencies : Invalid condition id : LAN8742 Phy interface Condition cause : null
2026-04-10 10:39:18,573 [WARN] ConditionMgr:1044 - genDependencies : Invalid condition id : LAN8742 Phy interface Condition cause : null
2026-04-10 10:39:18,573 [WARN] ConditionMgr:1044 - genDependencies : Invalid condition id : LAN8742 Phy interface Condition cause : null
2026-04-10 10:39:18,588 [WARN] PackLoader:240 - Cannot read IP mode file for STMicroelectronics.X-CUBE-SFXS2LP1.4.0.0
2026-04-10 10:39:18,605 [WARN] PackLoader:240 - Cannot read IP mode file for STMicroelectronics.X-CUBE-ST67W61.1.2.0
2026-04-10 10:39:18,623 [WARN] PackLoader:240 - Cannot read IP mode file for STMicroelectronics.X-CUBE-BLEMGR.4.1.0
2026-04-10 10:39:18,671 [WARN] ConditionMgr:438 - getConditionDescription Invalid condition id : UX DEVICE CLASS RTOS Condition cause : null
2026-04-10 10:39:18,671 [WARN] ConditionMgr:438 - getConditionDescription Invalid condition id : UX DEVICE CLASS RTOS Condition cause : null
2026-04-10 10:39:18,673 [WARN] PackLoader:240 - Cannot read IP mode file for STMicroelectronics.X-CUBE-AZRTOS-WB.2.0.0
2026-04-10 10:39:18,674 [WARN] ConditionMgr:1044 - genDependencies : Invalid condition id : UX DEVICE CLASS RTOS Condition cause : null
2026-04-10 10:39:18,674 [WARN] ConditionMgr:1044 - genDependencies : Invalid condition id : UX DEVICE CLASS RTOS Condition cause : null
2026-04-10 10:39:18,674 [WARN] ConditionMgr:1044 - genDependencies : Invalid condition id : UX DEVICE CLASS RTOS Condition cause : null
2026-04-10 10:39:18,675 [WARN] ConditionMgr:1044 - genDependencies : Invalid condition id : UX DEVICE CLASS RTOS Condition cause : null
2026-04-10 10:39:18,675 [WARN] ConditionMgr:1044 - genDependencies : Invalid condition id : UX DEVICE CLASS RTOS Condition cause : null
2026-04-10 10:39:18,699 [WARN] PackLoader:240 - Cannot read IP mode file for STMicroelectronics.X-CUBE-GNSS1.7.0.1
2026-04-10 10:39:18,722 [WARN] ConditionMgr:438 - getConditionDescription Invalid condition id : Cortex-A Device cause : null
2026-04-10 10:39:18,742 [INFO] WebApp:225 - Starting web application
2026-04-10 10:39:18,742 [INFO] WebApp:593 - Web application path used C:\ST\STM32CubeIDE_1.19.0\STM32CubeIDE\plugins\com.st.stm32cube.common.mx_6.15.0.202507011659\db\plugins\mcufinder\reactClient1\index.html
2026-04-10 10:39:18,757 [WARN] ConditionMgr:1044 - genDependencies : Invalid condition id : Cortex-A Device cause : null
2026-04-10 10:39:18,757 [WARN] ConditionMgr:1044 - genDependencies : Invalid condition id : Cortex-A Device cause : null
2026-04-10 10:39:18,758 [WARN] ConditionMgr:1044 - genDependencies : Invalid condition id : Cortex-A Device cause : null
2026-04-10 10:39:18,792 [WARN] PackLoader:240 - Cannot read IP mode file for STMicroelectronics.X-CUBE-STSE01.2.0.0
2026-04-10 10:39:19,119 [WARN] PackLoader:240 - Cannot read IP mode file for STMicroelectronics.X-CUBE-SUBG2.5.0.0
2026-04-10 10:39:19,200 [WARN] PackLoader:240 - Cannot read IP mode file for STMicroelectronics.X-CUBE-AZRTOS-H7RS.1.1.0
2026-04-10 10:39:19,277 [WARN] PackLoader:240 - Cannot read IP mode file for STMicroelectronics.X-CUBE-AZRTOS-G4.2.0.0
2026-04-10 10:39:19,314 [INFO] WebApp:191 - Connection restablished
2026-04-10 10:39:19,341 [WARN] PackLoader:240 - Cannot read IP mode file for wolfSSL.I-CUBE-wolfSSH.1.4.20
2026-04-10 10:39:19,381 [WARN] PackLoader:240 - Cannot read IP mode file for STMicroelectronics.X-CUBE-NFC7.2.0.0
2026-04-10 10:39:19,410 [WARN] PackLoader:240 - Cannot read IP mode file for STMicroelectronics.X-CUBE-ALS.1.0.2
2026-04-10 10:39:19,463 [WARN] PackLoader:240 - Cannot read IP mode file for STMicroelectronics.X-CUBE-STSE01.1.0.0
2026-04-10 10:39:19,521 [WARN] PackLoader:240 - Cannot read IP mode file for STMicroelectronics.X-CUBE-TOF1.3.4.3
2026-04-10 10:39:19,537 [INFO] ThirdParty:978 - Integrity check success = true
2026-04-10 10:39:19,538 [INFO] IntegrityCheckThread:100 - exiting critical section [integrity check]
2026-04-10 10:39:19,538 [INFO] IntegrityCheckThread:103 - End integrity checks thread
2026-04-10 10:39:19,721 [INFO] UserAuth:487 - Internet connection configuration mode: 1
