2026-04-02 12:45:44,676 [INFO] Activator:176 - 


2026-04-02 12:45:44,686 [INFO] Activator:177 - !SESSION log4j initialized
2026-04-02 12:45:50,833 [INFO] LogOutputStream:77 - [STDOUT_REDIRECT] 
2026-04-02 12:45:52,255 [INFO] ApplicationProperties:184 - Using Application install path: C:\ST\STM32CubeIDE_1.19.0\STM32CubeIDE\plugins\com.st.stm32cube.common.mx_6.15.0.202507011659
2026-04-02 12:45:52,273 [INFO] DbMcusXml:78 - Set database path to: C:\ST\STM32CubeIDE_1.19.0\STM32CubeIDE\plugins\com.st.stm32cube.common.mx_6.15.0.202507011659\\db\/mcu/
2026-04-02 12:45:52,273 [INFO] ApiDb:274 - Set plugin database path to: C:\ST\STM32CubeIDE_1.19.0\STM32CubeIDE\plugins\com.st.stm32cube.common.mx_6.15.0.202507011659\\db\/plugins/boardmanager/
2026-04-02 12:45:52,274 [WARN] ApiDb:259 - Overriding images path with different value:  => C:\ST\STM32CubeIDE_1.19.0\STM32CubeIDE\plugins\com.st.stm32cube.common.mx_6.15.0.202507011659\\db\/plugins/mcufinder/images/
2026-04-02 12:45:52,287 [INFO] ApiDb:250 - Set database path to: C:\Users\Alfred\.stmcufinder\plugins\mcufinder//mcu/
2026-04-02 12:45:52,288 [INFO] DbMcusAds:125 - Set database path to: C:\Users\Alfred\.stmcufinder\plugins\mcufinder//mcu/
2026-04-02 12:45:52,290 [INFO] CrossReferenceDbSqlite:203 - Set database path to: C:\Users\Alfred\.stmcufinder\plugins\mcufinder//mcu/cs/
2026-04-02 12:45:52,402 [INFO] RulesReader:64 - Compatibility file has been processed (317 Rules)
2026-04-02 12:45:52,478 [INFO] DbMcusXml:78 - Set database path to: C:\ST\STM32CubeIDE_1.19.0\STM32CubeIDE\plugins\com.st.stm32cube.common.mx_6.15.0.202507011659\\db\/mcu/
2026-04-02 12:45:52,478 [INFO] ApiDb:274 - Set plugin database path to: C:\ST\STM32CubeIDE_1.19.0\STM32CubeIDE\plugins\com.st.stm32cube.common.mx_6.15.0.202507011659\\db\/plugins/boardmanager/
2026-04-02 12:45:52,478 [INFO] ApiDb:261 - Set plugin images path to: C:\ST\STM32CubeIDE_1.19.0\STM32CubeIDE\plugins\com.st.stm32cube.common.mx_6.15.0.202507011659\\db\/plugins/mcufinder/images/
2026-04-02 12:45:52,478 [WARN] DbFile:41 - Overriding database path with different value: C:\Users\Alfred\.stmcufinder\plugins\mcufinder/ => C:\Users\Alfred\.stmcufinder\plugins\mcufinder
2026-04-02 12:45:52,478 [INFO] ApiDb:250 - Set database path to: C:\Users\Alfred\.stmcufinder\plugins\mcufinder//mcu/
2026-04-02 12:45:52,478 [WARN] DbFile:41 - Overriding database path with different value: C:\Users\Alfred\.stmcufinder\plugins\mcufinder/ => C:\Users\Alfred\.stmcufinder\plugins\mcufinder
2026-04-02 12:45:52,478 [INFO] DbMcusAds:125 - Set database path to: C:\Users\Alfred\.stmcufinder\plugins\mcufinder//mcu/
2026-04-02 12:45:52,478 [WARN] DbFile:41 - Overriding database path with different value: C:\Users\Alfred\.stmcufinder\plugins\mcufinder/ => C:\Users\Alfred\.stmcufinder\plugins\mcufinder
2026-04-02 12:45:52,478 [WARN] DbFile:41 - Overriding database path with different value: C:\Users\Alfred\.stmcufinder\plugins\mcufinder/ => C:\Users\Alfred\.stmcufinder\plugins\mcufinder
2026-04-02 12:45:52,479 [INFO] CrossReferenceDbSqlite:203 - Set database path to: C:\Users\Alfred\.stmcufinder\plugins\mcufinder//mcu/cs/
2026-04-02 12:45:52,548 [INFO] MainPanel:274 - HeapMemory: 268435456
2026-04-02 12:45:52,657 [INFO] DbMcusXml:78 - Set database path to: C:\ST\STM32CubeIDE_1.19.0\STM32CubeIDE\plugins\com.st.stm32cube.common.mx_6.15.0.202507011659\\db\/mcu/
2026-04-02 12:45:52,658 [INFO] ApiDb:274 - Set plugin database path to: C:\ST\STM32CubeIDE_1.19.0\STM32CubeIDE\plugins\com.st.stm32cube.common.mx_6.15.0.202507011659\\db\/plugins/boardmanager/
2026-04-02 12:45:52,658 [INFO] ApiDb:261 - Set plugin images path to: C:\ST\STM32CubeIDE_1.19.0\STM32CubeIDE\plugins\com.st.stm32cube.common.mx_6.15.0.202507011659\\db\/plugins/mcufinder/images/
2026-04-02 12:45:52,658 [WARN] DbFile:41 - Overriding database path with different value: C:\Users\Alfred\.stmcufinder\plugins\mcufinder/ => C:\Users\Alfred\.stmcufinder\plugins\mcufinder
2026-04-02 12:45:52,658 [INFO] ApiDb:250 - Set database path to: C:\Users\Alfred\.stmcufinder\plugins\mcufinder//mcu/
2026-04-02 12:45:52,659 [WARN] DbFile:41 - Overriding database path with different value: C:\Users\Alfred\.stmcufinder\plugins\mcufinder/ => C:\Users\Alfred\.stmcufinder\plugins\mcufinder
2026-04-02 12:45:52,659 [INFO] DbMcusAds:125 - Set database path to: C:\Users\Alfred\.stmcufinder\plugins\mcufinder//mcu/
2026-04-02 12:45:52,659 [WARN] DbFile:41 - Overriding database path with different value: C:\Users\Alfred\.stmcufinder\plugins\mcufinder/ => C:\Users\Alfred\.stmcufinder\plugins\mcufinder
2026-04-02 12:45:52,659 [WARN] DbFile:41 - Overriding database path with different value: C:\Users\Alfred\.stmcufinder\plugins\mcufinder/ => C:\Users\Alfred\.stmcufinder\plugins\mcufinder
2026-04-02 12:45:52,659 [INFO] CrossReferenceDbSqlite:203 - Set database path to: C:\Users\Alfred\.stmcufinder\plugins\mcufinder//mcu/cs/
2026-04-02 12:45:52,676 [INFO] ApplicationProperties:184 - Using Application install path: C:\ST\STM32CubeIDE_1.19.0\STM32CubeIDE\plugins\com.st.stm32cube.common.mx_6.15.0.202507011659
2026-04-02 12:45:52,677 [INFO] PluginManage:196 - Search for loadable plugins [exclusion list=, ]
2026-04-02 12:45:52,678 [INFO] PluginManage:310 - Check plugin analytics
2026-04-02 12:45:52,835 [INFO] AnalyticsPlugin:253 - Accepted Software Licenses: 
2026-04-02 12:45:52,835 [INFO] AnalyticsPlugin:255 - Accepted CMSIS Pack Licenses: 
2026-04-02 12:45:52,835 [INFO] AnalyticsPlugin:257 - Accepted Firmware Licenses: FW.G0.1.6.0
2026-04-02 12:45:52,838 [INFO] PluginManage:359 - Loaded plugin analytics (category:tool,tabindex:-1)
2026-04-02 12:45:52,838 [INFO] PluginManage:310 - Check plugin cadmodel
2026-04-02 12:45:52,854 [INFO] CADModel:105 - Init CAD model plugin
2026-04-02 12:45:52,854 [INFO] PluginManage:359 - Loaded plugin cadmodel (category:power,tabindex:5)
2026-04-02 12:45:52,854 [INFO] PluginManage:310 - Check plugin clock
2026-04-02 12:45:52,873 [INFO] PluginManage:359 - Loaded plugin clock (category:base,tabindex:2)
2026-04-02 12:45:52,873 [INFO] PluginManage:310 - Check plugin ddr
2026-04-02 12:45:52,875 [INFO] PluginManage:359 - Loaded plugin ddr (category:tool,tabindex:6)
2026-04-02 12:45:52,875 [INFO] PluginManage:310 - Check plugin filemanager
2026-04-02 12:45:53,022 [INFO] PluginManage:359 - Loaded plugin filemanager (category:base,tabindex:10)
2026-04-02 12:45:53,022 [INFO] PluginManage:310 - Check plugin ipmanager
2026-04-02 12:45:53,029 [INFO] PluginManage:359 - Loaded plugin ipmanager (category:base,tabindex:5)
2026-04-02 12:45:53,029 [INFO] PluginManage:310 - Check plugin lpbam
2026-04-02 12:45:53,046 [INFO] PluginManage:359 - Loaded plugin lpbam (category:base,tabindex:0)
2026-04-02 12:45:53,046 [INFO] PluginManage:310 - Check plugin memorymap
2026-04-02 12:45:53,071 [INFO] PluginManage:359 - Loaded plugin memorymap (category:base,tabindex:4)
2026-04-02 12:45:53,071 [INFO] PluginManage:310 - Check plugin pinoutandconfiguration
2026-04-02 12:45:53,089 [INFO] PluginManage:359 - Loaded plugin pinoutandconfiguration (category:base,tabindex:1)
2026-04-02 12:45:53,089 [INFO] PluginManage:310 - Check plugin pinoutconfig
2026-04-02 12:45:53,179 [WARN] SupportedApi:132 - Cannot load RTOS API schema: s4s-elt-must-match.1: The content of 'definitions' must match (annotation?, (simpleType | complexType)?, (unique | key | keyref)*)). A problem was found starting at: attribute.
2026-04-02 12:45:53,322 [INFO] PluginManage:359 - Loaded plugin pinoutconfig (category:base,tabindex:0)
2026-04-02 12:45:53,322 [INFO] PluginManage:310 - Check plugin power
2026-04-02 12:45:53,347 [INFO] PluginManage:359 - Loaded plugin power (category:power,tabindex:4)
2026-04-02 12:45:53,347 [INFO] PluginManage:310 - Check plugin projectmanager
2026-04-02 12:45:53,362 [INFO] PluginManage:359 - Loaded plugin projectmanager (category:projectmanager,tabindex:4)
2026-04-02 12:45:53,362 [INFO] PluginManage:310 - Check plugin rif
2026-04-02 12:45:53,383 [INFO] PluginManage:359 - Loaded plugin rif (category:base,tabindex:3)
2026-04-02 12:45:53,383 [INFO] PluginManage:310 - Check plugin thirdparty
2026-04-02 12:45:53,683 [INFO] PluginManage:359 - Loaded plugin thirdparty (category:base,tabindex:-1)
2026-04-02 12:45:53,683 [WARN] IntegrityCheckThread:84 - waiting for thirdparty lock release [integrity check]
2026-04-02 12:45:53,683 [INFO] PluginManage:310 - Check plugin tools
2026-04-02 12:45:53,683 [INFO] IntegrityCheckThread:86 - entering critical section [integrity check]
2026-04-02 12:45:53,684 [INFO] ThirdPartyUpdaterWithRetryManager:70 - Updater plugin not ready yet. [1/15]
2026-04-02 12:45:53,721 [INFO] PluginManage:359 - Loaded plugin tools (category:base,tabindex:7)
2026-04-02 12:45:53,721 [INFO] PluginManage:310 - Check plugin tutovideos
2026-04-02 12:45:53,946 [INFO] PluginManage:359 - Loaded plugin tutovideos (category:base,tabindex:-1)
2026-04-02 12:45:53,946 [INFO] PluginManage:310 - Check plugin updater
2026-04-02 12:45:53,964 [INFO] PluginManage:359 - Loaded plugin updater (category:base,tabindex:12)
2026-04-02 12:45:53,964 [INFO] PluginManage:310 - Check plugin userauth
2026-04-02 12:45:53,968 [INFO] UserAuth:118 - Init User Auth plugin
2026-04-02 12:45:53,968 [INFO] PluginManage:359 - Loaded plugin userauth (category:base,tabindex:14)
2026-04-02 12:45:53,969 [INFO] PluginManage:283 - PluginManage : Loaded plugins [18]
2026-04-02 12:45:54,152 [INFO] PinOutPanel:1589 - setPackage(No Configuration,No Configuration)
2026-04-02 12:45:54,229 [INFO] CADModel:165 - CPN selected for project level
2026-04-02 12:45:54,229 [INFO] CADModel:114 - Register for checkConnection events
2026-04-02 12:45:54,256 [INFO] IPUIPlugin:80 - create IPUIPlugin
2026-04-02 12:45:54,256 [INFO] PluginManager:220 - loadIPPluginJar : add adc
2026-04-02 12:45:54,296 [INFO] IPUIPlugin:80 - create IPUIPlugin
2026-04-02 12:45:54,297 [INFO] PluginManager:220 - loadIPPluginJar : add aes
2026-04-02 12:45:54,343 [INFO] IPUIPlugin:80 - create IPUIPlugin
2026-04-02 12:45:54,343 [INFO] PluginManager:220 - loadIPPluginJar : add can
2026-04-02 12:45:54,371 [INFO] IPUIPlugin:80 - create IPUIPlugin
2026-04-02 12:45:54,371 [INFO] PluginManager:220 - loadIPPluginJar : add comp
2026-04-02 12:45:54,413 [INFO] IPUIPlugin:80 - create IPUIPlugin
2026-04-02 12:45:54,413 [INFO] PluginManager:220 - loadIPPluginJar : add cryp
2026-04-02 12:45:54,425 [INFO] IPUIPlugin:80 - create IPUIPlugin
2026-04-02 12:45:54,425 [INFO] PluginManager:220 - loadIPPluginJar : add ddr_ctrl_phy
2026-04-02 12:45:54,455 [INFO] IPUIPlugin:80 - create IPUIPlugin
2026-04-02 12:45:54,456 [INFO] PluginManager:220 - loadIPPluginJar : add dfsdm
2026-04-02 12:45:54,470 [INFO] IPUIPlugin:80 - create IPUIPlugin
2026-04-02 12:45:54,470 [INFO] PluginManager:220 - loadIPPluginJar : add dma
2026-04-02 12:45:54,506 [INFO] IPUIPlugin:80 - create IPUIPlugin
2026-04-02 12:45:54,506 [INFO] PluginManager:220 - loadIPPluginJar : add dma3
2026-04-02 12:45:54,552 [INFO] IPUIPlugin:80 - create IPUIPlugin
2026-04-02 12:45:54,552 [INFO] PluginManager:220 - loadIPPluginJar : add extmemmanager
2026-04-02 12:45:54,572 [INFO] IPUIPlugin:80 - create IPUIPlugin
2026-04-02 12:45:54,572 [INFO] PluginManager:220 - loadIPPluginJar : add fatfs
2026-04-02 12:45:54,619 [INFO] IPUIPlugin:80 - create IPUIPlugin
2026-04-02 12:45:54,619 [INFO] PluginManager:220 - loadIPPluginJar : add fmc
2026-04-02 12:45:54,636 [INFO] IPUIPlugin:80 - create IPUIPlugin
2026-04-02 12:45:54,636 [INFO] PluginManager:220 - loadIPPluginJar : add freertos
2026-04-02 12:45:54,659 [INFO] IPUIPlugin:80 - create IPUIPlugin
2026-04-02 12:45:54,659 [INFO] PluginManager:220 - loadIPPluginJar : add genericplugin
2026-04-02 12:45:54,744 [INFO] IPUIPlugin:80 - create IPUIPlugin
2026-04-02 12:45:54,744 [INFO] PluginManager:220 - loadIPPluginJar : add gfxmmu
2026-04-02 12:45:54,864 [INFO] IPUIPlugin:80 - create IPUIPlugin
2026-04-02 12:45:54,864 [INFO] PluginManager:220 - loadIPPluginJar : add gic
2026-04-02 12:45:54,876 [INFO] IPUIPlugin:80 - create IPUIPlugin
2026-04-02 12:45:54,877 [INFO] PluginManager:220 - loadIPPluginJar : add gpio
2026-04-02 12:45:54,964 [INFO] IPUIPlugin:80 - create IPUIPlugin
2026-04-02 12:45:54,964 [INFO] PluginManager:220 - loadIPPluginJar : add gtzc
2026-04-02 12:45:54,995 [INFO] IPUIPlugin:80 - create IPUIPlugin
2026-04-02 12:45:54,995 [INFO] PluginManager:220 - loadIPPluginJar : add hash
2026-04-02 12:45:55,046 [INFO] IPUIPlugin:80 - create IPUIPlugin
2026-04-02 12:45:55,046 [INFO] PluginManager:220 - loadIPPluginJar : add i2c
2026-04-02 12:45:55,082 [INFO] IPUIPlugin:80 - create IPUIPlugin
2026-04-02 12:45:55,083 [INFO] PluginManager:220 - loadIPPluginJar : add i2s
2026-04-02 12:45:55,121 [INFO] IPUIPlugin:80 - create IPUIPlugin
2026-04-02 12:45:55,121 [INFO] PluginManager:220 - loadIPPluginJar : add i3c
2026-04-02 12:45:55,217 [INFO] IPUIPlugin:80 - create IPUIPlugin
2026-04-02 12:45:55,218 [INFO] PluginManager:220 - loadIPPluginJar : add ipddr
2026-04-02 12:45:55,301 [INFO] IPUIPlugin:80 - create IPUIPlugin
2026-04-02 12:45:55,301 [INFO] PluginManager:220 - loadIPPluginJar : add linkedlist
2026-04-02 12:45:55,334 [INFO] IPUIPlugin:80 - create IPUIPlugin
2026-04-02 12:45:55,334 [INFO] PluginManager:220 - loadIPPluginJar : add lorawan
2026-04-02 12:45:55,371 [INFO] IPUIPlugin:80 - create IPUIPlugin
2026-04-02 12:45:55,371 [INFO] PluginManager:220 - loadIPPluginJar : add ltdc
2026-04-02 12:45:55,386 [INFO] IPUIPlugin:80 - create IPUIPlugin
2026-04-02 12:45:55,387 [INFO] PluginManager:220 - loadIPPluginJar : add mdma
2026-04-02 12:45:55,402 [INFO] IPUIPlugin:80 - create IPUIPlugin
2026-04-02 12:45:55,402 [INFO] PluginManager:220 - loadIPPluginJar : add nvic
2026-04-02 12:45:55,444 [INFO] IPUIPlugin:80 - create IPUIPlugin
2026-04-02 12:45:55,444 [INFO] PluginManager:220 - loadIPPluginJar : add opamp
2026-04-02 12:45:55,501 [INFO] IPUIPlugin:80 - create IPUIPlugin
2026-04-02 12:45:55,501 [INFO] PluginManager:220 - loadIPPluginJar : add openamp
2026-04-02 12:45:55,545 [INFO] IPUIPlugin:80 - create IPUIPlugin
2026-04-02 12:45:55,545 [INFO] PluginManager:220 - loadIPPluginJar : add pdm2pcm
2026-04-02 12:45:55,560 [INFO] IPUIPlugin:80 - create IPUIPlugin
2026-04-02 12:45:55,562 [INFO] PluginManager:220 - loadIPPluginJar : add plateformsettings
2026-04-02 12:45:55,586 [INFO] IPUIPlugin:80 - create IPUIPlugin
2026-04-02 12:45:55,586 [INFO] PluginManager:220 - loadIPPluginJar : add quadspi
2026-04-02 12:45:55,612 [INFO] IPUIPlugin:80 - create IPUIPlugin
2026-04-02 12:45:55,613 [INFO] PluginManager:220 - loadIPPluginJar : add radio
2026-04-02 12:45:55,627 [INFO] IPUIPlugin:80 - create IPUIPlugin
2026-04-02 12:45:55,627 [INFO] PluginManager:220 - loadIPPluginJar : add resmgrutility
2026-04-02 12:45:55,674 [INFO] IPUIPlugin:80 - create IPUIPlugin
2026-04-02 12:45:55,674 [INFO] PluginManager:220 - loadIPPluginJar : add sai
2026-04-02 12:45:55,711 [INFO] IPUIPlugin:80 - create IPUIPlugin
2026-04-02 12:45:55,711 [INFO] PluginManager:220 - loadIPPluginJar : add spi
2026-04-02 12:45:55,783 [INFO] IPUIPlugin:80 - create IPUIPlugin
2026-04-02 12:45:55,783 [INFO] PluginManager:220 - loadIPPluginJar : add stm32_wpan
2026-04-02 12:45:55,811 [INFO] IPUIPlugin:80 - create IPUIPlugin
2026-04-02 12:45:55,811 [INFO] PluginManager:220 - loadIPPluginJar : add tim
2026-04-02 12:45:55,867 [INFO] IPUIPlugin:80 - create IPUIPlugin
2026-04-02 12:45:55,868 [INFO] PluginManager:220 - loadIPPluginJar : add touchsensing
2026-04-02 12:45:55,890 [INFO] IPUIPlugin:80 - create IPUIPlugin
2026-04-02 12:45:55,890 [INFO] PluginManager:220 - loadIPPluginJar : add tracer_emb
2026-04-02 12:45:55,916 [INFO] IPUIPlugin:80 - create IPUIPlugin
2026-04-02 12:45:55,916 [INFO] PluginManager:220 - loadIPPluginJar : add ts
2026-04-02 12:45:55,941 [INFO] IPUIPlugin:80 - create IPUIPlugin
2026-04-02 12:45:55,941 [INFO] PluginManager:220 - loadIPPluginJar : add tsc
2026-04-02 12:45:55,963 [INFO] IPUIPlugin:80 - create IPUIPlugin
2026-04-02 12:45:55,963 [INFO] PluginManager:220 - loadIPPluginJar : add ucpd
2026-04-02 12:45:56,006 [INFO] IPUIPlugin:80 - create IPUIPlugin
2026-04-02 12:45:56,006 [INFO] PluginManager:220 - loadIPPluginJar : add usart
2026-04-02 12:45:56,053 [INFO] IPUIPlugin:80 - create IPUIPlugin
2026-04-02 12:45:56,053 [INFO] PluginManager:220 - loadIPPluginJar : add usbx
2026-04-02 12:45:56,175 [FATAL] Updater:351 - Updater called before beeing initialized
2026-04-02 12:45:56,197 [INFO] RulesReader:64 - Compatibility file has been processed (317 Rules)
2026-04-02 12:45:56,207 [INFO] RulesReader:64 - Compatibility file has been processed (317 Rules)
2026-04-02 12:45:56,214 [INFO] CADModel:165 - CPN selected for project level
2026-04-02 12:45:56,214 [INFO] CADModel:114 - Register for checkConnection events
2026-04-02 12:45:56,214 [FATAL] Updater:351 - Updater called before beeing initialized
2026-04-02 12:45:56,214 [ERROR] CADModel:125 - Updater not yet initialized, retry later 
2026-04-02 12:45:56,343 [FATAL] Updater:351 - Updater called before beeing initialized
2026-04-02 12:45:56,345 [INFO] CADModel:165 - CPN selected for project level
2026-04-02 12:45:56,345 [INFO] CADModel:114 - Register for checkConnection events
2026-04-02 12:45:56,345 [FATAL] Updater:351 - Updater called before beeing initialized
2026-04-02 12:45:56,345 [ERROR] CADModel:125 - Updater not yet initialized, retry later 
2026-04-02 12:45:56,348 [FATAL] Updater:351 - Updater called before beeing initialized
2026-04-02 12:45:56,440 [FATAL] Updater:351 - Updater called before beeing initialized
2026-04-02 12:45:56,450 [INFO] DbMcusAds:53 - JSON generation date=Tue Feb 10 17:46:36 IST 2026 (1770725796209)
2026-04-02 12:45:56,450 [FATAL] Updater:351 - Updater called before beeing initialized
2026-04-02 12:45:56,485 [WARN] DetailPanel:346 - Failed to get advertising image, set to default
2026-04-02 12:45:56,558 [FATAL] Updater:351 - Updater called before beeing initialized
2026-04-02 12:45:56,559 [FATAL] Updater:351 - Updater called before beeing initialized
2026-04-02 12:45:56,559 [FATAL] Updater:351 - Updater called before beeing initialized
2026-04-02 12:45:56,559 [WARN] DetailPanel:346 - Failed to get advertising image, set to default
2026-04-02 12:45:56,560 [FATAL] Updater:351 - Updater called before beeing initialized
2026-04-02 12:45:56,618 [ERROR] Updater:1198 - MainUpdater not yet initialized. External WinMGr cannot be set.
2026-04-02 12:45:56,628 [INFO] Updater:1134 - Updater Version found : 6.15.0
2026-04-02 12:45:56,643 [INFO] ApplicationProperties:184 - Using Application install path: C:\ST\STM32CubeIDE_1.19.0\STM32CubeIDE\plugins\com.st.stm32cube.common.mx_6.15.0.202507011659
2026-04-02 12:45:56,685 [INFO] ThirdPartyUpdaterWithRetryManager:70 - Updater plugin not ready yet. [2/15]
2026-04-02 12:45:57,036 [INFO] MainUpdater:2872 - connection check result : 10
2026-04-02 12:45:57,036 [INFO] MainUpdater:289 - Updater Check For Update Now.
2026-04-02 12:45:57,036 [INFO] MicroXplorer:498 - Change Database Version : DB.6.0.150
2026-04-02 12:45:57,056 [INFO] McuFinderGlobals:63 - Set McuFinder mode to 2 (CubeIDE integrated)
2026-04-02 12:45:57,063 [INFO] UserAuth:487 - Internet connection configuration mode: 1
2026-04-02 12:45:57,099 [INFO] JxBrowserEngine:152 - Initiate JxBrowser Engine with user profile folder
2026-04-02 12:45:57,243 [INFO] CheckServerUpdateThread:120 - End of CheckServer Thread
2026-04-02 12:45:58,726 [INFO] WebApp:169 - Instantiating new browser for Auth
2026-04-02 12:45:59,545 [INFO] WebApp:463 - Apply proxy settings
2026-04-02 12:45:59,546 [INFO] WebApp:548 - Chromium requires no authentication
2026-04-02 12:45:59,560 [INFO] WebApp:491 - Direct internet connection detected
2026-04-02 12:45:59,592 [INFO] WebApp:900 - Register for checkConnection events
2026-04-02 12:45:59,592 [INFO] WebApp:463 - Apply proxy settings
2026-04-02 12:45:59,592 [INFO] WebApp:548 - Chromium requires no authentication
2026-04-02 12:45:59,593 [INFO] WebApp:491 - Direct internet connection detected
2026-04-02 12:45:59,806 [INFO] WebApp:225 - Starting web application
2026-04-02 12:45:59,806 [INFO] WebApp:593 - Web application path used C:\ST\STM32CubeIDE_1.19.0\STM32CubeIDE\plugins\com.st.stm32cube.common.mx_6.15.0.202507011659\db\plugins\mcufinder\reactClient1\index.html
2026-04-02 12:46:00,041 [WARN] PackLoader:240 - Cannot read IP mode file for STMicroelectronics.X-CUBE-AZRTOS-H7.3.5.0
2026-04-02 12:46:00,043 [INFO] UserAuth:487 - Internet connection configuration mode: 1
2026-04-02 12:46:00,074 [WARN] PackLoader:240 - Cannot read IP mode file for STMicroelectronics.FP-SNS-MOTENVWB1.1.4.0
2026-04-02 12:46:00,096 [WARN] PackLoader:240 - Cannot read IP mode file for STMicroelectronics.FP-ATR-ASTRA1.2.0.2
2026-04-02 12:46:00,134 [WARN] PackLoader:240 - Cannot read IP mode file for STMicroelectronics.X-CUBE-SMBUS.2.1.0
2026-04-02 12:46:00,189 [WARN] PackLoader:240 - Cannot read IP mode file for STMicroelectronics.X-CUBE-AZRTOS-F7.1.1.0
2026-04-02 12:46:00,217 [WARN] PackLoader:240 - Cannot read IP mode file for Cesanta.I-CUBE-Mongoose.7.19.0
2026-04-02 12:46:00,240 [WARN] PackLoader:240 - Cannot read IP mode file for STMicroelectronics.FP-SNS-MOTENV1.5.1.0
2026-04-02 12:46:00,259 [INFO] WebApp:191 - Connection restablished
2026-04-02 12:46:00,269 [WARN] PackLoader:240 - Cannot read IP mode file for WES.I-CUBE-Cesium.1.4.0
2026-04-02 12:46:00,320 [WARN] PackLoader:240 - Cannot read IP mode file for Infineon.AIROC-Wi-Fi-Bluetooth-STM32.1.7.1
2026-04-02 12:46:00,380 [WARN] PackLoader:240 - Cannot read IP mode file for STMicroelectronics.X-CUBE-AZRTOS-H7.3.4.0
2026-04-02 12:46:00,420 [WARN] PackLoader:240 - Cannot read IP mode file for STMicroelectronics.X-CUBE-DISPLAY.3.0.0
2026-04-02 12:46:00,450 [WARN] PackLoader:240 - Cannot read IP mode file for STMicroelectronics.FP-SNS-MOTENVWB1.1.5.0
2026-04-02 12:46:00,479 [WARN] PackLoader:240 - Cannot read IP mode file for STMicroelectronics.X-CUBE-NFC10.1.0.0
2026-04-02 12:46:00,504 [WARN] PackLoader:240 - Cannot read IP mode file for STMicroelectronics.X-CUBE-ST60.1.1.0
2026-04-02 12:46:00,529 [WARN] PackLoader:240 - Cannot read IP mode file for emotas.I-CUBE-CANOPEN.1.3.0
2026-04-02 12:46:00,552 [WARN] PackLoader:240 - Cannot read IP mode file for STMicroelectronics.X-CUBE-GNSS1.7.1.0
2026-04-02 12:46:00,581 [WARN] PackLoader:240 - Cannot read IP mode file for STMicroelectronics.FP-SNS-STBOX1.2.1.0
2026-04-02 12:46:00,608 [WARN] PackLoader:240 - Cannot read IP mode file for STMicroelectronics.FP-SNS-SMARTAG2.1.2.0
2026-04-02 12:46:00,629 [WARN] PackLoader:240 - Cannot read IP mode file for STMicroelectronics.FP-SNS-FLIGHT1.5.1.0
2026-04-02 12:46:00,658 [INFO] LogOutputStream:77 - [STDOUT_REDIRECT] 1 : Invalid condition id : UX_CORESTACK_Condition cause : null
2026-04-02 12:46:00,658 [INFO] LogOutputStream:77 - [STDOUT_REDIRECT] 1 : Invalid condition id : UX_CORESTACK_Condition cause : null
2026-04-02 12:46:00,660 [INFO] LogOutputStream:77 - [STDOUT_REDIRECT] 1 : Invalid condition id : UX_CORESTACK_Condition cause : null
2026-04-02 12:46:00,662 [INFO] LogOutputStream:77 - [STDOUT_REDIRECT] 1 : Invalid condition id : UX_CORESTACK_Condition cause : null
2026-04-02 12:46:00,664 [INFO] LogOutputStream:77 - [STDOUT_REDIRECT] 1 : Invalid condition id : UX_CORESTACK_Condition cause : null
2026-04-02 12:46:00,667 [WARN] PackLoader:240 - Cannot read IP mode file for STMicroelectronics.X-CUBE-AZRTOS-WL.2.0.0
2026-04-02 12:46:00,691 [WARN] PackLoader:240 - Cannot read IP mode file for STMicroelectronics.FP-SNS-MOTENV1.5.0.0
2026-04-02 12:46:00,740 [WARN] PackLoader:240 - Cannot read IP mode file for STMicroelectronics.X-CUBE-AZRTOS-H7RS.1.2.0
2026-04-02 12:46:00,781 [WARN] PackLoader:240 - Cannot read IP mode file for STMicroelectronics.X-CUBE-BLE2.3.3.0
2026-04-02 12:46:00,922 [WARN] PackLoader:240 - Cannot read IP mode file for STMicroelectronics.X-CUBE-NFC9.1.0.0
2026-04-02 12:46:00,967 [WARN] PackLoader:240 - Cannot read IP mode file for wolfSSL.I-CUBE-wolfSSL.5.8.2
2026-04-02 12:46:01,008 [WARN] PackLoader:240 - Cannot read IP mode file for STMicroelectronics.X-CUBE-BLE1.7.1.0
2026-04-02 12:46:01,041 [WARN] PackLoader:240 - Cannot read IP mode file for wolfSSL.I-CUBE-wolfMQTT.1.19.2
2026-04-02 12:46:01,084 [WARN] PackLoader:240 - Cannot read IP mode file for STMicroelectronics.X-CUBE-FREERTOS.1.4.0
2026-04-02 12:46:01,120 [WARN] PackLoader:240 - Cannot read IP mode file for STMicroelectronics.X-CUBE-EEPRMA1.5.2.0
2026-04-02 12:46:01,159 [WARN] PackLoader:240 - Cannot read IP mode file for STMicroelectronics.X-CUBE-ST67W61.1.1.0
2026-04-02 12:46:01,277 [WARN] PackLoader:240 - Cannot read IP mode file for STMicroelectronics.X-CUBE-MEMS1.12.0.0
2026-04-02 12:46:01,453 [WARN] PackLoader:240 - Cannot read IP mode file for STMicroelectronics.X-CUBE-AZRTOS-G0.1.1.0
2026-04-02 12:46:01,500 [WARN] PackLoader:240 - Cannot read IP mode file for STMicroelectronics.X-CUBE-SAFEA1.1.2.2
2026-04-02 12:46:01,535 [WARN] PackLoader:240 - Cannot read IP mode file for STMicroelectronics.X-CUBE-NFC4.3.0.0
2026-04-02 12:46:01,573 [WARN] PackLoader:240 - Cannot read IP mode file for EmbeddedOffice.I-CUBE-FS-RTOS.1.0.1
2026-04-02 12:46:01,605 [WARN] PackLoader:240 - Cannot read IP mode file for STMicroelectronics.X-CUBE-WB05N.2.0.0
2026-04-02 12:46:01,639 [WARN] PackLoader:240 - Cannot read IP mode file for wolfSSL.I-CUBE-wolfTPM.3.8.0
2026-04-02 12:46:01,673 [WARN] PackLoader:240 - Cannot read IP mode file for STMicroelectronics.X-CUBE-TCPP.4.2.0
2026-04-02 12:46:01,708 [WARN] PackLoader:240 - Cannot read IP mode file for RealThread.X-CUBE-RT-Thread_Nano.4.1.1
2026-04-02 12:46:01,740 [WARN] PackLoader:240 - Cannot read IP mode file for STMicroelectronics.FP-ATR-SIGFOX1.3.2.0
2026-04-02 12:46:01,770 [WARN] PackLoader:240 - Cannot read IP mode file for STMicroelectronics.X-CUBE-FREERTOS.1.5.0
2026-04-02 12:46:01,803 [WARN] PackLoader:240 - Cannot read IP mode file for ITTIA_DB.I-CUBE-ITTIADB.8.9.0
2026-04-02 12:46:01,850 [WARN] PackLoader:240 - Cannot read IP mode file for STMicroelectronics.X-CUBE-NFC6.3.2.0
2026-04-02 12:46:01,893 [WARN] PackLoader:240 - Cannot read IP mode file for STMicroelectronics.X-CUBE-AI.10.2.0
2026-04-02 12:46:01,967 [WARN] PackLoader:240 - Cannot read IP mode file for SEGGER.I-CUBE-embOS.1.3.1
2026-04-02 12:46:02,047 [WARN] PackLoader:240 - Cannot read IP mode file for STMicroelectronics.X-CUBE-ALGOBUILD.1.4.0
2026-04-02 12:46:02,145 [WARN] PackLoader:240 - Cannot read IP mode file for STMicroelectronics.X-CUBE-MEMS1.11.3.0
2026-04-02 12:46:02,395 [WARN] PackLoader:240 - Cannot read IP mode file for STMicroelectronics.X-CUBE-PM33A1.1.0.0
2026-04-02 12:46:02,443 [WARN] PackLoader:240 - Cannot read IP mode file for STMicroelectronics.X-CUBE-AZRTOS-F4.1.1.0
2026-04-02 12:46:02,470 [WARN] PackLoader:240 - Cannot read IP mode file for STMicroelectronics.X-CUBE-ISPU.2.1.0
2026-04-02 12:46:02,504 [WARN] PackLoader:240 - Cannot read IP mode file for STMicroelectronics.X-CUBE-IPS.3.2.0
2026-04-02 12:46:02,531 [WARN] PackLoader:240 - Cannot read IP mode file for STMicroelectronics.X-CUBE-NFC12.1.0.0
2026-04-02 12:46:02,578 [WARN] PackLoader:240 - Cannot read IP mode file for STMicroelectronics.X-CUBE-AZRTOS-L5.2.0.0
2026-04-02 12:46:02,603 [WARN] PackLoader:240 - Cannot read IP mode file for STMicroelectronics.X-CUBE-NFC6.3.1.0
2026-04-02 12:46:02,625 [WARN] PackLoader:240 - Cannot read IP mode file for STMicroelectronics.X-CUBE-FREERTOS.1.3.1
2026-04-02 12:46:02,647 [WARN] PackLoader:240 - Cannot read IP mode file for STMicroelectronics.X-CUBE-TOUCHGFX.4.26.0
2026-04-02 12:46:02,666 [WARN] PackLoader:240 - Cannot read IP mode file for STMicroelectronics.X-CUBE-TOUCHGFX.4.26.1
2026-04-02 12:46:02,690 [WARN] PackLoader:240 - Cannot read IP mode file for STMicroelectronics.FP-SNS-STAIOTCFT.1.0.0
2026-04-02 12:46:02,716 [WARN] PackLoader:240 - Cannot read IP mode file for STMicroelectronics.X-CUBE-DPower.1.3.0
2026-04-02 12:46:02,749 [WARN] ConditionMgr:438 - getConditionDescription Invalid condition id : LAN8742 Phy interface Condition cause : null
2026-04-02 12:46:02,750 [WARN] PackLoader:240 - Cannot read IP mode file for STMicroelectronics.X-CUBE-AZRTOS-L4.2.0.0
2026-04-02 12:46:02,751 [WARN] ConditionMgr:1044 - genDependencies : Invalid condition id : LAN8742 Phy interface Condition cause : null
2026-04-02 12:46:02,752 [WARN] ConditionMgr:1044 - genDependencies : Invalid condition id : LAN8742 Phy interface Condition cause : null
2026-04-02 12:46:02,752 [WARN] ConditionMgr:1044 - genDependencies : Invalid condition id : LAN8742 Phy interface Condition cause : null
2026-04-02 12:46:02,778 [WARN] PackLoader:240 - Cannot read IP mode file for STMicroelectronics.X-CUBE-SFXS2LP1.4.0.0
2026-04-02 12:46:02,799 [WARN] PackLoader:240 - Cannot read IP mode file for STMicroelectronics.X-CUBE-ST67W61.1.2.0
2026-04-02 12:46:02,827 [WARN] PackLoader:240 - Cannot read IP mode file for STMicroelectronics.X-CUBE-BLEMGR.4.1.0
2026-04-02 12:46:02,863 [WARN] ConditionMgr:438 - getConditionDescription Invalid condition id : UX DEVICE CLASS RTOS Condition cause : null
2026-04-02 12:46:02,863 [WARN] ConditionMgr:438 - getConditionDescription Invalid condition id : UX DEVICE CLASS RTOS Condition cause : null
2026-04-02 12:46:02,864 [WARN] PackLoader:240 - Cannot read IP mode file for STMicroelectronics.X-CUBE-AZRTOS-WB.2.0.0
2026-04-02 12:46:02,865 [WARN] ConditionMgr:1044 - genDependencies : Invalid condition id : UX DEVICE CLASS RTOS Condition cause : null
2026-04-02 12:46:02,865 [WARN] ConditionMgr:1044 - genDependencies : Invalid condition id : UX DEVICE CLASS RTOS Condition cause : null
2026-04-02 12:46:02,865 [WARN] ConditionMgr:1044 - genDependencies : Invalid condition id : UX DEVICE CLASS RTOS Condition cause : null
2026-04-02 12:46:02,865 [WARN] ConditionMgr:1044 - genDependencies : Invalid condition id : UX DEVICE CLASS RTOS Condition cause : null
2026-04-02 12:46:02,865 [WARN] ConditionMgr:1044 - genDependencies : Invalid condition id : UX DEVICE CLASS RTOS Condition cause : null
2026-04-02 12:46:02,884 [WARN] PackLoader:240 - Cannot read IP mode file for STMicroelectronics.X-CUBE-GNSS1.7.0.1
2026-04-02 12:46:02,906 [WARN] ConditionMgr:438 - getConditionDescription Invalid condition id : Cortex-A Device cause : null
2026-04-02 12:46:02,929 [WARN] ConditionMgr:1044 - genDependencies : Invalid condition id : Cortex-A Device cause : null
2026-04-02 12:46:02,929 [WARN] ConditionMgr:1044 - genDependencies : Invalid condition id : Cortex-A Device cause : null
2026-04-02 12:46:02,929 [WARN] ConditionMgr:1044 - genDependencies : Invalid condition id : Cortex-A Device cause : null
2026-04-02 12:46:02,949 [WARN] PackLoader:240 - Cannot read IP mode file for STMicroelectronics.X-CUBE-STSE01.2.0.0
2026-04-02 12:46:02,972 [WARN] PackLoader:240 - Cannot read IP mode file for STMicroelectronics.X-CUBE-SUBG2.5.0.0
2026-04-02 12:46:03,010 [WARN] PackLoader:240 - Cannot read IP mode file for STMicroelectronics.X-CUBE-AZRTOS-H7RS.1.1.0
2026-04-02 12:46:03,049 [WARN] PackLoader:240 - Cannot read IP mode file for STMicroelectronics.X-CUBE-AZRTOS-G4.2.0.0
2026-04-02 12:46:03,072 [WARN] PackLoader:240 - Cannot read IP mode file for wolfSSL.I-CUBE-wolfSSH.1.4.20
2026-04-02 12:46:03,091 [WARN] PackLoader:240 - Cannot read IP mode file for STMicroelectronics.X-CUBE-NFC7.2.0.0
2026-04-02 12:46:03,111 [WARN] PackLoader:240 - Cannot read IP mode file for STMicroelectronics.X-CUBE-ALS.1.0.2
2026-04-02 12:46:03,132 [WARN] PackLoader:240 - Cannot read IP mode file for STMicroelectronics.X-CUBE-STSE01.1.0.0
2026-04-02 12:46:03,160 [WARN] PackLoader:240 - Cannot read IP mode file for STMicroelectronics.X-CUBE-TOF1.3.4.3
2026-04-02 12:46:03,169 [INFO] ThirdParty:978 - Integrity check success = true
2026-04-02 12:46:03,169 [INFO] IntegrityCheckThread:100 - exiting critical section [integrity check]
2026-04-02 12:46:03,169 [INFO] IntegrityCheckThread:103 - End integrity checks thread
2026-04-02 14:55:53,505 [INFO] WebApp:194 - Connection lost
2026-04-02 14:56:51,426 [INFO] WebApp:191 - Connection restablished
2026-04-02 14:56:54,317 [INFO] WebApp:194 - Connection lost
2026-04-02 14:56:54,525 [INFO] WebApp:191 - Connection restablished
2026-04-02 17:27:46,209 [INFO] WebApp:403 - JxBrowser engine has been closed 
