2026-03-10 11:21:49,278 [INFO] Activator:176 - 


2026-03-10 11:21:49,284 [INFO] Activator:177 - !SESSION log4j initialized
2026-03-10 11:21:55,936 [INFO] LogOutputStream:77 - [STDOUT_REDIRECT] 
2026-03-10 11:21:57,846 [INFO] ApplicationProperties:184 - Using Application install path: C:\ST\STM32CubeIDE_1.19.0\STM32CubeIDE\plugins\com.st.stm32cube.common.mx_6.15.0.202507011659
2026-03-10 11:21:57,861 [INFO] DbMcusXml:78 - Set database path to: C:\ST\STM32CubeIDE_1.19.0\STM32CubeIDE\plugins\com.st.stm32cube.common.mx_6.15.0.202507011659\\db\/mcu/
2026-03-10 11:21:57,861 [INFO] ApiDb:274 - Set plugin database path to: C:\ST\STM32CubeIDE_1.19.0\STM32CubeIDE\plugins\com.st.stm32cube.common.mx_6.15.0.202507011659\\db\/plugins/boardmanager/
2026-03-10 11:21:57,861 [WARN] ApiDb:259 - Overriding images path with different value:  => C:\ST\STM32CubeIDE_1.19.0\STM32CubeIDE\plugins\com.st.stm32cube.common.mx_6.15.0.202507011659\\db\/plugins/mcufinder/images/
2026-03-10 11:21:57,871 [INFO] ApiDb:250 - Set database path to: C:\Users\Alfred\.stmcufinder\plugins\mcufinder//mcu/
2026-03-10 11:21:57,872 [INFO] DbMcusAds:125 - Set database path to: C:\Users\Alfred\.stmcufinder\plugins\mcufinder//mcu/
2026-03-10 11:21:57,874 [INFO] CrossReferenceDbSqlite:203 - Set database path to: C:\Users\Alfred\.stmcufinder\plugins\mcufinder//mcu/cs/
2026-03-10 11:21:57,996 [INFO] RulesReader:64 - Compatibility file has been processed (317 Rules)
2026-03-10 11:21:58,096 [INFO] DbMcusXml:78 - Set database path to: C:\ST\STM32CubeIDE_1.19.0\STM32CubeIDE\plugins\com.st.stm32cube.common.mx_6.15.0.202507011659\\db\/mcu/
2026-03-10 11:21:58,096 [INFO] ApiDb:274 - Set plugin database path to: C:\ST\STM32CubeIDE_1.19.0\STM32CubeIDE\plugins\com.st.stm32cube.common.mx_6.15.0.202507011659\\db\/plugins/boardmanager/
2026-03-10 11:21:58,096 [INFO] ApiDb:261 - Set plugin images path to: C:\ST\STM32CubeIDE_1.19.0\STM32CubeIDE\plugins\com.st.stm32cube.common.mx_6.15.0.202507011659\\db\/plugins/mcufinder/images/
2026-03-10 11:21:58,096 [WARN] DbFile:41 - Overriding database path with different value: C:\Users\Alfred\.stmcufinder\plugins\mcufinder/ => C:\Users\Alfred\.stmcufinder\plugins\mcufinder
2026-03-10 11:21:58,096 [INFO] ApiDb:250 - Set database path to: C:\Users\Alfred\.stmcufinder\plugins\mcufinder//mcu/
2026-03-10 11:21:58,096 [WARN] DbFile:41 - Overriding database path with different value: C:\Users\Alfred\.stmcufinder\plugins\mcufinder/ => C:\Users\Alfred\.stmcufinder\plugins\mcufinder
2026-03-10 11:21:58,097 [INFO] DbMcusAds:125 - Set database path to: C:\Users\Alfred\.stmcufinder\plugins\mcufinder//mcu/
2026-03-10 11:21:58,097 [WARN] DbFile:41 - Overriding database path with different value: C:\Users\Alfred\.stmcufinder\plugins\mcufinder/ => C:\Users\Alfred\.stmcufinder\plugins\mcufinder
2026-03-10 11:21:58,097 [WARN] DbFile:41 - Overriding database path with different value: C:\Users\Alfred\.stmcufinder\plugins\mcufinder/ => C:\Users\Alfred\.stmcufinder\plugins\mcufinder
2026-03-10 11:21:58,097 [INFO] CrossReferenceDbSqlite:203 - Set database path to: C:\Users\Alfred\.stmcufinder\plugins\mcufinder//mcu/cs/
2026-03-10 11:21:58,195 [INFO] MainPanel:274 - HeapMemory: 268435456
2026-03-10 11:21:58,336 [INFO] DbMcusXml:78 - Set database path to: C:\ST\STM32CubeIDE_1.19.0\STM32CubeIDE\plugins\com.st.stm32cube.common.mx_6.15.0.202507011659\\db\/mcu/
2026-03-10 11:21:58,336 [INFO] ApiDb:274 - Set plugin database path to: C:\ST\STM32CubeIDE_1.19.0\STM32CubeIDE\plugins\com.st.stm32cube.common.mx_6.15.0.202507011659\\db\/plugins/boardmanager/
2026-03-10 11:21:58,336 [INFO] ApiDb:261 - Set plugin images path to: C:\ST\STM32CubeIDE_1.19.0\STM32CubeIDE\plugins\com.st.stm32cube.common.mx_6.15.0.202507011659\\db\/plugins/mcufinder/images/
2026-03-10 11:21:58,336 [WARN] DbFile:41 - Overriding database path with different value: C:\Users\Alfred\.stmcufinder\plugins\mcufinder/ => C:\Users\Alfred\.stmcufinder\plugins\mcufinder
2026-03-10 11:21:58,336 [INFO] ApiDb:250 - Set database path to: C:\Users\Alfred\.stmcufinder\plugins\mcufinder//mcu/
2026-03-10 11:21:58,336 [WARN] DbFile:41 - Overriding database path with different value: C:\Users\Alfred\.stmcufinder\plugins\mcufinder/ => C:\Users\Alfred\.stmcufinder\plugins\mcufinder
2026-03-10 11:21:58,337 [INFO] DbMcusAds:125 - Set database path to: C:\Users\Alfred\.stmcufinder\plugins\mcufinder//mcu/
2026-03-10 11:21:58,337 [WARN] DbFile:41 - Overriding database path with different value: C:\Users\Alfred\.stmcufinder\plugins\mcufinder/ => C:\Users\Alfred\.stmcufinder\plugins\mcufinder
2026-03-10 11:21:58,337 [WARN] DbFile:41 - Overriding database path with different value: C:\Users\Alfred\.stmcufinder\plugins\mcufinder/ => C:\Users\Alfred\.stmcufinder\plugins\mcufinder
2026-03-10 11:21:58,337 [INFO] CrossReferenceDbSqlite:203 - Set database path to: C:\Users\Alfred\.stmcufinder\plugins\mcufinder//mcu/cs/
2026-03-10 11:21:58,363 [INFO] ApplicationProperties:184 - Using Application install path: C:\ST\STM32CubeIDE_1.19.0\STM32CubeIDE\plugins\com.st.stm32cube.common.mx_6.15.0.202507011659
2026-03-10 11:21:58,364 [INFO] PluginManage:196 - Search for loadable plugins [exclusion list=, ]
2026-03-10 11:21:58,365 [INFO] PluginManage:310 - Check plugin analytics
2026-03-10 11:21:58,531 [INFO] AnalyticsPlugin:253 - Accepted Software Licenses: 
2026-03-10 11:21:58,532 [INFO] AnalyticsPlugin:255 - Accepted CMSIS Pack Licenses: 
2026-03-10 11:21:58,532 [INFO] AnalyticsPlugin:257 - Accepted Firmware Licenses: FW.G0.1.6.0
2026-03-10 11:21:58,534 [INFO] PluginManage:359 - Loaded plugin analytics (category:tool,tabindex:-1)
2026-03-10 11:21:58,534 [INFO] PluginManage:310 - Check plugin cadmodel
2026-03-10 11:21:58,553 [INFO] CADModel:105 - Init CAD model plugin
2026-03-10 11:21:58,553 [INFO] PluginManage:359 - Loaded plugin cadmodel (category:power,tabindex:5)
2026-03-10 11:21:58,553 [INFO] PluginManage:310 - Check plugin clock
2026-03-10 11:21:58,575 [INFO] PluginManage:359 - Loaded plugin clock (category:base,tabindex:2)
2026-03-10 11:21:58,575 [INFO] PluginManage:310 - Check plugin ddr
2026-03-10 11:21:58,579 [INFO] PluginManage:359 - Loaded plugin ddr (category:tool,tabindex:6)
2026-03-10 11:21:58,580 [INFO] PluginManage:310 - Check plugin filemanager
2026-03-10 11:21:58,738 [INFO] PluginManage:359 - Loaded plugin filemanager (category:base,tabindex:10)
2026-03-10 11:21:58,738 [INFO] PluginManage:310 - Check plugin ipmanager
2026-03-10 11:21:58,750 [INFO] PluginManage:359 - Loaded plugin ipmanager (category:base,tabindex:5)
2026-03-10 11:21:58,750 [INFO] PluginManage:310 - Check plugin lpbam
2026-03-10 11:21:58,775 [INFO] PluginManage:359 - Loaded plugin lpbam (category:base,tabindex:0)
2026-03-10 11:21:58,775 [INFO] PluginManage:310 - Check plugin memorymap
2026-03-10 11:21:58,800 [INFO] PluginManage:359 - Loaded plugin memorymap (category:base,tabindex:4)
2026-03-10 11:21:58,809 [INFO] PluginManage:310 - Check plugin pinoutandconfiguration
2026-03-10 11:21:58,834 [INFO] PluginManage:359 - Loaded plugin pinoutandconfiguration (category:base,tabindex:1)
2026-03-10 11:21:58,834 [INFO] PluginManage:310 - Check plugin pinoutconfig
2026-03-10 11:21:58,965 [WARN] SupportedApi:132 - Cannot load RTOS API schema: s4s-elt-must-match.1: The content of 'definitions' must match (annotation?, (simpleType | complexType)?, (unique | key | keyref)*)). A problem was found starting at: attribute.
2026-03-10 11:21:59,094 [INFO] PluginManage:359 - Loaded plugin pinoutconfig (category:base,tabindex:0)
2026-03-10 11:21:59,094 [INFO] PluginManage:310 - Check plugin power
2026-03-10 11:21:59,117 [INFO] PluginManage:359 - Loaded plugin power (category:power,tabindex:4)
2026-03-10 11:21:59,119 [INFO] PluginManage:310 - Check plugin projectmanager
2026-03-10 11:21:59,135 [INFO] PluginManage:359 - Loaded plugin projectmanager (category:projectmanager,tabindex:4)
2026-03-10 11:21:59,135 [INFO] PluginManage:310 - Check plugin rif
2026-03-10 11:21:59,155 [INFO] PluginManage:359 - Loaded plugin rif (category:base,tabindex:3)
2026-03-10 11:21:59,155 [INFO] PluginManage:310 - Check plugin thirdparty
2026-03-10 11:21:59,518 [INFO] PluginManage:359 - Loaded plugin thirdparty (category:base,tabindex:-1)
2026-03-10 11:21:59,518 [WARN] IntegrityCheckThread:84 - waiting for thirdparty lock release [integrity check]
2026-03-10 11:21:59,518 [INFO] PluginManage:310 - Check plugin tools
2026-03-10 11:21:59,518 [INFO] IntegrityCheckThread:86 - entering critical section [integrity check]
2026-03-10 11:21:59,518 [INFO] ThirdPartyUpdaterWithRetryManager:70 - Updater plugin not ready yet. [1/15]
2026-03-10 11:21:59,566 [INFO] PluginManage:359 - Loaded plugin tools (category:base,tabindex:7)
2026-03-10 11:21:59,567 [INFO] PluginManage:310 - Check plugin tutovideos
2026-03-10 11:21:59,823 [INFO] PluginManage:359 - Loaded plugin tutovideos (category:base,tabindex:-1)
2026-03-10 11:21:59,824 [INFO] PluginManage:310 - Check plugin updater
2026-03-10 11:21:59,843 [INFO] PluginManage:359 - Loaded plugin updater (category:base,tabindex:12)
2026-03-10 11:21:59,843 [INFO] PluginManage:310 - Check plugin userauth
2026-03-10 11:21:59,847 [INFO] UserAuth:118 - Init User Auth plugin
2026-03-10 11:21:59,848 [INFO] PluginManage:359 - Loaded plugin userauth (category:base,tabindex:14)
2026-03-10 11:21:59,848 [INFO] PluginManage:283 - PluginManage : Loaded plugins [18]
2026-03-10 11:22:00,067 [INFO] PinOutPanel:1589 - setPackage(No Configuration,No Configuration)
2026-03-10 11:22:00,149 [INFO] CADModel:165 - CPN selected for project level
2026-03-10 11:22:00,150 [INFO] CADModel:114 - Register for checkConnection events
2026-03-10 11:22:00,179 [INFO] IPUIPlugin:80 - create IPUIPlugin
2026-03-10 11:22:00,180 [INFO] PluginManager:220 - loadIPPluginJar : add adc
2026-03-10 11:22:00,225 [INFO] IPUIPlugin:80 - create IPUIPlugin
2026-03-10 11:22:00,225 [INFO] PluginManager:220 - loadIPPluginJar : add aes
2026-03-10 11:22:00,278 [INFO] IPUIPlugin:80 - create IPUIPlugin
2026-03-10 11:22:00,278 [INFO] PluginManager:220 - loadIPPluginJar : add can
2026-03-10 11:22:00,309 [INFO] IPUIPlugin:80 - create IPUIPlugin
2026-03-10 11:22:00,309 [INFO] PluginManager:220 - loadIPPluginJar : add comp
2026-03-10 11:22:00,347 [INFO] IPUIPlugin:80 - create IPUIPlugin
2026-03-10 11:22:00,348 [INFO] PluginManager:220 - loadIPPluginJar : add cryp
2026-03-10 11:22:00,362 [INFO] IPUIPlugin:80 - create IPUIPlugin
2026-03-10 11:22:00,362 [INFO] PluginManager:220 - loadIPPluginJar : add ddr_ctrl_phy
2026-03-10 11:22:00,393 [INFO] IPUIPlugin:80 - create IPUIPlugin
2026-03-10 11:22:00,394 [INFO] PluginManager:220 - loadIPPluginJar : add dfsdm
2026-03-10 11:22:00,410 [INFO] IPUIPlugin:80 - create IPUIPlugin
2026-03-10 11:22:00,411 [INFO] PluginManager:220 - loadIPPluginJar : add dma
2026-03-10 11:22:00,450 [INFO] IPUIPlugin:80 - create IPUIPlugin
2026-03-10 11:22:00,450 [INFO] PluginManager:220 - loadIPPluginJar : add dma3
2026-03-10 11:22:00,494 [INFO] IPUIPlugin:80 - create IPUIPlugin
2026-03-10 11:22:00,494 [INFO] PluginManager:220 - loadIPPluginJar : add extmemmanager
2026-03-10 11:22:00,521 [INFO] IPUIPlugin:80 - create IPUIPlugin
2026-03-10 11:22:00,522 [INFO] PluginManager:220 - loadIPPluginJar : add fatfs
2026-03-10 11:22:00,573 [INFO] IPUIPlugin:80 - create IPUIPlugin
2026-03-10 11:22:00,573 [INFO] PluginManager:220 - loadIPPluginJar : add fmc
2026-03-10 11:22:00,592 [INFO] IPUIPlugin:80 - create IPUIPlugin
2026-03-10 11:22:00,593 [INFO] PluginManager:220 - loadIPPluginJar : add freertos
2026-03-10 11:22:00,616 [INFO] IPUIPlugin:80 - create IPUIPlugin
2026-03-10 11:22:00,616 [INFO] PluginManager:220 - loadIPPluginJar : add genericplugin
2026-03-10 11:22:00,738 [INFO] IPUIPlugin:80 - create IPUIPlugin
2026-03-10 11:22:00,738 [INFO] PluginManager:220 - loadIPPluginJar : add gfxmmu
2026-03-10 11:22:00,919 [INFO] IPUIPlugin:80 - create IPUIPlugin
2026-03-10 11:22:00,919 [INFO] PluginManager:220 - loadIPPluginJar : add gic
2026-03-10 11:22:00,935 [INFO] IPUIPlugin:80 - create IPUIPlugin
2026-03-10 11:22:00,935 [INFO] PluginManager:220 - loadIPPluginJar : add gpio
2026-03-10 11:22:01,030 [INFO] IPUIPlugin:80 - create IPUIPlugin
2026-03-10 11:22:01,030 [INFO] PluginManager:220 - loadIPPluginJar : add gtzc
2026-03-10 11:22:01,067 [INFO] IPUIPlugin:80 - create IPUIPlugin
2026-03-10 11:22:01,067 [INFO] PluginManager:220 - loadIPPluginJar : add hash
2026-03-10 11:22:01,121 [INFO] IPUIPlugin:80 - create IPUIPlugin
2026-03-10 11:22:01,121 [INFO] PluginManager:220 - loadIPPluginJar : add i2c
2026-03-10 11:22:01,161 [INFO] IPUIPlugin:80 - create IPUIPlugin
2026-03-10 11:22:01,162 [INFO] PluginManager:220 - loadIPPluginJar : add i2s
2026-03-10 11:22:01,208 [INFO] IPUIPlugin:80 - create IPUIPlugin
2026-03-10 11:22:01,208 [INFO] PluginManager:220 - loadIPPluginJar : add i3c
2026-03-10 11:22:01,312 [INFO] IPUIPlugin:80 - create IPUIPlugin
2026-03-10 11:22:01,312 [INFO] PluginManager:220 - loadIPPluginJar : add ipddr
2026-03-10 11:22:01,401 [INFO] IPUIPlugin:80 - create IPUIPlugin
2026-03-10 11:22:01,401 [INFO] PluginManager:220 - loadIPPluginJar : add linkedlist
2026-03-10 11:22:01,443 [INFO] IPUIPlugin:80 - create IPUIPlugin
2026-03-10 11:22:01,444 [INFO] PluginManager:220 - loadIPPluginJar : add lorawan
2026-03-10 11:22:01,488 [INFO] IPUIPlugin:80 - create IPUIPlugin
2026-03-10 11:22:01,488 [INFO] PluginManager:220 - loadIPPluginJar : add ltdc
2026-03-10 11:22:01,505 [INFO] IPUIPlugin:80 - create IPUIPlugin
2026-03-10 11:22:01,505 [INFO] PluginManager:220 - loadIPPluginJar : add mdma
2026-03-10 11:22:01,519 [INFO] IPUIPlugin:80 - create IPUIPlugin
2026-03-10 11:22:01,519 [INFO] PluginManager:220 - loadIPPluginJar : add nvic
2026-03-10 11:22:01,563 [INFO] IPUIPlugin:80 - create IPUIPlugin
2026-03-10 11:22:01,563 [INFO] PluginManager:220 - loadIPPluginJar : add opamp
2026-03-10 11:22:01,634 [INFO] IPUIPlugin:80 - create IPUIPlugin
2026-03-10 11:22:01,634 [INFO] PluginManager:220 - loadIPPluginJar : add openamp
2026-03-10 11:22:01,681 [INFO] IPUIPlugin:80 - create IPUIPlugin
2026-03-10 11:22:01,681 [INFO] PluginManager:220 - loadIPPluginJar : add pdm2pcm
2026-03-10 11:22:01,703 [INFO] IPUIPlugin:80 - create IPUIPlugin
2026-03-10 11:22:01,705 [INFO] PluginManager:220 - loadIPPluginJar : add plateformsettings
2026-03-10 11:22:01,765 [INFO] IPUIPlugin:80 - create IPUIPlugin
2026-03-10 11:22:01,765 [INFO] PluginManager:220 - loadIPPluginJar : add quadspi
2026-03-10 11:22:01,797 [INFO] IPUIPlugin:80 - create IPUIPlugin
2026-03-10 11:22:01,797 [INFO] PluginManager:220 - loadIPPluginJar : add radio
2026-03-10 11:22:01,812 [INFO] IPUIPlugin:80 - create IPUIPlugin
2026-03-10 11:22:01,812 [INFO] PluginManager:220 - loadIPPluginJar : add resmgrutility
2026-03-10 11:22:01,861 [INFO] IPUIPlugin:80 - create IPUIPlugin
2026-03-10 11:22:01,861 [INFO] PluginManager:220 - loadIPPluginJar : add sai
2026-03-10 11:22:01,903 [INFO] IPUIPlugin:80 - create IPUIPlugin
2026-03-10 11:22:01,903 [INFO] PluginManager:220 - loadIPPluginJar : add spi
2026-03-10 11:22:02,000 [INFO] IPUIPlugin:80 - create IPUIPlugin
2026-03-10 11:22:02,000 [INFO] PluginManager:220 - loadIPPluginJar : add stm32_wpan
2026-03-10 11:22:02,035 [INFO] IPUIPlugin:80 - create IPUIPlugin
2026-03-10 11:22:02,036 [INFO] PluginManager:220 - loadIPPluginJar : add tim
2026-03-10 11:22:02,113 [INFO] IPUIPlugin:80 - create IPUIPlugin
2026-03-10 11:22:02,113 [INFO] PluginManager:220 - loadIPPluginJar : add touchsensing
2026-03-10 11:22:02,147 [INFO] IPUIPlugin:80 - create IPUIPlugin
2026-03-10 11:22:02,147 [INFO] PluginManager:220 - loadIPPluginJar : add tracer_emb
2026-03-10 11:22:02,179 [INFO] IPUIPlugin:80 - create IPUIPlugin
2026-03-10 11:22:02,179 [INFO] PluginManager:220 - loadIPPluginJar : add ts
2026-03-10 11:22:02,205 [INFO] IPUIPlugin:80 - create IPUIPlugin
2026-03-10 11:22:02,205 [INFO] PluginManager:220 - loadIPPluginJar : add tsc
2026-03-10 11:22:02,229 [INFO] IPUIPlugin:80 - create IPUIPlugin
2026-03-10 11:22:02,229 [INFO] PluginManager:220 - loadIPPluginJar : add ucpd
2026-03-10 11:22:02,275 [INFO] IPUIPlugin:80 - create IPUIPlugin
2026-03-10 11:22:02,276 [INFO] PluginManager:220 - loadIPPluginJar : add usart
2026-03-10 11:22:02,323 [INFO] IPUIPlugin:80 - create IPUIPlugin
2026-03-10 11:22:02,323 [INFO] PluginManager:220 - loadIPPluginJar : add usbx
2026-03-10 11:22:02,450 [FATAL] Updater:351 - Updater called before beeing initialized
2026-03-10 11:22:02,474 [INFO] RulesReader:64 - Compatibility file has been processed (317 Rules)
2026-03-10 11:22:02,483 [INFO] RulesReader:64 - Compatibility file has been processed (317 Rules)
2026-03-10 11:22:02,491 [INFO] CADModel:165 - CPN selected for project level
2026-03-10 11:22:02,491 [INFO] CADModel:114 - Register for checkConnection events
2026-03-10 11:22:02,491 [FATAL] Updater:351 - Updater called before beeing initialized
2026-03-10 11:22:02,491 [ERROR] CADModel:125 - Updater not yet initialized, retry later 
2026-03-10 11:22:02,532 [INFO] ThirdPartyUpdaterWithRetryManager:70 - Updater plugin not ready yet. [2/15]
2026-03-10 11:22:02,628 [FATAL] Updater:351 - Updater called before beeing initialized
2026-03-10 11:22:02,630 [INFO] CADModel:165 - CPN selected for project level
2026-03-10 11:22:02,630 [INFO] CADModel:114 - Register for checkConnection events
2026-03-10 11:22:02,630 [FATAL] Updater:351 - Updater called before beeing initialized
2026-03-10 11:22:02,630 [ERROR] CADModel:125 - Updater not yet initialized, retry later 
2026-03-10 11:22:02,633 [FATAL] Updater:351 - Updater called before beeing initialized
2026-03-10 11:22:02,733 [FATAL] Updater:351 - Updater called before beeing initialized
2026-03-10 11:22:02,744 [INFO] DbMcusAds:53 - JSON generation date=Tue Feb 10 17:46:36 IST 2026 (1770725796209)
2026-03-10 11:22:02,744 [FATAL] Updater:351 - Updater called before beeing initialized
2026-03-10 11:22:02,781 [WARN] DetailPanel:346 - Failed to get advertising image, set to default
2026-03-10 11:22:02,856 [FATAL] Updater:351 - Updater called before beeing initialized
2026-03-10 11:22:02,858 [FATAL] Updater:351 - Updater called before beeing initialized
2026-03-10 11:22:02,859 [FATAL] Updater:351 - Updater called before beeing initialized
2026-03-10 11:22:02,859 [WARN] DetailPanel:346 - Failed to get advertising image, set to default
2026-03-10 11:22:02,859 [FATAL] Updater:351 - Updater called before beeing initialized
2026-03-10 11:22:02,916 [ERROR] Updater:1198 - MainUpdater not yet initialized. External WinMGr cannot be set.
2026-03-10 11:22:02,927 [INFO] Updater:1134 - Updater Version found : 6.15.0
2026-03-10 11:22:02,945 [INFO] ApplicationProperties:184 - Using Application install path: C:\ST\STM32CubeIDE_1.19.0\STM32CubeIDE\plugins\com.st.stm32cube.common.mx_6.15.0.202507011659
2026-03-10 11:22:03,442 [INFO] MainUpdater:2872 - connection check result : 10
2026-03-10 11:22:03,442 [INFO] MainUpdater:289 - Updater Check For Update Now.
2026-03-10 11:22:03,443 [INFO] MicroXplorer:498 - Change Database Version : DB.6.0.150
2026-03-10 11:22:03,463 [INFO] McuFinderGlobals:63 - Set McuFinder mode to 2 (CubeIDE integrated)
2026-03-10 11:22:03,472 [INFO] UserAuth:487 - Internet connection configuration mode: 1
2026-03-10 11:22:03,514 [INFO] JxBrowserEngine:152 - Initiate JxBrowser Engine with user profile folder
2026-03-10 11:22:03,667 [INFO] CheckServerUpdateThread:120 - End of CheckServer Thread
2026-03-10 11:22:05,125 [INFO] WebApp:169 - Instantiating new browser for Auth
2026-03-10 11:22:05,934 [WARN] PackLoader:240 - Cannot read IP mode file for STMicroelectronics.X-CUBE-AZRTOS-H7.3.5.0
2026-03-10 11:22:05,955 [WARN] PackLoader:240 - Cannot read IP mode file for STMicroelectronics.FP-SNS-MOTENVWB1.1.4.0
2026-03-10 11:22:05,969 [WARN] PackLoader:240 - Cannot read IP mode file for STMicroelectronics.FP-ATR-ASTRA1.2.0.2
2026-03-10 11:22:05,988 [WARN] PackLoader:240 - Cannot read IP mode file for STMicroelectronics.X-CUBE-SMBUS.2.1.0
2026-03-10 11:22:06,025 [WARN] PackLoader:240 - Cannot read IP mode file for STMicroelectronics.X-CUBE-AZRTOS-F7.1.1.0
2026-03-10 11:22:06,049 [WARN] PackLoader:240 - Cannot read IP mode file for Cesanta.I-CUBE-Mongoose.7.19.0
2026-03-10 11:22:06,074 [WARN] PackLoader:240 - Cannot read IP mode file for STMicroelectronics.FP-SNS-MOTENV1.5.1.0
2026-03-10 11:22:06,113 [WARN] PackLoader:240 - Cannot read IP mode file for WES.I-CUBE-Cesium.1.4.0
2026-03-10 11:22:06,192 [WARN] PackLoader:240 - Cannot read IP mode file for Infineon.AIROC-Wi-Fi-Bluetooth-STM32.1.7.1
2026-03-10 11:22:06,262 [WARN] PackLoader:240 - Cannot read IP mode file for STMicroelectronics.X-CUBE-AZRTOS-H7.3.4.0
2026-03-10 11:22:06,274 [INFO] WebApp:463 - Apply proxy settings
2026-03-10 11:22:06,275 [INFO] WebApp:548 - Chromium requires no authentication
2026-03-10 11:22:06,376 [WARN] PackLoader:240 - Cannot read IP mode file for STMicroelectronics.X-CUBE-DISPLAY.3.0.0
2026-03-10 11:22:06,421 [WARN] PackLoader:240 - Cannot read IP mode file for STMicroelectronics.FP-SNS-MOTENVWB1.1.5.0
2026-03-10 11:22:06,559 [INFO] WebApp:491 - Direct internet connection detected
2026-03-10 11:22:06,560 [WARN] PackLoader:240 - Cannot read IP mode file for STMicroelectronics.X-CUBE-NFC10.1.0.0
2026-03-10 11:22:06,628 [WARN] PackLoader:240 - Cannot read IP mode file for STMicroelectronics.X-CUBE-ST60.1.1.0
2026-03-10 11:22:06,697 [WARN] PackLoader:240 - Cannot read IP mode file for emotas.I-CUBE-CANOPEN.1.3.0
2026-03-10 11:22:06,743 [WARN] PackLoader:240 - Cannot read IP mode file for STMicroelectronics.X-CUBE-GNSS1.7.1.0
2026-03-10 11:22:07,010 [WARN] PackLoader:240 - Cannot read IP mode file for STMicroelectronics.FP-SNS-STBOX1.2.1.0
2026-03-10 11:22:07,132 [WARN] PackLoader:240 - Cannot read IP mode file for STMicroelectronics.FP-SNS-SMARTAG2.1.2.0
2026-03-10 11:22:07,270 [WARN] PackLoader:240 - Cannot read IP mode file for STMicroelectronics.FP-SNS-FLIGHT1.5.1.0
2026-03-10 11:22:07,311 [INFO] WebApp:900 - Register for checkConnection events
2026-03-10 11:22:07,311 [INFO] WebApp:463 - Apply proxy settings
2026-03-10 11:22:07,311 [INFO] WebApp:548 - Chromium requires no authentication
2026-03-10 11:22:07,312 [INFO] WebApp:491 - Direct internet connection detected
2026-03-10 11:22:07,431 [INFO] LogOutputStream:77 - [STDOUT_REDIRECT] 1 : Invalid condition id : UX_CORESTACK_Condition cause : null
2026-03-10 11:22:07,432 [INFO] LogOutputStream:77 - [STDOUT_REDIRECT] 1 : Invalid condition id : UX_CORESTACK_Condition cause : null
2026-03-10 11:22:07,433 [INFO] LogOutputStream:77 - [STDOUT_REDIRECT] 1 : Invalid condition id : UX_CORESTACK_Condition cause : null
2026-03-10 11:22:07,435 [INFO] LogOutputStream:77 - [STDOUT_REDIRECT] 1 : Invalid condition id : UX_CORESTACK_Condition cause : null
2026-03-10 11:22:07,436 [INFO] LogOutputStream:77 - [STDOUT_REDIRECT] 1 : Invalid condition id : UX_CORESTACK_Condition cause : null
2026-03-10 11:22:07,439 [WARN] PackLoader:240 - Cannot read IP mode file for STMicroelectronics.X-CUBE-AZRTOS-WL.2.0.0
2026-03-10 11:22:07,910 [WARN] PackLoader:240 - Cannot read IP mode file for STMicroelectronics.FP-SNS-MOTENV1.5.0.0
2026-03-10 11:22:08,614 [WARN] PackLoader:240 - Cannot read IP mode file for STMicroelectronics.X-CUBE-AZRTOS-H7RS.1.2.0
2026-03-10 11:22:08,849 [WARN] PackLoader:240 - Cannot read IP mode file for STMicroelectronics.X-CUBE-BLE2.3.3.0
2026-03-10 11:22:09,025 [WARN] PackLoader:240 - Cannot read IP mode file for STMicroelectronics.X-CUBE-NFC9.1.0.0
2026-03-10 11:22:09,056 [WARN] PackLoader:240 - Cannot read IP mode file for wolfSSL.I-CUBE-wolfSSL.5.8.2
2026-03-10 11:22:09,074 [WARN] PackLoader:240 - Cannot read IP mode file for STMicroelectronics.X-CUBE-BLE1.7.1.0
2026-03-10 11:22:09,100 [WARN] PackLoader:240 - Cannot read IP mode file for wolfSSL.I-CUBE-wolfMQTT.1.19.2
2026-03-10 11:22:09,117 [WARN] PackLoader:240 - Cannot read IP mode file for STMicroelectronics.X-CUBE-FREERTOS.1.4.0
2026-03-10 11:22:09,134 [WARN] PackLoader:240 - Cannot read IP mode file for STMicroelectronics.X-CUBE-EEPRMA1.5.2.0
2026-03-10 11:22:09,180 [WARN] PackLoader:240 - Cannot read IP mode file for STMicroelectronics.X-CUBE-ST67W61.1.1.0
2026-03-10 11:22:09,221 [WARN] PackLoader:240 - Cannot read IP mode file for STMicroelectronics.X-CUBE-MEMS1.12.0.0
2026-03-10 11:22:09,251 [INFO] WebApp:225 - Starting web application
2026-03-10 11:22:09,252 [INFO] WebApp:593 - Web application path used C:\ST\STM32CubeIDE_1.19.0\STM32CubeIDE\plugins\com.st.stm32cube.common.mx_6.15.0.202507011659\db\plugins\mcufinder\reactClient1\index.html
2026-03-10 11:22:09,329 [WARN] PackLoader:240 - Cannot read IP mode file for STMicroelectronics.X-CUBE-AZRTOS-G0.1.1.0
2026-03-10 11:22:09,353 [WARN] PackLoader:240 - Cannot read IP mode file for STMicroelectronics.X-CUBE-SAFEA1.1.2.2
2026-03-10 11:22:09,370 [WARN] PackLoader:240 - Cannot read IP mode file for STMicroelectronics.X-CUBE-NFC4.3.0.0
2026-03-10 11:22:09,391 [WARN] PackLoader:240 - Cannot read IP mode file for EmbeddedOffice.I-CUBE-FS-RTOS.1.0.1
2026-03-10 11:22:09,406 [WARN] PackLoader:240 - Cannot read IP mode file for STMicroelectronics.X-CUBE-WB05N.2.0.0
2026-03-10 11:22:09,434 [WARN] PackLoader:240 - Cannot read IP mode file for wolfSSL.I-CUBE-wolfTPM.3.8.0
2026-03-10 11:22:09,462 [WARN] PackLoader:240 - Cannot read IP mode file for STMicroelectronics.X-CUBE-TCPP.4.2.0
2026-03-10 11:22:09,466 [INFO] UserAuth:487 - Internet connection configuration mode: 1
2026-03-10 11:22:09,496 [WARN] PackLoader:240 - Cannot read IP mode file for RealThread.X-CUBE-RT-Thread_Nano.4.1.1
2026-03-10 11:22:09,526 [WARN] PackLoader:240 - Cannot read IP mode file for STMicroelectronics.FP-ATR-SIGFOX1.3.2.0
2026-03-10 11:22:09,545 [WARN] PackLoader:240 - Cannot read IP mode file for STMicroelectronics.X-CUBE-FREERTOS.1.5.0
2026-03-10 11:22:09,570 [WARN] PackLoader:240 - Cannot read IP mode file for ITTIA_DB.I-CUBE-ITTIADB.8.9.0
2026-03-10 11:22:09,595 [WARN] PackLoader:240 - Cannot read IP mode file for STMicroelectronics.X-CUBE-NFC6.3.2.0
2026-03-10 11:22:09,621 [WARN] PackLoader:240 - Cannot read IP mode file for STMicroelectronics.X-CUBE-AI.10.2.0
2026-03-10 11:22:09,626 [INFO] WebApp:191 - Connection restablished
2026-03-10 11:22:09,666 [WARN] PackLoader:240 - Cannot read IP mode file for SEGGER.I-CUBE-embOS.1.3.1
2026-03-10 11:22:09,723 [WARN] PackLoader:240 - Cannot read IP mode file for STMicroelectronics.X-CUBE-ALGOBUILD.1.4.0
2026-03-10 11:22:09,799 [WARN] PackLoader:240 - Cannot read IP mode file for STMicroelectronics.X-CUBE-MEMS1.11.3.0
2026-03-10 11:22:09,914 [WARN] PackLoader:240 - Cannot read IP mode file for STMicroelectronics.X-CUBE-PM33A1.1.0.0
2026-03-10 11:22:09,945 [WARN] PackLoader:240 - Cannot read IP mode file for STMicroelectronics.X-CUBE-AZRTOS-F4.1.1.0
2026-03-10 11:22:09,968 [WARN] PackLoader:240 - Cannot read IP mode file for STMicroelectronics.X-CUBE-ISPU.2.1.0
2026-03-10 11:22:09,995 [WARN] PackLoader:240 - Cannot read IP mode file for STMicroelectronics.X-CUBE-IPS.3.2.0
2026-03-10 11:22:10,019 [WARN] PackLoader:240 - Cannot read IP mode file for STMicroelectronics.X-CUBE-NFC12.1.0.0
2026-03-10 11:22:10,069 [WARN] PackLoader:240 - Cannot read IP mode file for STMicroelectronics.X-CUBE-AZRTOS-L5.2.0.0
2026-03-10 11:22:10,099 [WARN] PackLoader:240 - Cannot read IP mode file for STMicroelectronics.X-CUBE-NFC6.3.1.0
2026-03-10 11:22:10,139 [WARN] PackLoader:240 - Cannot read IP mode file for STMicroelectronics.X-CUBE-FREERTOS.1.3.1
2026-03-10 11:22:10,199 [WARN] PackLoader:240 - Cannot read IP mode file for STMicroelectronics.X-CUBE-TOUCHGFX.4.26.0
2026-03-10 11:22:10,228 [WARN] PackLoader:240 - Cannot read IP mode file for STMicroelectronics.X-CUBE-TOUCHGFX.4.26.1
2026-03-10 11:22:10,264 [WARN] PackLoader:240 - Cannot read IP mode file for STMicroelectronics.FP-SNS-STAIOTCFT.1.0.0
2026-03-10 11:22:10,302 [WARN] PackLoader:240 - Cannot read IP mode file for STMicroelectronics.X-CUBE-DPower.1.3.0
2026-03-10 11:22:10,386 [WARN] ConditionMgr:438 - getConditionDescription Invalid condition id : LAN8742 Phy interface Condition cause : null
2026-03-10 11:22:10,387 [WARN] PackLoader:240 - Cannot read IP mode file for STMicroelectronics.X-CUBE-AZRTOS-L4.2.0.0
2026-03-10 11:22:10,391 [WARN] ConditionMgr:1044 - genDependencies : Invalid condition id : LAN8742 Phy interface Condition cause : null
2026-03-10 11:22:10,402 [WARN] ConditionMgr:1044 - genDependencies : Invalid condition id : LAN8742 Phy interface Condition cause : null
2026-03-10 11:22:10,404 [WARN] ConditionMgr:1044 - genDependencies : Invalid condition id : LAN8742 Phy interface Condition cause : null
2026-03-10 11:22:10,456 [WARN] PackLoader:240 - Cannot read IP mode file for STMicroelectronics.X-CUBE-SFXS2LP1.4.0.0
2026-03-10 11:22:10,537 [WARN] PackLoader:240 - Cannot read IP mode file for STMicroelectronics.X-CUBE-ST67W61.1.2.0
2026-03-10 11:22:10,587 [WARN] PackLoader:240 - Cannot read IP mode file for STMicroelectronics.X-CUBE-BLEMGR.4.1.0
2026-03-10 11:22:10,633 [WARN] ConditionMgr:438 - getConditionDescription Invalid condition id : UX DEVICE CLASS RTOS Condition cause : null
2026-03-10 11:22:10,634 [WARN] ConditionMgr:438 - getConditionDescription Invalid condition id : UX DEVICE CLASS RTOS Condition cause : null
2026-03-10 11:22:10,635 [WARN] PackLoader:240 - Cannot read IP mode file for STMicroelectronics.X-CUBE-AZRTOS-WB.2.0.0
2026-03-10 11:22:10,636 [WARN] ConditionMgr:1044 - genDependencies : Invalid condition id : UX DEVICE CLASS RTOS Condition cause : null
2026-03-10 11:22:10,636 [WARN] ConditionMgr:1044 - genDependencies : Invalid condition id : UX DEVICE CLASS RTOS Condition cause : null
2026-03-10 11:22:10,636 [WARN] ConditionMgr:1044 - genDependencies : Invalid condition id : UX DEVICE CLASS RTOS Condition cause : null
2026-03-10 11:22:10,636 [WARN] ConditionMgr:1044 - genDependencies : Invalid condition id : UX DEVICE CLASS RTOS Condition cause : null
2026-03-10 11:22:10,637 [WARN] ConditionMgr:1044 - genDependencies : Invalid condition id : UX DEVICE CLASS RTOS Condition cause : null
2026-03-10 11:22:10,656 [WARN] PackLoader:240 - Cannot read IP mode file for STMicroelectronics.X-CUBE-GNSS1.7.0.1
2026-03-10 11:22:10,677 [WARN] ConditionMgr:438 - getConditionDescription Invalid condition id : Cortex-A Device cause : null
2026-03-10 11:22:10,700 [WARN] ConditionMgr:1044 - genDependencies : Invalid condition id : Cortex-A Device cause : null
2026-03-10 11:22:10,701 [WARN] ConditionMgr:1044 - genDependencies : Invalid condition id : Cortex-A Device cause : null
2026-03-10 11:22:10,701 [WARN] ConditionMgr:1044 - genDependencies : Invalid condition id : Cortex-A Device cause : null
2026-03-10 11:22:10,717 [WARN] PackLoader:240 - Cannot read IP mode file for STMicroelectronics.X-CUBE-STSE01.2.0.0
2026-03-10 11:22:10,745 [WARN] PackLoader:240 - Cannot read IP mode file for STMicroelectronics.X-CUBE-SUBG2.5.0.0
2026-03-10 11:22:10,801 [WARN] PackLoader:240 - Cannot read IP mode file for STMicroelectronics.X-CUBE-AZRTOS-H7RS.1.1.0
2026-03-10 11:22:10,837 [WARN] PackLoader:240 - Cannot read IP mode file for STMicroelectronics.X-CUBE-AZRTOS-G4.2.0.0
2026-03-10 11:22:10,863 [WARN] PackLoader:240 - Cannot read IP mode file for wolfSSL.I-CUBE-wolfSSH.1.4.20
2026-03-10 11:22:10,885 [WARN] PackLoader:240 - Cannot read IP mode file for STMicroelectronics.X-CUBE-NFC7.2.0.0
2026-03-10 11:22:10,910 [WARN] PackLoader:240 - Cannot read IP mode file for STMicroelectronics.X-CUBE-ALS.1.0.2
2026-03-10 11:22:10,930 [WARN] PackLoader:240 - Cannot read IP mode file for STMicroelectronics.X-CUBE-STSE01.1.0.0
2026-03-10 11:22:10,955 [WARN] PackLoader:240 - Cannot read IP mode file for STMicroelectronics.X-CUBE-TOF1.3.4.3
2026-03-10 11:22:10,966 [INFO] ThirdParty:978 - Integrity check success = true
2026-03-10 11:22:10,967 [INFO] IntegrityCheckThread:100 - exiting critical section [integrity check]
2026-03-10 11:22:10,967 [INFO] IntegrityCheckThread:103 - End integrity checks thread
2026-03-10 11:28:33,296 [INFO] WebApp:194 - Connection lost
2026-03-10 11:28:33,553 [INFO] WebApp:191 - Connection restablished
2026-03-10 11:30:56,806 [INFO] WebApp:194 - Connection lost
2026-03-10 11:30:57,037 [INFO] WebApp:191 - Connection restablished
2026-03-10 11:43:22,789 [INFO] WebApp:194 - Connection lost
2026-03-10 11:43:23,018 [INFO] WebApp:191 - Connection restablished
2026-03-10 12:20:35,785 [INFO] WebApp:194 - Connection lost
2026-03-10 12:20:36,057 [INFO] WebApp:191 - Connection restablished
2026-03-10 12:22:05,809 [INFO] WebApp:194 - Connection lost
2026-03-10 12:22:06,166 [INFO] WebApp:191 - Connection restablished
2026-03-10 12:25:54,303 [INFO] WebApp:194 - Connection lost
2026-03-10 12:25:54,506 [INFO] WebApp:191 - Connection restablished
2026-03-10 12:49:18,301 [INFO] WebApp:194 - Connection lost
2026-03-10 12:49:18,483 [INFO] WebApp:191 - Connection restablished
2026-03-10 12:52:18,792 [INFO] WebApp:194 - Connection lost
2026-03-10 12:52:18,989 [INFO] WebApp:191 - Connection restablished
2026-03-10 12:52:37,302 [INFO] WebApp:194 - Connection lost
2026-03-10 12:52:37,454 [INFO] WebApp:191 - Connection restablished
2026-03-10 13:02:52,284 [INFO] WebApp:194 - Connection lost
2026-03-10 13:02:52,479 [INFO] WebApp:191 - Connection restablished
2026-03-10 14:40:31,669 [INFO] WebApp:194 - Connection lost
2026-03-10 14:40:32,041 [INFO] WebApp:191 - Connection restablished
2026-03-10 14:40:59,791 [INFO] WebApp:194 - Connection lost
2026-03-10 14:40:59,943 [INFO] WebApp:191 - Connection restablished
2026-03-10 14:45:45,788 [INFO] WebApp:194 - Connection lost
2026-03-10 14:45:45,949 [INFO] WebApp:191 - Connection restablished
2026-03-10 15:03:22,370 [INFO] WebApp:194 - Connection lost
2026-03-10 15:03:22,546 [INFO] WebApp:191 - Connection restablished
2026-03-10 15:05:14,805 [INFO] WebApp:194 - Connection lost
2026-03-10 15:05:15,018 [INFO] WebApp:191 - Connection restablished
2026-03-10 15:30:25,095 [INFO] WebApp:194 - Connection lost
2026-03-10 15:30:25,587 [INFO] WebApp:191 - Connection restablished
2026-03-10 15:30:28,324 [INFO] WebApp:194 - Connection lost
2026-03-10 15:30:28,449 [INFO] WebApp:191 - Connection restablished
2026-03-10 15:30:42,388 [INFO] WebApp:194 - Connection lost
2026-03-10 15:30:42,554 [INFO] WebApp:191 - Connection restablished
2026-03-10 15:30:48,496 [INFO] WebApp:194 - Connection lost
2026-03-10 15:30:48,659 [INFO] WebApp:191 - Connection restablished
2026-03-10 15:32:26,112 [INFO] WebApp:194 - Connection lost
2026-03-10 15:32:26,328 [INFO] WebApp:191 - Connection restablished
2026-03-10 15:32:32,288 [INFO] WebApp:194 - Connection lost
2026-03-10 15:32:32,442 [INFO] WebApp:191 - Connection restablished
2026-03-10 15:37:57,796 [INFO] WebApp:194 - Connection lost
2026-03-10 15:37:57,991 [INFO] WebApp:191 - Connection restablished
2026-03-10 15:49:06,811 [INFO] WebApp:194 - Connection lost
2026-03-10 15:49:07,019 [INFO] WebApp:191 - Connection restablished
2026-03-10 16:00:15,408 [INFO] WebApp:194 - Connection lost
2026-03-10 16:00:15,915 [INFO] WebApp:191 - Connection restablished
2026-03-10 16:03:17,801 [INFO] WebApp:194 - Connection lost
2026-03-10 16:03:17,976 [INFO] WebApp:191 - Connection restablished
2026-03-10 16:27:48,407 [INFO] WebApp:194 - Connection lost
2026-03-10 16:27:48,625 [INFO] WebApp:191 - Connection restablished
2026-03-10 16:42:08,293 [INFO] WebApp:194 - Connection lost
2026-03-10 16:42:18,986 [INFO] WebApp:191 - Connection restablished
2026-03-10 16:42:20,771 [INFO] WebApp:194 - Connection lost
2026-03-10 16:42:20,940 [INFO] WebApp:191 - Connection restablished
2026-03-10 16:48:29,286 [INFO] WebApp:194 - Connection lost
2026-03-10 16:48:29,516 [INFO] WebApp:191 - Connection restablished
2026-03-10 16:53:19,290 [INFO] WebApp:194 - Connection lost
2026-03-10 16:53:19,456 [INFO] WebApp:191 - Connection restablished
2026-03-10 17:09:14,797 [INFO] WebApp:194 - Connection lost
2026-03-10 17:09:15,024 [INFO] WebApp:191 - Connection restablished
2026-03-10 17:09:18,285 [INFO] WebApp:194 - Connection lost
2026-03-10 17:09:18,510 [INFO] WebApp:191 - Connection restablished
2026-03-10 17:09:36,791 [INFO] WebApp:194 - Connection lost
2026-03-10 17:09:37,016 [INFO] WebApp:191 - Connection restablished
2026-03-10 17:12:37,790 [INFO] WebApp:194 - Connection lost
2026-03-10 17:12:37,964 [INFO] WebApp:191 - Connection restablished
2026-03-10 17:16:30,079 [INFO] WebApp:403 - JxBrowser engine has been closed 
