2026-03-13 10:50:04,962 [INFO] Activator:176 - 


2026-03-13 10:50:04,968 [INFO] Activator:177 - !SESSION log4j initialized
2026-03-13 10:50:10,518 [INFO] LogOutputStream:77 - [STDOUT_REDIRECT] 
2026-03-13 10:50:10,810 [ERROR] ConfigurationRetriever:142 - IOException on connection: sw-center.st.com
2026-03-13 10:50:10,810 [ERROR] ConfigurationRetriever:142 - IOException on connection: sw-center.st.com
2026-03-13 10:50:10,811 [ERROR] ConfigurationRetriever:142 - IOException on connection: sw-center.st.com
2026-03-13 10:50:10,821 [ERROR] ConfigurationRetriever:142 - IOException on connection: sw-center.st.com
2026-03-13 10:50:10,821 [ERROR] ConfigurationRetriever:142 - IOException on connection: sw-center.st.com
2026-03-13 10:50:10,822 [ERROR] ConfigurationRetriever:142 - IOException on connection: sw-center.st.com
2026-03-13 10:50:12,316 [INFO] ApplicationProperties:184 - Using Application install path: C:\ST\STM32CubeIDE_1.19.0\STM32CubeIDE\plugins\com.st.stm32cube.common.mx_6.15.0.202507011659
2026-03-13 10:50:12,342 [INFO] DbMcusXml:78 - Set database path to: C:\ST\STM32CubeIDE_1.19.0\STM32CubeIDE\plugins\com.st.stm32cube.common.mx_6.15.0.202507011659\\db\/mcu/
2026-03-13 10:50:12,342 [INFO] ApiDb:274 - Set plugin database path to: C:\ST\STM32CubeIDE_1.19.0\STM32CubeIDE\plugins\com.st.stm32cube.common.mx_6.15.0.202507011659\\db\/plugins/boardmanager/
2026-03-13 10:50:12,343 [WARN] ApiDb:259 - Overriding images path with different value:  => C:\ST\STM32CubeIDE_1.19.0\STM32CubeIDE\plugins\com.st.stm32cube.common.mx_6.15.0.202507011659\\db\/plugins/mcufinder/images/
2026-03-13 10:50:12,354 [INFO] ApiDb:250 - Set database path to: C:\Users\Alfred\.stmcufinder\plugins\mcufinder//mcu/
2026-03-13 10:50:12,359 [INFO] DbMcusAds:125 - Set database path to: C:\Users\Alfred\.stmcufinder\plugins\mcufinder//mcu/
2026-03-13 10:50:12,364 [INFO] CrossReferenceDbSqlite:203 - Set database path to: C:\Users\Alfred\.stmcufinder\plugins\mcufinder//mcu/cs/
2026-03-13 10:50:12,539 [INFO] RulesReader:64 - Compatibility file has been processed (317 Rules)
2026-03-13 10:50:12,684 [INFO] DbMcusXml:78 - Set database path to: C:\ST\STM32CubeIDE_1.19.0\STM32CubeIDE\plugins\com.st.stm32cube.common.mx_6.15.0.202507011659\\db\/mcu/
2026-03-13 10:50:12,684 [INFO] ApiDb:274 - Set plugin database path to: C:\ST\STM32CubeIDE_1.19.0\STM32CubeIDE\plugins\com.st.stm32cube.common.mx_6.15.0.202507011659\\db\/plugins/boardmanager/
2026-03-13 10:50:12,685 [INFO] ApiDb:261 - Set plugin images path to: C:\ST\STM32CubeIDE_1.19.0\STM32CubeIDE\plugins\com.st.stm32cube.common.mx_6.15.0.202507011659\\db\/plugins/mcufinder/images/
2026-03-13 10:50:12,685 [WARN] DbFile:41 - Overriding database path with different value: C:\Users\Alfred\.stmcufinder\plugins\mcufinder/ => C:\Users\Alfred\.stmcufinder\plugins\mcufinder
2026-03-13 10:50:12,685 [INFO] ApiDb:250 - Set database path to: C:\Users\Alfred\.stmcufinder\plugins\mcufinder//mcu/
2026-03-13 10:50:12,685 [WARN] DbFile:41 - Overriding database path with different value: C:\Users\Alfred\.stmcufinder\plugins\mcufinder/ => C:\Users\Alfred\.stmcufinder\plugins\mcufinder
2026-03-13 10:50:12,685 [INFO] DbMcusAds:125 - Set database path to: C:\Users\Alfred\.stmcufinder\plugins\mcufinder//mcu/
2026-03-13 10:50:12,685 [WARN] DbFile:41 - Overriding database path with different value: C:\Users\Alfred\.stmcufinder\plugins\mcufinder/ => C:\Users\Alfred\.stmcufinder\plugins\mcufinder
2026-03-13 10:50:12,685 [WARN] DbFile:41 - Overriding database path with different value: C:\Users\Alfred\.stmcufinder\plugins\mcufinder/ => C:\Users\Alfred\.stmcufinder\plugins\mcufinder
2026-03-13 10:50:12,685 [INFO] CrossReferenceDbSqlite:203 - Set database path to: C:\Users\Alfred\.stmcufinder\plugins\mcufinder//mcu/cs/
2026-03-13 10:50:12,790 [INFO] MainPanel:274 - HeapMemory: 268435456
2026-03-13 10:50:13,071 [INFO] DbMcusXml:78 - Set database path to: C:\ST\STM32CubeIDE_1.19.0\STM32CubeIDE\plugins\com.st.stm32cube.common.mx_6.15.0.202507011659\\db\/mcu/
2026-03-13 10:50:13,071 [INFO] ApiDb:274 - Set plugin database path to: C:\ST\STM32CubeIDE_1.19.0\STM32CubeIDE\plugins\com.st.stm32cube.common.mx_6.15.0.202507011659\\db\/plugins/boardmanager/
2026-03-13 10:50:13,071 [INFO] ApiDb:261 - Set plugin images path to: C:\ST\STM32CubeIDE_1.19.0\STM32CubeIDE\plugins\com.st.stm32cube.common.mx_6.15.0.202507011659\\db\/plugins/mcufinder/images/
2026-03-13 10:50:13,071 [WARN] DbFile:41 - Overriding database path with different value: C:\Users\Alfred\.stmcufinder\plugins\mcufinder/ => C:\Users\Alfred\.stmcufinder\plugins\mcufinder
2026-03-13 10:50:13,071 [INFO] ApiDb:250 - Set database path to: C:\Users\Alfred\.stmcufinder\plugins\mcufinder//mcu/
2026-03-13 10:50:13,071 [WARN] DbFile:41 - Overriding database path with different value: C:\Users\Alfred\.stmcufinder\plugins\mcufinder/ => C:\Users\Alfred\.stmcufinder\plugins\mcufinder
2026-03-13 10:50:13,072 [INFO] DbMcusAds:125 - Set database path to: C:\Users\Alfred\.stmcufinder\plugins\mcufinder//mcu/
2026-03-13 10:50:13,072 [WARN] DbFile:41 - Overriding database path with different value: C:\Users\Alfred\.stmcufinder\plugins\mcufinder/ => C:\Users\Alfred\.stmcufinder\plugins\mcufinder
2026-03-13 10:50:13,072 [WARN] DbFile:41 - Overriding database path with different value: C:\Users\Alfred\.stmcufinder\plugins\mcufinder/ => C:\Users\Alfred\.stmcufinder\plugins\mcufinder
2026-03-13 10:50:13,072 [INFO] CrossReferenceDbSqlite:203 - Set database path to: C:\Users\Alfred\.stmcufinder\plugins\mcufinder//mcu/cs/
2026-03-13 10:50:13,096 [INFO] ApplicationProperties:184 - Using Application install path: C:\ST\STM32CubeIDE_1.19.0\STM32CubeIDE\plugins\com.st.stm32cube.common.mx_6.15.0.202507011659
2026-03-13 10:50:13,097 [INFO] PluginManage:196 - Search for loadable plugins [exclusion list=, ]
2026-03-13 10:50:13,099 [INFO] PluginManage:310 - Check plugin analytics
2026-03-13 10:50:13,340 [INFO] AnalyticsPlugin:253 - Accepted Software Licenses: 
2026-03-13 10:50:13,341 [INFO] AnalyticsPlugin:255 - Accepted CMSIS Pack Licenses: 
2026-03-13 10:50:13,341 [INFO] AnalyticsPlugin:257 - Accepted Firmware Licenses: FW.G0.1.6.0
2026-03-13 10:50:13,343 [INFO] PluginManage:359 - Loaded plugin analytics (category:tool,tabindex:-1)
2026-03-13 10:50:13,343 [INFO] PluginManage:310 - Check plugin cadmodel
2026-03-13 10:50:13,343 [ERROR] ConfigurationRetriever:142 - IOException on connection: sw-center.st.com
2026-03-13 10:50:13,344 [ERROR] ConfigurationRetriever:142 - IOException on connection: sw-center.st.com
2026-03-13 10:50:13,344 [ERROR] ConfigurationRetriever:142 - IOException on connection: sw-center.st.com
2026-03-13 10:50:13,374 [INFO] CADModel:105 - Init CAD model plugin
2026-03-13 10:50:13,375 [INFO] PluginManage:359 - Loaded plugin cadmodel (category:power,tabindex:5)
2026-03-13 10:50:13,375 [INFO] PluginManage:310 - Check plugin clock
2026-03-13 10:50:13,401 [INFO] PluginManage:359 - Loaded plugin clock (category:base,tabindex:2)
2026-03-13 10:50:13,401 [INFO] PluginManage:310 - Check plugin ddr
2026-03-13 10:50:13,413 [INFO] PluginManage:359 - Loaded plugin ddr (category:tool,tabindex:6)
2026-03-13 10:50:13,413 [INFO] PluginManage:310 - Check plugin filemanager
2026-03-13 10:50:13,665 [INFO] PluginManage:359 - Loaded plugin filemanager (category:base,tabindex:10)
2026-03-13 10:50:13,666 [INFO] PluginManage:310 - Check plugin ipmanager
2026-03-13 10:50:13,676 [INFO] PluginManage:359 - Loaded plugin ipmanager (category:base,tabindex:5)
2026-03-13 10:50:13,676 [INFO] PluginManage:310 - Check plugin lpbam
2026-03-13 10:50:13,704 [INFO] PluginManage:359 - Loaded plugin lpbam (category:base,tabindex:0)
2026-03-13 10:50:13,704 [INFO] PluginManage:310 - Check plugin memorymap
2026-03-13 10:50:13,768 [INFO] PluginManage:359 - Loaded plugin memorymap (category:base,tabindex:4)
2026-03-13 10:50:13,769 [INFO] PluginManage:310 - Check plugin pinoutandconfiguration
2026-03-13 10:50:13,793 [INFO] PluginManage:359 - Loaded plugin pinoutandconfiguration (category:base,tabindex:1)
2026-03-13 10:50:13,794 [INFO] PluginManage:310 - Check plugin pinoutconfig
2026-03-13 10:50:13,912 [WARN] SupportedApi:132 - Cannot load RTOS API schema: s4s-elt-must-match.1: The content of 'definitions' must match (annotation?, (simpleType | complexType)?, (unique | key | keyref)*)). A problem was found starting at: attribute.
2026-03-13 10:50:14,154 [INFO] PluginManage:359 - Loaded plugin pinoutconfig (category:base,tabindex:0)
2026-03-13 10:50:14,154 [INFO] PluginManage:310 - Check plugin power
2026-03-13 10:50:14,194 [INFO] PluginManage:359 - Loaded plugin power (category:power,tabindex:4)
2026-03-13 10:50:14,195 [INFO] PluginManage:310 - Check plugin projectmanager
2026-03-13 10:50:14,218 [INFO] PluginManage:359 - Loaded plugin projectmanager (category:projectmanager,tabindex:4)
2026-03-13 10:50:14,218 [INFO] PluginManage:310 - Check plugin rif
2026-03-13 10:50:14,246 [INFO] PluginManage:359 - Loaded plugin rif (category:base,tabindex:3)
2026-03-13 10:50:14,247 [INFO] PluginManage:310 - Check plugin thirdparty
2026-03-13 10:50:14,648 [INFO] PluginManage:359 - Loaded plugin thirdparty (category:base,tabindex:-1)
2026-03-13 10:50:14,648 [WARN] IntegrityCheckThread:84 - waiting for thirdparty lock release [integrity check]
2026-03-13 10:50:14,648 [INFO] PluginManage:310 - Check plugin tools
2026-03-13 10:50:14,648 [INFO] IntegrityCheckThread:86 - entering critical section [integrity check]
2026-03-13 10:50:14,649 [INFO] ThirdPartyUpdaterWithRetryManager:70 - Updater plugin not ready yet. [1/15]
2026-03-13 10:50:14,701 [INFO] PluginManage:359 - Loaded plugin tools (category:base,tabindex:7)
2026-03-13 10:50:14,702 [INFO] PluginManage:310 - Check plugin tutovideos
2026-03-13 10:50:15,029 [INFO] PluginManage:359 - Loaded plugin tutovideos (category:base,tabindex:-1)
2026-03-13 10:50:15,029 [INFO] PluginManage:310 - Check plugin updater
2026-03-13 10:50:15,060 [INFO] PluginManage:359 - Loaded plugin updater (category:base,tabindex:12)
2026-03-13 10:50:15,060 [INFO] PluginManage:310 - Check plugin userauth
2026-03-13 10:50:15,069 [INFO] UserAuth:118 - Init User Auth plugin
2026-03-13 10:50:15,070 [INFO] PluginManage:359 - Loaded plugin userauth (category:base,tabindex:14)
2026-03-13 10:50:15,070 [INFO] PluginManage:283 - PluginManage : Loaded plugins [18]
2026-03-13 10:50:15,382 [INFO] PinOutPanel:1589 - setPackage(No Configuration,No Configuration)
2026-03-13 10:50:15,517 [INFO] CADModel:165 - CPN selected for project level
2026-03-13 10:50:15,517 [INFO] CADModel:114 - Register for checkConnection events
2026-03-13 10:50:15,552 [INFO] IPUIPlugin:80 - create IPUIPlugin
2026-03-13 10:50:15,552 [INFO] PluginManager:220 - loadIPPluginJar : add adc
2026-03-13 10:50:15,598 [INFO] IPUIPlugin:80 - create IPUIPlugin
2026-03-13 10:50:15,598 [INFO] PluginManager:220 - loadIPPluginJar : add aes
2026-03-13 10:50:15,649 [INFO] IPUIPlugin:80 - create IPUIPlugin
2026-03-13 10:50:15,649 [INFO] PluginManager:220 - loadIPPluginJar : add can
2026-03-13 10:50:15,678 [INFO] IPUIPlugin:80 - create IPUIPlugin
2026-03-13 10:50:15,678 [INFO] PluginManager:220 - loadIPPluginJar : add comp
2026-03-13 10:50:15,718 [INFO] IPUIPlugin:80 - create IPUIPlugin
2026-03-13 10:50:15,718 [INFO] PluginManager:220 - loadIPPluginJar : add cryp
2026-03-13 10:50:15,733 [INFO] IPUIPlugin:80 - create IPUIPlugin
2026-03-13 10:50:15,733 [INFO] PluginManager:220 - loadIPPluginJar : add ddr_ctrl_phy
2026-03-13 10:50:15,769 [INFO] IPUIPlugin:80 - create IPUIPlugin
2026-03-13 10:50:15,769 [INFO] PluginManager:220 - loadIPPluginJar : add dfsdm
2026-03-13 10:50:15,784 [INFO] IPUIPlugin:80 - create IPUIPlugin
2026-03-13 10:50:15,785 [INFO] PluginManager:220 - loadIPPluginJar : add dma
2026-03-13 10:50:15,828 [INFO] IPUIPlugin:80 - create IPUIPlugin
2026-03-13 10:50:15,828 [INFO] PluginManager:220 - loadIPPluginJar : add dma3
2026-03-13 10:50:15,878 [INFO] IPUIPlugin:80 - create IPUIPlugin
2026-03-13 10:50:15,878 [INFO] PluginManager:220 - loadIPPluginJar : add extmemmanager
2026-03-13 10:50:15,903 [INFO] IPUIPlugin:80 - create IPUIPlugin
2026-03-13 10:50:15,903 [INFO] PluginManager:220 - loadIPPluginJar : add fatfs
2026-03-13 10:50:15,957 [INFO] IPUIPlugin:80 - create IPUIPlugin
2026-03-13 10:50:15,957 [INFO] PluginManager:220 - loadIPPluginJar : add fmc
2026-03-13 10:50:15,976 [INFO] IPUIPlugin:80 - create IPUIPlugin
2026-03-13 10:50:15,976 [INFO] PluginManager:220 - loadIPPluginJar : add freertos
2026-03-13 10:50:16,000 [INFO] IPUIPlugin:80 - create IPUIPlugin
2026-03-13 10:50:16,000 [INFO] PluginManager:220 - loadIPPluginJar : add genericplugin
2026-03-13 10:50:16,109 [INFO] IPUIPlugin:80 - create IPUIPlugin
2026-03-13 10:50:16,109 [INFO] PluginManager:220 - loadIPPluginJar : add gfxmmu
2026-03-13 10:50:16,270 [INFO] IPUIPlugin:80 - create IPUIPlugin
2026-03-13 10:50:16,270 [INFO] PluginManager:220 - loadIPPluginJar : add gic
2026-03-13 10:50:16,283 [INFO] IPUIPlugin:80 - create IPUIPlugin
2026-03-13 10:50:16,283 [INFO] PluginManager:220 - loadIPPluginJar : add gpio
2026-03-13 10:50:16,393 [INFO] IPUIPlugin:80 - create IPUIPlugin
2026-03-13 10:50:16,393 [INFO] PluginManager:220 - loadIPPluginJar : add gtzc
2026-03-13 10:50:16,430 [INFO] IPUIPlugin:80 - create IPUIPlugin
2026-03-13 10:50:16,430 [INFO] PluginManager:220 - loadIPPluginJar : add hash
2026-03-13 10:50:16,489 [INFO] IPUIPlugin:80 - create IPUIPlugin
2026-03-13 10:50:16,489 [INFO] PluginManager:220 - loadIPPluginJar : add i2c
2026-03-13 10:50:16,532 [INFO] IPUIPlugin:80 - create IPUIPlugin
2026-03-13 10:50:16,532 [INFO] PluginManager:220 - loadIPPluginJar : add i2s
2026-03-13 10:50:16,581 [INFO] IPUIPlugin:80 - create IPUIPlugin
2026-03-13 10:50:16,581 [INFO] PluginManager:220 - loadIPPluginJar : add i3c
2026-03-13 10:50:16,719 [INFO] IPUIPlugin:80 - create IPUIPlugin
2026-03-13 10:50:16,720 [INFO] PluginManager:220 - loadIPPluginJar : add ipddr
2026-03-13 10:50:16,815 [INFO] IPUIPlugin:80 - create IPUIPlugin
2026-03-13 10:50:16,815 [INFO] PluginManager:220 - loadIPPluginJar : add linkedlist
2026-03-13 10:50:16,854 [INFO] IPUIPlugin:80 - create IPUIPlugin
2026-03-13 10:50:16,854 [INFO] PluginManager:220 - loadIPPluginJar : add lorawan
2026-03-13 10:50:16,893 [INFO] IPUIPlugin:80 - create IPUIPlugin
2026-03-13 10:50:16,893 [INFO] PluginManager:220 - loadIPPluginJar : add ltdc
2026-03-13 10:50:16,909 [INFO] IPUIPlugin:80 - create IPUIPlugin
2026-03-13 10:50:16,909 [INFO] PluginManager:220 - loadIPPluginJar : add mdma
2026-03-13 10:50:16,921 [INFO] IPUIPlugin:80 - create IPUIPlugin
2026-03-13 10:50:16,921 [INFO] PluginManager:220 - loadIPPluginJar : add nvic
2026-03-13 10:50:16,961 [INFO] IPUIPlugin:80 - create IPUIPlugin
2026-03-13 10:50:16,961 [INFO] PluginManager:220 - loadIPPluginJar : add opamp
2026-03-13 10:50:17,031 [INFO] IPUIPlugin:80 - create IPUIPlugin
2026-03-13 10:50:17,031 [INFO] PluginManager:220 - loadIPPluginJar : add openamp
2026-03-13 10:50:17,077 [INFO] IPUIPlugin:80 - create IPUIPlugin
2026-03-13 10:50:17,077 [INFO] PluginManager:220 - loadIPPluginJar : add pdm2pcm
2026-03-13 10:50:17,091 [INFO] IPUIPlugin:80 - create IPUIPlugin
2026-03-13 10:50:17,093 [INFO] PluginManager:220 - loadIPPluginJar : add plateformsettings
2026-03-13 10:50:17,116 [INFO] IPUIPlugin:80 - create IPUIPlugin
2026-03-13 10:50:17,117 [INFO] PluginManager:220 - loadIPPluginJar : add quadspi
2026-03-13 10:50:17,143 [INFO] IPUIPlugin:80 - create IPUIPlugin
2026-03-13 10:50:17,144 [INFO] PluginManager:220 - loadIPPluginJar : add radio
2026-03-13 10:50:17,157 [INFO] IPUIPlugin:80 - create IPUIPlugin
2026-03-13 10:50:17,157 [INFO] PluginManager:220 - loadIPPluginJar : add resmgrutility
2026-03-13 10:50:17,206 [INFO] IPUIPlugin:80 - create IPUIPlugin
2026-03-13 10:50:17,206 [INFO] PluginManager:220 - loadIPPluginJar : add sai
2026-03-13 10:50:17,244 [INFO] IPUIPlugin:80 - create IPUIPlugin
2026-03-13 10:50:17,244 [INFO] PluginManager:220 - loadIPPluginJar : add spi
2026-03-13 10:50:17,324 [INFO] IPUIPlugin:80 - create IPUIPlugin
2026-03-13 10:50:17,324 [INFO] PluginManager:220 - loadIPPluginJar : add stm32_wpan
2026-03-13 10:50:17,352 [INFO] IPUIPlugin:80 - create IPUIPlugin
2026-03-13 10:50:17,352 [INFO] PluginManager:220 - loadIPPluginJar : add tim
2026-03-13 10:50:17,415 [INFO] IPUIPlugin:80 - create IPUIPlugin
2026-03-13 10:50:17,416 [INFO] PluginManager:220 - loadIPPluginJar : add touchsensing
2026-03-13 10:50:17,439 [INFO] IPUIPlugin:80 - create IPUIPlugin
2026-03-13 10:50:17,439 [INFO] PluginManager:220 - loadIPPluginJar : add tracer_emb
2026-03-13 10:50:17,469 [INFO] IPUIPlugin:80 - create IPUIPlugin
2026-03-13 10:50:17,469 [INFO] PluginManager:220 - loadIPPluginJar : add ts
2026-03-13 10:50:17,494 [INFO] IPUIPlugin:80 - create IPUIPlugin
2026-03-13 10:50:17,494 [INFO] PluginManager:220 - loadIPPluginJar : add tsc
2026-03-13 10:50:17,517 [INFO] IPUIPlugin:80 - create IPUIPlugin
2026-03-13 10:50:17,517 [INFO] PluginManager:220 - loadIPPluginJar : add ucpd
2026-03-13 10:50:17,567 [INFO] IPUIPlugin:80 - create IPUIPlugin
2026-03-13 10:50:17,567 [INFO] PluginManager:220 - loadIPPluginJar : add usart
2026-03-13 10:50:17,613 [INFO] IPUIPlugin:80 - create IPUIPlugin
2026-03-13 10:50:17,613 [INFO] PluginManager:220 - loadIPPluginJar : add usbx
2026-03-13 10:50:17,650 [INFO] ThirdPartyUpdaterWithRetryManager:70 - Updater plugin not ready yet. [2/15]
2026-03-13 10:50:17,750 [FATAL] Updater:351 - Updater called before beeing initialized
2026-03-13 10:50:17,781 [INFO] RulesReader:64 - Compatibility file has been processed (317 Rules)
2026-03-13 10:50:17,794 [INFO] RulesReader:64 - Compatibility file has been processed (317 Rules)
2026-03-13 10:50:17,805 [INFO] CADModel:165 - CPN selected for project level
2026-03-13 10:50:17,805 [INFO] CADModel:114 - Register for checkConnection events
2026-03-13 10:50:17,805 [FATAL] Updater:351 - Updater called before beeing initialized
2026-03-13 10:50:17,805 [ERROR] CADModel:125 - Updater not yet initialized, retry later 
2026-03-13 10:50:17,977 [FATAL] Updater:351 - Updater called before beeing initialized
2026-03-13 10:50:17,980 [INFO] CADModel:165 - CPN selected for project level
2026-03-13 10:50:17,980 [INFO] CADModel:114 - Register for checkConnection events
2026-03-13 10:50:17,980 [FATAL] Updater:351 - Updater called before beeing initialized
2026-03-13 10:50:17,980 [ERROR] CADModel:125 - Updater not yet initialized, retry later 
2026-03-13 10:50:17,983 [FATAL] Updater:351 - Updater called before beeing initialized
2026-03-13 10:50:18,103 [FATAL] Updater:351 - Updater called before beeing initialized
2026-03-13 10:50:18,114 [INFO] DbMcusAds:53 - JSON generation date=Tue Feb 10 17:46:36 IST 2026 (1770725796209)
2026-03-13 10:50:18,114 [FATAL] Updater:351 - Updater called before beeing initialized
2026-03-13 10:50:18,158 [WARN] DetailPanel:346 - Failed to get advertising image, set to default
2026-03-13 10:50:18,245 [FATAL] Updater:351 - Updater called before beeing initialized
2026-03-13 10:50:18,247 [FATAL] Updater:351 - Updater called before beeing initialized
2026-03-13 10:50:18,247 [FATAL] Updater:351 - Updater called before beeing initialized
2026-03-13 10:50:18,248 [WARN] DetailPanel:346 - Failed to get advertising image, set to default
2026-03-13 10:50:18,249 [FATAL] Updater:351 - Updater called before beeing initialized
2026-03-13 10:50:18,314 [ERROR] Updater:1198 - MainUpdater not yet initialized. External WinMGr cannot be set.
2026-03-13 10:50:18,324 [INFO] Updater:1134 - Updater Version found : 6.15.0
2026-03-13 10:50:18,342 [INFO] ApplicationProperties:184 - Using Application install path: C:\ST\STM32CubeIDE_1.19.0\STM32CubeIDE\plugins\com.st.stm32cube.common.mx_6.15.0.202507011659
2026-03-13 10:50:18,670 [INFO] MainUpdater:2872 - connection check result : 22
2026-03-13 10:50:18,671 [INFO] MainUpdater:289 - Updater Check For Update Now.
2026-03-13 10:50:18,671 [INFO] MicroXplorer:498 - Change Database Version : DB.6.0.150
2026-03-13 10:50:18,691 [INFO] McuFinderGlobals:63 - Set McuFinder mode to 2 (CubeIDE integrated)
2026-03-13 10:50:18,702 [INFO] UserAuth:487 - Internet connection configuration mode: 2
2026-03-13 10:50:18,714 [INFO] UserAuth:487 - Internet connection configuration mode: 2
2026-03-13 10:50:18,904 [INFO] CheckServerUpdateThread:120 - End of CheckServer Thread
2026-03-13 10:50:20,975 [WARN] PackLoader:240 - Cannot read IP mode file for STMicroelectronics.X-CUBE-AZRTOS-H7.3.5.0
2026-03-13 10:50:20,995 [WARN] PackLoader:240 - Cannot read IP mode file for STMicroelectronics.FP-SNS-MOTENVWB1.1.4.0
2026-03-13 10:50:21,015 [WARN] PackLoader:240 - Cannot read IP mode file for STMicroelectronics.FP-ATR-ASTRA1.2.0.2
2026-03-13 10:50:21,033 [WARN] PackLoader:240 - Cannot read IP mode file for STMicroelectronics.X-CUBE-SMBUS.2.1.0
2026-03-13 10:50:21,064 [WARN] PackLoader:240 - Cannot read IP mode file for STMicroelectronics.X-CUBE-AZRTOS-F7.1.1.0
2026-03-13 10:50:21,081 [WARN] PackLoader:240 - Cannot read IP mode file for Cesanta.I-CUBE-Mongoose.7.19.0
2026-03-13 10:50:21,096 [WARN] PackLoader:240 - Cannot read IP mode file for STMicroelectronics.FP-SNS-MOTENV1.5.1.0
2026-03-13 10:50:21,117 [WARN] PackLoader:240 - Cannot read IP mode file for WES.I-CUBE-Cesium.1.4.0
2026-03-13 10:50:21,145 [WARN] PackLoader:240 - Cannot read IP mode file for Infineon.AIROC-Wi-Fi-Bluetooth-STM32.1.7.1
2026-03-13 10:50:21,179 [WARN] PackLoader:240 - Cannot read IP mode file for STMicroelectronics.X-CUBE-AZRTOS-H7.3.4.0
2026-03-13 10:50:21,199 [WARN] PackLoader:240 - Cannot read IP mode file for STMicroelectronics.X-CUBE-DISPLAY.3.0.0
2026-03-13 10:50:21,216 [WARN] PackLoader:240 - Cannot read IP mode file for STMicroelectronics.FP-SNS-MOTENVWB1.1.5.0
2026-03-13 10:50:21,232 [WARN] PackLoader:240 - Cannot read IP mode file for STMicroelectronics.X-CUBE-NFC10.1.0.0
2026-03-13 10:50:21,247 [WARN] PackLoader:240 - Cannot read IP mode file for STMicroelectronics.X-CUBE-ST60.1.1.0
2026-03-13 10:50:21,262 [WARN] PackLoader:240 - Cannot read IP mode file for emotas.I-CUBE-CANOPEN.1.3.0
2026-03-13 10:50:21,277 [WARN] PackLoader:240 - Cannot read IP mode file for STMicroelectronics.X-CUBE-GNSS1.7.1.0
2026-03-13 10:50:21,295 [WARN] PackLoader:240 - Cannot read IP mode file for STMicroelectronics.FP-SNS-STBOX1.2.1.0
2026-03-13 10:50:21,310 [WARN] PackLoader:240 - Cannot read IP mode file for STMicroelectronics.FP-SNS-SMARTAG2.1.2.0
2026-03-13 10:50:21,324 [WARN] PackLoader:240 - Cannot read IP mode file for STMicroelectronics.FP-SNS-FLIGHT1.5.1.0
2026-03-13 10:50:21,345 [INFO] LogOutputStream:77 - [STDOUT_REDIRECT] 1 : Invalid condition id : UX_CORESTACK_Condition cause : null
2026-03-13 10:50:21,346 [INFO] LogOutputStream:77 - [STDOUT_REDIRECT] 1 : Invalid condition id : UX_CORESTACK_Condition cause : null
2026-03-13 10:50:21,347 [INFO] LogOutputStream:77 - [STDOUT_REDIRECT] 1 : Invalid condition id : UX_CORESTACK_Condition cause : null
2026-03-13 10:50:21,348 [INFO] LogOutputStream:77 - [STDOUT_REDIRECT] 1 : Invalid condition id : UX_CORESTACK_Condition cause : null
2026-03-13 10:50:21,349 [INFO] LogOutputStream:77 - [STDOUT_REDIRECT] 1 : Invalid condition id : UX_CORESTACK_Condition cause : null
2026-03-13 10:50:21,350 [WARN] PackLoader:240 - Cannot read IP mode file for STMicroelectronics.X-CUBE-AZRTOS-WL.2.0.0
2026-03-13 10:50:21,365 [WARN] PackLoader:240 - Cannot read IP mode file for STMicroelectronics.FP-SNS-MOTENV1.5.0.0
2026-03-13 10:50:21,404 [WARN] PackLoader:240 - Cannot read IP mode file for STMicroelectronics.X-CUBE-AZRTOS-H7RS.1.2.0
2026-03-13 10:50:21,426 [WARN] PackLoader:240 - Cannot read IP mode file for STMicroelectronics.X-CUBE-BLE2.3.3.0
2026-03-13 10:50:21,508 [WARN] PackLoader:240 - Cannot read IP mode file for STMicroelectronics.X-CUBE-NFC9.1.0.0
2026-03-13 10:50:21,523 [WARN] PackLoader:240 - Cannot read IP mode file for wolfSSL.I-CUBE-wolfSSL.5.8.2
2026-03-13 10:50:21,536 [WARN] PackLoader:240 - Cannot read IP mode file for STMicroelectronics.X-CUBE-BLE1.7.1.0
2026-03-13 10:50:21,547 [WARN] PackLoader:240 - Cannot read IP mode file for wolfSSL.I-CUBE-wolfMQTT.1.19.2
2026-03-13 10:50:21,559 [WARN] PackLoader:240 - Cannot read IP mode file for STMicroelectronics.X-CUBE-FREERTOS.1.4.0
2026-03-13 10:50:21,573 [WARN] PackLoader:240 - Cannot read IP mode file for STMicroelectronics.X-CUBE-EEPRMA1.5.2.0
2026-03-13 10:50:21,587 [WARN] PackLoader:240 - Cannot read IP mode file for STMicroelectronics.X-CUBE-ST67W61.1.1.0
2026-03-13 10:50:21,629 [WARN] PackLoader:240 - Cannot read IP mode file for STMicroelectronics.X-CUBE-MEMS1.12.0.0
2026-03-13 10:50:21,717 [WARN] PackLoader:240 - Cannot read IP mode file for STMicroelectronics.X-CUBE-AZRTOS-G0.1.1.0
2026-03-13 10:50:21,735 [WARN] PackLoader:240 - Cannot read IP mode file for STMicroelectronics.X-CUBE-SAFEA1.1.2.2
2026-03-13 10:50:21,751 [WARN] PackLoader:240 - Cannot read IP mode file for STMicroelectronics.X-CUBE-NFC4.3.0.0
2026-03-13 10:50:21,772 [WARN] PackLoader:240 - Cannot read IP mode file for EmbeddedOffice.I-CUBE-FS-RTOS.1.0.1
2026-03-13 10:50:21,786 [WARN] PackLoader:240 - Cannot read IP mode file for STMicroelectronics.X-CUBE-WB05N.2.0.0
2026-03-13 10:50:21,802 [WARN] PackLoader:240 - Cannot read IP mode file for wolfSSL.I-CUBE-wolfTPM.3.8.0
2026-03-13 10:50:21,818 [WARN] PackLoader:240 - Cannot read IP mode file for STMicroelectronics.X-CUBE-TCPP.4.2.0
2026-03-13 10:50:21,833 [WARN] PackLoader:240 - Cannot read IP mode file for RealThread.X-CUBE-RT-Thread_Nano.4.1.1
2026-03-13 10:50:21,848 [WARN] PackLoader:240 - Cannot read IP mode file for STMicroelectronics.FP-ATR-SIGFOX1.3.2.0
2026-03-13 10:50:21,861 [WARN] PackLoader:240 - Cannot read IP mode file for STMicroelectronics.X-CUBE-FREERTOS.1.5.0
2026-03-13 10:50:21,876 [WARN] PackLoader:240 - Cannot read IP mode file for ITTIA_DB.I-CUBE-ITTIADB.8.9.0
2026-03-13 10:50:21,897 [WARN] PackLoader:240 - Cannot read IP mode file for STMicroelectronics.X-CUBE-NFC6.3.2.0
2026-03-13 10:50:21,912 [WARN] PackLoader:240 - Cannot read IP mode file for STMicroelectronics.X-CUBE-AI.10.2.0
2026-03-13 10:50:21,942 [WARN] PackLoader:240 - Cannot read IP mode file for SEGGER.I-CUBE-embOS.1.3.1
2026-03-13 10:50:21,979 [WARN] PackLoader:240 - Cannot read IP mode file for STMicroelectronics.X-CUBE-ALGOBUILD.1.4.0
2026-03-13 10:50:22,039 [WARN] PackLoader:240 - Cannot read IP mode file for STMicroelectronics.X-CUBE-MEMS1.11.3.0
2026-03-13 10:50:22,117 [WARN] PackLoader:240 - Cannot read IP mode file for STMicroelectronics.X-CUBE-PM33A1.1.0.0
2026-03-13 10:50:22,149 [WARN] PackLoader:240 - Cannot read IP mode file for STMicroelectronics.X-CUBE-AZRTOS-F4.1.1.0
2026-03-13 10:50:22,165 [WARN] PackLoader:240 - Cannot read IP mode file for STMicroelectronics.X-CUBE-ISPU.2.1.0
2026-03-13 10:50:22,194 [WARN] PackLoader:240 - Cannot read IP mode file for STMicroelectronics.X-CUBE-IPS.3.2.0
2026-03-13 10:50:22,213 [WARN] PackLoader:240 - Cannot read IP mode file for STMicroelectronics.X-CUBE-NFC12.1.0.0
2026-03-13 10:50:22,245 [WARN] PackLoader:240 - Cannot read IP mode file for STMicroelectronics.X-CUBE-AZRTOS-L5.2.0.0
2026-03-13 10:50:22,280 [WARN] PackLoader:240 - Cannot read IP mode file for STMicroelectronics.X-CUBE-NFC6.3.1.0
2026-03-13 10:50:22,294 [WARN] PackLoader:240 - Cannot read IP mode file for STMicroelectronics.X-CUBE-FREERTOS.1.3.1
2026-03-13 10:50:22,310 [WARN] PackLoader:240 - Cannot read IP mode file for STMicroelectronics.X-CUBE-TOUCHGFX.4.26.0
2026-03-13 10:50:22,325 [WARN] PackLoader:240 - Cannot read IP mode file for STMicroelectronics.X-CUBE-TOUCHGFX.4.26.1
2026-03-13 10:50:22,338 [WARN] PackLoader:240 - Cannot read IP mode file for STMicroelectronics.FP-SNS-STAIOTCFT.1.0.0
2026-03-13 10:50:22,351 [WARN] PackLoader:240 - Cannot read IP mode file for STMicroelectronics.X-CUBE-DPower.1.3.0
2026-03-13 10:50:22,390 [WARN] ConditionMgr:438 - getConditionDescription Invalid condition id : LAN8742 Phy interface Condition cause : null
2026-03-13 10:50:22,391 [WARN] PackLoader:240 - Cannot read IP mode file for STMicroelectronics.X-CUBE-AZRTOS-L4.2.0.0
2026-03-13 10:50:22,392 [WARN] ConditionMgr:1044 - genDependencies : Invalid condition id : LAN8742 Phy interface Condition cause : null
2026-03-13 10:50:22,392 [WARN] ConditionMgr:1044 - genDependencies : Invalid condition id : LAN8742 Phy interface Condition cause : null
2026-03-13 10:50:22,392 [WARN] ConditionMgr:1044 - genDependencies : Invalid condition id : LAN8742 Phy interface Condition cause : null
2026-03-13 10:50:22,411 [WARN] PackLoader:240 - Cannot read IP mode file for STMicroelectronics.X-CUBE-SFXS2LP1.4.0.0
2026-03-13 10:50:22,432 [WARN] PackLoader:240 - Cannot read IP mode file for STMicroelectronics.X-CUBE-ST67W61.1.2.0
2026-03-13 10:50:22,481 [WARN] PackLoader:240 - Cannot read IP mode file for STMicroelectronics.X-CUBE-BLEMGR.4.1.0
2026-03-13 10:50:22,513 [WARN] ConditionMgr:438 - getConditionDescription Invalid condition id : UX DEVICE CLASS RTOS Condition cause : null
2026-03-13 10:50:22,514 [WARN] ConditionMgr:438 - getConditionDescription Invalid condition id : UX DEVICE CLASS RTOS Condition cause : null
2026-03-13 10:50:22,515 [WARN] PackLoader:240 - Cannot read IP mode file for STMicroelectronics.X-CUBE-AZRTOS-WB.2.0.0
2026-03-13 10:50:22,515 [WARN] ConditionMgr:1044 - genDependencies : Invalid condition id : UX DEVICE CLASS RTOS Condition cause : null
2026-03-13 10:50:22,515 [WARN] ConditionMgr:1044 - genDependencies : Invalid condition id : UX DEVICE CLASS RTOS Condition cause : null
2026-03-13 10:50:22,515 [WARN] ConditionMgr:1044 - genDependencies : Invalid condition id : UX DEVICE CLASS RTOS Condition cause : null
2026-03-13 10:50:22,515 [WARN] ConditionMgr:1044 - genDependencies : Invalid condition id : UX DEVICE CLASS RTOS Condition cause : null
2026-03-13 10:50:22,516 [WARN] ConditionMgr:1044 - genDependencies : Invalid condition id : UX DEVICE CLASS RTOS Condition cause : null
2026-03-13 10:50:22,533 [WARN] PackLoader:240 - Cannot read IP mode file for STMicroelectronics.X-CUBE-GNSS1.7.0.1
2026-03-13 10:50:22,547 [WARN] ConditionMgr:438 - getConditionDescription Invalid condition id : Cortex-A Device cause : null
2026-03-13 10:50:22,564 [WARN] ConditionMgr:1044 - genDependencies : Invalid condition id : Cortex-A Device cause : null
2026-03-13 10:50:22,564 [WARN] ConditionMgr:1044 - genDependencies : Invalid condition id : Cortex-A Device cause : null
2026-03-13 10:50:22,564 [WARN] ConditionMgr:1044 - genDependencies : Invalid condition id : Cortex-A Device cause : null
2026-03-13 10:50:22,581 [WARN] PackLoader:240 - Cannot read IP mode file for STMicroelectronics.X-CUBE-STSE01.2.0.0
2026-03-13 10:50:22,600 [WARN] PackLoader:240 - Cannot read IP mode file for STMicroelectronics.X-CUBE-SUBG2.5.0.0
2026-03-13 10:50:22,632 [WARN] PackLoader:240 - Cannot read IP mode file for STMicroelectronics.X-CUBE-AZRTOS-H7RS.1.1.0
2026-03-13 10:50:22,658 [WARN] PackLoader:240 - Cannot read IP mode file for STMicroelectronics.X-CUBE-AZRTOS-G4.2.0.0
2026-03-13 10:50:22,672 [WARN] PackLoader:240 - Cannot read IP mode file for wolfSSL.I-CUBE-wolfSSH.1.4.20
2026-03-13 10:50:22,685 [WARN] PackLoader:240 - Cannot read IP mode file for STMicroelectronics.X-CUBE-NFC7.2.0.0
2026-03-13 10:50:22,700 [WARN] PackLoader:240 - Cannot read IP mode file for STMicroelectronics.X-CUBE-ALS.1.0.2
2026-03-13 10:50:22,716 [WARN] PackLoader:240 - Cannot read IP mode file for STMicroelectronics.X-CUBE-STSE01.1.0.0
2026-03-13 10:50:22,738 [WARN] PackLoader:240 - Cannot read IP mode file for STMicroelectronics.X-CUBE-TOF1.3.4.3
2026-03-13 10:50:22,743 [INFO] ThirdParty:978 - Integrity check success = true
2026-03-13 10:50:22,743 [INFO] IntegrityCheckThread:100 - exiting critical section [integrity check]
2026-03-13 10:50:22,744 [INFO] IntegrityCheckThread:103 - End integrity checks thread
