2026-03-26 17:58:11,596 [INFO] Activator:176 - 


2026-03-26 17:58:11,602 [INFO] Activator:177 - !SESSION log4j initialized
2026-03-26 17:58:18,871 [INFO] LogOutputStream:77 - [STDOUT_REDIRECT] 
2026-03-26 17:58:20,353 [INFO] ApplicationProperties:184 - Using Application install path: C:\ST\STM32CubeIDE_1.19.0\STM32CubeIDE\plugins\com.st.stm32cube.common.mx_6.15.0.202507011659
2026-03-26 17:58:20,370 [INFO] DbMcusXml:78 - Set database path to: C:\ST\STM32CubeIDE_1.19.0\STM32CubeIDE\plugins\com.st.stm32cube.common.mx_6.15.0.202507011659\\db\/mcu/
2026-03-26 17:58:20,370 [INFO] ApiDb:274 - Set plugin database path to: C:\ST\STM32CubeIDE_1.19.0\STM32CubeIDE\plugins\com.st.stm32cube.common.mx_6.15.0.202507011659\\db\/plugins/boardmanager/
2026-03-26 17:58:20,370 [WARN] ApiDb:259 - Overriding images path with different value:  => C:\ST\STM32CubeIDE_1.19.0\STM32CubeIDE\plugins\com.st.stm32cube.common.mx_6.15.0.202507011659\\db\/plugins/mcufinder/images/
2026-03-26 17:58:20,380 [INFO] ApiDb:250 - Set database path to: C:\Users\Alfred\.stmcufinder\plugins\mcufinder//mcu/
2026-03-26 17:58:20,381 [INFO] DbMcusAds:125 - Set database path to: C:\Users\Alfred\.stmcufinder\plugins\mcufinder//mcu/
2026-03-26 17:58:20,383 [INFO] CrossReferenceDbSqlite:203 - Set database path to: C:\Users\Alfred\.stmcufinder\plugins\mcufinder//mcu/cs/
2026-03-26 17:58:20,501 [INFO] RulesReader:64 - Compatibility file has been processed (317 Rules)
2026-03-26 17:58:20,589 [INFO] DbMcusXml:78 - Set database path to: C:\ST\STM32CubeIDE_1.19.0\STM32CubeIDE\plugins\com.st.stm32cube.common.mx_6.15.0.202507011659\\db\/mcu/
2026-03-26 17:58:20,590 [INFO] ApiDb:274 - Set plugin database path to: C:\ST\STM32CubeIDE_1.19.0\STM32CubeIDE\plugins\com.st.stm32cube.common.mx_6.15.0.202507011659\\db\/plugins/boardmanager/
2026-03-26 17:58:20,590 [INFO] ApiDb:261 - Set plugin images path to: C:\ST\STM32CubeIDE_1.19.0\STM32CubeIDE\plugins\com.st.stm32cube.common.mx_6.15.0.202507011659\\db\/plugins/mcufinder/images/
2026-03-26 17:58:20,590 [WARN] DbFile:41 - Overriding database path with different value: C:\Users\Alfred\.stmcufinder\plugins\mcufinder/ => C:\Users\Alfred\.stmcufinder\plugins\mcufinder
2026-03-26 17:58:20,590 [INFO] ApiDb:250 - Set database path to: C:\Users\Alfred\.stmcufinder\plugins\mcufinder//mcu/
2026-03-26 17:58:20,590 [WARN] DbFile:41 - Overriding database path with different value: C:\Users\Alfred\.stmcufinder\plugins\mcufinder/ => C:\Users\Alfred\.stmcufinder\plugins\mcufinder
2026-03-26 17:58:20,590 [INFO] DbMcusAds:125 - Set database path to: C:\Users\Alfred\.stmcufinder\plugins\mcufinder//mcu/
2026-03-26 17:58:20,591 [WARN] DbFile:41 - Overriding database path with different value: C:\Users\Alfred\.stmcufinder\plugins\mcufinder/ => C:\Users\Alfred\.stmcufinder\plugins\mcufinder
2026-03-26 17:58:20,591 [WARN] DbFile:41 - Overriding database path with different value: C:\Users\Alfred\.stmcufinder\plugins\mcufinder/ => C:\Users\Alfred\.stmcufinder\plugins\mcufinder
2026-03-26 17:58:20,591 [INFO] CrossReferenceDbSqlite:203 - Set database path to: C:\Users\Alfred\.stmcufinder\plugins\mcufinder//mcu/cs/
2026-03-26 17:58:20,691 [INFO] MainPanel:274 - HeapMemory: 268435456
2026-03-26 17:58:20,806 [INFO] DbMcusXml:78 - Set database path to: C:\ST\STM32CubeIDE_1.19.0\STM32CubeIDE\plugins\com.st.stm32cube.common.mx_6.15.0.202507011659\\db\/mcu/
2026-03-26 17:58:20,806 [INFO] ApiDb:274 - Set plugin database path to: C:\ST\STM32CubeIDE_1.19.0\STM32CubeIDE\plugins\com.st.stm32cube.common.mx_6.15.0.202507011659\\db\/plugins/boardmanager/
2026-03-26 17:58:20,806 [INFO] ApiDb:261 - Set plugin images path to: C:\ST\STM32CubeIDE_1.19.0\STM32CubeIDE\plugins\com.st.stm32cube.common.mx_6.15.0.202507011659\\db\/plugins/mcufinder/images/
2026-03-26 17:58:20,807 [WARN] DbFile:41 - Overriding database path with different value: C:\Users\Alfred\.stmcufinder\plugins\mcufinder/ => C:\Users\Alfred\.stmcufinder\plugins\mcufinder
2026-03-26 17:58:20,807 [INFO] ApiDb:250 - Set database path to: C:\Users\Alfred\.stmcufinder\plugins\mcufinder//mcu/
2026-03-26 17:58:20,807 [WARN] DbFile:41 - Overriding database path with different value: C:\Users\Alfred\.stmcufinder\plugins\mcufinder/ => C:\Users\Alfred\.stmcufinder\plugins\mcufinder
2026-03-26 17:58:20,807 [INFO] DbMcusAds:125 - Set database path to: C:\Users\Alfred\.stmcufinder\plugins\mcufinder//mcu/
2026-03-26 17:58:20,807 [WARN] DbFile:41 - Overriding database path with different value: C:\Users\Alfred\.stmcufinder\plugins\mcufinder/ => C:\Users\Alfred\.stmcufinder\plugins\mcufinder
2026-03-26 17:58:20,807 [WARN] DbFile:41 - Overriding database path with different value: C:\Users\Alfred\.stmcufinder\plugins\mcufinder/ => C:\Users\Alfred\.stmcufinder\plugins\mcufinder
2026-03-26 17:58:20,807 [INFO] CrossReferenceDbSqlite:203 - Set database path to: C:\Users\Alfred\.stmcufinder\plugins\mcufinder//mcu/cs/
2026-03-26 17:58:20,825 [INFO] ApplicationProperties:184 - Using Application install path: C:\ST\STM32CubeIDE_1.19.0\STM32CubeIDE\plugins\com.st.stm32cube.common.mx_6.15.0.202507011659
2026-03-26 17:58:20,826 [INFO] PluginManage:196 - Search for loadable plugins [exclusion list=, ]
2026-03-26 17:58:20,827 [INFO] PluginManage:310 - Check plugin analytics
2026-03-26 17:58:20,997 [INFO] AnalyticsPlugin:253 - Accepted Software Licenses: 
2026-03-26 17:58:20,997 [INFO] AnalyticsPlugin:255 - Accepted CMSIS Pack Licenses: 
2026-03-26 17:58:20,997 [INFO] AnalyticsPlugin:257 - Accepted Firmware Licenses: FW.G0.1.6.0
2026-03-26 17:58:20,999 [INFO] PluginManage:359 - Loaded plugin analytics (category:tool,tabindex:-1)
2026-03-26 17:58:20,999 [INFO] PluginManage:310 - Check plugin cadmodel
2026-03-26 17:58:21,018 [INFO] CADModel:105 - Init CAD model plugin
2026-03-26 17:58:21,018 [INFO] PluginManage:359 - Loaded plugin cadmodel (category:power,tabindex:5)
2026-03-26 17:58:21,018 [INFO] PluginManage:310 - Check plugin clock
2026-03-26 17:58:21,039 [INFO] PluginManage:359 - Loaded plugin clock (category:base,tabindex:2)
2026-03-26 17:58:21,039 [INFO] PluginManage:310 - Check plugin ddr
2026-03-26 17:58:21,042 [INFO] PluginManage:359 - Loaded plugin ddr (category:tool,tabindex:6)
2026-03-26 17:58:21,042 [INFO] PluginManage:310 - Check plugin filemanager
2026-03-26 17:58:21,179 [INFO] PluginManage:359 - Loaded plugin filemanager (category:base,tabindex:10)
2026-03-26 17:58:21,179 [INFO] PluginManage:310 - Check plugin ipmanager
2026-03-26 17:58:21,186 [INFO] PluginManage:359 - Loaded plugin ipmanager (category:base,tabindex:5)
2026-03-26 17:58:21,187 [INFO] PluginManage:310 - Check plugin lpbam
2026-03-26 17:58:21,206 [INFO] PluginManage:359 - Loaded plugin lpbam (category:base,tabindex:0)
2026-03-26 17:58:21,206 [INFO] PluginManage:310 - Check plugin memorymap
2026-03-26 17:58:21,234 [INFO] PluginManage:359 - Loaded plugin memorymap (category:base,tabindex:4)
2026-03-26 17:58:21,234 [INFO] PluginManage:310 - Check plugin pinoutandconfiguration
2026-03-26 17:58:21,252 [INFO] PluginManage:359 - Loaded plugin pinoutandconfiguration (category:base,tabindex:1)
2026-03-26 17:58:21,253 [INFO] PluginManage:310 - Check plugin pinoutconfig
2026-03-26 17:58:21,355 [WARN] SupportedApi:132 - Cannot load RTOS API schema: s4s-elt-must-match.1: The content of 'definitions' must match (annotation?, (simpleType | complexType)?, (unique | key | keyref)*)). A problem was found starting at: attribute.
2026-03-26 17:58:21,484 [INFO] PluginManage:359 - Loaded plugin pinoutconfig (category:base,tabindex:0)
2026-03-26 17:58:21,484 [INFO] PluginManage:310 - Check plugin power
2026-03-26 17:58:21,506 [INFO] PluginManage:359 - Loaded plugin power (category:power,tabindex:4)
2026-03-26 17:58:21,506 [INFO] PluginManage:310 - Check plugin projectmanager
2026-03-26 17:58:21,522 [INFO] PluginManage:359 - Loaded plugin projectmanager (category:projectmanager,tabindex:4)
2026-03-26 17:58:21,522 [INFO] PluginManage:310 - Check plugin rif
2026-03-26 17:58:21,543 [INFO] PluginManage:359 - Loaded plugin rif (category:base,tabindex:3)
2026-03-26 17:58:21,543 [INFO] PluginManage:310 - Check plugin thirdparty
2026-03-26 17:58:21,850 [INFO] PluginManage:359 - Loaded plugin thirdparty (category:base,tabindex:-1)
2026-03-26 17:58:21,850 [WARN] IntegrityCheckThread:84 - waiting for thirdparty lock release [integrity check]
2026-03-26 17:58:21,850 [INFO] PluginManage:310 - Check plugin tools
2026-03-26 17:58:21,850 [INFO] IntegrityCheckThread:86 - entering critical section [integrity check]
2026-03-26 17:58:21,850 [INFO] ThirdPartyUpdaterWithRetryManager:70 - Updater plugin not ready yet. [1/15]
2026-03-26 17:58:21,885 [INFO] PluginManage:359 - Loaded plugin tools (category:base,tabindex:7)
2026-03-26 17:58:21,885 [INFO] PluginManage:310 - Check plugin tutovideos
2026-03-26 17:58:22,129 [INFO] PluginManage:359 - Loaded plugin tutovideos (category:base,tabindex:-1)
2026-03-26 17:58:22,129 [INFO] PluginManage:310 - Check plugin updater
2026-03-26 17:58:22,149 [INFO] PluginManage:359 - Loaded plugin updater (category:base,tabindex:12)
2026-03-26 17:58:22,149 [INFO] PluginManage:310 - Check plugin userauth
2026-03-26 17:58:22,154 [INFO] UserAuth:118 - Init User Auth plugin
2026-03-26 17:58:22,155 [INFO] PluginManage:359 - Loaded plugin userauth (category:base,tabindex:14)
2026-03-26 17:58:22,155 [INFO] PluginManage:283 - PluginManage : Loaded plugins [18]
2026-03-26 17:58:22,375 [INFO] PinOutPanel:1589 - setPackage(No Configuration,No Configuration)
2026-03-26 17:58:22,462 [INFO] CADModel:165 - CPN selected for project level
2026-03-26 17:58:22,462 [INFO] CADModel:114 - Register for checkConnection events
2026-03-26 17:58:22,489 [INFO] IPUIPlugin:80 - create IPUIPlugin
2026-03-26 17:58:22,489 [INFO] PluginManager:220 - loadIPPluginJar : add adc
2026-03-26 17:58:22,527 [INFO] IPUIPlugin:80 - create IPUIPlugin
2026-03-26 17:58:22,528 [INFO] PluginManager:220 - loadIPPluginJar : add aes
2026-03-26 17:58:22,573 [INFO] IPUIPlugin:80 - create IPUIPlugin
2026-03-26 17:58:22,573 [INFO] PluginManager:220 - loadIPPluginJar : add can
2026-03-26 17:58:22,604 [INFO] IPUIPlugin:80 - create IPUIPlugin
2026-03-26 17:58:22,605 [INFO] PluginManager:220 - loadIPPluginJar : add comp
2026-03-26 17:58:22,638 [INFO] IPUIPlugin:80 - create IPUIPlugin
2026-03-26 17:58:22,638 [INFO] PluginManager:220 - loadIPPluginJar : add cryp
2026-03-26 17:58:22,651 [INFO] IPUIPlugin:80 - create IPUIPlugin
2026-03-26 17:58:22,651 [INFO] PluginManager:220 - loadIPPluginJar : add ddr_ctrl_phy
2026-03-26 17:58:22,682 [INFO] IPUIPlugin:80 - create IPUIPlugin
2026-03-26 17:58:22,682 [INFO] PluginManager:220 - loadIPPluginJar : add dfsdm
2026-03-26 17:58:22,696 [INFO] IPUIPlugin:80 - create IPUIPlugin
2026-03-26 17:58:22,696 [INFO] PluginManager:220 - loadIPPluginJar : add dma
2026-03-26 17:58:22,733 [INFO] IPUIPlugin:80 - create IPUIPlugin
2026-03-26 17:58:22,734 [INFO] PluginManager:220 - loadIPPluginJar : add dma3
2026-03-26 17:58:22,775 [INFO] IPUIPlugin:80 - create IPUIPlugin
2026-03-26 17:58:22,775 [INFO] PluginManager:220 - loadIPPluginJar : add extmemmanager
2026-03-26 17:58:22,803 [INFO] IPUIPlugin:80 - create IPUIPlugin
2026-03-26 17:58:22,803 [INFO] PluginManager:220 - loadIPPluginJar : add fatfs
2026-03-26 17:58:22,850 [INFO] IPUIPlugin:80 - create IPUIPlugin
2026-03-26 17:58:22,850 [INFO] PluginManager:220 - loadIPPluginJar : add fmc
2026-03-26 17:58:22,866 [INFO] IPUIPlugin:80 - create IPUIPlugin
2026-03-26 17:58:22,866 [INFO] PluginManager:220 - loadIPPluginJar : add freertos
2026-03-26 17:58:22,887 [INFO] IPUIPlugin:80 - create IPUIPlugin
2026-03-26 17:58:22,887 [INFO] PluginManager:220 - loadIPPluginJar : add genericplugin
2026-03-26 17:58:22,967 [INFO] IPUIPlugin:80 - create IPUIPlugin
2026-03-26 17:58:22,967 [INFO] PluginManager:220 - loadIPPluginJar : add gfxmmu
2026-03-26 17:58:23,093 [INFO] IPUIPlugin:80 - create IPUIPlugin
2026-03-26 17:58:23,093 [INFO] PluginManager:220 - loadIPPluginJar : add gic
2026-03-26 17:58:23,105 [INFO] IPUIPlugin:80 - create IPUIPlugin
2026-03-26 17:58:23,106 [INFO] PluginManager:220 - loadIPPluginJar : add gpio
2026-03-26 17:58:23,197 [INFO] IPUIPlugin:80 - create IPUIPlugin
2026-03-26 17:58:23,197 [INFO] PluginManager:220 - loadIPPluginJar : add gtzc
2026-03-26 17:58:23,237 [INFO] IPUIPlugin:80 - create IPUIPlugin
2026-03-26 17:58:23,238 [INFO] PluginManager:220 - loadIPPluginJar : add hash
2026-03-26 17:58:23,298 [INFO] IPUIPlugin:80 - create IPUIPlugin
2026-03-26 17:58:23,298 [INFO] PluginManager:220 - loadIPPluginJar : add i2c
2026-03-26 17:58:23,342 [INFO] IPUIPlugin:80 - create IPUIPlugin
2026-03-26 17:58:23,342 [INFO] PluginManager:220 - loadIPPluginJar : add i2s
2026-03-26 17:58:23,385 [INFO] IPUIPlugin:80 - create IPUIPlugin
2026-03-26 17:58:23,386 [INFO] PluginManager:220 - loadIPPluginJar : add i3c
2026-03-26 17:58:23,505 [INFO] IPUIPlugin:80 - create IPUIPlugin
2026-03-26 17:58:23,505 [INFO] PluginManager:220 - loadIPPluginJar : add ipddr
2026-03-26 17:58:23,594 [INFO] IPUIPlugin:80 - create IPUIPlugin
2026-03-26 17:58:23,594 [INFO] PluginManager:220 - loadIPPluginJar : add linkedlist
2026-03-26 17:58:23,628 [INFO] IPUIPlugin:80 - create IPUIPlugin
2026-03-26 17:58:23,629 [INFO] PluginManager:220 - loadIPPluginJar : add lorawan
2026-03-26 17:58:23,685 [INFO] IPUIPlugin:80 - create IPUIPlugin
2026-03-26 17:58:23,685 [INFO] PluginManager:220 - loadIPPluginJar : add ltdc
2026-03-26 17:58:23,700 [INFO] IPUIPlugin:80 - create IPUIPlugin
2026-03-26 17:58:23,700 [INFO] PluginManager:220 - loadIPPluginJar : add mdma
2026-03-26 17:58:23,713 [INFO] IPUIPlugin:80 - create IPUIPlugin
2026-03-26 17:58:23,713 [INFO] PluginManager:220 - loadIPPluginJar : add nvic
2026-03-26 17:58:23,770 [INFO] IPUIPlugin:80 - create IPUIPlugin
2026-03-26 17:58:23,770 [INFO] PluginManager:220 - loadIPPluginJar : add opamp
2026-03-26 17:58:23,868 [INFO] IPUIPlugin:80 - create IPUIPlugin
2026-03-26 17:58:23,868 [INFO] PluginManager:220 - loadIPPluginJar : add openamp
2026-03-26 17:58:23,943 [INFO] IPUIPlugin:80 - create IPUIPlugin
2026-03-26 17:58:23,943 [INFO] PluginManager:220 - loadIPPluginJar : add pdm2pcm
2026-03-26 17:58:23,965 [INFO] IPUIPlugin:80 - create IPUIPlugin
2026-03-26 17:58:23,968 [INFO] PluginManager:220 - loadIPPluginJar : add plateformsettings
2026-03-26 17:58:24,001 [INFO] IPUIPlugin:80 - create IPUIPlugin
2026-03-26 17:58:24,001 [INFO] PluginManager:220 - loadIPPluginJar : add quadspi
2026-03-26 17:58:24,027 [INFO] IPUIPlugin:80 - create IPUIPlugin
2026-03-26 17:58:24,028 [INFO] PluginManager:220 - loadIPPluginJar : add radio
2026-03-26 17:58:24,045 [INFO] IPUIPlugin:80 - create IPUIPlugin
2026-03-26 17:58:24,045 [INFO] PluginManager:220 - loadIPPluginJar : add resmgrutility
2026-03-26 17:58:24,106 [INFO] IPUIPlugin:80 - create IPUIPlugin
2026-03-26 17:58:24,106 [INFO] PluginManager:220 - loadIPPluginJar : add sai
2026-03-26 17:58:24,145 [INFO] IPUIPlugin:80 - create IPUIPlugin
2026-03-26 17:58:24,145 [INFO] PluginManager:220 - loadIPPluginJar : add spi
2026-03-26 17:58:24,226 [INFO] IPUIPlugin:80 - create IPUIPlugin
2026-03-26 17:58:24,226 [INFO] PluginManager:220 - loadIPPluginJar : add stm32_wpan
2026-03-26 17:58:24,254 [INFO] IPUIPlugin:80 - create IPUIPlugin
2026-03-26 17:58:24,254 [INFO] PluginManager:220 - loadIPPluginJar : add tim
2026-03-26 17:58:24,316 [INFO] IPUIPlugin:80 - create IPUIPlugin
2026-03-26 17:58:24,316 [INFO] PluginManager:220 - loadIPPluginJar : add touchsensing
2026-03-26 17:58:24,343 [INFO] IPUIPlugin:80 - create IPUIPlugin
2026-03-26 17:58:24,343 [INFO] PluginManager:220 - loadIPPluginJar : add tracer_emb
2026-03-26 17:58:24,374 [INFO] IPUIPlugin:80 - create IPUIPlugin
2026-03-26 17:58:24,375 [INFO] PluginManager:220 - loadIPPluginJar : add ts
2026-03-26 17:58:24,408 [INFO] IPUIPlugin:80 - create IPUIPlugin
2026-03-26 17:58:24,408 [INFO] PluginManager:220 - loadIPPluginJar : add tsc
2026-03-26 17:58:24,437 [INFO] IPUIPlugin:80 - create IPUIPlugin
2026-03-26 17:58:24,437 [INFO] PluginManager:220 - loadIPPluginJar : add ucpd
2026-03-26 17:58:24,486 [INFO] IPUIPlugin:80 - create IPUIPlugin
2026-03-26 17:58:24,486 [INFO] PluginManager:220 - loadIPPluginJar : add usart
2026-03-26 17:58:24,543 [INFO] IPUIPlugin:80 - create IPUIPlugin
2026-03-26 17:58:24,543 [INFO] PluginManager:220 - loadIPPluginJar : add usbx
2026-03-26 17:58:24,669 [FATAL] Updater:351 - Updater called before beeing initialized
2026-03-26 17:58:24,697 [INFO] RulesReader:64 - Compatibility file has been processed (317 Rules)
2026-03-26 17:58:24,710 [INFO] RulesReader:64 - Compatibility file has been processed (317 Rules)
2026-03-26 17:58:24,721 [INFO] CADModel:165 - CPN selected for project level
2026-03-26 17:58:24,721 [INFO] CADModel:114 - Register for checkConnection events
2026-03-26 17:58:24,721 [FATAL] Updater:351 - Updater called before beeing initialized
2026-03-26 17:58:24,721 [ERROR] CADModel:125 - Updater not yet initialized, retry later 
2026-03-26 17:58:24,852 [INFO] ThirdPartyUpdaterWithRetryManager:70 - Updater plugin not ready yet. [2/15]
2026-03-26 17:58:24,902 [FATAL] Updater:351 - Updater called before beeing initialized
2026-03-26 17:58:24,904 [INFO] CADModel:165 - CPN selected for project level
2026-03-26 17:58:24,904 [INFO] CADModel:114 - Register for checkConnection events
2026-03-26 17:58:24,904 [FATAL] Updater:351 - Updater called before beeing initialized
2026-03-26 17:58:24,904 [ERROR] CADModel:125 - Updater not yet initialized, retry later 
2026-03-26 17:58:24,907 [FATAL] Updater:351 - Updater called before beeing initialized
2026-03-26 17:58:25,015 [FATAL] Updater:351 - Updater called before beeing initialized
2026-03-26 17:58:25,030 [INFO] DbMcusAds:53 - JSON generation date=Tue Feb 10 17:46:36 IST 2026 (1770725796209)
2026-03-26 17:58:25,030 [FATAL] Updater:351 - Updater called before beeing initialized
2026-03-26 17:58:25,076 [WARN] DetailPanel:346 - Failed to get advertising image, set to default
2026-03-26 17:58:25,249 [FATAL] Updater:351 - Updater called before beeing initialized
2026-03-26 17:58:25,253 [FATAL] Updater:351 - Updater called before beeing initialized
2026-03-26 17:58:25,253 [FATAL] Updater:351 - Updater called before beeing initialized
2026-03-26 17:58:25,253 [WARN] DetailPanel:346 - Failed to get advertising image, set to default
2026-03-26 17:58:25,254 [FATAL] Updater:351 - Updater called before beeing initialized
2026-03-26 17:58:25,325 [ERROR] Updater:1198 - MainUpdater not yet initialized. External WinMGr cannot be set.
2026-03-26 17:58:25,338 [INFO] Updater:1134 - Updater Version found : 6.15.0
2026-03-26 17:58:25,355 [INFO] ApplicationProperties:184 - Using Application install path: C:\ST\STM32CubeIDE_1.19.0\STM32CubeIDE\plugins\com.st.stm32cube.common.mx_6.15.0.202507011659
2026-03-26 17:58:25,882 [INFO] MainUpdater:2872 - connection check result : 10
2026-03-26 17:58:25,883 [INFO] MainUpdater:289 - Updater Check For Update Now.
2026-03-26 17:58:25,883 [INFO] MicroXplorer:498 - Change Database Version : DB.6.0.150
2026-03-26 17:58:25,911 [INFO] McuFinderGlobals:63 - Set McuFinder mode to 2 (CubeIDE integrated)
2026-03-26 17:58:25,921 [INFO] UserAuth:487 - Internet connection configuration mode: 1
2026-03-26 17:58:26,003 [INFO] JxBrowserEngine:152 - Initiate JxBrowser Engine with user profile folder
2026-03-26 17:58:26,162 [INFO] CheckServerUpdateThread:120 - End of CheckServer Thread
2026-03-26 17:58:28,672 [WARN] PackLoader:240 - Cannot read IP mode file for STMicroelectronics.X-CUBE-AZRTOS-H7.3.5.0
2026-03-26 17:58:28,703 [WARN] PackLoader:240 - Cannot read IP mode file for STMicroelectronics.FP-SNS-MOTENVWB1.1.4.0
2026-03-26 17:58:28,725 [WARN] PackLoader:240 - Cannot read IP mode file for STMicroelectronics.FP-ATR-ASTRA1.2.0.2
2026-03-26 17:58:28,747 [WARN] PackLoader:240 - Cannot read IP mode file for STMicroelectronics.X-CUBE-SMBUS.2.1.0
2026-03-26 17:58:28,787 [WARN] PackLoader:240 - Cannot read IP mode file for STMicroelectronics.X-CUBE-AZRTOS-F7.1.1.0
2026-03-26 17:58:28,813 [WARN] PackLoader:240 - Cannot read IP mode file for Cesanta.I-CUBE-Mongoose.7.19.0
2026-03-26 17:58:28,832 [WARN] PackLoader:240 - Cannot read IP mode file for STMicroelectronics.FP-SNS-MOTENV1.5.1.0
2026-03-26 17:58:28,866 [WARN] PackLoader:240 - Cannot read IP mode file for WES.I-CUBE-Cesium.1.4.0
2026-03-26 17:58:28,907 [WARN] PackLoader:240 - Cannot read IP mode file for Infineon.AIROC-Wi-Fi-Bluetooth-STM32.1.7.1
2026-03-26 17:58:28,999 [WARN] PackLoader:240 - Cannot read IP mode file for STMicroelectronics.X-CUBE-AZRTOS-H7.3.4.0
2026-03-26 17:58:29,114 [WARN] PackLoader:240 - Cannot read IP mode file for STMicroelectronics.X-CUBE-DISPLAY.3.0.0
2026-03-26 17:58:29,233 [WARN] PackLoader:240 - Cannot read IP mode file for STMicroelectronics.FP-SNS-MOTENVWB1.1.5.0
2026-03-26 17:58:29,293 [WARN] PackLoader:240 - Cannot read IP mode file for STMicroelectronics.X-CUBE-NFC10.1.0.0
2026-03-26 17:58:29,346 [WARN] PackLoader:240 - Cannot read IP mode file for STMicroelectronics.X-CUBE-ST60.1.1.0
2026-03-26 17:58:29,390 [WARN] PackLoader:240 - Cannot read IP mode file for emotas.I-CUBE-CANOPEN.1.3.0
2026-03-26 17:58:29,426 [WARN] PackLoader:240 - Cannot read IP mode file for STMicroelectronics.X-CUBE-GNSS1.7.1.0
2026-03-26 17:58:29,471 [WARN] PackLoader:240 - Cannot read IP mode file for STMicroelectronics.FP-SNS-STBOX1.2.1.0
2026-03-26 17:58:29,512 [WARN] PackLoader:240 - Cannot read IP mode file for STMicroelectronics.FP-SNS-SMARTAG2.1.2.0
2026-03-26 17:58:29,545 [WARN] PackLoader:240 - Cannot read IP mode file for STMicroelectronics.FP-SNS-FLIGHT1.5.1.0
2026-03-26 17:58:29,592 [INFO] LogOutputStream:77 - [STDOUT_REDIRECT] 1 : Invalid condition id : UX_CORESTACK_Condition cause : null
2026-03-26 17:58:29,592 [INFO] LogOutputStream:77 - [STDOUT_REDIRECT] 1 : Invalid condition id : UX_CORESTACK_Condition cause : null
2026-03-26 17:58:29,592 [INFO] LogOutputStream:77 - [STDOUT_REDIRECT] 1 : Invalid condition id : UX_CORESTACK_Condition cause : null
2026-03-26 17:58:29,600 [INFO] LogOutputStream:77 - [STDOUT_REDIRECT] 1 : Invalid condition id : UX_CORESTACK_Condition cause : null
2026-03-26 17:58:29,604 [INFO] LogOutputStream:77 - [STDOUT_REDIRECT] 1 : Invalid condition id : UX_CORESTACK_Condition cause : null
2026-03-26 17:58:29,608 [WARN] PackLoader:240 - Cannot read IP mode file for STMicroelectronics.X-CUBE-AZRTOS-WL.2.0.0
2026-03-26 17:58:29,651 [WARN] PackLoader:240 - Cannot read IP mode file for STMicroelectronics.FP-SNS-MOTENV1.5.0.0
2026-03-26 17:58:29,713 [INFO] WebApp:169 - Instantiating new browser for Auth
2026-03-26 17:58:29,713 [WARN] PackLoader:240 - Cannot read IP mode file for STMicroelectronics.X-CUBE-AZRTOS-H7RS.1.2.0
2026-03-26 17:58:29,800 [WARN] PackLoader:240 - Cannot read IP mode file for STMicroelectronics.X-CUBE-BLE2.3.3.0
2026-03-26 17:58:29,932 [WARN] PackLoader:240 - Cannot read IP mode file for STMicroelectronics.X-CUBE-NFC9.1.0.0
2026-03-26 17:58:29,972 [WARN] PackLoader:240 - Cannot read IP mode file for wolfSSL.I-CUBE-wolfSSL.5.8.2
2026-03-26 17:58:30,002 [WARN] PackLoader:240 - Cannot read IP mode file for STMicroelectronics.X-CUBE-BLE1.7.1.0
2026-03-26 17:58:30,031 [WARN] PackLoader:240 - Cannot read IP mode file for wolfSSL.I-CUBE-wolfMQTT.1.19.2
2026-03-26 17:58:30,054 [WARN] PackLoader:240 - Cannot read IP mode file for STMicroelectronics.X-CUBE-FREERTOS.1.4.0
2026-03-26 17:58:30,085 [WARN] PackLoader:240 - Cannot read IP mode file for STMicroelectronics.X-CUBE-EEPRMA1.5.2.0
2026-03-26 17:58:30,112 [WARN] PackLoader:240 - Cannot read IP mode file for STMicroelectronics.X-CUBE-ST67W61.1.1.0
2026-03-26 17:58:30,208 [WARN] PackLoader:240 - Cannot read IP mode file for STMicroelectronics.X-CUBE-MEMS1.12.0.0
2026-03-26 17:58:30,442 [WARN] PackLoader:240 - Cannot read IP mode file for STMicroelectronics.X-CUBE-AZRTOS-G0.1.1.0
2026-03-26 17:58:30,503 [WARN] PackLoader:240 - Cannot read IP mode file for STMicroelectronics.X-CUBE-SAFEA1.1.2.2
2026-03-26 17:58:30,555 [WARN] PackLoader:240 - Cannot read IP mode file for STMicroelectronics.X-CUBE-NFC4.3.0.0
2026-03-26 17:58:30,614 [WARN] PackLoader:240 - Cannot read IP mode file for EmbeddedOffice.I-CUBE-FS-RTOS.1.0.1
2026-03-26 17:58:30,684 [WARN] PackLoader:240 - Cannot read IP mode file for STMicroelectronics.X-CUBE-WB05N.2.0.0
2026-03-26 17:58:30,723 [WARN] PackLoader:240 - Cannot read IP mode file for wolfSSL.I-CUBE-wolfTPM.3.8.0
2026-03-26 17:58:30,753 [WARN] PackLoader:240 - Cannot read IP mode file for STMicroelectronics.X-CUBE-TCPP.4.2.0
2026-03-26 17:58:30,797 [WARN] PackLoader:240 - Cannot read IP mode file for RealThread.X-CUBE-RT-Thread_Nano.4.1.1
2026-03-26 17:58:30,837 [WARN] PackLoader:240 - Cannot read IP mode file for STMicroelectronics.FP-ATR-SIGFOX1.3.2.0
2026-03-26 17:58:30,923 [WARN] PackLoader:240 - Cannot read IP mode file for STMicroelectronics.X-CUBE-FREERTOS.1.5.0
2026-03-26 17:58:31,013 [WARN] PackLoader:240 - Cannot read IP mode file for ITTIA_DB.I-CUBE-ITTIADB.8.9.0
2026-03-26 17:58:31,229 [WARN] PackLoader:240 - Cannot read IP mode file for STMicroelectronics.X-CUBE-NFC6.3.2.0
2026-03-26 17:58:31,262 [WARN] PackLoader:240 - Cannot read IP mode file for STMicroelectronics.X-CUBE-AI.10.2.0
2026-03-26 17:58:31,329 [WARN] PackLoader:240 - Cannot read IP mode file for SEGGER.I-CUBE-embOS.1.3.1
2026-03-26 17:58:31,602 [WARN] PackLoader:240 - Cannot read IP mode file for STMicroelectronics.X-CUBE-ALGOBUILD.1.4.0
2026-03-26 17:58:31,753 [WARN] PackLoader:240 - Cannot read IP mode file for STMicroelectronics.X-CUBE-MEMS1.11.3.0
2026-03-26 17:58:31,950 [WARN] PackLoader:240 - Cannot read IP mode file for STMicroelectronics.X-CUBE-PM33A1.1.0.0
2026-03-26 17:58:32,009 [WARN] PackLoader:240 - Cannot read IP mode file for STMicroelectronics.X-CUBE-AZRTOS-F4.1.1.0
2026-03-26 17:58:32,122 [WARN] PackLoader:240 - Cannot read IP mode file for STMicroelectronics.X-CUBE-ISPU.2.1.0
2026-03-26 17:58:32,188 [WARN] PackLoader:240 - Cannot read IP mode file for STMicroelectronics.X-CUBE-IPS.3.2.0
2026-03-26 17:58:32,240 [WARN] PackLoader:240 - Cannot read IP mode file for STMicroelectronics.X-CUBE-NFC12.1.0.0
2026-03-26 17:58:32,522 [WARN] PackLoader:240 - Cannot read IP mode file for STMicroelectronics.X-CUBE-AZRTOS-L5.2.0.0
2026-03-26 17:58:32,560 [WARN] PackLoader:240 - Cannot read IP mode file for STMicroelectronics.X-CUBE-NFC6.3.1.0
2026-03-26 17:58:32,601 [WARN] PackLoader:240 - Cannot read IP mode file for STMicroelectronics.X-CUBE-FREERTOS.1.3.1
2026-03-26 17:58:32,677 [WARN] PackLoader:240 - Cannot read IP mode file for STMicroelectronics.X-CUBE-TOUCHGFX.4.26.0
2026-03-26 17:58:32,753 [WARN] PackLoader:240 - Cannot read IP mode file for STMicroelectronics.X-CUBE-TOUCHGFX.4.26.1
2026-03-26 17:58:32,798 [INFO] WebApp:463 - Apply proxy settings
2026-03-26 17:58:32,802 [INFO] WebApp:548 - Chromium requires no authentication
2026-03-26 17:58:32,821 [WARN] PackLoader:240 - Cannot read IP mode file for STMicroelectronics.FP-SNS-STAIOTCFT.1.0.0
2026-03-26 17:58:32,855 [INFO] WebApp:491 - Direct internet connection detected
2026-03-26 17:58:32,910 [WARN] PackLoader:240 - Cannot read IP mode file for STMicroelectronics.X-CUBE-DPower.1.3.0
2026-03-26 17:58:33,001 [INFO] WebApp:900 - Register for checkConnection events
2026-03-26 17:58:33,007 [INFO] WebApp:463 - Apply proxy settings
2026-03-26 17:58:33,008 [INFO] WebApp:548 - Chromium requires no authentication
2026-03-26 17:58:33,010 [INFO] WebApp:491 - Direct internet connection detected
2026-03-26 17:58:33,050 [WARN] ConditionMgr:438 - getConditionDescription Invalid condition id : LAN8742 Phy interface Condition cause : null
2026-03-26 17:58:33,052 [WARN] PackLoader:240 - Cannot read IP mode file for STMicroelectronics.X-CUBE-AZRTOS-L4.2.0.0
2026-03-26 17:58:33,058 [WARN] ConditionMgr:1044 - genDependencies : Invalid condition id : LAN8742 Phy interface Condition cause : null
2026-03-26 17:58:33,059 [WARN] ConditionMgr:1044 - genDependencies : Invalid condition id : LAN8742 Phy interface Condition cause : null
2026-03-26 17:58:33,063 [WARN] ConditionMgr:1044 - genDependencies : Invalid condition id : LAN8742 Phy interface Condition cause : null
2026-03-26 17:58:33,120 [WARN] PackLoader:240 - Cannot read IP mode file for STMicroelectronics.X-CUBE-SFXS2LP1.4.0.0
2026-03-26 17:58:33,151 [WARN] PackLoader:240 - Cannot read IP mode file for STMicroelectronics.X-CUBE-ST67W61.1.2.0
2026-03-26 17:58:33,181 [WARN] PackLoader:240 - Cannot read IP mode file for STMicroelectronics.X-CUBE-BLEMGR.4.1.0
2026-03-26 17:58:33,259 [WARN] ConditionMgr:438 - getConditionDescription Invalid condition id : UX DEVICE CLASS RTOS Condition cause : null
2026-03-26 17:58:33,259 [WARN] ConditionMgr:438 - getConditionDescription Invalid condition id : UX DEVICE CLASS RTOS Condition cause : null
2026-03-26 17:58:33,263 [WARN] PackLoader:240 - Cannot read IP mode file for STMicroelectronics.X-CUBE-AZRTOS-WB.2.0.0
2026-03-26 17:58:33,267 [WARN] ConditionMgr:1044 - genDependencies : Invalid condition id : UX DEVICE CLASS RTOS Condition cause : null
2026-03-26 17:58:33,267 [WARN] ConditionMgr:1044 - genDependencies : Invalid condition id : UX DEVICE CLASS RTOS Condition cause : null
2026-03-26 17:58:33,268 [WARN] ConditionMgr:1044 - genDependencies : Invalid condition id : UX DEVICE CLASS RTOS Condition cause : null
2026-03-26 17:58:33,269 [WARN] ConditionMgr:1044 - genDependencies : Invalid condition id : UX DEVICE CLASS RTOS Condition cause : null
2026-03-26 17:58:33,269 [WARN] ConditionMgr:1044 - genDependencies : Invalid condition id : UX DEVICE CLASS RTOS Condition cause : null
2026-03-26 17:58:33,325 [WARN] PackLoader:240 - Cannot read IP mode file for STMicroelectronics.X-CUBE-GNSS1.7.0.1
2026-03-26 17:58:33,435 [WARN] ConditionMgr:438 - getConditionDescription Invalid condition id : Cortex-A Device cause : null
2026-03-26 17:58:33,541 [WARN] ConditionMgr:1044 - genDependencies : Invalid condition id : Cortex-A Device cause : null
2026-03-26 17:58:33,541 [WARN] ConditionMgr:1044 - genDependencies : Invalid condition id : Cortex-A Device cause : null
2026-03-26 17:58:33,542 [WARN] ConditionMgr:1044 - genDependencies : Invalid condition id : Cortex-A Device cause : null
2026-03-26 17:58:33,715 [INFO] WebApp:191 - Connection restablished
2026-03-26 17:58:33,793 [WARN] PackLoader:240 - Cannot read IP mode file for STMicroelectronics.X-CUBE-STSE01.2.0.0
2026-03-26 17:58:33,909 [WARN] PackLoader:240 - Cannot read IP mode file for STMicroelectronics.X-CUBE-SUBG2.5.0.0
2026-03-26 17:58:34,032 [WARN] PackLoader:240 - Cannot read IP mode file for STMicroelectronics.X-CUBE-AZRTOS-H7RS.1.1.0
2026-03-26 17:58:34,088 [WARN] PackLoader:240 - Cannot read IP mode file for STMicroelectronics.X-CUBE-AZRTOS-G4.2.0.0
2026-03-26 17:58:34,117 [INFO] WebApp:225 - Starting web application
2026-03-26 17:58:34,118 [INFO] WebApp:593 - Web application path used C:\ST\STM32CubeIDE_1.19.0\STM32CubeIDE\plugins\com.st.stm32cube.common.mx_6.15.0.202507011659\db\plugins\mcufinder\reactClient1\index.html
2026-03-26 17:58:34,125 [WARN] PackLoader:240 - Cannot read IP mode file for wolfSSL.I-CUBE-wolfSSH.1.4.20
2026-03-26 17:58:34,166 [WARN] PackLoader:240 - Cannot read IP mode file for STMicroelectronics.X-CUBE-NFC7.2.0.0
2026-03-26 17:58:34,220 [WARN] PackLoader:240 - Cannot read IP mode file for STMicroelectronics.X-CUBE-ALS.1.0.2
2026-03-26 17:58:34,307 [WARN] PackLoader:240 - Cannot read IP mode file for STMicroelectronics.X-CUBE-STSE01.1.0.0
2026-03-26 17:58:34,506 [WARN] PackLoader:240 - Cannot read IP mode file for STMicroelectronics.X-CUBE-TOF1.3.4.3
2026-03-26 17:58:34,559 [INFO] ThirdParty:978 - Integrity check success = true
2026-03-26 17:58:34,560 [INFO] IntegrityCheckThread:100 - exiting critical section [integrity check]
2026-03-26 17:58:34,560 [INFO] IntegrityCheckThread:103 - End integrity checks thread
2026-03-26 17:58:35,399 [INFO] UserAuth:487 - Internet connection configuration mode: 1
2026-03-26 18:27:29,877 [INFO] WebApp:194 - Connection lost
2026-03-26 18:27:30,580 [INFO] WebApp:191 - Connection restablished
2026-03-26 18:38:04,312 [ERROR] LogOutputStream:75 - [STDERR_REDIRECT] 
