2026-03-06 12:06:28,571 [INFO] Activator:176 - 


2026-03-06 12:06:28,576 [INFO] Activator:177 - !SESSION log4j initialized
2026-03-06 12:06:34,807 [INFO] LogOutputStream:77 - [STDOUT_REDIRECT] 
2026-03-06 12:06:35,937 [INFO] ApplicationProperties:184 - Using Application install path: C:\ST\STM32CubeIDE_1.19.0\STM32CubeIDE\plugins\com.st.stm32cube.common.mx_6.15.0.202507011659
2026-03-06 12:06:35,957 [INFO] DbMcusXml:78 - Set database path to: C:\ST\STM32CubeIDE_1.19.0\STM32CubeIDE\plugins\com.st.stm32cube.common.mx_6.15.0.202507011659\\db\/mcu/
2026-03-06 12:06:35,957 [INFO] ApiDb:274 - Set plugin database path to: C:\ST\STM32CubeIDE_1.19.0\STM32CubeIDE\plugins\com.st.stm32cube.common.mx_6.15.0.202507011659\\db\/plugins/boardmanager/
2026-03-06 12:06:35,958 [WARN] ApiDb:259 - Overriding images path with different value:  => C:\ST\STM32CubeIDE_1.19.0\STM32CubeIDE\plugins\com.st.stm32cube.common.mx_6.15.0.202507011659\\db\/plugins/mcufinder/images/
2026-03-06 12:06:35,969 [INFO] ApiDb:250 - Set database path to: C:\Users\Alfred\.stmcufinder\plugins\mcufinder//mcu/
2026-03-06 12:06:35,971 [INFO] DbMcusAds:125 - Set database path to: C:\Users\Alfred\.stmcufinder\plugins\mcufinder//mcu/
2026-03-06 12:06:35,975 [INFO] CrossReferenceDbSqlite:203 - Set database path to: C:\Users\Alfred\.stmcufinder\plugins\mcufinder//mcu/cs/
2026-03-06 12:06:36,133 [INFO] RulesReader:64 - Compatibility file has been processed (317 Rules)
2026-03-06 12:06:36,226 [INFO] DbMcusXml:78 - Set database path to: C:\ST\STM32CubeIDE_1.19.0\STM32CubeIDE\plugins\com.st.stm32cube.common.mx_6.15.0.202507011659\\db\/mcu/
2026-03-06 12:06:36,226 [INFO] ApiDb:274 - Set plugin database path to: C:\ST\STM32CubeIDE_1.19.0\STM32CubeIDE\plugins\com.st.stm32cube.common.mx_6.15.0.202507011659\\db\/plugins/boardmanager/
2026-03-06 12:06:36,226 [INFO] ApiDb:261 - Set plugin images path to: C:\ST\STM32CubeIDE_1.19.0\STM32CubeIDE\plugins\com.st.stm32cube.common.mx_6.15.0.202507011659\\db\/plugins/mcufinder/images/
2026-03-06 12:06:36,226 [WARN] DbFile:41 - Overriding database path with different value: C:\Users\Alfred\.stmcufinder\plugins\mcufinder/ => C:\Users\Alfred\.stmcufinder\plugins\mcufinder
2026-03-06 12:06:36,226 [INFO] ApiDb:250 - Set database path to: C:\Users\Alfred\.stmcufinder\plugins\mcufinder//mcu/
2026-03-06 12:06:36,226 [WARN] DbFile:41 - Overriding database path with different value: C:\Users\Alfred\.stmcufinder\plugins\mcufinder/ => C:\Users\Alfred\.stmcufinder\plugins\mcufinder
2026-03-06 12:06:36,226 [INFO] DbMcusAds:125 - Set database path to: C:\Users\Alfred\.stmcufinder\plugins\mcufinder//mcu/
2026-03-06 12:06:36,226 [WARN] DbFile:41 - Overriding database path with different value: C:\Users\Alfred\.stmcufinder\plugins\mcufinder/ => C:\Users\Alfred\.stmcufinder\plugins\mcufinder
2026-03-06 12:06:36,226 [WARN] DbFile:41 - Overriding database path with different value: C:\Users\Alfred\.stmcufinder\plugins\mcufinder/ => C:\Users\Alfred\.stmcufinder\plugins\mcufinder
2026-03-06 12:06:36,227 [INFO] CrossReferenceDbSqlite:203 - Set database path to: C:\Users\Alfred\.stmcufinder\plugins\mcufinder//mcu/cs/
2026-03-06 12:06:36,313 [INFO] MainPanel:274 - HeapMemory: 268435456
2026-03-06 12:06:36,443 [INFO] DbMcusXml:78 - Set database path to: C:\ST\STM32CubeIDE_1.19.0\STM32CubeIDE\plugins\com.st.stm32cube.common.mx_6.15.0.202507011659\\db\/mcu/
2026-03-06 12:06:36,443 [INFO] ApiDb:274 - Set plugin database path to: C:\ST\STM32CubeIDE_1.19.0\STM32CubeIDE\plugins\com.st.stm32cube.common.mx_6.15.0.202507011659\\db\/plugins/boardmanager/
2026-03-06 12:06:36,443 [INFO] ApiDb:261 - Set plugin images path to: C:\ST\STM32CubeIDE_1.19.0\STM32CubeIDE\plugins\com.st.stm32cube.common.mx_6.15.0.202507011659\\db\/plugins/mcufinder/images/
2026-03-06 12:06:36,443 [WARN] DbFile:41 - Overriding database path with different value: C:\Users\Alfred\.stmcufinder\plugins\mcufinder/ => C:\Users\Alfred\.stmcufinder\plugins\mcufinder
2026-03-06 12:06:36,443 [INFO] ApiDb:250 - Set database path to: C:\Users\Alfred\.stmcufinder\plugins\mcufinder//mcu/
2026-03-06 12:06:36,444 [WARN] DbFile:41 - Overriding database path with different value: C:\Users\Alfred\.stmcufinder\plugins\mcufinder/ => C:\Users\Alfred\.stmcufinder\plugins\mcufinder
2026-03-06 12:06:36,444 [INFO] DbMcusAds:125 - Set database path to: C:\Users\Alfred\.stmcufinder\plugins\mcufinder//mcu/
2026-03-06 12:06:36,444 [WARN] DbFile:41 - Overriding database path with different value: C:\Users\Alfred\.stmcufinder\plugins\mcufinder/ => C:\Users\Alfred\.stmcufinder\plugins\mcufinder
2026-03-06 12:06:36,444 [WARN] DbFile:41 - Overriding database path with different value: C:\Users\Alfred\.stmcufinder\plugins\mcufinder/ => C:\Users\Alfred\.stmcufinder\plugins\mcufinder
2026-03-06 12:06:36,444 [INFO] CrossReferenceDbSqlite:203 - Set database path to: C:\Users\Alfred\.stmcufinder\plugins\mcufinder//mcu/cs/
2026-03-06 12:06:36,467 [INFO] ApplicationProperties:184 - Using Application install path: C:\ST\STM32CubeIDE_1.19.0\STM32CubeIDE\plugins\com.st.stm32cube.common.mx_6.15.0.202507011659
2026-03-06 12:06:36,468 [INFO] PluginManage:196 - Search for loadable plugins [exclusion list=, ]
2026-03-06 12:06:36,470 [INFO] PluginManage:310 - Check plugin analytics
2026-03-06 12:06:36,668 [INFO] AnalyticsPlugin:253 - Accepted Software Licenses: 
2026-03-06 12:06:36,668 [INFO] AnalyticsPlugin:255 - Accepted CMSIS Pack Licenses: 
2026-03-06 12:06:36,669 [INFO] AnalyticsPlugin:257 - Accepted Firmware Licenses: FW.G0.1.6.0
2026-03-06 12:06:36,672 [INFO] PluginManage:359 - Loaded plugin analytics (category:tool,tabindex:-1)
2026-03-06 12:06:36,672 [INFO] PluginManage:310 - Check plugin cadmodel
2026-03-06 12:06:36,691 [INFO] CADModel:105 - Init CAD model plugin
2026-03-06 12:06:36,691 [INFO] PluginManage:359 - Loaded plugin cadmodel (category:power,tabindex:5)
2026-03-06 12:06:36,692 [INFO] PluginManage:310 - Check plugin clock
2026-03-06 12:06:36,717 [INFO] PluginManage:359 - Loaded plugin clock (category:base,tabindex:2)
2026-03-06 12:06:36,718 [INFO] PluginManage:310 - Check plugin ddr
2026-03-06 12:06:36,721 [INFO] PluginManage:359 - Loaded plugin ddr (category:tool,tabindex:6)
2026-03-06 12:06:36,721 [INFO] PluginManage:310 - Check plugin filemanager
2026-03-06 12:06:36,882 [INFO] PluginManage:359 - Loaded plugin filemanager (category:base,tabindex:10)
2026-03-06 12:06:36,882 [INFO] PluginManage:310 - Check plugin ipmanager
2026-03-06 12:06:36,890 [INFO] PluginManage:359 - Loaded plugin ipmanager (category:base,tabindex:5)
2026-03-06 12:06:36,890 [INFO] PluginManage:310 - Check plugin lpbam
2026-03-06 12:06:36,913 [INFO] PluginManage:359 - Loaded plugin lpbam (category:base,tabindex:0)
2026-03-06 12:06:36,913 [INFO] PluginManage:310 - Check plugin memorymap
2026-03-06 12:06:36,943 [INFO] PluginManage:359 - Loaded plugin memorymap (category:base,tabindex:4)
2026-03-06 12:06:36,943 [INFO] PluginManage:310 - Check plugin pinoutandconfiguration
2026-03-06 12:06:36,963 [INFO] PluginManage:359 - Loaded plugin pinoutandconfiguration (category:base,tabindex:1)
2026-03-06 12:06:36,965 [INFO] PluginManage:310 - Check plugin pinoutconfig
2026-03-06 12:06:37,070 [WARN] SupportedApi:132 - Cannot load RTOS API schema: s4s-elt-must-match.1: The content of 'definitions' must match (annotation?, (simpleType | complexType)?, (unique | key | keyref)*)). A problem was found starting at: attribute.
2026-03-06 12:06:37,237 [INFO] PluginManage:359 - Loaded plugin pinoutconfig (category:base,tabindex:0)
2026-03-06 12:06:37,238 [INFO] PluginManage:310 - Check plugin power
2026-03-06 12:06:37,262 [INFO] PluginManage:359 - Loaded plugin power (category:power,tabindex:4)
2026-03-06 12:06:37,262 [INFO] PluginManage:310 - Check plugin projectmanager
2026-03-06 12:06:37,285 [INFO] PluginManage:359 - Loaded plugin projectmanager (category:projectmanager,tabindex:4)
2026-03-06 12:06:37,285 [INFO] PluginManage:310 - Check plugin rif
2026-03-06 12:06:37,314 [INFO] PluginManage:359 - Loaded plugin rif (category:base,tabindex:3)
2026-03-06 12:06:37,314 [INFO] PluginManage:310 - Check plugin thirdparty
2026-03-06 12:06:37,704 [INFO] PluginManage:359 - Loaded plugin thirdparty (category:base,tabindex:-1)
2026-03-06 12:06:37,704 [WARN] IntegrityCheckThread:84 - waiting for thirdparty lock release [integrity check]
2026-03-06 12:06:37,705 [INFO] PluginManage:310 - Check plugin tools
2026-03-06 12:06:37,705 [INFO] IntegrityCheckThread:86 - entering critical section [integrity check]
2026-03-06 12:06:37,705 [INFO] ThirdPartyUpdaterWithRetryManager:70 - Updater plugin not ready yet. [1/15]
2026-03-06 12:06:37,772 [INFO] PluginManage:359 - Loaded plugin tools (category:base,tabindex:7)
2026-03-06 12:06:37,772 [INFO] PluginManage:310 - Check plugin tutovideos
2026-03-06 12:06:38,319 [INFO] PluginManage:359 - Loaded plugin tutovideos (category:base,tabindex:-1)
2026-03-06 12:06:38,319 [INFO] PluginManage:310 - Check plugin updater
2026-03-06 12:06:38,341 [INFO] PluginManage:359 - Loaded plugin updater (category:base,tabindex:12)
2026-03-06 12:06:38,341 [INFO] PluginManage:310 - Check plugin userauth
2026-03-06 12:06:38,347 [INFO] UserAuth:118 - Init User Auth plugin
2026-03-06 12:06:38,347 [INFO] PluginManage:359 - Loaded plugin userauth (category:base,tabindex:14)
2026-03-06 12:06:38,347 [INFO] PluginManage:283 - PluginManage : Loaded plugins [18]
2026-03-06 12:06:38,590 [INFO] PinOutPanel:1589 - setPackage(No Configuration,No Configuration)
2026-03-06 12:06:38,673 [INFO] CADModel:165 - CPN selected for project level
2026-03-06 12:06:38,673 [INFO] CADModel:114 - Register for checkConnection events
2026-03-06 12:06:38,704 [INFO] IPUIPlugin:80 - create IPUIPlugin
2026-03-06 12:06:38,704 [INFO] PluginManager:220 - loadIPPluginJar : add adc
2026-03-06 12:06:38,746 [INFO] IPUIPlugin:80 - create IPUIPlugin
2026-03-06 12:06:38,746 [INFO] PluginManager:220 - loadIPPluginJar : add aes
2026-03-06 12:06:38,805 [INFO] IPUIPlugin:80 - create IPUIPlugin
2026-03-06 12:06:38,805 [INFO] PluginManager:220 - loadIPPluginJar : add can
2026-03-06 12:06:38,849 [INFO] IPUIPlugin:80 - create IPUIPlugin
2026-03-06 12:06:38,849 [INFO] PluginManager:220 - loadIPPluginJar : add comp
2026-03-06 12:06:38,899 [INFO] IPUIPlugin:80 - create IPUIPlugin
2026-03-06 12:06:38,899 [INFO] PluginManager:220 - loadIPPluginJar : add cryp
2026-03-06 12:06:38,915 [INFO] IPUIPlugin:80 - create IPUIPlugin
2026-03-06 12:06:38,915 [INFO] PluginManager:220 - loadIPPluginJar : add ddr_ctrl_phy
2026-03-06 12:06:38,953 [INFO] IPUIPlugin:80 - create IPUIPlugin
2026-03-06 12:06:38,953 [INFO] PluginManager:220 - loadIPPluginJar : add dfsdm
2026-03-06 12:06:38,973 [INFO] IPUIPlugin:80 - create IPUIPlugin
2026-03-06 12:06:38,973 [INFO] PluginManager:220 - loadIPPluginJar : add dma
2026-03-06 12:06:39,025 [INFO] IPUIPlugin:80 - create IPUIPlugin
2026-03-06 12:06:39,025 [INFO] PluginManager:220 - loadIPPluginJar : add dma3
2026-03-06 12:06:39,077 [INFO] IPUIPlugin:80 - create IPUIPlugin
2026-03-06 12:06:39,078 [INFO] PluginManager:220 - loadIPPluginJar : add extmemmanager
2026-03-06 12:06:39,098 [INFO] IPUIPlugin:80 - create IPUIPlugin
2026-03-06 12:06:39,098 [INFO] PluginManager:220 - loadIPPluginJar : add fatfs
2026-03-06 12:06:39,154 [INFO] IPUIPlugin:80 - create IPUIPlugin
2026-03-06 12:06:39,154 [INFO] PluginManager:220 - loadIPPluginJar : add fmc
2026-03-06 12:06:39,172 [INFO] IPUIPlugin:80 - create IPUIPlugin
2026-03-06 12:06:39,172 [INFO] PluginManager:220 - loadIPPluginJar : add freertos
2026-03-06 12:06:39,196 [INFO] IPUIPlugin:80 - create IPUIPlugin
2026-03-06 12:06:39,196 [INFO] PluginManager:220 - loadIPPluginJar : add genericplugin
2026-03-06 12:06:39,290 [INFO] IPUIPlugin:80 - create IPUIPlugin
2026-03-06 12:06:39,290 [INFO] PluginManager:220 - loadIPPluginJar : add gfxmmu
2026-03-06 12:06:39,427 [INFO] IPUIPlugin:80 - create IPUIPlugin
2026-03-06 12:06:39,427 [INFO] PluginManager:220 - loadIPPluginJar : add gic
2026-03-06 12:06:39,443 [INFO] IPUIPlugin:80 - create IPUIPlugin
2026-03-06 12:06:39,443 [INFO] PluginManager:220 - loadIPPluginJar : add gpio
2026-03-06 12:06:39,548 [INFO] IPUIPlugin:80 - create IPUIPlugin
2026-03-06 12:06:39,548 [INFO] PluginManager:220 - loadIPPluginJar : add gtzc
2026-03-06 12:06:39,583 [INFO] IPUIPlugin:80 - create IPUIPlugin
2026-03-06 12:06:39,583 [INFO] PluginManager:220 - loadIPPluginJar : add hash
2026-03-06 12:06:39,639 [INFO] IPUIPlugin:80 - create IPUIPlugin
2026-03-06 12:06:39,639 [INFO] PluginManager:220 - loadIPPluginJar : add i2c
2026-03-06 12:06:39,680 [INFO] IPUIPlugin:80 - create IPUIPlugin
2026-03-06 12:06:39,680 [INFO] PluginManager:220 - loadIPPluginJar : add i2s
2026-03-06 12:06:39,721 [INFO] IPUIPlugin:80 - create IPUIPlugin
2026-03-06 12:06:39,721 [INFO] PluginManager:220 - loadIPPluginJar : add i3c
2026-03-06 12:06:39,833 [INFO] IPUIPlugin:80 - create IPUIPlugin
2026-03-06 12:06:39,833 [INFO] PluginManager:220 - loadIPPluginJar : add ipddr
2026-03-06 12:06:39,924 [INFO] IPUIPlugin:80 - create IPUIPlugin
2026-03-06 12:06:39,924 [INFO] PluginManager:220 - loadIPPluginJar : add linkedlist
2026-03-06 12:06:39,964 [INFO] IPUIPlugin:80 - create IPUIPlugin
2026-03-06 12:06:39,964 [INFO] PluginManager:220 - loadIPPluginJar : add lorawan
2026-03-06 12:06:40,005 [INFO] IPUIPlugin:80 - create IPUIPlugin
2026-03-06 12:06:40,005 [INFO] PluginManager:220 - loadIPPluginJar : add ltdc
2026-03-06 12:06:40,019 [INFO] IPUIPlugin:80 - create IPUIPlugin
2026-03-06 12:06:40,019 [INFO] PluginManager:220 - loadIPPluginJar : add mdma
2026-03-06 12:06:40,035 [INFO] IPUIPlugin:80 - create IPUIPlugin
2026-03-06 12:06:40,035 [INFO] PluginManager:220 - loadIPPluginJar : add nvic
2026-03-06 12:06:40,076 [INFO] IPUIPlugin:80 - create IPUIPlugin
2026-03-06 12:06:40,076 [INFO] PluginManager:220 - loadIPPluginJar : add opamp
2026-03-06 12:06:40,147 [INFO] IPUIPlugin:80 - create IPUIPlugin
2026-03-06 12:06:40,147 [INFO] PluginManager:220 - loadIPPluginJar : add openamp
2026-03-06 12:06:40,193 [INFO] IPUIPlugin:80 - create IPUIPlugin
2026-03-06 12:06:40,193 [INFO] PluginManager:220 - loadIPPluginJar : add pdm2pcm
2026-03-06 12:06:40,208 [INFO] IPUIPlugin:80 - create IPUIPlugin
2026-03-06 12:06:40,208 [INFO] PluginManager:220 - loadIPPluginJar : add plateformsettings
2026-03-06 12:06:40,241 [INFO] IPUIPlugin:80 - create IPUIPlugin
2026-03-06 12:06:40,241 [INFO] PluginManager:220 - loadIPPluginJar : add quadspi
2026-03-06 12:06:40,269 [INFO] IPUIPlugin:80 - create IPUIPlugin
2026-03-06 12:06:40,269 [INFO] PluginManager:220 - loadIPPluginJar : add radio
2026-03-06 12:06:40,284 [INFO] IPUIPlugin:80 - create IPUIPlugin
2026-03-06 12:06:40,284 [INFO] PluginManager:220 - loadIPPluginJar : add resmgrutility
2026-03-06 12:06:40,330 [INFO] IPUIPlugin:80 - create IPUIPlugin
2026-03-06 12:06:40,330 [INFO] PluginManager:220 - loadIPPluginJar : add sai
2026-03-06 12:06:40,370 [INFO] IPUIPlugin:80 - create IPUIPlugin
2026-03-06 12:06:40,370 [INFO] PluginManager:220 - loadIPPluginJar : add spi
2026-03-06 12:06:40,455 [INFO] IPUIPlugin:80 - create IPUIPlugin
2026-03-06 12:06:40,461 [INFO] PluginManager:220 - loadIPPluginJar : add stm32_wpan
2026-03-06 12:06:40,490 [INFO] IPUIPlugin:80 - create IPUIPlugin
2026-03-06 12:06:40,490 [INFO] PluginManager:220 - loadIPPluginJar : add tim
2026-03-06 12:06:40,553 [INFO] IPUIPlugin:80 - create IPUIPlugin
2026-03-06 12:06:40,553 [INFO] PluginManager:220 - loadIPPluginJar : add touchsensing
2026-03-06 12:06:40,580 [INFO] IPUIPlugin:80 - create IPUIPlugin
2026-03-06 12:06:40,580 [INFO] PluginManager:220 - loadIPPluginJar : add tracer_emb
2026-03-06 12:06:40,609 [INFO] IPUIPlugin:80 - create IPUIPlugin
2026-03-06 12:06:40,609 [INFO] PluginManager:220 - loadIPPluginJar : add ts
2026-03-06 12:06:40,637 [INFO] IPUIPlugin:80 - create IPUIPlugin
2026-03-06 12:06:40,637 [INFO] PluginManager:220 - loadIPPluginJar : add tsc
2026-03-06 12:06:40,664 [INFO] IPUIPlugin:80 - create IPUIPlugin
2026-03-06 12:06:40,664 [INFO] PluginManager:220 - loadIPPluginJar : add ucpd
2026-03-06 12:06:40,705 [INFO] IPUIPlugin:80 - create IPUIPlugin
2026-03-06 12:06:40,705 [INFO] PluginManager:220 - loadIPPluginJar : add usart
2026-03-06 12:06:40,716 [INFO] ThirdPartyUpdaterWithRetryManager:70 - Updater plugin not ready yet. [2/15]
2026-03-06 12:06:40,757 [INFO] IPUIPlugin:80 - create IPUIPlugin
2026-03-06 12:06:40,757 [INFO] PluginManager:220 - loadIPPluginJar : add usbx
2026-03-06 12:06:40,890 [FATAL] Updater:351 - Updater called before beeing initialized
2026-03-06 12:06:40,910 [INFO] RulesReader:64 - Compatibility file has been processed (317 Rules)
2026-03-06 12:06:40,921 [INFO] RulesReader:64 - Compatibility file has been processed (317 Rules)
2026-03-06 12:06:40,931 [INFO] CADModel:165 - CPN selected for project level
2026-03-06 12:06:40,931 [INFO] CADModel:114 - Register for checkConnection events
2026-03-06 12:06:40,931 [FATAL] Updater:351 - Updater called before beeing initialized
2026-03-06 12:06:40,931 [ERROR] CADModel:125 - Updater not yet initialized, retry later 
2026-03-06 12:06:41,123 [FATAL] Updater:351 - Updater called before beeing initialized
2026-03-06 12:06:41,123 [INFO] CADModel:165 - CPN selected for project level
2026-03-06 12:06:41,123 [INFO] CADModel:114 - Register for checkConnection events
2026-03-06 12:06:41,123 [FATAL] Updater:351 - Updater called before beeing initialized
2026-03-06 12:06:41,123 [ERROR] CADModel:125 - Updater not yet initialized, retry later 
2026-03-06 12:06:41,132 [FATAL] Updater:351 - Updater called before beeing initialized
2026-03-06 12:06:41,248 [FATAL] Updater:351 - Updater called before beeing initialized
2026-03-06 12:06:41,265 [INFO] DbMcusAds:53 - JSON generation date=Tue Feb 10 17:46:36 IST 2026 (1770725796209)
2026-03-06 12:06:41,265 [FATAL] Updater:351 - Updater called before beeing initialized
2026-03-06 12:06:41,306 [WARN] DetailPanel:346 - Failed to get advertising image, set to default
2026-03-06 12:06:41,390 [FATAL] Updater:351 - Updater called before beeing initialized
2026-03-06 12:06:41,397 [FATAL] Updater:351 - Updater called before beeing initialized
2026-03-06 12:06:41,397 [FATAL] Updater:351 - Updater called before beeing initialized
2026-03-06 12:06:41,397 [WARN] DetailPanel:346 - Failed to get advertising image, set to default
2026-03-06 12:06:41,398 [FATAL] Updater:351 - Updater called before beeing initialized
2026-03-06 12:06:41,473 [ERROR] Updater:1198 - MainUpdater not yet initialized. External WinMGr cannot be set.
2026-03-06 12:06:41,488 [INFO] Updater:1134 - Updater Version found : 6.15.0
2026-03-06 12:06:41,511 [INFO] ApplicationProperties:184 - Using Application install path: C:\ST\STM32CubeIDE_1.19.0\STM32CubeIDE\plugins\com.st.stm32cube.common.mx_6.15.0.202507011659
2026-03-06 12:06:42,062 [INFO] MainUpdater:2872 - connection check result : 10
2026-03-06 12:06:42,063 [INFO] MainUpdater:289 - Updater Check For Update Now.
2026-03-06 12:06:42,063 [INFO] MicroXplorer:498 - Change Database Version : DB.6.0.150
2026-03-06 12:06:42,082 [INFO] McuFinderGlobals:63 - Set McuFinder mode to 2 (CubeIDE integrated)
2026-03-06 12:06:42,090 [INFO] UserAuth:487 - Internet connection configuration mode: 1
2026-03-06 12:06:42,127 [INFO] JxBrowserEngine:152 - Initiate JxBrowser Engine with user profile folder
2026-03-06 12:06:42,286 [INFO] CheckServerUpdateThread:120 - End of CheckServer Thread
2026-03-06 12:06:43,889 [INFO] WebApp:169 - Instantiating new browser for Auth
2026-03-06 12:06:44,296 [WARN] PackLoader:240 - Cannot read IP mode file for STMicroelectronics.X-CUBE-AZRTOS-H7.3.5.0
2026-03-06 12:06:44,320 [WARN] PackLoader:240 - Cannot read IP mode file for STMicroelectronics.FP-SNS-MOTENVWB1.1.4.0
2026-03-06 12:06:44,338 [WARN] PackLoader:240 - Cannot read IP mode file for STMicroelectronics.FP-ATR-ASTRA1.2.0.2
2026-03-06 12:06:44,360 [WARN] PackLoader:240 - Cannot read IP mode file for STMicroelectronics.X-CUBE-SMBUS.2.1.0
2026-03-06 12:06:44,395 [WARN] PackLoader:240 - Cannot read IP mode file for STMicroelectronics.X-CUBE-AZRTOS-F7.1.1.0
2026-03-06 12:06:44,415 [WARN] PackLoader:240 - Cannot read IP mode file for Cesanta.I-CUBE-Mongoose.7.19.0
2026-03-06 12:06:44,432 [WARN] PackLoader:240 - Cannot read IP mode file for STMicroelectronics.FP-SNS-MOTENV1.5.1.0
2026-03-06 12:06:44,457 [WARN] PackLoader:240 - Cannot read IP mode file for WES.I-CUBE-Cesium.1.4.0
2026-03-06 12:06:44,491 [WARN] PackLoader:240 - Cannot read IP mode file for Infineon.AIROC-Wi-Fi-Bluetooth-STM32.1.7.1
2026-03-06 12:06:44,533 [WARN] PackLoader:240 - Cannot read IP mode file for STMicroelectronics.X-CUBE-AZRTOS-H7.3.4.0
2026-03-06 12:06:44,553 [WARN] PackLoader:240 - Cannot read IP mode file for STMicroelectronics.X-CUBE-DISPLAY.3.0.0
2026-03-06 12:06:44,574 [WARN] PackLoader:240 - Cannot read IP mode file for STMicroelectronics.FP-SNS-MOTENVWB1.1.5.0
2026-03-06 12:06:44,604 [WARN] PackLoader:240 - Cannot read IP mode file for STMicroelectronics.X-CUBE-NFC10.1.0.0
2026-03-06 12:06:44,632 [WARN] PackLoader:240 - Cannot read IP mode file for STMicroelectronics.X-CUBE-ST60.1.1.0
2026-03-06 12:06:44,668 [WARN] PackLoader:240 - Cannot read IP mode file for emotas.I-CUBE-CANOPEN.1.3.0
2026-03-06 12:06:44,705 [WARN] PackLoader:240 - Cannot read IP mode file for STMicroelectronics.X-CUBE-GNSS1.7.1.0
2026-03-06 12:06:44,745 [WARN] PackLoader:240 - Cannot read IP mode file for STMicroelectronics.FP-SNS-STBOX1.2.1.0
2026-03-06 12:06:44,796 [WARN] PackLoader:240 - Cannot read IP mode file for STMicroelectronics.FP-SNS-SMARTAG2.1.2.0
2026-03-06 12:06:44,830 [WARN] PackLoader:240 - Cannot read IP mode file for STMicroelectronics.FP-SNS-FLIGHT1.5.1.0
2026-03-06 12:06:44,863 [INFO] LogOutputStream:77 - [STDOUT_REDIRECT] 1 : Invalid condition id : UX_CORESTACK_Condition cause : null
2026-03-06 12:06:44,864 [INFO] LogOutputStream:77 - [STDOUT_REDIRECT] 1 : Invalid condition id : UX_CORESTACK_Condition cause : null
2026-03-06 12:06:44,865 [INFO] LogOutputStream:77 - [STDOUT_REDIRECT] 1 : Invalid condition id : UX_CORESTACK_Condition cause : null
2026-03-06 12:06:44,866 [INFO] LogOutputStream:77 - [STDOUT_REDIRECT] 1 : Invalid condition id : UX_CORESTACK_Condition cause : null
2026-03-06 12:06:44,867 [INFO] LogOutputStream:77 - [STDOUT_REDIRECT] 1 : Invalid condition id : UX_CORESTACK_Condition cause : null
2026-03-06 12:06:44,871 [WARN] PackLoader:240 - Cannot read IP mode file for STMicroelectronics.X-CUBE-AZRTOS-WL.2.0.0
2026-03-06 12:06:44,888 [WARN] PackLoader:240 - Cannot read IP mode file for STMicroelectronics.FP-SNS-MOTENV1.5.0.0
2026-03-06 12:06:44,915 [WARN] PackLoader:240 - Cannot read IP mode file for STMicroelectronics.X-CUBE-AZRTOS-H7RS.1.2.0
2026-03-06 12:06:44,932 [WARN] PackLoader:240 - Cannot read IP mode file for STMicroelectronics.X-CUBE-BLE2.3.3.0
2026-03-06 12:06:44,978 [WARN] PackLoader:240 - Cannot read IP mode file for STMicroelectronics.X-CUBE-NFC9.1.0.0
2026-03-06 12:06:44,994 [WARN] PackLoader:240 - Cannot read IP mode file for wolfSSL.I-CUBE-wolfSSL.5.8.2
2026-03-06 12:06:45,006 [WARN] PackLoader:240 - Cannot read IP mode file for STMicroelectronics.X-CUBE-BLE1.7.1.0
2026-03-06 12:06:45,021 [WARN] PackLoader:240 - Cannot read IP mode file for wolfSSL.I-CUBE-wolfMQTT.1.19.2
2026-03-06 12:06:45,043 [WARN] PackLoader:240 - Cannot read IP mode file for STMicroelectronics.X-CUBE-FREERTOS.1.4.0
2026-03-06 12:06:45,065 [WARN] PackLoader:240 - Cannot read IP mode file for STMicroelectronics.X-CUBE-EEPRMA1.5.2.0
2026-03-06 12:06:45,103 [WARN] PackLoader:240 - Cannot read IP mode file for STMicroelectronics.X-CUBE-ST67W61.1.1.0
2026-03-06 12:06:45,223 [WARN] PackLoader:240 - Cannot read IP mode file for STMicroelectronics.X-CUBE-MEMS1.12.0.0
2026-03-06 12:06:45,255 [INFO] WebApp:463 - Apply proxy settings
2026-03-06 12:06:45,255 [INFO] WebApp:548 - Chromium requires no authentication
2026-03-06 12:06:45,278 [INFO] WebApp:491 - Direct internet connection detected
2026-03-06 12:06:45,342 [INFO] WebApp:900 - Register for checkConnection events
2026-03-06 12:06:45,342 [INFO] WebApp:463 - Apply proxy settings
2026-03-06 12:06:45,342 [INFO] WebApp:548 - Chromium requires no authentication
2026-03-06 12:06:45,343 [INFO] WebApp:491 - Direct internet connection detected
2026-03-06 12:06:45,374 [WARN] PackLoader:240 - Cannot read IP mode file for STMicroelectronics.X-CUBE-AZRTOS-G0.1.1.0
2026-03-06 12:06:45,393 [WARN] PackLoader:240 - Cannot read IP mode file for STMicroelectronics.X-CUBE-SAFEA1.1.2.2
2026-03-06 12:06:45,414 [WARN] PackLoader:240 - Cannot read IP mode file for STMicroelectronics.X-CUBE-NFC4.3.0.0
2026-03-06 12:06:45,436 [WARN] PackLoader:240 - Cannot read IP mode file for EmbeddedOffice.I-CUBE-FS-RTOS.1.0.1
2026-03-06 12:06:45,453 [WARN] PackLoader:240 - Cannot read IP mode file for STMicroelectronics.X-CUBE-WB05N.2.0.0
2026-03-06 12:06:45,467 [WARN] PackLoader:240 - Cannot read IP mode file for wolfSSL.I-CUBE-wolfTPM.3.8.0
2026-03-06 12:06:45,488 [WARN] PackLoader:240 - Cannot read IP mode file for STMicroelectronics.X-CUBE-TCPP.4.2.0
2026-03-06 12:06:45,512 [WARN] PackLoader:240 - Cannot read IP mode file for RealThread.X-CUBE-RT-Thread_Nano.4.1.1
2026-03-06 12:06:45,532 [WARN] PackLoader:240 - Cannot read IP mode file for STMicroelectronics.FP-ATR-SIGFOX1.3.2.0
2026-03-06 12:06:45,550 [WARN] PackLoader:240 - Cannot read IP mode file for STMicroelectronics.X-CUBE-FREERTOS.1.5.0
2026-03-06 12:06:45,567 [WARN] PackLoader:240 - Cannot read IP mode file for ITTIA_DB.I-CUBE-ITTIADB.8.9.0
2026-03-06 12:06:45,586 [WARN] PackLoader:240 - Cannot read IP mode file for STMicroelectronics.X-CUBE-NFC6.3.2.0
2026-03-06 12:06:45,605 [WARN] PackLoader:240 - Cannot read IP mode file for STMicroelectronics.X-CUBE-AI.10.2.0
2026-03-06 12:06:45,640 [WARN] PackLoader:240 - Cannot read IP mode file for SEGGER.I-CUBE-embOS.1.3.1
2026-03-06 12:06:45,687 [WARN] PackLoader:240 - Cannot read IP mode file for STMicroelectronics.X-CUBE-ALGOBUILD.1.4.0
2026-03-06 12:06:45,726 [WARN] PackLoader:240 - Cannot read IP mode file for STMicroelectronics.X-CUBE-MEMS1.11.3.0
2026-03-06 12:06:45,729 [INFO] WebApp:225 - Starting web application
2026-03-06 12:06:45,729 [INFO] WebApp:593 - Web application path used C:\ST\STM32CubeIDE_1.19.0\STM32CubeIDE\plugins\com.st.stm32cube.common.mx_6.15.0.202507011659\db\plugins\mcufinder\reactClient1\index.html
2026-03-06 12:06:45,863 [WARN] PackLoader:240 - Cannot read IP mode file for STMicroelectronics.X-CUBE-PM33A1.1.0.0
2026-03-06 12:06:45,932 [WARN] PackLoader:240 - Cannot read IP mode file for STMicroelectronics.X-CUBE-AZRTOS-F4.1.1.0
2026-03-06 12:06:45,970 [WARN] PackLoader:240 - Cannot read IP mode file for STMicroelectronics.X-CUBE-ISPU.2.1.0
2026-03-06 12:06:46,012 [WARN] PackLoader:240 - Cannot read IP mode file for STMicroelectronics.X-CUBE-IPS.3.2.0
2026-03-06 12:06:46,018 [INFO] WebApp:191 - Connection restablished
2026-03-06 12:06:46,044 [WARN] PackLoader:240 - Cannot read IP mode file for STMicroelectronics.X-CUBE-NFC12.1.0.0
2026-03-06 12:06:46,046 [INFO] UserAuth:487 - Internet connection configuration mode: 1
2026-03-06 12:06:46,115 [WARN] PackLoader:240 - Cannot read IP mode file for STMicroelectronics.X-CUBE-AZRTOS-L5.2.0.0
2026-03-06 12:06:46,133 [WARN] PackLoader:240 - Cannot read IP mode file for STMicroelectronics.X-CUBE-NFC6.3.1.0
2026-03-06 12:06:46,151 [WARN] PackLoader:240 - Cannot read IP mode file for STMicroelectronics.X-CUBE-FREERTOS.1.3.1
2026-03-06 12:06:46,176 [WARN] PackLoader:240 - Cannot read IP mode file for STMicroelectronics.X-CUBE-TOUCHGFX.4.26.0
2026-03-06 12:06:46,195 [WARN] PackLoader:240 - Cannot read IP mode file for STMicroelectronics.X-CUBE-TOUCHGFX.4.26.1
2026-03-06 12:06:46,233 [WARN] PackLoader:240 - Cannot read IP mode file for STMicroelectronics.FP-SNS-STAIOTCFT.1.0.0
2026-03-06 12:06:46,258 [WARN] PackLoader:240 - Cannot read IP mode file for STMicroelectronics.X-CUBE-DPower.1.3.0
2026-03-06 12:06:46,310 [WARN] ConditionMgr:438 - getConditionDescription Invalid condition id : LAN8742 Phy interface Condition cause : null
2026-03-06 12:06:46,312 [WARN] PackLoader:240 - Cannot read IP mode file for STMicroelectronics.X-CUBE-AZRTOS-L4.2.0.0
2026-03-06 12:06:46,314 [WARN] ConditionMgr:1044 - genDependencies : Invalid condition id : LAN8742 Phy interface Condition cause : null
2026-03-06 12:06:46,315 [WARN] ConditionMgr:1044 - genDependencies : Invalid condition id : LAN8742 Phy interface Condition cause : null
2026-03-06 12:06:46,315 [WARN] ConditionMgr:1044 - genDependencies : Invalid condition id : LAN8742 Phy interface Condition cause : null
2026-03-06 12:06:46,370 [WARN] PackLoader:240 - Cannot read IP mode file for STMicroelectronics.X-CUBE-SFXS2LP1.4.0.0
2026-03-06 12:06:46,400 [WARN] PackLoader:240 - Cannot read IP mode file for STMicroelectronics.X-CUBE-ST67W61.1.2.0
2026-03-06 12:06:46,433 [WARN] PackLoader:240 - Cannot read IP mode file for STMicroelectronics.X-CUBE-BLEMGR.4.1.0
2026-03-06 12:06:46,499 [WARN] ConditionMgr:438 - getConditionDescription Invalid condition id : UX DEVICE CLASS RTOS Condition cause : null
2026-03-06 12:06:46,499 [WARN] ConditionMgr:438 - getConditionDescription Invalid condition id : UX DEVICE CLASS RTOS Condition cause : null
2026-03-06 12:06:46,501 [WARN] PackLoader:240 - Cannot read IP mode file for STMicroelectronics.X-CUBE-AZRTOS-WB.2.0.0
2026-03-06 12:06:46,502 [WARN] ConditionMgr:1044 - genDependencies : Invalid condition id : UX DEVICE CLASS RTOS Condition cause : null
2026-03-06 12:06:46,502 [WARN] ConditionMgr:1044 - genDependencies : Invalid condition id : UX DEVICE CLASS RTOS Condition cause : null
2026-03-06 12:06:46,503 [WARN] ConditionMgr:1044 - genDependencies : Invalid condition id : UX DEVICE CLASS RTOS Condition cause : null
2026-03-06 12:06:46,503 [WARN] ConditionMgr:1044 - genDependencies : Invalid condition id : UX DEVICE CLASS RTOS Condition cause : null
2026-03-06 12:06:46,503 [WARN] ConditionMgr:1044 - genDependencies : Invalid condition id : UX DEVICE CLASS RTOS Condition cause : null
2026-03-06 12:06:46,542 [WARN] PackLoader:240 - Cannot read IP mode file for STMicroelectronics.X-CUBE-GNSS1.7.0.1
2026-03-06 12:06:46,596 [WARN] ConditionMgr:438 - getConditionDescription Invalid condition id : Cortex-A Device cause : null
2026-03-06 12:06:46,699 [WARN] ConditionMgr:1044 - genDependencies : Invalid condition id : Cortex-A Device cause : null
2026-03-06 12:06:46,699 [WARN] ConditionMgr:1044 - genDependencies : Invalid condition id : Cortex-A Device cause : null
2026-03-06 12:06:46,700 [WARN] ConditionMgr:1044 - genDependencies : Invalid condition id : Cortex-A Device cause : null
2026-03-06 12:06:46,769 [WARN] PackLoader:240 - Cannot read IP mode file for STMicroelectronics.X-CUBE-STSE01.2.0.0
2026-03-06 12:06:47,070 [WARN] PackLoader:240 - Cannot read IP mode file for STMicroelectronics.X-CUBE-SUBG2.5.0.0
2026-03-06 12:06:47,193 [WARN] PackLoader:240 - Cannot read IP mode file for STMicroelectronics.X-CUBE-AZRTOS-H7RS.1.1.0
2026-03-06 12:06:47,295 [WARN] PackLoader:240 - Cannot read IP mode file for STMicroelectronics.X-CUBE-AZRTOS-G4.2.0.0
2026-03-06 12:06:47,369 [WARN] PackLoader:240 - Cannot read IP mode file for wolfSSL.I-CUBE-wolfSSH.1.4.20
2026-03-06 12:06:47,415 [WARN] PackLoader:240 - Cannot read IP mode file for STMicroelectronics.X-CUBE-NFC7.2.0.0
2026-03-06 12:06:47,481 [WARN] PackLoader:240 - Cannot read IP mode file for STMicroelectronics.X-CUBE-ALS.1.0.2
2026-03-06 12:06:47,547 [WARN] PackLoader:240 - Cannot read IP mode file for STMicroelectronics.X-CUBE-STSE01.1.0.0
2026-03-06 12:06:47,622 [WARN] PackLoader:240 - Cannot read IP mode file for STMicroelectronics.X-CUBE-TOF1.3.4.3
2026-03-06 12:06:47,635 [INFO] ThirdParty:978 - Integrity check success = true
2026-03-06 12:06:47,636 [INFO] IntegrityCheckThread:100 - exiting critical section [integrity check]
2026-03-06 12:06:47,636 [INFO] IntegrityCheckThread:103 - End integrity checks thread
2026-03-06 13:20:36,585 [INFO] WebApp:194 - Connection lost
2026-03-06 13:20:37,246 [INFO] WebApp:191 - Connection restablished
2026-03-06 13:23:38,328 [INFO] WebApp:194 - Connection lost
2026-03-06 13:23:38,521 [INFO] WebApp:191 - Connection restablished
2026-03-06 13:23:53,809 [INFO] WebApp:194 - Connection lost
2026-03-06 13:23:54,177 [INFO] WebApp:191 - Connection restablished
2026-03-06 13:31:06,282 [INFO] WebApp:194 - Connection lost
2026-03-06 13:31:06,479 [INFO] WebApp:191 - Connection restablished
2026-03-06 13:31:27,338 [INFO] WebApp:194 - Connection lost
2026-03-06 13:31:27,484 [INFO] WebApp:191 - Connection restablished
2026-03-06 13:41:38,306 [INFO] WebApp:194 - Connection lost
2026-03-06 13:41:38,480 [INFO] WebApp:191 - Connection restablished
2026-03-06 13:52:54,474 [INFO] WebApp:194 - Connection lost
2026-03-06 13:52:54,986 [INFO] WebApp:191 - Connection restablished
2026-03-06 13:58:58,805 [INFO] WebApp:194 - Connection lost
2026-03-06 13:58:59,014 [INFO] WebApp:191 - Connection restablished
2026-03-06 14:13:43,411 [INFO] WebApp:194 - Connection lost
2026-03-06 14:13:43,828 [INFO] WebApp:191 - Connection restablished
2026-03-06 14:18:59,304 [INFO] WebApp:194 - Connection lost
2026-03-06 14:18:59,666 [INFO] WebApp:191 - Connection restablished
2026-03-06 14:19:23,314 [INFO] WebApp:194 - Connection lost
2026-03-06 14:19:23,652 [INFO] WebApp:191 - Connection restablished
2026-03-06 14:29:39,328 [INFO] WebApp:194 - Connection lost
2026-03-06 14:29:39,515 [INFO] WebApp:191 - Connection restablished
2026-03-06 14:30:02,815 [INFO] WebApp:194 - Connection lost
2026-03-06 14:30:02,973 [INFO] WebApp:191 - Connection restablished
2026-03-06 14:41:23,309 [INFO] WebApp:194 - Connection lost
2026-03-06 14:41:23,511 [INFO] WebApp:191 - Connection restablished
2026-03-06 16:52:02,533 [INFO] WebApp:194 - Connection lost
2026-03-06 16:52:03,007 [INFO] WebApp:191 - Connection restablished
2026-03-06 16:55:03,795 [INFO] WebApp:194 - Connection lost
2026-03-06 16:55:03,989 [INFO] WebApp:191 - Connection restablished
2026-03-06 17:03:57,388 [INFO] WebApp:403 - JxBrowser engine has been closed 
2026-03-06 17:06:04,003 [ERROR] LogOutputStream:75 - [STDERR_REDIRECT] 
