2026-02-13 15:24:13,740 [INFO] Activator:176 - 


2026-02-13 15:24:13,748 [INFO] Activator:177 - !SESSION log4j initialized
2026-02-13 15:24:20,910 [INFO] LogOutputStream:77 - [STDOUT_REDIRECT] 
2026-02-13 15:24:23,356 [INFO] ApplicationProperties:184 - Using Application install path: C:\ST\STM32CubeIDE_1.19.0\STM32CubeIDE\plugins\com.st.stm32cube.common.mx_6.15.0.202507011659
2026-02-13 15:24:23,374 [INFO] DbMcusXml:78 - Set database path to: C:\ST\STM32CubeIDE_1.19.0\STM32CubeIDE\plugins\com.st.stm32cube.common.mx_6.15.0.202507011659\\db\/mcu/
2026-02-13 15:24:23,374 [INFO] ApiDb:274 - Set plugin database path to: C:\ST\STM32CubeIDE_1.19.0\STM32CubeIDE\plugins\com.st.stm32cube.common.mx_6.15.0.202507011659\\db\/plugins/boardmanager/
2026-02-13 15:24:23,375 [WARN] ApiDb:259 - Overriding images path with different value:  => C:\ST\STM32CubeIDE_1.19.0\STM32CubeIDE\plugins\com.st.stm32cube.common.mx_6.15.0.202507011659\\db\/plugins/mcufinder/images/
2026-02-13 15:24:23,381 [INFO] ApiDb:250 - Set database path to: C:\Users\Alfred\.stmcufinder\plugins\mcufinder//mcu/
2026-02-13 15:24:23,382 [INFO] DbMcusAds:125 - Set database path to: C:\Users\Alfred\.stmcufinder\plugins\mcufinder//mcu/
2026-02-13 15:24:23,385 [INFO] CrossReferenceDbSqlite:203 - Set database path to: C:\Users\Alfred\.stmcufinder\plugins\mcufinder//mcu/cs/
2026-02-13 15:24:23,509 [INFO] RulesReader:64 - Compatibility file has been processed (317 Rules)
2026-02-13 15:24:23,601 [INFO] DbMcusXml:78 - Set database path to: C:\ST\STM32CubeIDE_1.19.0\STM32CubeIDE\plugins\com.st.stm32cube.common.mx_6.15.0.202507011659\\db\/mcu/
2026-02-13 15:24:23,602 [INFO] ApiDb:274 - Set plugin database path to: C:\ST\STM32CubeIDE_1.19.0\STM32CubeIDE\plugins\com.st.stm32cube.common.mx_6.15.0.202507011659\\db\/plugins/boardmanager/
2026-02-13 15:24:23,602 [INFO] ApiDb:261 - Set plugin images path to: C:\ST\STM32CubeIDE_1.19.0\STM32CubeIDE\plugins\com.st.stm32cube.common.mx_6.15.0.202507011659\\db\/plugins/mcufinder/images/
2026-02-13 15:24:23,602 [WARN] DbFile:41 - Overriding database path with different value: C:\Users\Alfred\.stmcufinder\plugins\mcufinder/ => C:\Users\Alfred\.stmcufinder\plugins\mcufinder
2026-02-13 15:24:23,602 [INFO] ApiDb:250 - Set database path to: C:\Users\Alfred\.stmcufinder\plugins\mcufinder//mcu/
2026-02-13 15:24:23,602 [WARN] DbFile:41 - Overriding database path with different value: C:\Users\Alfred\.stmcufinder\plugins\mcufinder/ => C:\Users\Alfred\.stmcufinder\plugins\mcufinder
2026-02-13 15:24:23,602 [INFO] DbMcusAds:125 - Set database path to: C:\Users\Alfred\.stmcufinder\plugins\mcufinder//mcu/
2026-02-13 15:24:23,602 [WARN] DbFile:41 - Overriding database path with different value: C:\Users\Alfred\.stmcufinder\plugins\mcufinder/ => C:\Users\Alfred\.stmcufinder\plugins\mcufinder
2026-02-13 15:24:23,602 [WARN] DbFile:41 - Overriding database path with different value: C:\Users\Alfred\.stmcufinder\plugins\mcufinder/ => C:\Users\Alfred\.stmcufinder\plugins\mcufinder
2026-02-13 15:24:23,602 [INFO] CrossReferenceDbSqlite:203 - Set database path to: C:\Users\Alfred\.stmcufinder\plugins\mcufinder//mcu/cs/
2026-02-13 15:24:23,675 [INFO] MainPanel:274 - HeapMemory: 268435456
2026-02-13 15:24:23,786 [INFO] DbMcusXml:78 - Set database path to: C:\ST\STM32CubeIDE_1.19.0\STM32CubeIDE\plugins\com.st.stm32cube.common.mx_6.15.0.202507011659\\db\/mcu/
2026-02-13 15:24:23,786 [INFO] ApiDb:274 - Set plugin database path to: C:\ST\STM32CubeIDE_1.19.0\STM32CubeIDE\plugins\com.st.stm32cube.common.mx_6.15.0.202507011659\\db\/plugins/boardmanager/
2026-02-13 15:24:23,786 [INFO] ApiDb:261 - Set plugin images path to: C:\ST\STM32CubeIDE_1.19.0\STM32CubeIDE\plugins\com.st.stm32cube.common.mx_6.15.0.202507011659\\db\/plugins/mcufinder/images/
2026-02-13 15:24:23,787 [WARN] DbFile:41 - Overriding database path with different value: C:\Users\Alfred\.stmcufinder\plugins\mcufinder/ => C:\Users\Alfred\.stmcufinder\plugins\mcufinder
2026-02-13 15:24:23,787 [INFO] ApiDb:250 - Set database path to: C:\Users\Alfred\.stmcufinder\plugins\mcufinder//mcu/
2026-02-13 15:24:23,787 [WARN] DbFile:41 - Overriding database path with different value: C:\Users\Alfred\.stmcufinder\plugins\mcufinder/ => C:\Users\Alfred\.stmcufinder\plugins\mcufinder
2026-02-13 15:24:23,787 [INFO] DbMcusAds:125 - Set database path to: C:\Users\Alfred\.stmcufinder\plugins\mcufinder//mcu/
2026-02-13 15:24:23,787 [WARN] DbFile:41 - Overriding database path with different value: C:\Users\Alfred\.stmcufinder\plugins\mcufinder/ => C:\Users\Alfred\.stmcufinder\plugins\mcufinder
2026-02-13 15:24:23,788 [WARN] DbFile:41 - Overriding database path with different value: C:\Users\Alfred\.stmcufinder\plugins\mcufinder/ => C:\Users\Alfred\.stmcufinder\plugins\mcufinder
2026-02-13 15:24:23,788 [INFO] CrossReferenceDbSqlite:203 - Set database path to: C:\Users\Alfred\.stmcufinder\plugins\mcufinder//mcu/cs/
2026-02-13 15:24:23,813 [INFO] ApplicationProperties:184 - Using Application install path: C:\ST\STM32CubeIDE_1.19.0\STM32CubeIDE\plugins\com.st.stm32cube.common.mx_6.15.0.202507011659
2026-02-13 15:24:23,815 [INFO] PluginManage:196 - Search for loadable plugins [exclusion list=, ]
2026-02-13 15:24:23,817 [INFO] PluginManage:310 - Check plugin analytics
2026-02-13 15:24:24,024 [INFO] AnalyticsPlugin:253 - Accepted Software Licenses: 
2026-02-13 15:24:24,024 [INFO] AnalyticsPlugin:255 - Accepted CMSIS Pack Licenses: 
2026-02-13 15:24:24,024 [INFO] AnalyticsPlugin:257 - Accepted Firmware Licenses: FW.G0.1.6.0
2026-02-13 15:24:24,029 [INFO] PluginManage:359 - Loaded plugin analytics (category:tool,tabindex:-1)
2026-02-13 15:24:24,030 [INFO] PluginManage:310 - Check plugin cadmodel
2026-02-13 15:24:24,035 [INFO] CADModel:105 - Init CAD model plugin
2026-02-13 15:24:24,035 [INFO] PluginManage:359 - Loaded plugin cadmodel (category:power,tabindex:5)
2026-02-13 15:24:24,036 [INFO] PluginManage:310 - Check plugin clock
2026-02-13 15:24:24,045 [INFO] PluginManage:359 - Loaded plugin clock (category:base,tabindex:2)
2026-02-13 15:24:24,045 [INFO] PluginManage:310 - Check plugin ddr
2026-02-13 15:24:24,048 [INFO] PluginManage:359 - Loaded plugin ddr (category:tool,tabindex:6)
2026-02-13 15:24:24,048 [INFO] PluginManage:310 - Check plugin filemanager
2026-02-13 15:24:24,192 [INFO] PluginManage:359 - Loaded plugin filemanager (category:base,tabindex:10)
2026-02-13 15:24:24,193 [INFO] PluginManage:310 - Check plugin ipmanager
2026-02-13 15:24:24,200 [INFO] PluginManage:359 - Loaded plugin ipmanager (category:base,tabindex:5)
2026-02-13 15:24:24,200 [INFO] PluginManage:310 - Check plugin lpbam
2026-02-13 15:24:24,208 [INFO] PluginManage:359 - Loaded plugin lpbam (category:base,tabindex:0)
2026-02-13 15:24:24,208 [INFO] PluginManage:310 - Check plugin memorymap
2026-02-13 15:24:24,222 [INFO] PluginManage:359 - Loaded plugin memorymap (category:base,tabindex:4)
2026-02-13 15:24:24,222 [INFO] PluginManage:310 - Check plugin pinoutandconfiguration
2026-02-13 15:24:24,243 [INFO] PluginManage:359 - Loaded plugin pinoutandconfiguration (category:base,tabindex:1)
2026-02-13 15:24:24,243 [INFO] PluginManage:310 - Check plugin pinoutconfig
2026-02-13 15:24:24,389 [WARN] SupportedApi:132 - Cannot load RTOS API schema: s4s-elt-must-match.1: The content of 'definitions' must match (annotation?, (simpleType | complexType)?, (unique | key | keyref)*)). A problem was found starting at: attribute.
2026-02-13 15:24:24,586 [INFO] PluginManage:359 - Loaded plugin pinoutconfig (category:base,tabindex:0)
2026-02-13 15:24:24,586 [INFO] PluginManage:310 - Check plugin power
2026-02-13 15:24:24,607 [INFO] PluginManage:359 - Loaded plugin power (category:power,tabindex:4)
2026-02-13 15:24:24,607 [INFO] PluginManage:310 - Check plugin projectmanager
2026-02-13 15:24:24,626 [INFO] PluginManage:359 - Loaded plugin projectmanager (category:projectmanager,tabindex:4)
2026-02-13 15:24:24,626 [INFO] PluginManage:310 - Check plugin rif
2026-02-13 15:24:24,637 [INFO] PluginManage:359 - Loaded plugin rif (category:base,tabindex:3)
2026-02-13 15:24:24,638 [INFO] PluginManage:310 - Check plugin thirdparty
2026-02-13 15:24:24,786 [INFO] PluginManage:359 - Loaded plugin thirdparty (category:base,tabindex:-1)
2026-02-13 15:24:24,786 [WARN] IntegrityCheckThread:84 - waiting for thirdparty lock release [integrity check]
2026-02-13 15:24:24,787 [INFO] IntegrityCheckThread:86 - entering critical section [integrity check]
2026-02-13 15:24:24,787 [INFO] PluginManage:310 - Check plugin tools
2026-02-13 15:24:24,788 [INFO] ThirdPartyUpdaterWithRetryManager:70 - Updater plugin not ready yet. [1/15]
2026-02-13 15:24:24,792 [INFO] PluginManage:359 - Loaded plugin tools (category:base,tabindex:7)
2026-02-13 15:24:24,792 [INFO] PluginManage:310 - Check plugin tutovideos
2026-02-13 15:24:25,062 [INFO] PluginManage:359 - Loaded plugin tutovideos (category:base,tabindex:-1)
2026-02-13 15:24:25,062 [INFO] PluginManage:310 - Check plugin updater
2026-02-13 15:24:25,083 [INFO] PluginManage:359 - Loaded plugin updater (category:base,tabindex:12)
2026-02-13 15:24:25,083 [INFO] PluginManage:310 - Check plugin userauth
2026-02-13 15:24:25,089 [INFO] UserAuth:118 - Init User Auth plugin
2026-02-13 15:24:25,090 [INFO] PluginManage:359 - Loaded plugin userauth (category:base,tabindex:14)
2026-02-13 15:24:25,090 [INFO] PluginManage:283 - PluginManage : Loaded plugins [18]
2026-02-13 15:24:25,347 [INFO] PinOutPanel:1589 - setPackage(No Configuration,No Configuration)
2026-02-13 15:24:25,483 [INFO] CADModel:165 - CPN selected for project level
2026-02-13 15:24:25,483 [INFO] CADModel:114 - Register for checkConnection events
2026-02-13 15:24:25,504 [INFO] IPUIPlugin:80 - create IPUIPlugin
2026-02-13 15:24:25,504 [INFO] PluginManager:220 - loadIPPluginJar : add adc
2026-02-13 15:24:25,506 [INFO] IPUIPlugin:80 - create IPUIPlugin
2026-02-13 15:24:25,507 [INFO] PluginManager:220 - loadIPPluginJar : add aes
2026-02-13 15:24:25,509 [INFO] IPUIPlugin:80 - create IPUIPlugin
2026-02-13 15:24:25,509 [INFO] PluginManager:220 - loadIPPluginJar : add can
2026-02-13 15:24:25,512 [INFO] IPUIPlugin:80 - create IPUIPlugin
2026-02-13 15:24:25,512 [INFO] PluginManager:220 - loadIPPluginJar : add comp
2026-02-13 15:24:25,515 [INFO] IPUIPlugin:80 - create IPUIPlugin
2026-02-13 15:24:25,515 [INFO] PluginManager:220 - loadIPPluginJar : add cryp
2026-02-13 15:24:25,519 [INFO] IPUIPlugin:80 - create IPUIPlugin
2026-02-13 15:24:25,519 [INFO] PluginManager:220 - loadIPPluginJar : add ddr_ctrl_phy
2026-02-13 15:24:25,522 [INFO] IPUIPlugin:80 - create IPUIPlugin
2026-02-13 15:24:25,522 [INFO] PluginManager:220 - loadIPPluginJar : add dfsdm
2026-02-13 15:24:25,528 [INFO] IPUIPlugin:80 - create IPUIPlugin
2026-02-13 15:24:25,529 [INFO] PluginManager:220 - loadIPPluginJar : add dma
2026-02-13 15:24:25,532 [INFO] IPUIPlugin:80 - create IPUIPlugin
2026-02-13 15:24:25,532 [INFO] PluginManager:220 - loadIPPluginJar : add dma3
2026-02-13 15:24:25,536 [INFO] IPUIPlugin:80 - create IPUIPlugin
2026-02-13 15:24:25,536 [INFO] PluginManager:220 - loadIPPluginJar : add extmemmanager
2026-02-13 15:24:25,539 [INFO] IPUIPlugin:80 - create IPUIPlugin
2026-02-13 15:24:25,540 [INFO] PluginManager:220 - loadIPPluginJar : add fatfs
2026-02-13 15:24:25,547 [INFO] IPUIPlugin:80 - create IPUIPlugin
2026-02-13 15:24:25,547 [INFO] PluginManager:220 - loadIPPluginJar : add fmc
2026-02-13 15:24:25,554 [INFO] IPUIPlugin:80 - create IPUIPlugin
2026-02-13 15:24:25,554 [INFO] PluginManager:220 - loadIPPluginJar : add freertos
2026-02-13 15:24:25,557 [INFO] IPUIPlugin:80 - create IPUIPlugin
2026-02-13 15:24:25,557 [INFO] PluginManager:220 - loadIPPluginJar : add genericplugin
2026-02-13 15:24:25,560 [INFO] IPUIPlugin:80 - create IPUIPlugin
2026-02-13 15:24:25,560 [INFO] PluginManager:220 - loadIPPluginJar : add gfxmmu
2026-02-13 15:24:25,566 [INFO] IPUIPlugin:80 - create IPUIPlugin
2026-02-13 15:24:25,567 [INFO] PluginManager:220 - loadIPPluginJar : add gic
2026-02-13 15:24:25,572 [INFO] IPUIPlugin:80 - create IPUIPlugin
2026-02-13 15:24:25,572 [INFO] PluginManager:220 - loadIPPluginJar : add gpio
2026-02-13 15:24:25,575 [INFO] IPUIPlugin:80 - create IPUIPlugin
2026-02-13 15:24:25,575 [INFO] PluginManager:220 - loadIPPluginJar : add gtzc
2026-02-13 15:24:25,577 [INFO] IPUIPlugin:80 - create IPUIPlugin
2026-02-13 15:24:25,577 [INFO] PluginManager:220 - loadIPPluginJar : add hash
2026-02-13 15:24:25,580 [INFO] IPUIPlugin:80 - create IPUIPlugin
2026-02-13 15:24:25,580 [INFO] PluginManager:220 - loadIPPluginJar : add i2c
2026-02-13 15:24:25,583 [INFO] IPUIPlugin:80 - create IPUIPlugin
2026-02-13 15:24:25,583 [INFO] PluginManager:220 - loadIPPluginJar : add i2s
2026-02-13 15:24:25,589 [INFO] IPUIPlugin:80 - create IPUIPlugin
2026-02-13 15:24:25,589 [INFO] PluginManager:220 - loadIPPluginJar : add i3c
2026-02-13 15:24:25,594 [INFO] IPUIPlugin:80 - create IPUIPlugin
2026-02-13 15:24:25,594 [INFO] PluginManager:220 - loadIPPluginJar : add ipddr
2026-02-13 15:24:25,601 [INFO] IPUIPlugin:80 - create IPUIPlugin
2026-02-13 15:24:25,601 [INFO] PluginManager:220 - loadIPPluginJar : add linkedlist
2026-02-13 15:24:25,604 [INFO] IPUIPlugin:80 - create IPUIPlugin
2026-02-13 15:24:25,605 [INFO] PluginManager:220 - loadIPPluginJar : add lorawan
2026-02-13 15:24:25,607 [INFO] IPUIPlugin:80 - create IPUIPlugin
2026-02-13 15:24:25,607 [INFO] PluginManager:220 - loadIPPluginJar : add ltdc
2026-02-13 15:24:25,615 [INFO] IPUIPlugin:80 - create IPUIPlugin
2026-02-13 15:24:25,615 [INFO] PluginManager:220 - loadIPPluginJar : add mdma
2026-02-13 15:24:25,618 [INFO] IPUIPlugin:80 - create IPUIPlugin
2026-02-13 15:24:25,618 [INFO] PluginManager:220 - loadIPPluginJar : add nvic
2026-02-13 15:24:25,621 [INFO] IPUIPlugin:80 - create IPUIPlugin
2026-02-13 15:24:25,621 [INFO] PluginManager:220 - loadIPPluginJar : add opamp
2026-02-13 15:24:25,624 [INFO] IPUIPlugin:80 - create IPUIPlugin
2026-02-13 15:24:25,624 [INFO] PluginManager:220 - loadIPPluginJar : add openamp
2026-02-13 15:24:25,626 [INFO] IPUIPlugin:80 - create IPUIPlugin
2026-02-13 15:24:25,626 [INFO] PluginManager:220 - loadIPPluginJar : add pdm2pcm
2026-02-13 15:24:25,631 [INFO] IPUIPlugin:80 - create IPUIPlugin
2026-02-13 15:24:25,632 [INFO] PluginManager:220 - loadIPPluginJar : add plateformsettings
2026-02-13 15:24:25,633 [INFO] IPUIPlugin:80 - create IPUIPlugin
2026-02-13 15:24:25,634 [INFO] PluginManager:220 - loadIPPluginJar : add quadspi
2026-02-13 15:24:25,635 [INFO] IPUIPlugin:80 - create IPUIPlugin
2026-02-13 15:24:25,635 [INFO] PluginManager:220 - loadIPPluginJar : add radio
2026-02-13 15:24:25,639 [INFO] IPUIPlugin:80 - create IPUIPlugin
2026-02-13 15:24:25,639 [INFO] PluginManager:220 - loadIPPluginJar : add resmgrutility
2026-02-13 15:24:25,642 [INFO] IPUIPlugin:80 - create IPUIPlugin
2026-02-13 15:24:25,642 [INFO] PluginManager:220 - loadIPPluginJar : add sai
2026-02-13 15:24:25,644 [INFO] IPUIPlugin:80 - create IPUIPlugin
2026-02-13 15:24:25,644 [INFO] PluginManager:220 - loadIPPluginJar : add spi
2026-02-13 15:24:25,648 [INFO] IPUIPlugin:80 - create IPUIPlugin
2026-02-13 15:24:25,648 [INFO] PluginManager:220 - loadIPPluginJar : add stm32_wpan
2026-02-13 15:24:25,650 [INFO] IPUIPlugin:80 - create IPUIPlugin
2026-02-13 15:24:25,650 [INFO] PluginManager:220 - loadIPPluginJar : add tim
2026-02-13 15:24:25,652 [INFO] IPUIPlugin:80 - create IPUIPlugin
2026-02-13 15:24:25,652 [INFO] PluginManager:220 - loadIPPluginJar : add touchsensing
2026-02-13 15:24:25,654 [INFO] IPUIPlugin:80 - create IPUIPlugin
2026-02-13 15:24:25,654 [INFO] PluginManager:220 - loadIPPluginJar : add tracer_emb
2026-02-13 15:24:25,656 [INFO] IPUIPlugin:80 - create IPUIPlugin
2026-02-13 15:24:25,656 [INFO] PluginManager:220 - loadIPPluginJar : add ts
2026-02-13 15:24:25,657 [INFO] IPUIPlugin:80 - create IPUIPlugin
2026-02-13 15:24:25,657 [INFO] PluginManager:220 - loadIPPluginJar : add tsc
2026-02-13 15:24:25,659 [INFO] IPUIPlugin:80 - create IPUIPlugin
2026-02-13 15:24:25,659 [INFO] PluginManager:220 - loadIPPluginJar : add ucpd
2026-02-13 15:24:25,661 [INFO] IPUIPlugin:80 - create IPUIPlugin
2026-02-13 15:24:25,661 [INFO] PluginManager:220 - loadIPPluginJar : add usart
2026-02-13 15:24:25,665 [INFO] IPUIPlugin:80 - create IPUIPlugin
2026-02-13 15:24:25,665 [INFO] PluginManager:220 - loadIPPluginJar : add usbx
2026-02-13 15:24:25,797 [FATAL] Updater:351 - Updater called before beeing initialized
2026-02-13 15:24:25,829 [INFO] RulesReader:64 - Compatibility file has been processed (317 Rules)
2026-02-13 15:24:25,842 [INFO] RulesReader:64 - Compatibility file has been processed (317 Rules)
2026-02-13 15:24:25,855 [INFO] CADModel:165 - CPN selected for project level
2026-02-13 15:24:25,855 [INFO] CADModel:114 - Register for checkConnection events
2026-02-13 15:24:25,855 [FATAL] Updater:351 - Updater called before beeing initialized
2026-02-13 15:24:25,855 [ERROR] CADModel:125 - Updater not yet initialized, retry later 
2026-02-13 15:24:26,067 [FATAL] Updater:351 - Updater called before beeing initialized
2026-02-13 15:24:26,071 [INFO] CADModel:165 - CPN selected for project level
2026-02-13 15:24:26,071 [INFO] CADModel:114 - Register for checkConnection events
2026-02-13 15:24:26,071 [FATAL] Updater:351 - Updater called before beeing initialized
2026-02-13 15:24:26,071 [ERROR] CADModel:125 - Updater not yet initialized, retry later 
2026-02-13 15:24:26,076 [FATAL] Updater:351 - Updater called before beeing initialized
2026-02-13 15:24:26,281 [FATAL] Updater:351 - Updater called before beeing initialized
2026-02-13 15:24:26,287 [INFO] DbMcusAds:53 - JSON generation date=Tue Feb 10 17:46:36 IST 2026 (1770725796209)
2026-02-13 15:24:26,288 [FATAL] Updater:351 - Updater called before beeing initialized
2026-02-13 15:24:26,324 [WARN] DetailPanel:346 - Failed to get advertising image, set to default
2026-02-13 15:24:26,405 [FATAL] Updater:351 - Updater called before beeing initialized
2026-02-13 15:24:26,406 [FATAL] Updater:351 - Updater called before beeing initialized
2026-02-13 15:24:26,406 [FATAL] Updater:351 - Updater called before beeing initialized
2026-02-13 15:24:26,406 [WARN] DetailPanel:346 - Failed to get advertising image, set to default
2026-02-13 15:24:26,407 [FATAL] Updater:351 - Updater called before beeing initialized
2026-02-13 15:24:26,459 [ERROR] Updater:1198 - MainUpdater not yet initialized. External WinMGr cannot be set.
2026-02-13 15:24:26,460 [INFO] Updater:1134 - Updater Version found : 6.15.0
2026-02-13 15:24:26,480 [INFO] ApplicationProperties:184 - Using Application install path: C:\ST\STM32CubeIDE_1.19.0\STM32CubeIDE\plugins\com.st.stm32cube.common.mx_6.15.0.202507011659
2026-02-13 15:24:27,134 [INFO] MainUpdater:2872 - connection check result : 10
2026-02-13 15:24:27,135 [INFO] MainUpdater:289 - Updater Check For Update Now.
2026-02-13 15:24:27,135 [INFO] MicroXplorer:498 - Change Database Version : DB.6.0.150
2026-02-13 15:24:27,144 [INFO] McuFinderGlobals:63 - Set McuFinder mode to 2 (CubeIDE integrated)
2026-02-13 15:24:27,145 [INFO] UserAuth:487 - Internet connection configuration mode: 1
2026-02-13 15:24:27,170 [INFO] JxBrowserEngine:152 - Initiate JxBrowser Engine with user profile folder
2026-02-13 15:24:27,315 [INFO] CheckServerUpdateThread:120 - End of CheckServer Thread
2026-02-13 15:24:28,275 [WARN] PackLoader:240 - Cannot read IP mode file for STMicroelectronics.FP-SNS-MOTENVWB1.1.4.0
2026-02-13 15:24:28,285 [WARN] PackLoader:240 - Cannot read IP mode file for STMicroelectronics.FP-ATR-ASTRA1.2.0.2
2026-02-13 15:24:28,294 [WARN] PackLoader:240 - Cannot read IP mode file for STMicroelectronics.X-CUBE-SMBUS.2.1.0
2026-02-13 15:24:28,322 [WARN] PackLoader:240 - Cannot read IP mode file for STMicroelectronics.X-CUBE-AZRTOS-F7.1.1.0
2026-02-13 15:24:28,329 [WARN] PackLoader:240 - Cannot read IP mode file for Cesanta.I-CUBE-Mongoose.7.19.0
2026-02-13 15:24:28,334 [WARN] PackLoader:240 - Cannot read IP mode file for STMicroelectronics.FP-SNS-MOTENV1.5.1.0
2026-02-13 15:24:28,347 [WARN] PackLoader:240 - Cannot read IP mode file for WES.I-CUBE-Cesium.1.4.0
2026-02-13 15:24:28,371 [WARN] PackLoader:240 - Cannot read IP mode file for Infineon.AIROC-Wi-Fi-Bluetooth-STM32.1.7.1
2026-02-13 15:24:28,409 [WARN] PackLoader:240 - Cannot read IP mode file for STMicroelectronics.X-CUBE-AZRTOS-H7.3.4.0
2026-02-13 15:24:28,421 [WARN] PackLoader:240 - Cannot read IP mode file for STMicroelectronics.X-CUBE-DISPLAY.3.0.0
2026-02-13 15:24:28,436 [WARN] PackLoader:240 - Cannot read IP mode file for STMicroelectronics.X-CUBE-NFC10.1.0.0
2026-02-13 15:24:28,447 [WARN] PackLoader:240 - Cannot read IP mode file for STMicroelectronics.X-CUBE-ST60.1.1.0
2026-02-13 15:24:28,455 [WARN] PackLoader:240 - Cannot read IP mode file for emotas.I-CUBE-CANOPEN.1.3.0
2026-02-13 15:24:28,463 [WARN] PackLoader:240 - Cannot read IP mode file for STMicroelectronics.X-CUBE-GNSS1.7.1.0
2026-02-13 15:24:28,474 [WARN] PackLoader:240 - Cannot read IP mode file for STMicroelectronics.FP-SNS-STBOX1.2.1.0
2026-02-13 15:24:28,484 [WARN] PackLoader:240 - Cannot read IP mode file for STMicroelectronics.FP-SNS-SMARTAG2.1.2.0
2026-02-13 15:24:28,490 [WARN] PackLoader:240 - Cannot read IP mode file for STMicroelectronics.FP-SNS-FLIGHT1.5.1.0
2026-02-13 15:24:28,500 [INFO] LogOutputStream:77 - [STDOUT_REDIRECT] 1 : Invalid condition id : UX_CORESTACK_Condition cause : null
2026-02-13 15:24:28,501 [INFO] LogOutputStream:77 - [STDOUT_REDIRECT] 1 : Invalid condition id : UX_CORESTACK_Condition cause : null
2026-02-13 15:24:28,502 [INFO] LogOutputStream:77 - [STDOUT_REDIRECT] 1 : Invalid condition id : UX_CORESTACK_Condition cause : null
2026-02-13 15:24:28,504 [INFO] LogOutputStream:77 - [STDOUT_REDIRECT] 1 : Invalid condition id : UX_CORESTACK_Condition cause : null
2026-02-13 15:24:28,505 [INFO] LogOutputStream:77 - [STDOUT_REDIRECT] 1 : Invalid condition id : UX_CORESTACK_Condition cause : null
2026-02-13 15:24:28,508 [WARN] PackLoader:240 - Cannot read IP mode file for STMicroelectronics.X-CUBE-AZRTOS-WL.2.0.0
2026-02-13 15:24:28,514 [WARN] PackLoader:240 - Cannot read IP mode file for STMicroelectronics.FP-SNS-MOTENV1.5.0.0
2026-02-13 15:24:28,534 [WARN] PackLoader:240 - Cannot read IP mode file for STMicroelectronics.X-CUBE-AZRTOS-H7RS.1.2.0
2026-02-13 15:24:28,543 [WARN] PackLoader:240 - Cannot read IP mode file for STMicroelectronics.X-CUBE-BLE2.3.3.0
2026-02-13 15:24:28,572 [WARN] PackLoader:240 - Cannot read IP mode file for STMicroelectronics.X-CUBE-NFC9.1.0.0
2026-02-13 15:24:28,579 [WARN] PackLoader:240 - Cannot read IP mode file for wolfSSL.I-CUBE-wolfSSL.5.8.2
2026-02-13 15:24:28,583 [WARN] PackLoader:240 - Cannot read IP mode file for STMicroelectronics.X-CUBE-BLE1.7.1.0
2026-02-13 15:24:28,587 [WARN] PackLoader:240 - Cannot read IP mode file for wolfSSL.I-CUBE-wolfMQTT.1.19.2
2026-02-13 15:24:28,592 [WARN] PackLoader:240 - Cannot read IP mode file for STMicroelectronics.X-CUBE-FREERTOS.1.4.0
2026-02-13 15:24:28,597 [WARN] PackLoader:240 - Cannot read IP mode file for STMicroelectronics.X-CUBE-EEPRMA1.5.2.0
2026-02-13 15:24:28,603 [WARN] PackLoader:240 - Cannot read IP mode file for STMicroelectronics.X-CUBE-ST67W61.1.1.0
2026-02-13 15:24:28,648 [WARN] PackLoader:240 - Cannot read IP mode file for STMicroelectronics.X-CUBE-MEMS1.12.0.0
2026-02-13 15:24:28,915 [WARN] PackLoader:240 - Cannot read IP mode file for STMicroelectronics.X-CUBE-AZRTOS-G0.1.1.0
2026-02-13 15:24:28,926 [WARN] PackLoader:240 - Cannot read IP mode file for STMicroelectronics.X-CUBE-SAFEA1.1.2.2
2026-02-13 15:24:28,938 [WARN] PackLoader:240 - Cannot read IP mode file for STMicroelectronics.X-CUBE-NFC4.3.0.0
2026-02-13 15:24:28,954 [WARN] PackLoader:240 - Cannot read IP mode file for EmbeddedOffice.I-CUBE-FS-RTOS.1.0.1
2026-02-13 15:24:28,963 [WARN] PackLoader:240 - Cannot read IP mode file for STMicroelectronics.X-CUBE-WB05N.2.0.0
2026-02-13 15:24:28,970 [WARN] PackLoader:240 - Cannot read IP mode file for wolfSSL.I-CUBE-wolfTPM.3.8.0
2026-02-13 15:24:28,976 [WARN] PackLoader:240 - Cannot read IP mode file for STMicroelectronics.X-CUBE-TCPP.4.2.0
2026-02-13 15:24:28,983 [WARN] PackLoader:240 - Cannot read IP mode file for RealThread.X-CUBE-RT-Thread_Nano.4.1.1
2026-02-13 15:24:28,988 [WARN] PackLoader:240 - Cannot read IP mode file for STMicroelectronics.FP-ATR-SIGFOX1.3.2.0
2026-02-13 15:24:28,997 [WARN] PackLoader:240 - Cannot read IP mode file for ITTIA_DB.I-CUBE-ITTIADB.8.9.0
2026-02-13 15:24:29,007 [WARN] PackLoader:240 - Cannot read IP mode file for STMicroelectronics.X-CUBE-NFC6.3.2.0
2026-02-13 15:24:29,018 [WARN] PackLoader:240 - Cannot read IP mode file for STMicroelectronics.X-CUBE-AI.10.2.0
2026-02-13 15:24:29,056 [WARN] PackLoader:240 - Cannot read IP mode file for SEGGER.I-CUBE-embOS.1.3.1
2026-02-13 15:24:29,312 [WARN] PackLoader:240 - Cannot read IP mode file for STMicroelectronics.X-CUBE-ALGOBUILD.1.4.0
2026-02-13 15:24:29,382 [WARN] PackLoader:240 - Cannot read IP mode file for STMicroelectronics.X-CUBE-MEMS1.11.3.0
2026-02-13 15:24:29,507 [WARN] PackLoader:240 - Cannot read IP mode file for STMicroelectronics.X-CUBE-PM33A1.1.0.0
2026-02-13 15:24:29,532 [WARN] PackLoader:240 - Cannot read IP mode file for STMicroelectronics.X-CUBE-AZRTOS-F4.1.1.0
2026-02-13 15:24:29,544 [WARN] PackLoader:240 - Cannot read IP mode file for STMicroelectronics.X-CUBE-ISPU.2.1.0
2026-02-13 15:24:29,562 [WARN] PackLoader:240 - Cannot read IP mode file for STMicroelectronics.X-CUBE-IPS.3.2.0
2026-02-13 15:24:29,574 [WARN] PackLoader:240 - Cannot read IP mode file for STMicroelectronics.X-CUBE-NFC12.1.0.0
2026-02-13 15:24:29,589 [WARN] PackLoader:240 - Cannot read IP mode file for STMicroelectronics.X-CUBE-AZRTOS-L5.2.0.0
2026-02-13 15:24:29,599 [WARN] PackLoader:240 - Cannot read IP mode file for STMicroelectronics.X-CUBE-NFC6.3.1.0
2026-02-13 15:24:29,608 [WARN] PackLoader:240 - Cannot read IP mode file for STMicroelectronics.X-CUBE-FREERTOS.1.3.1
2026-02-13 15:24:29,616 [WARN] PackLoader:240 - Cannot read IP mode file for STMicroelectronics.X-CUBE-TOUCHGFX.4.26.0
2026-02-13 15:24:29,625 [WARN] PackLoader:240 - Cannot read IP mode file for STMicroelectronics.FP-SNS-STAIOTCFT.1.0.0
2026-02-13 15:24:29,635 [WARN] PackLoader:240 - Cannot read IP mode file for STMicroelectronics.X-CUBE-DPower.1.3.0
2026-02-13 15:24:29,657 [WARN] ConditionMgr:438 - getConditionDescription Invalid condition id : LAN8742 Phy interface Condition cause : null
2026-02-13 15:24:29,658 [WARN] PackLoader:240 - Cannot read IP mode file for STMicroelectronics.X-CUBE-AZRTOS-L4.2.0.0
2026-02-13 15:24:29,659 [WARN] ConditionMgr:1044 - genDependencies : Invalid condition id : LAN8742 Phy interface Condition cause : null
2026-02-13 15:24:29,660 [WARN] ConditionMgr:1044 - genDependencies : Invalid condition id : LAN8742 Phy interface Condition cause : null
2026-02-13 15:24:29,660 [WARN] ConditionMgr:1044 - genDependencies : Invalid condition id : LAN8742 Phy interface Condition cause : null
2026-02-13 15:24:29,678 [WARN] PackLoader:240 - Cannot read IP mode file for STMicroelectronics.X-CUBE-SFXS2LP1.4.0.0
2026-02-13 15:24:29,684 [WARN] PackLoader:240 - Cannot read IP mode file for STMicroelectronics.X-CUBE-ST67W61.1.2.0
2026-02-13 15:24:29,693 [WARN] PackLoader:240 - Cannot read IP mode file for STMicroelectronics.X-CUBE-BLEMGR.4.1.0
2026-02-13 15:24:29,706 [WARN] ConditionMgr:438 - getConditionDescription Invalid condition id : UX DEVICE CLASS RTOS Condition cause : null
2026-02-13 15:24:29,706 [WARN] ConditionMgr:438 - getConditionDescription Invalid condition id : UX DEVICE CLASS RTOS Condition cause : null
2026-02-13 15:24:29,708 [WARN] PackLoader:240 - Cannot read IP mode file for STMicroelectronics.X-CUBE-AZRTOS-WB.2.0.0
2026-02-13 15:24:29,708 [WARN] ConditionMgr:1044 - genDependencies : Invalid condition id : UX DEVICE CLASS RTOS Condition cause : null
2026-02-13 15:24:29,708 [WARN] ConditionMgr:1044 - genDependencies : Invalid condition id : UX DEVICE CLASS RTOS Condition cause : null
2026-02-13 15:24:29,708 [WARN] ConditionMgr:1044 - genDependencies : Invalid condition id : UX DEVICE CLASS RTOS Condition cause : null
2026-02-13 15:24:29,709 [WARN] ConditionMgr:1044 - genDependencies : Invalid condition id : UX DEVICE CLASS RTOS Condition cause : null
2026-02-13 15:24:29,709 [WARN] ConditionMgr:1044 - genDependencies : Invalid condition id : UX DEVICE CLASS RTOS Condition cause : null
2026-02-13 15:24:29,714 [WARN] PackLoader:240 - Cannot read IP mode file for STMicroelectronics.X-CUBE-GNSS1.7.0.1
2026-02-13 15:24:29,720 [WARN] ConditionMgr:438 - getConditionDescription Invalid condition id : Cortex-A Device cause : null
2026-02-13 15:24:29,729 [WARN] ConditionMgr:1044 - genDependencies : Invalid condition id : Cortex-A Device cause : null
2026-02-13 15:24:29,729 [WARN] ConditionMgr:1044 - genDependencies : Invalid condition id : Cortex-A Device cause : null
2026-02-13 15:24:29,729 [WARN] ConditionMgr:1044 - genDependencies : Invalid condition id : Cortex-A Device cause : null
2026-02-13 15:24:29,736 [WARN] PackLoader:240 - Cannot read IP mode file for STMicroelectronics.X-CUBE-STSE01.2.0.0
2026-02-13 15:24:29,745 [WARN] PackLoader:240 - Cannot read IP mode file for STMicroelectronics.X-CUBE-SUBG2.5.0.0
2026-02-13 15:24:29,760 [WARN] PackLoader:240 - Cannot read IP mode file for STMicroelectronics.X-CUBE-AZRTOS-H7RS.1.1.0
2026-02-13 15:24:29,776 [WARN] PackLoader:240 - Cannot read IP mode file for STMicroelectronics.X-CUBE-AZRTOS-G4.2.0.0
2026-02-13 15:24:29,821 [INFO] WebApp:169 - Instantiating new browser for Auth
2026-02-13 15:24:29,902 [WARN] PackLoader:240 - Cannot read IP mode file for wolfSSL.I-CUBE-wolfSSH.1.4.20
2026-02-13 15:24:29,908 [WARN] PackLoader:240 - Cannot read IP mode file for STMicroelectronics.X-CUBE-NFC7.2.0.0
2026-02-13 15:24:29,915 [WARN] PackLoader:240 - Cannot read IP mode file for STMicroelectronics.X-CUBE-ALS.1.0.2
2026-02-13 15:24:29,926 [WARN] PackLoader:240 - Cannot read IP mode file for STMicroelectronics.X-CUBE-STSE01.1.0.0
2026-02-13 15:24:29,949 [WARN] PackLoader:240 - Cannot read IP mode file for STMicroelectronics.X-CUBE-TOF1.3.4.3
2026-02-13 15:24:29,964 [INFO] ThirdParty:978 - Integrity check success = true
2026-02-13 15:24:29,964 [INFO] IntegrityCheckThread:100 - exiting critical section [integrity check]
2026-02-13 15:24:29,964 [INFO] IntegrityCheckThread:103 - End integrity checks thread
2026-02-13 15:24:31,416 [INFO] WebApp:463 - Apply proxy settings
2026-02-13 15:24:31,416 [INFO] WebApp:548 - Chromium requires no authentication
2026-02-13 15:24:31,439 [INFO] WebApp:491 - Direct internet connection detected
2026-02-13 15:24:31,514 [INFO] WebApp:900 - Register for checkConnection events
2026-02-13 15:24:31,515 [INFO] WebApp:463 - Apply proxy settings
2026-02-13 15:24:31,515 [INFO] WebApp:548 - Chromium requires no authentication
2026-02-13 15:24:31,517 [INFO] WebApp:491 - Direct internet connection detected
2026-02-13 15:24:32,187 [INFO] WebApp:191 - Connection restablished
2026-02-13 15:24:32,310 [INFO] WebApp:225 - Starting web application
2026-02-13 15:24:32,311 [INFO] WebApp:593 - Web application path used C:\ST\STM32CubeIDE_1.19.0\STM32CubeIDE\plugins\com.st.stm32cube.common.mx_6.15.0.202507011659\db\plugins\mcufinder\reactClient1\index.html
2026-02-13 15:24:32,638 [INFO] UserAuth:487 - Internet connection configuration mode: 1
2026-02-13 15:29:50,147 [INFO] WebApp:194 - Connection lost
2026-02-13 15:29:50,866 [INFO] WebApp:191 - Connection restablished
2026-02-13 15:43:45,178 [INFO] WebApp:194 - Connection lost
2026-02-13 15:43:45,620 [INFO] WebApp:191 - Connection restablished
2026-02-13 15:50:59,583 [INFO] WebApp:194 - Connection lost
2026-02-13 15:51:00,058 [INFO] WebApp:191 - Connection restablished
2026-02-13 16:17:29,424 [INFO] WebApp:194 - Connection lost
2026-02-13 16:17:30,259 [INFO] WebApp:191 - Connection restablished
2026-02-13 16:17:46,504 [INFO] WebApp:194 - Connection lost
2026-02-13 16:17:47,443 [INFO] WebApp:191 - Connection restablished
2026-02-13 16:17:47,856 [INFO] WebApp:194 - Connection lost
2026-02-13 16:17:48,122 [INFO] WebApp:191 - Connection restablished
2026-02-13 16:17:51,069 [INFO] WebApp:194 - Connection lost
2026-02-13 16:17:51,275 [INFO] WebApp:191 - Connection restablished
2026-02-13 17:03:53,430 [INFO] WebApp:403 - JxBrowser engine has been closed 
