2026-03-23 17:41:26,902 [INFO] Activator:176 - 


2026-03-23 17:41:26,908 [INFO] Activator:177 - !SESSION log4j initialized
2026-03-23 17:41:35,899 [INFO] LogOutputStream:77 - [STDOUT_REDIRECT] 
2026-03-23 17:41:38,170 [INFO] ApplicationProperties:184 - Using Application install path: C:\ST\STM32CubeIDE_1.19.0\STM32CubeIDE\plugins\com.st.stm32cube.common.mx_6.15.0.202507011659
2026-03-23 17:41:38,194 [INFO] DbMcusXml:78 - Set database path to: C:\ST\STM32CubeIDE_1.19.0\STM32CubeIDE\plugins\com.st.stm32cube.common.mx_6.15.0.202507011659\\db\/mcu/
2026-03-23 17:41:38,194 [INFO] ApiDb:274 - Set plugin database path to: C:\ST\STM32CubeIDE_1.19.0\STM32CubeIDE\plugins\com.st.stm32cube.common.mx_6.15.0.202507011659\\db\/plugins/boardmanager/
2026-03-23 17:41:38,195 [WARN] ApiDb:259 - Overriding images path with different value:  => C:\ST\STM32CubeIDE_1.19.0\STM32CubeIDE\plugins\com.st.stm32cube.common.mx_6.15.0.202507011659\\db\/plugins/mcufinder/images/
2026-03-23 17:41:38,208 [INFO] ApiDb:250 - Set database path to: C:\Users\Alfred\.stmcufinder\plugins\mcufinder//mcu/
2026-03-23 17:41:38,209 [INFO] DbMcusAds:125 - Set database path to: C:\Users\Alfred\.stmcufinder\plugins\mcufinder//mcu/
2026-03-23 17:41:38,212 [INFO] CrossReferenceDbSqlite:203 - Set database path to: C:\Users\Alfred\.stmcufinder\plugins\mcufinder//mcu/cs/
2026-03-23 17:41:38,363 [INFO] RulesReader:64 - Compatibility file has been processed (317 Rules)
2026-03-23 17:41:38,470 [INFO] DbMcusXml:78 - Set database path to: C:\ST\STM32CubeIDE_1.19.0\STM32CubeIDE\plugins\com.st.stm32cube.common.mx_6.15.0.202507011659\\db\/mcu/
2026-03-23 17:41:38,470 [INFO] ApiDb:274 - Set plugin database path to: C:\ST\STM32CubeIDE_1.19.0\STM32CubeIDE\plugins\com.st.stm32cube.common.mx_6.15.0.202507011659\\db\/plugins/boardmanager/
2026-03-23 17:41:38,470 [INFO] ApiDb:261 - Set plugin images path to: C:\ST\STM32CubeIDE_1.19.0\STM32CubeIDE\plugins\com.st.stm32cube.common.mx_6.15.0.202507011659\\db\/plugins/mcufinder/images/
2026-03-23 17:41:38,470 [WARN] DbFile:41 - Overriding database path with different value: C:\Users\Alfred\.stmcufinder\plugins\mcufinder/ => C:\Users\Alfred\.stmcufinder\plugins\mcufinder
2026-03-23 17:41:38,470 [INFO] ApiDb:250 - Set database path to: C:\Users\Alfred\.stmcufinder\plugins\mcufinder//mcu/
2026-03-23 17:41:38,470 [WARN] DbFile:41 - Overriding database path with different value: C:\Users\Alfred\.stmcufinder\plugins\mcufinder/ => C:\Users\Alfred\.stmcufinder\plugins\mcufinder
2026-03-23 17:41:38,471 [INFO] DbMcusAds:125 - Set database path to: C:\Users\Alfred\.stmcufinder\plugins\mcufinder//mcu/
2026-03-23 17:41:38,471 [WARN] DbFile:41 - Overriding database path with different value: C:\Users\Alfred\.stmcufinder\plugins\mcufinder/ => C:\Users\Alfred\.stmcufinder\plugins\mcufinder
2026-03-23 17:41:38,471 [WARN] DbFile:41 - Overriding database path with different value: C:\Users\Alfred\.stmcufinder\plugins\mcufinder/ => C:\Users\Alfred\.stmcufinder\plugins\mcufinder
2026-03-23 17:41:38,471 [INFO] CrossReferenceDbSqlite:203 - Set database path to: C:\Users\Alfred\.stmcufinder\plugins\mcufinder//mcu/cs/
2026-03-23 17:41:38,567 [INFO] MainPanel:274 - HeapMemory: 268435456
2026-03-23 17:41:38,729 [INFO] DbMcusXml:78 - Set database path to: C:\ST\STM32CubeIDE_1.19.0\STM32CubeIDE\plugins\com.st.stm32cube.common.mx_6.15.0.202507011659\\db\/mcu/
2026-03-23 17:41:38,729 [INFO] ApiDb:274 - Set plugin database path to: C:\ST\STM32CubeIDE_1.19.0\STM32CubeIDE\plugins\com.st.stm32cube.common.mx_6.15.0.202507011659\\db\/plugins/boardmanager/
2026-03-23 17:41:38,730 [INFO] ApiDb:261 - Set plugin images path to: C:\ST\STM32CubeIDE_1.19.0\STM32CubeIDE\plugins\com.st.stm32cube.common.mx_6.15.0.202507011659\\db\/plugins/mcufinder/images/
2026-03-23 17:41:38,730 [WARN] DbFile:41 - Overriding database path with different value: C:\Users\Alfred\.stmcufinder\plugins\mcufinder/ => C:\Users\Alfred\.stmcufinder\plugins\mcufinder
2026-03-23 17:41:38,730 [INFO] ApiDb:250 - Set database path to: C:\Users\Alfred\.stmcufinder\plugins\mcufinder//mcu/
2026-03-23 17:41:38,730 [WARN] DbFile:41 - Overriding database path with different value: C:\Users\Alfred\.stmcufinder\plugins\mcufinder/ => C:\Users\Alfred\.stmcufinder\plugins\mcufinder
2026-03-23 17:41:38,731 [INFO] DbMcusAds:125 - Set database path to: C:\Users\Alfred\.stmcufinder\plugins\mcufinder//mcu/
2026-03-23 17:41:38,731 [WARN] DbFile:41 - Overriding database path with different value: C:\Users\Alfred\.stmcufinder\plugins\mcufinder/ => C:\Users\Alfred\.stmcufinder\plugins\mcufinder
2026-03-23 17:41:38,731 [WARN] DbFile:41 - Overriding database path with different value: C:\Users\Alfred\.stmcufinder\plugins\mcufinder/ => C:\Users\Alfred\.stmcufinder\plugins\mcufinder
2026-03-23 17:41:38,731 [INFO] CrossReferenceDbSqlite:203 - Set database path to: C:\Users\Alfred\.stmcufinder\plugins\mcufinder//mcu/cs/
2026-03-23 17:41:38,757 [INFO] ApplicationProperties:184 - Using Application install path: C:\ST\STM32CubeIDE_1.19.0\STM32CubeIDE\plugins\com.st.stm32cube.common.mx_6.15.0.202507011659
2026-03-23 17:41:38,759 [INFO] PluginManage:196 - Search for loadable plugins [exclusion list=, ]
2026-03-23 17:41:38,762 [INFO] PluginManage:310 - Check plugin analytics
2026-03-23 17:41:39,014 [INFO] AnalyticsPlugin:253 - Accepted Software Licenses: 
2026-03-23 17:41:39,014 [INFO] AnalyticsPlugin:255 - Accepted CMSIS Pack Licenses: 
2026-03-23 17:41:39,015 [INFO] AnalyticsPlugin:257 - Accepted Firmware Licenses: FW.G0.1.6.0
2026-03-23 17:41:39,020 [INFO] PluginManage:359 - Loaded plugin analytics (category:tool,tabindex:-1)
2026-03-23 17:41:39,020 [INFO] PluginManage:310 - Check plugin cadmodel
2026-03-23 17:41:39,056 [INFO] CADModel:105 - Init CAD model plugin
2026-03-23 17:41:39,056 [INFO] PluginManage:359 - Loaded plugin cadmodel (category:power,tabindex:5)
2026-03-23 17:41:39,057 [INFO] PluginManage:310 - Check plugin clock
2026-03-23 17:41:39,089 [INFO] PluginManage:359 - Loaded plugin clock (category:base,tabindex:2)
2026-03-23 17:41:39,089 [INFO] PluginManage:310 - Check plugin ddr
2026-03-23 17:41:39,093 [INFO] PluginManage:359 - Loaded plugin ddr (category:tool,tabindex:6)
2026-03-23 17:41:39,094 [INFO] PluginManage:310 - Check plugin filemanager
2026-03-23 17:41:39,288 [INFO] PluginManage:359 - Loaded plugin filemanager (category:base,tabindex:10)
2026-03-23 17:41:39,288 [INFO] PluginManage:310 - Check plugin ipmanager
2026-03-23 17:41:39,299 [INFO] PluginManage:359 - Loaded plugin ipmanager (category:base,tabindex:5)
2026-03-23 17:41:39,300 [INFO] PluginManage:310 - Check plugin lpbam
2026-03-23 17:41:39,321 [INFO] PluginManage:359 - Loaded plugin lpbam (category:base,tabindex:0)
2026-03-23 17:41:39,321 [INFO] PluginManage:310 - Check plugin memorymap
2026-03-23 17:41:39,356 [INFO] PluginManage:359 - Loaded plugin memorymap (category:base,tabindex:4)
2026-03-23 17:41:39,356 [INFO] PluginManage:310 - Check plugin pinoutandconfiguration
2026-03-23 17:41:39,378 [INFO] PluginManage:359 - Loaded plugin pinoutandconfiguration (category:base,tabindex:1)
2026-03-23 17:41:39,379 [INFO] PluginManage:310 - Check plugin pinoutconfig
2026-03-23 17:41:39,530 [WARN] SupportedApi:132 - Cannot load RTOS API schema: s4s-elt-must-match.1: The content of 'definitions' must match (annotation?, (simpleType | complexType)?, (unique | key | keyref)*)). A problem was found starting at: attribute.
2026-03-23 17:41:39,712 [INFO] PluginManage:359 - Loaded plugin pinoutconfig (category:base,tabindex:0)
2026-03-23 17:41:39,712 [INFO] PluginManage:310 - Check plugin power
2026-03-23 17:41:39,745 [INFO] PluginManage:359 - Loaded plugin power (category:power,tabindex:4)
2026-03-23 17:41:39,746 [INFO] PluginManage:310 - Check plugin projectmanager
2026-03-23 17:41:39,766 [INFO] PluginManage:359 - Loaded plugin projectmanager (category:projectmanager,tabindex:4)
2026-03-23 17:41:39,767 [INFO] PluginManage:310 - Check plugin rif
2026-03-23 17:41:39,795 [INFO] PluginManage:359 - Loaded plugin rif (category:base,tabindex:3)
2026-03-23 17:41:39,795 [INFO] PluginManage:310 - Check plugin thirdparty
2026-03-23 17:41:40,272 [INFO] PluginManage:359 - Loaded plugin thirdparty (category:base,tabindex:-1)
2026-03-23 17:41:40,272 [WARN] IntegrityCheckThread:84 - waiting for thirdparty lock release [integrity check]
2026-03-23 17:41:40,273 [INFO] PluginManage:310 - Check plugin tools
2026-03-23 17:41:40,273 [INFO] IntegrityCheckThread:86 - entering critical section [integrity check]
2026-03-23 17:41:40,273 [INFO] ThirdPartyUpdaterWithRetryManager:70 - Updater plugin not ready yet. [1/15]
2026-03-23 17:41:40,320 [INFO] PluginManage:359 - Loaded plugin tools (category:base,tabindex:7)
2026-03-23 17:41:40,320 [INFO] PluginManage:310 - Check plugin tutovideos
2026-03-23 17:41:40,578 [INFO] PluginManage:359 - Loaded plugin tutovideos (category:base,tabindex:-1)
2026-03-23 17:41:40,578 [INFO] PluginManage:310 - Check plugin updater
2026-03-23 17:41:40,604 [INFO] PluginManage:359 - Loaded plugin updater (category:base,tabindex:12)
2026-03-23 17:41:40,605 [INFO] PluginManage:310 - Check plugin userauth
2026-03-23 17:41:40,610 [INFO] UserAuth:118 - Init User Auth plugin
2026-03-23 17:41:40,610 [INFO] PluginManage:359 - Loaded plugin userauth (category:base,tabindex:14)
2026-03-23 17:41:40,612 [INFO] PluginManage:283 - PluginManage : Loaded plugins [18]
2026-03-23 17:41:40,888 [INFO] PinOutPanel:1589 - setPackage(No Configuration,No Configuration)
2026-03-23 17:41:41,004 [INFO] CADModel:165 - CPN selected for project level
2026-03-23 17:41:41,004 [INFO] CADModel:114 - Register for checkConnection events
2026-03-23 17:41:41,042 [INFO] IPUIPlugin:80 - create IPUIPlugin
2026-03-23 17:41:41,042 [INFO] PluginManager:220 - loadIPPluginJar : add adc
2026-03-23 17:41:41,093 [INFO] IPUIPlugin:80 - create IPUIPlugin
2026-03-23 17:41:41,093 [INFO] PluginManager:220 - loadIPPluginJar : add aes
2026-03-23 17:41:41,149 [INFO] IPUIPlugin:80 - create IPUIPlugin
2026-03-23 17:41:41,149 [INFO] PluginManager:220 - loadIPPluginJar : add can
2026-03-23 17:41:41,184 [INFO] IPUIPlugin:80 - create IPUIPlugin
2026-03-23 17:41:41,184 [INFO] PluginManager:220 - loadIPPluginJar : add comp
2026-03-23 17:41:41,230 [INFO] IPUIPlugin:80 - create IPUIPlugin
2026-03-23 17:41:41,230 [INFO] PluginManager:220 - loadIPPluginJar : add cryp
2026-03-23 17:41:41,246 [INFO] IPUIPlugin:80 - create IPUIPlugin
2026-03-23 17:41:41,246 [INFO] PluginManager:220 - loadIPPluginJar : add ddr_ctrl_phy
2026-03-23 17:41:41,284 [INFO] IPUIPlugin:80 - create IPUIPlugin
2026-03-23 17:41:41,284 [INFO] PluginManager:220 - loadIPPluginJar : add dfsdm
2026-03-23 17:41:41,301 [INFO] IPUIPlugin:80 - create IPUIPlugin
2026-03-23 17:41:41,301 [INFO] PluginManager:220 - loadIPPluginJar : add dma
2026-03-23 17:41:41,347 [INFO] IPUIPlugin:80 - create IPUIPlugin
2026-03-23 17:41:41,347 [INFO] PluginManager:220 - loadIPPluginJar : add dma3
2026-03-23 17:41:41,400 [INFO] IPUIPlugin:80 - create IPUIPlugin
2026-03-23 17:41:41,401 [INFO] PluginManager:220 - loadIPPluginJar : add extmemmanager
2026-03-23 17:41:41,425 [INFO] IPUIPlugin:80 - create IPUIPlugin
2026-03-23 17:41:41,425 [INFO] PluginManager:220 - loadIPPluginJar : add fatfs
2026-03-23 17:41:41,481 [INFO] IPUIPlugin:80 - create IPUIPlugin
2026-03-23 17:41:41,481 [INFO] PluginManager:220 - loadIPPluginJar : add fmc
2026-03-23 17:41:41,499 [INFO] IPUIPlugin:80 - create IPUIPlugin
2026-03-23 17:41:41,500 [INFO] PluginManager:220 - loadIPPluginJar : add freertos
2026-03-23 17:41:41,524 [INFO] IPUIPlugin:80 - create IPUIPlugin
2026-03-23 17:41:41,524 [INFO] PluginManager:220 - loadIPPluginJar : add genericplugin
2026-03-23 17:41:41,633 [INFO] IPUIPlugin:80 - create IPUIPlugin
2026-03-23 17:41:41,633 [INFO] PluginManager:220 - loadIPPluginJar : add gfxmmu
2026-03-23 17:41:41,799 [INFO] IPUIPlugin:80 - create IPUIPlugin
2026-03-23 17:41:41,799 [INFO] PluginManager:220 - loadIPPluginJar : add gic
2026-03-23 17:41:41,814 [INFO] IPUIPlugin:80 - create IPUIPlugin
2026-03-23 17:41:41,814 [INFO] PluginManager:220 - loadIPPluginJar : add gpio
2026-03-23 17:41:41,924 [INFO] IPUIPlugin:80 - create IPUIPlugin
2026-03-23 17:41:41,925 [INFO] PluginManager:220 - loadIPPluginJar : add gtzc
2026-03-23 17:41:41,965 [INFO] IPUIPlugin:80 - create IPUIPlugin
2026-03-23 17:41:41,965 [INFO] PluginManager:220 - loadIPPluginJar : add hash
2026-03-23 17:41:42,029 [INFO] IPUIPlugin:80 - create IPUIPlugin
2026-03-23 17:41:42,030 [INFO] PluginManager:220 - loadIPPluginJar : add i2c
2026-03-23 17:41:42,076 [INFO] IPUIPlugin:80 - create IPUIPlugin
2026-03-23 17:41:42,076 [INFO] PluginManager:220 - loadIPPluginJar : add i2s
2026-03-23 17:41:42,123 [INFO] IPUIPlugin:80 - create IPUIPlugin
2026-03-23 17:41:42,124 [INFO] PluginManager:220 - loadIPPluginJar : add i3c
2026-03-23 17:41:42,242 [INFO] IPUIPlugin:80 - create IPUIPlugin
2026-03-23 17:41:42,242 [INFO] PluginManager:220 - loadIPPluginJar : add ipddr
2026-03-23 17:41:42,348 [INFO] IPUIPlugin:80 - create IPUIPlugin
2026-03-23 17:41:42,348 [INFO] PluginManager:220 - loadIPPluginJar : add linkedlist
2026-03-23 17:41:42,390 [INFO] IPUIPlugin:80 - create IPUIPlugin
2026-03-23 17:41:42,390 [INFO] PluginManager:220 - loadIPPluginJar : add lorawan
2026-03-23 17:41:42,434 [INFO] IPUIPlugin:80 - create IPUIPlugin
2026-03-23 17:41:42,434 [INFO] PluginManager:220 - loadIPPluginJar : add ltdc
2026-03-23 17:41:42,451 [INFO] IPUIPlugin:80 - create IPUIPlugin
2026-03-23 17:41:42,451 [INFO] PluginManager:220 - loadIPPluginJar : add mdma
2026-03-23 17:41:42,467 [INFO] IPUIPlugin:80 - create IPUIPlugin
2026-03-23 17:41:42,467 [INFO] PluginManager:220 - loadIPPluginJar : add nvic
2026-03-23 17:41:42,513 [INFO] IPUIPlugin:80 - create IPUIPlugin
2026-03-23 17:41:42,514 [INFO] PluginManager:220 - loadIPPluginJar : add opamp
2026-03-23 17:41:42,592 [INFO] IPUIPlugin:80 - create IPUIPlugin
2026-03-23 17:41:42,592 [INFO] PluginManager:220 - loadIPPluginJar : add openamp
2026-03-23 17:41:42,644 [INFO] IPUIPlugin:80 - create IPUIPlugin
2026-03-23 17:41:42,644 [INFO] PluginManager:220 - loadIPPluginJar : add pdm2pcm
2026-03-23 17:41:42,662 [INFO] IPUIPlugin:80 - create IPUIPlugin
2026-03-23 17:41:42,665 [INFO] PluginManager:220 - loadIPPluginJar : add plateformsettings
2026-03-23 17:41:42,694 [INFO] IPUIPlugin:80 - create IPUIPlugin
2026-03-23 17:41:42,695 [INFO] PluginManager:220 - loadIPPluginJar : add quadspi
2026-03-23 17:41:42,726 [INFO] IPUIPlugin:80 - create IPUIPlugin
2026-03-23 17:41:42,727 [INFO] PluginManager:220 - loadIPPluginJar : add radio
2026-03-23 17:41:42,743 [INFO] IPUIPlugin:80 - create IPUIPlugin
2026-03-23 17:41:42,743 [INFO] PluginManager:220 - loadIPPluginJar : add resmgrutility
2026-03-23 17:41:42,801 [INFO] IPUIPlugin:80 - create IPUIPlugin
2026-03-23 17:41:42,801 [INFO] PluginManager:220 - loadIPPluginJar : add sai
2026-03-23 17:41:42,847 [INFO] IPUIPlugin:80 - create IPUIPlugin
2026-03-23 17:41:42,847 [INFO] PluginManager:220 - loadIPPluginJar : add spi
2026-03-23 17:41:42,941 [INFO] IPUIPlugin:80 - create IPUIPlugin
2026-03-23 17:41:42,942 [INFO] PluginManager:220 - loadIPPluginJar : add stm32_wpan
2026-03-23 17:41:42,972 [INFO] IPUIPlugin:80 - create IPUIPlugin
2026-03-23 17:41:42,972 [INFO] PluginManager:220 - loadIPPluginJar : add tim
2026-03-23 17:41:43,042 [INFO] IPUIPlugin:80 - create IPUIPlugin
2026-03-23 17:41:43,042 [INFO] PluginManager:220 - loadIPPluginJar : add touchsensing
2026-03-23 17:41:43,070 [INFO] IPUIPlugin:80 - create IPUIPlugin
2026-03-23 17:41:43,070 [INFO] PluginManager:220 - loadIPPluginJar : add tracer_emb
2026-03-23 17:41:43,100 [INFO] IPUIPlugin:80 - create IPUIPlugin
2026-03-23 17:41:43,100 [INFO] PluginManager:220 - loadIPPluginJar : add ts
2026-03-23 17:41:43,128 [INFO] IPUIPlugin:80 - create IPUIPlugin
2026-03-23 17:41:43,128 [INFO] PluginManager:220 - loadIPPluginJar : add tsc
2026-03-23 17:41:43,154 [INFO] IPUIPlugin:80 - create IPUIPlugin
2026-03-23 17:41:43,154 [INFO] PluginManager:220 - loadIPPluginJar : add ucpd
2026-03-23 17:41:43,205 [INFO] IPUIPlugin:80 - create IPUIPlugin
2026-03-23 17:41:43,205 [INFO] PluginManager:220 - loadIPPluginJar : add usart
2026-03-23 17:41:43,259 [INFO] IPUIPlugin:80 - create IPUIPlugin
2026-03-23 17:41:43,259 [INFO] PluginManager:220 - loadIPPluginJar : add usbx
2026-03-23 17:41:43,274 [INFO] ThirdPartyUpdaterWithRetryManager:70 - Updater plugin not ready yet. [2/15]
2026-03-23 17:41:43,403 [FATAL] Updater:351 - Updater called before beeing initialized
2026-03-23 17:41:43,433 [INFO] RulesReader:64 - Compatibility file has been processed (317 Rules)
2026-03-23 17:41:43,450 [INFO] RulesReader:64 - Compatibility file has been processed (317 Rules)
2026-03-23 17:41:43,464 [INFO] CADModel:165 - CPN selected for project level
2026-03-23 17:41:43,464 [INFO] CADModel:114 - Register for checkConnection events
2026-03-23 17:41:43,464 [FATAL] Updater:351 - Updater called before beeing initialized
2026-03-23 17:41:43,464 [ERROR] CADModel:125 - Updater not yet initialized, retry later 
2026-03-23 17:41:43,668 [FATAL] Updater:351 - Updater called before beeing initialized
2026-03-23 17:41:43,670 [INFO] CADModel:165 - CPN selected for project level
2026-03-23 17:41:43,670 [INFO] CADModel:114 - Register for checkConnection events
2026-03-23 17:41:43,670 [FATAL] Updater:351 - Updater called before beeing initialized
2026-03-23 17:41:43,670 [ERROR] CADModel:125 - Updater not yet initialized, retry later 
2026-03-23 17:41:43,673 [FATAL] Updater:351 - Updater called before beeing initialized
2026-03-23 17:41:43,822 [FATAL] Updater:351 - Updater called before beeing initialized
2026-03-23 17:41:43,838 [INFO] DbMcusAds:53 - JSON generation date=Tue Feb 10 17:46:36 IST 2026 (1770725796209)
2026-03-23 17:41:43,838 [FATAL] Updater:351 - Updater called before beeing initialized
2026-03-23 17:41:43,884 [WARN] DetailPanel:346 - Failed to get advertising image, set to default
2026-03-23 17:41:43,983 [FATAL] Updater:351 - Updater called before beeing initialized
2026-03-23 17:41:43,985 [FATAL] Updater:351 - Updater called before beeing initialized
2026-03-23 17:41:43,986 [FATAL] Updater:351 - Updater called before beeing initialized
2026-03-23 17:41:43,986 [WARN] DetailPanel:346 - Failed to get advertising image, set to default
2026-03-23 17:41:43,987 [FATAL] Updater:351 - Updater called before beeing initialized
2026-03-23 17:41:44,063 [ERROR] Updater:1198 - MainUpdater not yet initialized. External WinMGr cannot be set.
2026-03-23 17:41:44,075 [INFO] Updater:1134 - Updater Version found : 6.15.0
2026-03-23 17:41:44,093 [INFO] ApplicationProperties:184 - Using Application install path: C:\ST\STM32CubeIDE_1.19.0\STM32CubeIDE\plugins\com.st.stm32cube.common.mx_6.15.0.202507011659
2026-03-23 17:41:44,615 [INFO] MainUpdater:2872 - connection check result : 10
2026-03-23 17:41:44,615 [INFO] MainUpdater:3604 - Updater definition file requires update
2026-03-23 17:41:44,617 [INFO] MainUpdater:289 - Updater Check For Update Now.
2026-03-23 17:41:44,617 [INFO] MicroXplorer:498 - Change Database Version : DB.6.0.150
2026-03-23 17:41:44,639 [INFO] McuFinderGlobals:63 - Set McuFinder mode to 2 (CubeIDE integrated)
2026-03-23 17:41:44,648 [INFO] UserAuth:487 - Internet connection configuration mode: 1
2026-03-23 17:41:44,684 [INFO] ServerAccessManage:452 - Complete download http(s) 200
2026-03-23 17:41:44,685 [INFO] ServerAccessManage:509 - Download File updaters.zip
2026-03-23 17:41:44,686 [INFO] JxBrowserEngine:152 - Initiate JxBrowser Engine with user profile folder
2026-03-23 17:41:44,943 [INFO] FileExtend:248 - Unzip File : updaters.zip
2026-03-23 17:41:44,943 [INFO] FileExtend:263 - Standard Zip Deflate
2026-03-23 17:41:46,084 [INFO] ServerAccessManage:452 - Complete download http(s) 200
2026-03-23 17:41:46,085 [INFO] ServerAccessManage:509 - Download File PacksControlFlags.xml
2026-03-23 17:41:46,275 [WARN] MainUpdater:1193 - Updater busy. Cannot search thirdparties
2026-03-23 17:41:46,276 [INFO] ThirdPartyUpdaterWithRetryManager:96 - Updater plugin is busy. [1/15]
2026-03-23 17:41:46,321 [INFO] ServerAccessManage:452 - Complete download http(s) 200
2026-03-23 17:41:46,322 [INFO] ServerAccessManage:509 - Download File cubemx.pidx
2026-03-23 17:41:46,632 [INFO] LoadServerUpdatesThread:375 - End of LoadServerUpdate Thread
2026-03-23 17:41:46,829 [INFO] CheckServerUpdateThread:120 - End of CheckServer Thread
2026-03-23 17:41:48,604 [INFO] WebApp:169 - Instantiating new browser for Auth
2026-03-23 17:41:50,088 [WARN] PackLoader:240 - Cannot read IP mode file for STMicroelectronics.X-CUBE-AZRTOS-H7.3.5.0
2026-03-23 17:41:50,125 [WARN] PackLoader:240 - Cannot read IP mode file for STMicroelectronics.FP-SNS-MOTENVWB1.1.4.0
2026-03-23 17:41:50,125 [INFO] WebApp:463 - Apply proxy settings
2026-03-23 17:41:50,125 [INFO] WebApp:548 - Chromium requires no authentication
2026-03-23 17:41:50,151 [INFO] WebApp:491 - Direct internet connection detected
2026-03-23 17:41:50,157 [WARN] PackLoader:240 - Cannot read IP mode file for STMicroelectronics.FP-ATR-ASTRA1.2.0.2
2026-03-23 17:41:50,182 [WARN] PackLoader:240 - Cannot read IP mode file for STMicroelectronics.X-CUBE-SMBUS.2.1.0
2026-03-23 17:41:50,199 [INFO] WebApp:900 - Register for checkConnection events
2026-03-23 17:41:50,199 [INFO] WebApp:463 - Apply proxy settings
2026-03-23 17:41:50,199 [INFO] WebApp:548 - Chromium requires no authentication
2026-03-23 17:41:50,200 [INFO] WebApp:491 - Direct internet connection detected
2026-03-23 17:41:50,236 [WARN] PackLoader:240 - Cannot read IP mode file for STMicroelectronics.X-CUBE-AZRTOS-F7.1.1.0
2026-03-23 17:41:50,263 [WARN] PackLoader:240 - Cannot read IP mode file for Cesanta.I-CUBE-Mongoose.7.19.0
2026-03-23 17:41:50,285 [WARN] PackLoader:240 - Cannot read IP mode file for STMicroelectronics.FP-SNS-MOTENV1.5.1.0
2026-03-23 17:41:50,319 [WARN] PackLoader:240 - Cannot read IP mode file for WES.I-CUBE-Cesium.1.4.0
2026-03-23 17:41:50,375 [WARN] PackLoader:240 - Cannot read IP mode file for Infineon.AIROC-Wi-Fi-Bluetooth-STM32.1.7.1
2026-03-23 17:41:50,452 [WARN] PackLoader:240 - Cannot read IP mode file for STMicroelectronics.X-CUBE-AZRTOS-H7.3.4.0
2026-03-23 17:41:50,495 [WARN] PackLoader:240 - Cannot read IP mode file for STMicroelectronics.X-CUBE-DISPLAY.3.0.0
2026-03-23 17:41:50,551 [WARN] PackLoader:240 - Cannot read IP mode file for STMicroelectronics.FP-SNS-MOTENVWB1.1.5.0
2026-03-23 17:41:50,578 [WARN] PackLoader:240 - Cannot read IP mode file for STMicroelectronics.X-CUBE-NFC10.1.0.0
2026-03-23 17:41:50,605 [WARN] PackLoader:240 - Cannot read IP mode file for STMicroelectronics.X-CUBE-ST60.1.1.0
2026-03-23 17:41:50,634 [WARN] PackLoader:240 - Cannot read IP mode file for emotas.I-CUBE-CANOPEN.1.3.0
2026-03-23 17:41:50,663 [WARN] PackLoader:240 - Cannot read IP mode file for STMicroelectronics.X-CUBE-GNSS1.7.1.0
2026-03-23 17:41:50,692 [WARN] PackLoader:240 - Cannot read IP mode file for STMicroelectronics.FP-SNS-STBOX1.2.1.0
2026-03-23 17:41:50,710 [WARN] PackLoader:240 - Cannot read IP mode file for STMicroelectronics.FP-SNS-SMARTAG2.1.2.0
2026-03-23 17:41:50,711 [INFO] WebApp:225 - Starting web application
2026-03-23 17:41:50,711 [INFO] WebApp:593 - Web application path used C:\ST\STM32CubeIDE_1.19.0\STM32CubeIDE\plugins\com.st.stm32cube.common.mx_6.15.0.202507011659\db\plugins\mcufinder\reactClient1\index.html
2026-03-23 17:41:50,737 [WARN] PackLoader:240 - Cannot read IP mode file for STMicroelectronics.FP-SNS-FLIGHT1.5.1.0
2026-03-23 17:41:51,045 [INFO] LogOutputStream:77 - [STDOUT_REDIRECT] 1 : Invalid condition id : UX_CORESTACK_Condition cause : null
2026-03-23 17:41:51,047 [INFO] LogOutputStream:77 - [STDOUT_REDIRECT] 1 : Invalid condition id : UX_CORESTACK_Condition cause : null
2026-03-23 17:41:51,051 [INFO] LogOutputStream:77 - [STDOUT_REDIRECT] 1 : Invalid condition id : UX_CORESTACK_Condition cause : null
2026-03-23 17:41:51,056 [INFO] LogOutputStream:77 - [STDOUT_REDIRECT] 1 : Invalid condition id : UX_CORESTACK_Condition cause : null
2026-03-23 17:41:51,061 [INFO] LogOutputStream:77 - [STDOUT_REDIRECT] 1 : Invalid condition id : UX_CORESTACK_Condition cause : null
2026-03-23 17:41:51,075 [WARN] PackLoader:240 - Cannot read IP mode file for STMicroelectronics.X-CUBE-AZRTOS-WL.2.0.0
2026-03-23 17:41:51,140 [WARN] PackLoader:240 - Cannot read IP mode file for STMicroelectronics.FP-SNS-MOTENV1.5.0.0
2026-03-23 17:41:51,218 [WARN] PackLoader:240 - Cannot read IP mode file for STMicroelectronics.X-CUBE-AZRTOS-H7RS.1.2.0
2026-03-23 17:41:51,254 [WARN] PackLoader:240 - Cannot read IP mode file for STMicroelectronics.X-CUBE-BLE2.3.3.0
2026-03-23 17:41:51,300 [INFO] WebApp:191 - Connection restablished
2026-03-23 17:41:51,356 [WARN] PackLoader:240 - Cannot read IP mode file for STMicroelectronics.X-CUBE-NFC9.1.0.0
2026-03-23 17:41:51,398 [WARN] PackLoader:240 - Cannot read IP mode file for wolfSSL.I-CUBE-wolfSSL.5.8.2
2026-03-23 17:41:51,422 [WARN] PackLoader:240 - Cannot read IP mode file for STMicroelectronics.X-CUBE-BLE1.7.1.0
2026-03-23 17:41:51,441 [WARN] PackLoader:240 - Cannot read IP mode file for wolfSSL.I-CUBE-wolfMQTT.1.19.2
2026-03-23 17:41:51,463 [WARN] PackLoader:240 - Cannot read IP mode file for STMicroelectronics.X-CUBE-FREERTOS.1.4.0
2026-03-23 17:41:51,490 [WARN] PackLoader:240 - Cannot read IP mode file for STMicroelectronics.X-CUBE-EEPRMA1.5.2.0
2026-03-23 17:41:51,533 [WARN] PackLoader:240 - Cannot read IP mode file for STMicroelectronics.X-CUBE-ST67W61.1.1.0
2026-03-23 17:41:51,593 [INFO] UserAuth:487 - Internet connection configuration mode: 1
2026-03-23 17:41:51,659 [WARN] PackLoader:240 - Cannot read IP mode file for STMicroelectronics.X-CUBE-MEMS1.12.0.0
2026-03-23 17:41:51,915 [WARN] PackLoader:240 - Cannot read IP mode file for STMicroelectronics.X-CUBE-AZRTOS-G0.1.1.0
2026-03-23 17:41:51,952 [WARN] PackLoader:240 - Cannot read IP mode file for STMicroelectronics.X-CUBE-SAFEA1.1.2.2
2026-03-23 17:41:51,979 [WARN] PackLoader:240 - Cannot read IP mode file for STMicroelectronics.X-CUBE-NFC4.3.0.0
2026-03-23 17:41:52,023 [WARN] PackLoader:240 - Cannot read IP mode file for EmbeddedOffice.I-CUBE-FS-RTOS.1.0.1
2026-03-23 17:41:52,061 [WARN] PackLoader:240 - Cannot read IP mode file for STMicroelectronics.X-CUBE-WB05N.2.0.0
2026-03-23 17:41:52,112 [WARN] PackLoader:240 - Cannot read IP mode file for wolfSSL.I-CUBE-wolfTPM.3.8.0
2026-03-23 17:41:52,151 [WARN] PackLoader:240 - Cannot read IP mode file for STMicroelectronics.X-CUBE-TCPP.4.2.0
2026-03-23 17:41:52,184 [WARN] PackLoader:240 - Cannot read IP mode file for RealThread.X-CUBE-RT-Thread_Nano.4.1.1
2026-03-23 17:41:52,259 [WARN] PackLoader:240 - Cannot read IP mode file for STMicroelectronics.FP-ATR-SIGFOX1.3.2.0
2026-03-23 17:41:52,347 [WARN] PackLoader:240 - Cannot read IP mode file for STMicroelectronics.X-CUBE-FREERTOS.1.5.0
2026-03-23 17:41:52,414 [WARN] PackLoader:240 - Cannot read IP mode file for ITTIA_DB.I-CUBE-ITTIADB.8.9.0
2026-03-23 17:41:52,503 [WARN] PackLoader:240 - Cannot read IP mode file for STMicroelectronics.X-CUBE-NFC6.3.2.0
2026-03-23 17:41:52,589 [WARN] PackLoader:240 - Cannot read IP mode file for STMicroelectronics.X-CUBE-AI.10.2.0
2026-03-23 17:41:52,706 [WARN] PackLoader:240 - Cannot read IP mode file for SEGGER.I-CUBE-embOS.1.3.1
2026-03-23 17:41:52,870 [WARN] PackLoader:240 - Cannot read IP mode file for STMicroelectronics.X-CUBE-ALGOBUILD.1.4.0
2026-03-23 17:41:53,091 [WARN] PackLoader:240 - Cannot read IP mode file for STMicroelectronics.X-CUBE-MEMS1.11.3.0
2026-03-23 17:41:53,522 [WARN] PackLoader:240 - Cannot read IP mode file for STMicroelectronics.X-CUBE-PM33A1.1.0.0
2026-03-23 17:41:53,593 [WARN] PackLoader:240 - Cannot read IP mode file for STMicroelectronics.X-CUBE-AZRTOS-F4.1.1.0
2026-03-23 17:41:53,629 [WARN] PackLoader:240 - Cannot read IP mode file for STMicroelectronics.X-CUBE-ISPU.2.1.0
2026-03-23 17:41:53,677 [WARN] PackLoader:240 - Cannot read IP mode file for STMicroelectronics.X-CUBE-IPS.3.2.0
2026-03-23 17:41:53,721 [WARN] PackLoader:240 - Cannot read IP mode file for STMicroelectronics.X-CUBE-NFC12.1.0.0
2026-03-23 17:41:53,838 [WARN] PackLoader:240 - Cannot read IP mode file for STMicroelectronics.X-CUBE-AZRTOS-L5.2.0.0
2026-03-23 17:41:53,977 [WARN] PackLoader:240 - Cannot read IP mode file for STMicroelectronics.X-CUBE-NFC6.3.1.0
2026-03-23 17:41:54,047 [WARN] PackLoader:240 - Cannot read IP mode file for STMicroelectronics.X-CUBE-FREERTOS.1.3.1
2026-03-23 17:41:54,088 [WARN] PackLoader:240 - Cannot read IP mode file for STMicroelectronics.X-CUBE-TOUCHGFX.4.26.0
2026-03-23 17:41:54,118 [WARN] PackLoader:240 - Cannot read IP mode file for STMicroelectronics.X-CUBE-TOUCHGFX.4.26.1
2026-03-23 17:41:54,150 [WARN] PackLoader:240 - Cannot read IP mode file for STMicroelectronics.FP-SNS-STAIOTCFT.1.0.0
2026-03-23 17:41:54,192 [WARN] PackLoader:240 - Cannot read IP mode file for STMicroelectronics.X-CUBE-DPower.1.3.0
2026-03-23 17:41:54,274 [WARN] ConditionMgr:438 - getConditionDescription Invalid condition id : LAN8742 Phy interface Condition cause : null
2026-03-23 17:41:54,276 [WARN] PackLoader:240 - Cannot read IP mode file for STMicroelectronics.X-CUBE-AZRTOS-L4.2.0.0
2026-03-23 17:41:54,279 [WARN] ConditionMgr:1044 - genDependencies : Invalid condition id : LAN8742 Phy interface Condition cause : null
2026-03-23 17:41:54,280 [WARN] ConditionMgr:1044 - genDependencies : Invalid condition id : LAN8742 Phy interface Condition cause : null
2026-03-23 17:41:54,280 [WARN] ConditionMgr:1044 - genDependencies : Invalid condition id : LAN8742 Phy interface Condition cause : null
2026-03-23 17:41:54,333 [WARN] PackLoader:240 - Cannot read IP mode file for STMicroelectronics.X-CUBE-SFXS2LP1.4.0.0
2026-03-23 17:41:54,375 [WARN] PackLoader:240 - Cannot read IP mode file for STMicroelectronics.X-CUBE-ST67W61.1.2.0
2026-03-23 17:41:54,426 [WARN] PackLoader:240 - Cannot read IP mode file for STMicroelectronics.X-CUBE-BLEMGR.4.1.0
2026-03-23 17:41:54,500 [WARN] ConditionMgr:438 - getConditionDescription Invalid condition id : UX DEVICE CLASS RTOS Condition cause : null
2026-03-23 17:41:54,500 [WARN] ConditionMgr:438 - getConditionDescription Invalid condition id : UX DEVICE CLASS RTOS Condition cause : null
2026-03-23 17:41:54,505 [WARN] PackLoader:240 - Cannot read IP mode file for STMicroelectronics.X-CUBE-AZRTOS-WB.2.0.0
2026-03-23 17:41:54,506 [WARN] ConditionMgr:1044 - genDependencies : Invalid condition id : UX DEVICE CLASS RTOS Condition cause : null
2026-03-23 17:41:54,507 [WARN] ConditionMgr:1044 - genDependencies : Invalid condition id : UX DEVICE CLASS RTOS Condition cause : null
2026-03-23 17:41:54,508 [WARN] ConditionMgr:1044 - genDependencies : Invalid condition id : UX DEVICE CLASS RTOS Condition cause : null
2026-03-23 17:41:54,508 [WARN] ConditionMgr:1044 - genDependencies : Invalid condition id : UX DEVICE CLASS RTOS Condition cause : null
2026-03-23 17:41:54,508 [WARN] ConditionMgr:1044 - genDependencies : Invalid condition id : UX DEVICE CLASS RTOS Condition cause : null
2026-03-23 17:41:54,550 [WARN] PackLoader:240 - Cannot read IP mode file for STMicroelectronics.X-CUBE-GNSS1.7.0.1
2026-03-23 17:41:54,597 [WARN] ConditionMgr:438 - getConditionDescription Invalid condition id : Cortex-A Device cause : null
2026-03-23 17:41:54,645 [WARN] ConditionMgr:1044 - genDependencies : Invalid condition id : Cortex-A Device cause : null
2026-03-23 17:41:54,646 [WARN] ConditionMgr:1044 - genDependencies : Invalid condition id : Cortex-A Device cause : null
2026-03-23 17:41:54,646 [WARN] ConditionMgr:1044 - genDependencies : Invalid condition id : Cortex-A Device cause : null
2026-03-23 17:41:54,689 [WARN] PackLoader:240 - Cannot read IP mode file for STMicroelectronics.X-CUBE-STSE01.2.0.0
2026-03-23 17:41:54,732 [WARN] PackLoader:240 - Cannot read IP mode file for STMicroelectronics.X-CUBE-SUBG2.5.0.0
2026-03-23 17:41:54,800 [WARN] PackLoader:240 - Cannot read IP mode file for STMicroelectronics.X-CUBE-AZRTOS-H7RS.1.1.0
2026-03-23 17:41:54,859 [WARN] PackLoader:240 - Cannot read IP mode file for STMicroelectronics.X-CUBE-AZRTOS-G4.2.0.0
2026-03-23 17:41:54,894 [WARN] PackLoader:240 - Cannot read IP mode file for wolfSSL.I-CUBE-wolfSSH.1.4.20
2026-03-23 17:41:54,917 [WARN] PackLoader:240 - Cannot read IP mode file for STMicroelectronics.X-CUBE-NFC7.2.0.0
2026-03-23 17:41:54,942 [WARN] PackLoader:240 - Cannot read IP mode file for STMicroelectronics.X-CUBE-ALS.1.0.2
2026-03-23 17:41:54,967 [WARN] PackLoader:240 - Cannot read IP mode file for STMicroelectronics.X-CUBE-STSE01.1.0.0
2026-03-23 17:41:54,996 [WARN] PackLoader:240 - Cannot read IP mode file for STMicroelectronics.X-CUBE-TOF1.3.4.3
2026-03-23 17:41:55,008 [INFO] ThirdParty:978 - Integrity check success = true
2026-03-23 17:41:55,008 [INFO] IntegrityCheckThread:100 - exiting critical section [integrity check]
2026-03-23 17:41:55,008 [INFO] IntegrityCheckThread:103 - End integrity checks thread
2026-03-23 18:44:11,544 [ERROR] LogOutputStream:75 - [STDERR_REDIRECT] 18:44:11.322 ERROR Chromium process exit code: 1,073,807,364
2026-03-23 18:44:11,598 [ERROR] LogOutputStream:75 - [STDERR_REDIRECT] 
2026-03-23 18:44:11,611 [ERROR] LogOutputStream:75 - [STDERR_REDIRECT] 18:44:11.606 ERROR Crash dump dir: C:\Users\Alfred\AppData\Local\JxBrowser\7.41.4\CrashReports
2026-03-23 18:44:11,611 [ERROR] LogOutputStream:75 - [STDERR_REDIRECT] 
2026-03-23 18:44:11,789 [ERROR] WebApp:412 - JxBrowser engine crashed! Exit code: 1073807364
