2026-04-07 17:55:04,995 [INFO] Activator:176 - 


2026-04-07 17:55:05,000 [INFO] Activator:177 - !SESSION log4j initialized
2026-04-07 17:55:13,333 [INFO] LogOutputStream:77 - [STDOUT_REDIRECT] 
2026-04-07 17:55:17,558 [INFO] ApplicationProperties:184 - Using Application install path: C:\ST\STM32CubeIDE_1.19.0\STM32CubeIDE\plugins\com.st.stm32cube.common.mx_6.15.0.202507011659
2026-04-07 17:55:17,579 [INFO] DbMcusXml:78 - Set database path to: C:\ST\STM32CubeIDE_1.19.0\STM32CubeIDE\plugins\com.st.stm32cube.common.mx_6.15.0.202507011659\\db\/mcu/
2026-04-07 17:55:17,579 [INFO] ApiDb:274 - Set plugin database path to: C:\ST\STM32CubeIDE_1.19.0\STM32CubeIDE\plugins\com.st.stm32cube.common.mx_6.15.0.202507011659\\db\/plugins/boardmanager/
2026-04-07 17:55:17,579 [WARN] ApiDb:259 - Overriding images path with different value:  => C:\ST\STM32CubeIDE_1.19.0\STM32CubeIDE\plugins\com.st.stm32cube.common.mx_6.15.0.202507011659\\db\/plugins/mcufinder/images/
2026-04-07 17:55:17,590 [INFO] ApiDb:250 - Set database path to: C:\Users\Alfred\.stmcufinder\plugins\mcufinder//mcu/
2026-04-07 17:55:17,591 [INFO] DbMcusAds:125 - Set database path to: C:\Users\Alfred\.stmcufinder\plugins\mcufinder//mcu/
2026-04-07 17:55:17,593 [INFO] CrossReferenceDbSqlite:203 - Set database path to: C:\Users\Alfred\.stmcufinder\plugins\mcufinder//mcu/cs/
2026-04-07 17:55:17,734 [INFO] RulesReader:64 - Compatibility file has been processed (317 Rules)
2026-04-07 17:55:17,834 [INFO] DbMcusXml:78 - Set database path to: C:\ST\STM32CubeIDE_1.19.0\STM32CubeIDE\plugins\com.st.stm32cube.common.mx_6.15.0.202507011659\\db\/mcu/
2026-04-07 17:55:17,834 [INFO] ApiDb:274 - Set plugin database path to: C:\ST\STM32CubeIDE_1.19.0\STM32CubeIDE\plugins\com.st.stm32cube.common.mx_6.15.0.202507011659\\db\/plugins/boardmanager/
2026-04-07 17:55:17,834 [INFO] ApiDb:261 - Set plugin images path to: C:\ST\STM32CubeIDE_1.19.0\STM32CubeIDE\plugins\com.st.stm32cube.common.mx_6.15.0.202507011659\\db\/plugins/mcufinder/images/
2026-04-07 17:55:17,835 [WARN] DbFile:41 - Overriding database path with different value: C:\Users\Alfred\.stmcufinder\plugins\mcufinder/ => C:\Users\Alfred\.stmcufinder\plugins\mcufinder
2026-04-07 17:55:17,835 [INFO] ApiDb:250 - Set database path to: C:\Users\Alfred\.stmcufinder\plugins\mcufinder//mcu/
2026-04-07 17:55:17,835 [WARN] DbFile:41 - Overriding database path with different value: C:\Users\Alfred\.stmcufinder\plugins\mcufinder/ => C:\Users\Alfred\.stmcufinder\plugins\mcufinder
2026-04-07 17:55:17,835 [INFO] DbMcusAds:125 - Set database path to: C:\Users\Alfred\.stmcufinder\plugins\mcufinder//mcu/
2026-04-07 17:55:17,835 [WARN] DbFile:41 - Overriding database path with different value: C:\Users\Alfred\.stmcufinder\plugins\mcufinder/ => C:\Users\Alfred\.stmcufinder\plugins\mcufinder
2026-04-07 17:55:17,835 [WARN] DbFile:41 - Overriding database path with different value: C:\Users\Alfred\.stmcufinder\plugins\mcufinder/ => C:\Users\Alfred\.stmcufinder\plugins\mcufinder
2026-04-07 17:55:17,836 [INFO] CrossReferenceDbSqlite:203 - Set database path to: C:\Users\Alfred\.stmcufinder\plugins\mcufinder//mcu/cs/
2026-04-07 17:55:17,936 [INFO] MainPanel:274 - HeapMemory: 268435456
2026-04-07 17:55:18,051 [INFO] DbMcusXml:78 - Set database path to: C:\ST\STM32CubeIDE_1.19.0\STM32CubeIDE\plugins\com.st.stm32cube.common.mx_6.15.0.202507011659\\db\/mcu/
2026-04-07 17:55:18,051 [INFO] ApiDb:274 - Set plugin database path to: C:\ST\STM32CubeIDE_1.19.0\STM32CubeIDE\plugins\com.st.stm32cube.common.mx_6.15.0.202507011659\\db\/plugins/boardmanager/
2026-04-07 17:55:18,051 [INFO] ApiDb:261 - Set plugin images path to: C:\ST\STM32CubeIDE_1.19.0\STM32CubeIDE\plugins\com.st.stm32cube.common.mx_6.15.0.202507011659\\db\/plugins/mcufinder/images/
2026-04-07 17:55:18,052 [WARN] DbFile:41 - Overriding database path with different value: C:\Users\Alfred\.stmcufinder\plugins\mcufinder/ => C:\Users\Alfred\.stmcufinder\plugins\mcufinder
2026-04-07 17:55:18,052 [INFO] ApiDb:250 - Set database path to: C:\Users\Alfred\.stmcufinder\plugins\mcufinder//mcu/
2026-04-07 17:55:18,052 [WARN] DbFile:41 - Overriding database path with different value: C:\Users\Alfred\.stmcufinder\plugins\mcufinder/ => C:\Users\Alfred\.stmcufinder\plugins\mcufinder
2026-04-07 17:55:18,052 [INFO] DbMcusAds:125 - Set database path to: C:\Users\Alfred\.stmcufinder\plugins\mcufinder//mcu/
2026-04-07 17:55:18,052 [WARN] DbFile:41 - Overriding database path with different value: C:\Users\Alfred\.stmcufinder\plugins\mcufinder/ => C:\Users\Alfred\.stmcufinder\plugins\mcufinder
2026-04-07 17:55:18,052 [WARN] DbFile:41 - Overriding database path with different value: C:\Users\Alfred\.stmcufinder\plugins\mcufinder/ => C:\Users\Alfred\.stmcufinder\plugins\mcufinder
2026-04-07 17:55:18,052 [INFO] CrossReferenceDbSqlite:203 - Set database path to: C:\Users\Alfred\.stmcufinder\plugins\mcufinder//mcu/cs/
2026-04-07 17:55:18,071 [INFO] ApplicationProperties:184 - Using Application install path: C:\ST\STM32CubeIDE_1.19.0\STM32CubeIDE\plugins\com.st.stm32cube.common.mx_6.15.0.202507011659
2026-04-07 17:55:18,072 [INFO] PluginManage:196 - Search for loadable plugins [exclusion list=, ]
2026-04-07 17:55:18,074 [INFO] PluginManage:310 - Check plugin analytics
2026-04-07 17:55:18,272 [INFO] AnalyticsPlugin:253 - Accepted Software Licenses: 
2026-04-07 17:55:18,272 [INFO] AnalyticsPlugin:255 - Accepted CMSIS Pack Licenses: 
2026-04-07 17:55:18,272 [INFO] AnalyticsPlugin:257 - Accepted Firmware Licenses: FW.G0.1.6.0
2026-04-07 17:55:18,275 [INFO] PluginManage:359 - Loaded plugin analytics (category:tool,tabindex:-1)
2026-04-07 17:55:18,275 [INFO] PluginManage:310 - Check plugin cadmodel
2026-04-07 17:55:18,294 [INFO] CADModel:105 - Init CAD model plugin
2026-04-07 17:55:18,295 [INFO] PluginManage:359 - Loaded plugin cadmodel (category:power,tabindex:5)
2026-04-07 17:55:18,295 [INFO] PluginManage:310 - Check plugin clock
2026-04-07 17:55:18,321 [INFO] PluginManage:359 - Loaded plugin clock (category:base,tabindex:2)
2026-04-07 17:55:18,321 [INFO] PluginManage:310 - Check plugin ddr
2026-04-07 17:55:18,326 [INFO] PluginManage:359 - Loaded plugin ddr (category:tool,tabindex:6)
2026-04-07 17:55:18,326 [INFO] PluginManage:310 - Check plugin filemanager
2026-04-07 17:55:18,472 [INFO] PluginManage:359 - Loaded plugin filemanager (category:base,tabindex:10)
2026-04-07 17:55:18,473 [INFO] PluginManage:310 - Check plugin ipmanager
2026-04-07 17:55:18,480 [INFO] PluginManage:359 - Loaded plugin ipmanager (category:base,tabindex:5)
2026-04-07 17:55:18,480 [INFO] PluginManage:310 - Check plugin lpbam
2026-04-07 17:55:18,499 [INFO] PluginManage:359 - Loaded plugin lpbam (category:base,tabindex:0)
2026-04-07 17:55:18,500 [INFO] PluginManage:310 - Check plugin memorymap
2026-04-07 17:55:18,526 [INFO] PluginManage:359 - Loaded plugin memorymap (category:base,tabindex:4)
2026-04-07 17:55:18,526 [INFO] PluginManage:310 - Check plugin pinoutandconfiguration
2026-04-07 17:55:18,543 [INFO] PluginManage:359 - Loaded plugin pinoutandconfiguration (category:base,tabindex:1)
2026-04-07 17:55:18,543 [INFO] PluginManage:310 - Check plugin pinoutconfig
2026-04-07 17:55:18,640 [WARN] SupportedApi:132 - Cannot load RTOS API schema: s4s-elt-must-match.1: The content of 'definitions' must match (annotation?, (simpleType | complexType)?, (unique | key | keyref)*)). A problem was found starting at: attribute.
2026-04-07 17:55:18,788 [INFO] PluginManage:359 - Loaded plugin pinoutconfig (category:base,tabindex:0)
2026-04-07 17:55:18,788 [INFO] PluginManage:310 - Check plugin power
2026-04-07 17:55:18,817 [INFO] PluginManage:359 - Loaded plugin power (category:power,tabindex:4)
2026-04-07 17:55:18,817 [INFO] PluginManage:310 - Check plugin projectmanager
2026-04-07 17:55:18,839 [INFO] PluginManage:359 - Loaded plugin projectmanager (category:projectmanager,tabindex:4)
2026-04-07 17:55:18,839 [INFO] PluginManage:310 - Check plugin rif
2026-04-07 17:55:18,860 [INFO] PluginManage:359 - Loaded plugin rif (category:base,tabindex:3)
2026-04-07 17:55:18,861 [INFO] PluginManage:310 - Check plugin thirdparty
2026-04-07 17:55:19,289 [WARN] IntegrityCheckThread:84 - waiting for thirdparty lock release [integrity check]
2026-04-07 17:55:19,289 [INFO] IntegrityCheckThread:86 - entering critical section [integrity check]
2026-04-07 17:55:19,289 [INFO] PluginManage:359 - Loaded plugin thirdparty (category:base,tabindex:-1)
2026-04-07 17:55:19,289 [INFO] PluginManage:310 - Check plugin tools
2026-04-07 17:55:19,290 [INFO] ThirdPartyUpdaterWithRetryManager:70 - Updater plugin not ready yet. [1/15]
2026-04-07 17:55:19,328 [INFO] PluginManage:359 - Loaded plugin tools (category:base,tabindex:7)
2026-04-07 17:55:19,328 [INFO] PluginManage:310 - Check plugin tutovideos
2026-04-07 17:55:19,590 [INFO] PluginManage:359 - Loaded plugin tutovideos (category:base,tabindex:-1)
2026-04-07 17:55:19,590 [INFO] PluginManage:310 - Check plugin updater
2026-04-07 17:55:19,611 [INFO] PluginManage:359 - Loaded plugin updater (category:base,tabindex:12)
2026-04-07 17:55:19,611 [INFO] PluginManage:310 - Check plugin userauth
2026-04-07 17:55:19,615 [INFO] UserAuth:118 - Init User Auth plugin
2026-04-07 17:55:19,615 [INFO] PluginManage:359 - Loaded plugin userauth (category:base,tabindex:14)
2026-04-07 17:55:19,616 [INFO] PluginManage:283 - PluginManage : Loaded plugins [18]
2026-04-07 17:55:19,865 [INFO] PinOutPanel:1589 - setPackage(No Configuration,No Configuration)
2026-04-07 17:55:19,989 [INFO] CADModel:165 - CPN selected for project level
2026-04-07 17:55:19,989 [INFO] CADModel:114 - Register for checkConnection events
2026-04-07 17:55:20,026 [INFO] IPUIPlugin:80 - create IPUIPlugin
2026-04-07 17:55:20,026 [INFO] PluginManager:220 - loadIPPluginJar : add adc
2026-04-07 17:55:20,074 [INFO] IPUIPlugin:80 - create IPUIPlugin
2026-04-07 17:55:20,075 [INFO] PluginManager:220 - loadIPPluginJar : add aes
2026-04-07 17:55:20,122 [INFO] IPUIPlugin:80 - create IPUIPlugin
2026-04-07 17:55:20,122 [INFO] PluginManager:220 - loadIPPluginJar : add can
2026-04-07 17:55:20,152 [INFO] IPUIPlugin:80 - create IPUIPlugin
2026-04-07 17:55:20,152 [INFO] PluginManager:220 - loadIPPluginJar : add comp
2026-04-07 17:55:20,188 [INFO] IPUIPlugin:80 - create IPUIPlugin
2026-04-07 17:55:20,188 [INFO] PluginManager:220 - loadIPPluginJar : add cryp
2026-04-07 17:55:20,202 [INFO] IPUIPlugin:80 - create IPUIPlugin
2026-04-07 17:55:20,202 [INFO] PluginManager:220 - loadIPPluginJar : add ddr_ctrl_phy
2026-04-07 17:55:20,236 [INFO] IPUIPlugin:80 - create IPUIPlugin
2026-04-07 17:55:20,236 [INFO] PluginManager:220 - loadIPPluginJar : add dfsdm
2026-04-07 17:55:20,250 [INFO] IPUIPlugin:80 - create IPUIPlugin
2026-04-07 17:55:20,251 [INFO] PluginManager:220 - loadIPPluginJar : add dma
2026-04-07 17:55:20,297 [INFO] IPUIPlugin:80 - create IPUIPlugin
2026-04-07 17:55:20,297 [INFO] PluginManager:220 - loadIPPluginJar : add dma3
2026-04-07 17:55:20,344 [INFO] IPUIPlugin:80 - create IPUIPlugin
2026-04-07 17:55:20,344 [INFO] PluginManager:220 - loadIPPluginJar : add extmemmanager
2026-04-07 17:55:20,365 [INFO] IPUIPlugin:80 - create IPUIPlugin
2026-04-07 17:55:20,365 [INFO] PluginManager:220 - loadIPPluginJar : add fatfs
2026-04-07 17:55:20,417 [INFO] IPUIPlugin:80 - create IPUIPlugin
2026-04-07 17:55:20,419 [INFO] PluginManager:220 - loadIPPluginJar : add fmc
2026-04-07 17:55:20,437 [INFO] IPUIPlugin:80 - create IPUIPlugin
2026-04-07 17:55:20,438 [INFO] PluginManager:220 - loadIPPluginJar : add freertos
2026-04-07 17:55:20,459 [INFO] IPUIPlugin:80 - create IPUIPlugin
2026-04-07 17:55:20,459 [INFO] PluginManager:220 - loadIPPluginJar : add genericplugin
2026-04-07 17:55:20,548 [INFO] IPUIPlugin:80 - create IPUIPlugin
2026-04-07 17:55:20,548 [INFO] PluginManager:220 - loadIPPluginJar : add gfxmmu
2026-04-07 17:55:20,678 [INFO] IPUIPlugin:80 - create IPUIPlugin
2026-04-07 17:55:20,678 [INFO] PluginManager:220 - loadIPPluginJar : add gic
2026-04-07 17:55:20,694 [INFO] IPUIPlugin:80 - create IPUIPlugin
2026-04-07 17:55:20,694 [INFO] PluginManager:220 - loadIPPluginJar : add gpio
2026-04-07 17:55:20,798 [INFO] IPUIPlugin:80 - create IPUIPlugin
2026-04-07 17:55:20,798 [INFO] PluginManager:220 - loadIPPluginJar : add gtzc
2026-04-07 17:55:20,838 [INFO] IPUIPlugin:80 - create IPUIPlugin
2026-04-07 17:55:20,839 [INFO] PluginManager:220 - loadIPPluginJar : add hash
2026-04-07 17:55:20,891 [INFO] IPUIPlugin:80 - create IPUIPlugin
2026-04-07 17:55:20,891 [INFO] PluginManager:220 - loadIPPluginJar : add i2c
2026-04-07 17:55:20,934 [INFO] IPUIPlugin:80 - create IPUIPlugin
2026-04-07 17:55:20,934 [INFO] PluginManager:220 - loadIPPluginJar : add i2s
2026-04-07 17:55:20,974 [INFO] IPUIPlugin:80 - create IPUIPlugin
2026-04-07 17:55:20,974 [INFO] PluginManager:220 - loadIPPluginJar : add i3c
2026-04-07 17:55:21,084 [INFO] IPUIPlugin:80 - create IPUIPlugin
2026-04-07 17:55:21,085 [INFO] PluginManager:220 - loadIPPluginJar : add ipddr
2026-04-07 17:55:21,179 [INFO] IPUIPlugin:80 - create IPUIPlugin
2026-04-07 17:55:21,179 [INFO] PluginManager:220 - loadIPPluginJar : add linkedlist
2026-04-07 17:55:21,218 [INFO] IPUIPlugin:80 - create IPUIPlugin
2026-04-07 17:55:21,218 [INFO] PluginManager:220 - loadIPPluginJar : add lorawan
2026-04-07 17:55:21,254 [INFO] IPUIPlugin:80 - create IPUIPlugin
2026-04-07 17:55:21,254 [INFO] PluginManager:220 - loadIPPluginJar : add ltdc
2026-04-07 17:55:21,267 [INFO] IPUIPlugin:80 - create IPUIPlugin
2026-04-07 17:55:21,268 [INFO] PluginManager:220 - loadIPPluginJar : add mdma
2026-04-07 17:55:21,283 [INFO] IPUIPlugin:80 - create IPUIPlugin
2026-04-07 17:55:21,283 [INFO] PluginManager:220 - loadIPPluginJar : add nvic
2026-04-07 17:55:21,324 [INFO] IPUIPlugin:80 - create IPUIPlugin
2026-04-07 17:55:21,324 [INFO] PluginManager:220 - loadIPPluginJar : add opamp
2026-04-07 17:55:21,395 [INFO] IPUIPlugin:80 - create IPUIPlugin
2026-04-07 17:55:21,395 [INFO] PluginManager:220 - loadIPPluginJar : add openamp
2026-04-07 17:55:21,441 [INFO] IPUIPlugin:80 - create IPUIPlugin
2026-04-07 17:55:21,441 [INFO] PluginManager:220 - loadIPPluginJar : add pdm2pcm
2026-04-07 17:55:21,454 [INFO] IPUIPlugin:80 - create IPUIPlugin
2026-04-07 17:55:21,456 [INFO] PluginManager:220 - loadIPPluginJar : add plateformsettings
2026-04-07 17:55:21,483 [INFO] IPUIPlugin:80 - create IPUIPlugin
2026-04-07 17:55:21,483 [INFO] PluginManager:220 - loadIPPluginJar : add quadspi
2026-04-07 17:55:21,509 [INFO] IPUIPlugin:80 - create IPUIPlugin
2026-04-07 17:55:21,509 [INFO] PluginManager:220 - loadIPPluginJar : add radio
2026-04-07 17:55:21,524 [INFO] IPUIPlugin:80 - create IPUIPlugin
2026-04-07 17:55:21,524 [INFO] PluginManager:220 - loadIPPluginJar : add resmgrutility
2026-04-07 17:55:21,577 [INFO] IPUIPlugin:80 - create IPUIPlugin
2026-04-07 17:55:21,577 [INFO] PluginManager:220 - loadIPPluginJar : add sai
2026-04-07 17:55:21,617 [INFO] IPUIPlugin:80 - create IPUIPlugin
2026-04-07 17:55:21,617 [INFO] PluginManager:220 - loadIPPluginJar : add spi
2026-04-07 17:55:21,707 [INFO] IPUIPlugin:80 - create IPUIPlugin
2026-04-07 17:55:21,707 [INFO] PluginManager:220 - loadIPPluginJar : add stm32_wpan
2026-04-07 17:55:21,735 [INFO] IPUIPlugin:80 - create IPUIPlugin
2026-04-07 17:55:21,735 [INFO] PluginManager:220 - loadIPPluginJar : add tim
2026-04-07 17:55:21,801 [INFO] IPUIPlugin:80 - create IPUIPlugin
2026-04-07 17:55:21,801 [INFO] PluginManager:220 - loadIPPluginJar : add touchsensing
2026-04-07 17:55:21,824 [INFO] IPUIPlugin:80 - create IPUIPlugin
2026-04-07 17:55:21,825 [INFO] PluginManager:220 - loadIPPluginJar : add tracer_emb
2026-04-07 17:55:21,858 [INFO] IPUIPlugin:80 - create IPUIPlugin
2026-04-07 17:55:21,858 [INFO] PluginManager:220 - loadIPPluginJar : add ts
2026-04-07 17:55:21,900 [INFO] IPUIPlugin:80 - create IPUIPlugin
2026-04-07 17:55:21,900 [INFO] PluginManager:220 - loadIPPluginJar : add tsc
2026-04-07 17:55:21,930 [INFO] IPUIPlugin:80 - create IPUIPlugin
2026-04-07 17:55:21,930 [INFO] PluginManager:220 - loadIPPluginJar : add ucpd
2026-04-07 17:55:21,980 [INFO] IPUIPlugin:80 - create IPUIPlugin
2026-04-07 17:55:21,980 [INFO] PluginManager:220 - loadIPPluginJar : add usart
2026-04-07 17:55:22,032 [INFO] IPUIPlugin:80 - create IPUIPlugin
2026-04-07 17:55:22,032 [INFO] PluginManager:220 - loadIPPluginJar : add usbx
2026-04-07 17:55:22,175 [FATAL] Updater:351 - Updater called before beeing initialized
2026-04-07 17:55:22,204 [INFO] RulesReader:64 - Compatibility file has been processed (317 Rules)
2026-04-07 17:55:22,214 [INFO] RulesReader:64 - Compatibility file has been processed (317 Rules)
2026-04-07 17:55:22,220 [INFO] CADModel:165 - CPN selected for project level
2026-04-07 17:55:22,220 [INFO] CADModel:114 - Register for checkConnection events
2026-04-07 17:55:22,220 [FATAL] Updater:351 - Updater called before beeing initialized
2026-04-07 17:55:22,220 [ERROR] CADModel:125 - Updater not yet initialized, retry later 
2026-04-07 17:55:22,290 [INFO] ThirdPartyUpdaterWithRetryManager:70 - Updater plugin not ready yet. [2/15]
2026-04-07 17:55:22,395 [FATAL] Updater:351 - Updater called before beeing initialized
2026-04-07 17:55:22,398 [INFO] CADModel:165 - CPN selected for project level
2026-04-07 17:55:22,398 [INFO] CADModel:114 - Register for checkConnection events
2026-04-07 17:55:22,398 [FATAL] Updater:351 - Updater called before beeing initialized
2026-04-07 17:55:22,398 [ERROR] CADModel:125 - Updater not yet initialized, retry later 
2026-04-07 17:55:22,401 [FATAL] Updater:351 - Updater called before beeing initialized
2026-04-07 17:55:22,528 [FATAL] Updater:351 - Updater called before beeing initialized
2026-04-07 17:55:22,540 [INFO] DbMcusAds:53 - JSON generation date=Tue Feb 10 17:46:36 IST 2026 (1770725796209)
2026-04-07 17:55:22,541 [FATAL] Updater:351 - Updater called before beeing initialized
2026-04-07 17:55:22,582 [WARN] DetailPanel:346 - Failed to get advertising image, set to default
2026-04-07 17:55:22,669 [FATAL] Updater:351 - Updater called before beeing initialized
2026-04-07 17:55:22,672 [FATAL] Updater:351 - Updater called before beeing initialized
2026-04-07 17:55:22,672 [FATAL] Updater:351 - Updater called before beeing initialized
2026-04-07 17:55:22,672 [WARN] DetailPanel:346 - Failed to get advertising image, set to default
2026-04-07 17:55:22,673 [FATAL] Updater:351 - Updater called before beeing initialized
2026-04-07 17:55:22,777 [ERROR] Updater:1198 - MainUpdater not yet initialized. External WinMGr cannot be set.
2026-04-07 17:55:22,792 [INFO] Updater:1134 - Updater Version found : 6.15.0
2026-04-07 17:55:22,818 [INFO] ApplicationProperties:184 - Using Application install path: C:\ST\STM32CubeIDE_1.19.0\STM32CubeIDE\plugins\com.st.stm32cube.common.mx_6.15.0.202507011659
2026-04-07 17:55:23,282 [INFO] MainUpdater:2872 - connection check result : 10
2026-04-07 17:55:23,283 [INFO] MainUpdater:289 - Updater Check For Update Now.
2026-04-07 17:55:23,284 [INFO] MicroXplorer:498 - Change Database Version : DB.6.0.150
2026-04-07 17:55:23,304 [INFO] McuFinderGlobals:63 - Set McuFinder mode to 2 (CubeIDE integrated)
2026-04-07 17:55:23,313 [INFO] UserAuth:487 - Internet connection configuration mode: 1
2026-04-07 17:55:23,362 [INFO] JxBrowserEngine:152 - Initiate JxBrowser Engine with user profile folder
2026-04-07 17:55:23,511 [INFO] CheckServerUpdateThread:120 - End of CheckServer Thread
2026-04-07 17:55:26,084 [WARN] PackLoader:240 - Cannot read IP mode file for STMicroelectronics.X-CUBE-AZRTOS-H7.3.5.0
2026-04-07 17:55:26,117 [WARN] PackLoader:240 - Cannot read IP mode file for STMicroelectronics.FP-SNS-MOTENVWB1.1.4.0
2026-04-07 17:55:26,145 [WARN] PackLoader:240 - Cannot read IP mode file for STMicroelectronics.FP-ATR-ASTRA1.2.0.2
2026-04-07 17:55:26,151 [INFO] WebApp:169 - Instantiating new browser for Auth
2026-04-07 17:55:26,180 [WARN] PackLoader:240 - Cannot read IP mode file for STMicroelectronics.X-CUBE-SMBUS.2.1.0
2026-04-07 17:55:26,266 [WARN] PackLoader:240 - Cannot read IP mode file for STMicroelectronics.X-CUBE-AZRTOS-F7.1.1.0
2026-04-07 17:55:26,301 [WARN] PackLoader:240 - Cannot read IP mode file for Cesanta.I-CUBE-Mongoose.7.19.0
2026-04-07 17:55:26,333 [WARN] PackLoader:240 - Cannot read IP mode file for STMicroelectronics.FP-SNS-MOTENV1.5.1.0
2026-04-07 17:55:26,372 [WARN] PackLoader:240 - Cannot read IP mode file for WES.I-CUBE-Cesium.1.4.0
2026-04-07 17:55:26,435 [WARN] PackLoader:240 - Cannot read IP mode file for Infineon.AIROC-Wi-Fi-Bluetooth-STM32.1.7.1
2026-04-07 17:55:26,482 [WARN] PackLoader:240 - Cannot read IP mode file for STMicroelectronics.X-CUBE-AZRTOS-H7.3.4.0
2026-04-07 17:55:26,508 [WARN] PackLoader:240 - Cannot read IP mode file for STMicroelectronics.X-CUBE-DISPLAY.3.0.0
2026-04-07 17:55:26,534 [WARN] PackLoader:240 - Cannot read IP mode file for STMicroelectronics.FP-SNS-MOTENVWB1.1.5.0
2026-04-07 17:55:26,558 [WARN] PackLoader:240 - Cannot read IP mode file for STMicroelectronics.X-CUBE-NFC10.1.0.0
2026-04-07 17:55:26,583 [WARN] PackLoader:240 - Cannot read IP mode file for STMicroelectronics.X-CUBE-ST60.1.1.0
2026-04-07 17:55:26,602 [WARN] PackLoader:240 - Cannot read IP mode file for emotas.I-CUBE-CANOPEN.1.3.0
2026-04-07 17:55:26,623 [WARN] PackLoader:240 - Cannot read IP mode file for STMicroelectronics.X-CUBE-GNSS1.7.1.0
2026-04-07 17:55:26,642 [WARN] PackLoader:240 - Cannot read IP mode file for STMicroelectronics.FP-SNS-STBOX1.2.1.0
2026-04-07 17:55:26,664 [WARN] PackLoader:240 - Cannot read IP mode file for STMicroelectronics.FP-SNS-SMARTAG2.1.2.0
2026-04-07 17:55:26,682 [WARN] PackLoader:240 - Cannot read IP mode file for STMicroelectronics.FP-SNS-FLIGHT1.5.1.0
2026-04-07 17:55:26,712 [INFO] LogOutputStream:77 - [STDOUT_REDIRECT] 1 : Invalid condition id : UX_CORESTACK_Condition cause : null
2026-04-07 17:55:26,712 [INFO] LogOutputStream:77 - [STDOUT_REDIRECT] 1 : Invalid condition id : UX_CORESTACK_Condition cause : null
2026-04-07 17:55:26,713 [INFO] LogOutputStream:77 - [STDOUT_REDIRECT] 1 : Invalid condition id : UX_CORESTACK_Condition cause : null
2026-04-07 17:55:26,715 [INFO] LogOutputStream:77 - [STDOUT_REDIRECT] 1 : Invalid condition id : UX_CORESTACK_Condition cause : null
2026-04-07 17:55:26,716 [INFO] LogOutputStream:77 - [STDOUT_REDIRECT] 1 : Invalid condition id : UX_CORESTACK_Condition cause : null
2026-04-07 17:55:26,718 [WARN] PackLoader:240 - Cannot read IP mode file for STMicroelectronics.X-CUBE-AZRTOS-WL.2.0.0
2026-04-07 17:55:26,737 [WARN] PackLoader:240 - Cannot read IP mode file for STMicroelectronics.FP-SNS-MOTENV1.5.0.0
2026-04-07 17:55:26,779 [WARN] PackLoader:240 - Cannot read IP mode file for STMicroelectronics.X-CUBE-AZRTOS-H7RS.1.2.0
2026-04-07 17:55:26,803 [WARN] PackLoader:240 - Cannot read IP mode file for STMicroelectronics.X-CUBE-BLE2.3.3.0
2026-04-07 17:55:26,869 [WARN] PackLoader:240 - Cannot read IP mode file for STMicroelectronics.X-CUBE-NFC9.1.0.0
2026-04-07 17:55:26,929 [WARN] PackLoader:240 - Cannot read IP mode file for wolfSSL.I-CUBE-wolfSSL.5.8.2
2026-04-07 17:55:26,954 [WARN] PackLoader:240 - Cannot read IP mode file for STMicroelectronics.X-CUBE-BLE1.7.1.0
2026-04-07 17:55:26,972 [WARN] PackLoader:240 - Cannot read IP mode file for wolfSSL.I-CUBE-wolfMQTT.1.19.2
2026-04-07 17:55:26,989 [WARN] PackLoader:240 - Cannot read IP mode file for STMicroelectronics.X-CUBE-FREERTOS.1.4.0
2026-04-07 17:55:27,008 [WARN] PackLoader:240 - Cannot read IP mode file for STMicroelectronics.X-CUBE-EEPRMA1.5.2.0
2026-04-07 17:55:27,026 [WARN] PackLoader:240 - Cannot read IP mode file for STMicroelectronics.X-CUBE-ST67W61.1.1.0
2026-04-07 17:55:27,104 [WARN] PackLoader:240 - Cannot read IP mode file for STMicroelectronics.X-CUBE-MEMS1.12.0.0
2026-04-07 17:55:27,528 [WARN] PackLoader:240 - Cannot read IP mode file for STMicroelectronics.X-CUBE-AZRTOS-G0.1.1.0
2026-04-07 17:55:27,570 [WARN] PackLoader:240 - Cannot read IP mode file for STMicroelectronics.X-CUBE-SAFEA1.1.2.2
2026-04-07 17:55:27,610 [WARN] PackLoader:240 - Cannot read IP mode file for STMicroelectronics.X-CUBE-NFC4.3.0.0
2026-04-07 17:55:27,755 [WARN] PackLoader:240 - Cannot read IP mode file for EmbeddedOffice.I-CUBE-FS-RTOS.1.0.1
2026-04-07 17:55:27,790 [WARN] PackLoader:240 - Cannot read IP mode file for STMicroelectronics.X-CUBE-WB05N.2.0.0
2026-04-07 17:55:27,814 [WARN] PackLoader:240 - Cannot read IP mode file for wolfSSL.I-CUBE-wolfTPM.3.8.0
2026-04-07 17:55:27,838 [WARN] PackLoader:240 - Cannot read IP mode file for STMicroelectronics.X-CUBE-TCPP.4.2.0
2026-04-07 17:55:27,856 [WARN] PackLoader:240 - Cannot read IP mode file for RealThread.X-CUBE-RT-Thread_Nano.4.1.1
2026-04-07 17:55:27,873 [WARN] PackLoader:240 - Cannot read IP mode file for STMicroelectronics.FP-ATR-SIGFOX1.3.2.0
2026-04-07 17:55:27,890 [WARN] PackLoader:240 - Cannot read IP mode file for STMicroelectronics.X-CUBE-FREERTOS.1.5.0
2026-04-07 17:55:27,915 [WARN] PackLoader:240 - Cannot read IP mode file for ITTIA_DB.I-CUBE-ITTIADB.8.9.0
2026-04-07 17:55:27,938 [WARN] PackLoader:240 - Cannot read IP mode file for STMicroelectronics.X-CUBE-NFC6.3.2.0
2026-04-07 17:55:27,964 [WARN] PackLoader:240 - Cannot read IP mode file for STMicroelectronics.X-CUBE-AI.10.2.0
2026-04-07 17:55:28,011 [WARN] PackLoader:240 - Cannot read IP mode file for SEGGER.I-CUBE-embOS.1.3.1
2026-04-07 17:55:28,069 [WARN] PackLoader:240 - Cannot read IP mode file for STMicroelectronics.X-CUBE-ALGOBUILD.1.4.0
2026-04-07 17:55:28,148 [WARN] PackLoader:240 - Cannot read IP mode file for STMicroelectronics.X-CUBE-MEMS1.11.3.0
2026-04-07 17:55:28,480 [WARN] PackLoader:240 - Cannot read IP mode file for STMicroelectronics.X-CUBE-PM33A1.1.0.0
2026-04-07 17:55:28,525 [WARN] PackLoader:240 - Cannot read IP mode file for STMicroelectronics.X-CUBE-AZRTOS-F4.1.1.0
2026-04-07 17:55:28,553 [WARN] PackLoader:240 - Cannot read IP mode file for STMicroelectronics.X-CUBE-ISPU.2.1.0
2026-04-07 17:55:28,581 [WARN] PackLoader:240 - Cannot read IP mode file for STMicroelectronics.X-CUBE-IPS.3.2.0
2026-04-07 17:55:28,583 [INFO] WebApp:463 - Apply proxy settings
2026-04-07 17:55:28,584 [INFO] WebApp:548 - Chromium requires no authentication
2026-04-07 17:55:28,604 [INFO] WebApp:491 - Direct internet connection detected
2026-04-07 17:55:28,609 [WARN] PackLoader:240 - Cannot read IP mode file for STMicroelectronics.eDS-WB_DPC_TT-BIDIR.2.1.1
2026-04-07 17:55:28,629 [WARN] PackLoader:240 - Cannot read IP mode file for STMicroelectronics.X-CUBE-NFC12.1.0.0
2026-04-07 17:55:28,644 [INFO] WebApp:900 - Register for checkConnection events
2026-04-07 17:55:28,644 [INFO] WebApp:463 - Apply proxy settings
2026-04-07 17:55:28,645 [INFO] WebApp:548 - Chromium requires no authentication
2026-04-07 17:55:28,646 [INFO] WebApp:491 - Direct internet connection detected
2026-04-07 17:55:28,663 [WARN] PackLoader:240 - Cannot read IP mode file for STMicroelectronics.X-CUBE-AZRTOS-L5.2.0.0
2026-04-07 17:55:28,687 [WARN] PackLoader:240 - Cannot read IP mode file for STMicroelectronics.X-CUBE-NFC6.3.1.0
2026-04-07 17:55:28,703 [WARN] PackLoader:240 - Cannot read IP mode file for STMicroelectronics.eDS-WB_DPC_VIENNA.1.2.0
2026-04-07 17:55:28,716 [WARN] PackLoader:240 - Cannot read IP mode file for STMicroelectronics.eDS-WB_DPC_3PH2L-BIDIR.1.1.1
2026-04-07 17:55:28,730 [WARN] PackLoader:240 - Cannot read IP mode file for STMicroelectronics.X-CUBE-FREERTOS.1.3.1
2026-04-07 17:55:28,747 [WARN] PackLoader:240 - Cannot read IP mode file for STMicroelectronics.X-CUBE-TOUCHGFX.4.26.0
2026-04-07 17:55:28,761 [WARN] PackLoader:240 - Cannot read IP mode file for STMicroelectronics.X-CUBE-TOUCHGFX.4.26.1
2026-04-07 17:55:28,780 [WARN] PackLoader:240 - Cannot read IP mode file for STMicroelectronics.FP-SNS-STAIOTCFT.1.0.0
2026-04-07 17:55:28,795 [WARN] PackLoader:240 - Cannot read IP mode file for STMicroelectronics.X-CUBE-DPower.1.3.0
2026-04-07 17:55:28,822 [WARN] ConditionMgr:438 - getConditionDescription Invalid condition id : LAN8742 Phy interface Condition cause : null
2026-04-07 17:55:28,823 [WARN] PackLoader:240 - Cannot read IP mode file for STMicroelectronics.X-CUBE-AZRTOS-L4.2.0.0
2026-04-07 17:55:28,824 [WARN] ConditionMgr:1044 - genDependencies : Invalid condition id : LAN8742 Phy interface Condition cause : null
2026-04-07 17:55:28,824 [WARN] ConditionMgr:1044 - genDependencies : Invalid condition id : LAN8742 Phy interface Condition cause : null
2026-04-07 17:55:28,824 [WARN] ConditionMgr:1044 - genDependencies : Invalid condition id : LAN8742 Phy interface Condition cause : null
2026-04-07 17:55:28,842 [WARN] PackLoader:240 - Cannot read IP mode file for STMicroelectronics.X-CUBE-SFXS2LP1.4.0.0
2026-04-07 17:55:28,862 [WARN] PackLoader:240 - Cannot read IP mode file for STMicroelectronics.X-CUBE-ST67W61.1.2.0
2026-04-07 17:55:28,881 [WARN] PackLoader:240 - Cannot read IP mode file for STMicroelectronics.X-CUBE-BLEMGR.4.1.0
2026-04-07 17:55:28,925 [WARN] ConditionMgr:438 - getConditionDescription Invalid condition id : UX DEVICE CLASS RTOS Condition cause : null
2026-04-07 17:55:28,925 [WARN] ConditionMgr:438 - getConditionDescription Invalid condition id : UX DEVICE CLASS RTOS Condition cause : null
2026-04-07 17:55:28,927 [WARN] PackLoader:240 - Cannot read IP mode file for STMicroelectronics.X-CUBE-AZRTOS-WB.2.0.0
2026-04-07 17:55:28,927 [WARN] ConditionMgr:1044 - genDependencies : Invalid condition id : UX DEVICE CLASS RTOS Condition cause : null
2026-04-07 17:55:28,927 [WARN] ConditionMgr:1044 - genDependencies : Invalid condition id : UX DEVICE CLASS RTOS Condition cause : null
2026-04-07 17:55:28,928 [WARN] ConditionMgr:1044 - genDependencies : Invalid condition id : UX DEVICE CLASS RTOS Condition cause : null
2026-04-07 17:55:28,928 [WARN] ConditionMgr:1044 - genDependencies : Invalid condition id : UX DEVICE CLASS RTOS Condition cause : null
2026-04-07 17:55:28,928 [WARN] ConditionMgr:1044 - genDependencies : Invalid condition id : UX DEVICE CLASS RTOS Condition cause : null
2026-04-07 17:55:28,941 [INFO] WebApp:225 - Starting web application
2026-04-07 17:55:28,941 [INFO] WebApp:593 - Web application path used C:\ST\STM32CubeIDE_1.19.0\STM32CubeIDE\plugins\com.st.stm32cube.common.mx_6.15.0.202507011659\db\plugins\mcufinder\reactClient1\index.html
2026-04-07 17:55:28,946 [WARN] PackLoader:240 - Cannot read IP mode file for STMicroelectronics.X-CUBE-GNSS1.7.0.1
2026-04-07 17:55:28,986 [WARN] ConditionMgr:438 - getConditionDescription Invalid condition id : Cortex-A Device cause : null
2026-04-07 17:55:29,020 [WARN] ConditionMgr:1044 - genDependencies : Invalid condition id : Cortex-A Device cause : null
2026-04-07 17:55:29,020 [WARN] ConditionMgr:1044 - genDependencies : Invalid condition id : Cortex-A Device cause : null
2026-04-07 17:55:29,020 [WARN] ConditionMgr:1044 - genDependencies : Invalid condition id : Cortex-A Device cause : null
2026-04-07 17:55:29,146 [WARN] PackLoader:240 - Cannot read IP mode file for STMicroelectronics.X-CUBE-STSE01.2.0.0
2026-04-07 17:55:29,189 [WARN] PackLoader:240 - Cannot read IP mode file for STMicroelectronics.X-CUBE-SUBG2.5.0.0
2026-04-07 17:55:29,289 [WARN] PackLoader:240 - Cannot read IP mode file for STMicroelectronics.X-CUBE-AZRTOS-H7RS.1.1.0
2026-04-07 17:55:29,432 [WARN] PackLoader:240 - Cannot read IP mode file for STMicroelectronics.X-CUBE-AZRTOS-G4.2.0.0
2026-04-07 17:55:29,468 [WARN] PackLoader:240 - Cannot read IP mode file for wolfSSL.I-CUBE-wolfSSH.1.4.20
2026-04-07 17:55:29,500 [WARN] PackLoader:240 - Cannot read IP mode file for STMicroelectronics.X-CUBE-NFC7.2.0.0
2026-04-07 17:55:29,525 [WARN] PackLoader:240 - Cannot read IP mode file for STMicroelectronics.X-CUBE-ALS.1.0.2
2026-04-07 17:55:29,559 [WARN] PackLoader:240 - Cannot read IP mode file for STMicroelectronics.X-CUBE-STSE01.1.0.0
2026-04-07 17:55:29,558 [INFO] WebApp:191 - Connection restablished
2026-04-07 17:55:29,594 [WARN] PackLoader:240 - Cannot read IP mode file for STMicroelectronics.X-CUBE-TOF1.3.4.3
2026-04-07 17:55:29,606 [INFO] ThirdParty:978 - Integrity check success = true
2026-04-07 17:55:29,606 [INFO] IntegrityCheckThread:100 - exiting critical section [integrity check]
2026-04-07 17:55:29,606 [INFO] IntegrityCheckThread:103 - End integrity checks thread
2026-04-07 17:55:29,859 [INFO] UserAuth:487 - Internet connection configuration mode: 1
2026-04-07 17:58:04,172 [ERROR] LogOutputStream:75 - [STDERR_REDIRECT] 17:58:04.135 ERROR Chromium process exit code: 1,073,807,364
2026-04-07 17:58:04,182 [ERROR] LogOutputStream:75 - [STDERR_REDIRECT] 
2026-04-07 17:58:04,185 [ERROR] LogOutputStream:75 - [STDERR_REDIRECT] 17:58:04.184 ERROR Crash dump dir: C:\Users\Alfred\AppData\Local\JxBrowser\7.41.4\CrashReports
2026-04-07 17:58:04,185 [ERROR] LogOutputStream:75 - [STDERR_REDIRECT] 
2026-04-07 17:58:04,205 [ERROR] WebApp:412 - JxBrowser engine crashed! Exit code: 1073807364
2026-04-07 18:00:41,032 [ERROR] LogOutputStream:75 - [STDERR_REDIRECT] 
