2026-02-20 12:39:11,594 [INFO] Activator:176 - 


2026-02-20 12:39:11,602 [INFO] Activator:177 - !SESSION log4j initialized
2026-02-20 12:39:19,326 [INFO] LogOutputStream:77 - [STDOUT_REDIRECT] 
2026-02-20 12:39:20,884 [INFO] ApplicationProperties:184 - Using Application install path: C:\ST\STM32CubeIDE_1.19.0\STM32CubeIDE\plugins\com.st.stm32cube.common.mx_6.15.0.202507011659
2026-02-20 12:39:20,902 [INFO] DbMcusXml:78 - Set database path to: C:\ST\STM32CubeIDE_1.19.0\STM32CubeIDE\plugins\com.st.stm32cube.common.mx_6.15.0.202507011659\\db\/mcu/
2026-02-20 12:39:20,902 [INFO] ApiDb:274 - Set plugin database path to: C:\ST\STM32CubeIDE_1.19.0\STM32CubeIDE\plugins\com.st.stm32cube.common.mx_6.15.0.202507011659\\db\/plugins/boardmanager/
2026-02-20 12:39:20,902 [WARN] ApiDb:259 - Overriding images path with different value:  => C:\ST\STM32CubeIDE_1.19.0\STM32CubeIDE\plugins\com.st.stm32cube.common.mx_6.15.0.202507011659\\db\/plugins/mcufinder/images/
2026-02-20 12:39:20,910 [INFO] ApiDb:250 - Set database path to: C:\Users\Alfred\.stmcufinder\plugins\mcufinder//mcu/
2026-02-20 12:39:20,911 [INFO] DbMcusAds:125 - Set database path to: C:\Users\Alfred\.stmcufinder\plugins\mcufinder//mcu/
2026-02-20 12:39:20,913 [INFO] CrossReferenceDbSqlite:203 - Set database path to: C:\Users\Alfred\.stmcufinder\plugins\mcufinder//mcu/cs/
2026-02-20 12:39:21,042 [INFO] RulesReader:64 - Compatibility file has been processed (317 Rules)
2026-02-20 12:39:21,131 [INFO] DbMcusXml:78 - Set database path to: C:\ST\STM32CubeIDE_1.19.0\STM32CubeIDE\plugins\com.st.stm32cube.common.mx_6.15.0.202507011659\\db\/mcu/
2026-02-20 12:39:21,131 [INFO] ApiDb:274 - Set plugin database path to: C:\ST\STM32CubeIDE_1.19.0\STM32CubeIDE\plugins\com.st.stm32cube.common.mx_6.15.0.202507011659\\db\/plugins/boardmanager/
2026-02-20 12:39:21,131 [INFO] ApiDb:261 - Set plugin images path to: C:\ST\STM32CubeIDE_1.19.0\STM32CubeIDE\plugins\com.st.stm32cube.common.mx_6.15.0.202507011659\\db\/plugins/mcufinder/images/
2026-02-20 12:39:21,131 [WARN] DbFile:41 - Overriding database path with different value: C:\Users\Alfred\.stmcufinder\plugins\mcufinder/ => C:\Users\Alfred\.stmcufinder\plugins\mcufinder
2026-02-20 12:39:21,131 [INFO] ApiDb:250 - Set database path to: C:\Users\Alfred\.stmcufinder\plugins\mcufinder//mcu/
2026-02-20 12:39:21,131 [WARN] DbFile:41 - Overriding database path with different value: C:\Users\Alfred\.stmcufinder\plugins\mcufinder/ => C:\Users\Alfred\.stmcufinder\plugins\mcufinder
2026-02-20 12:39:21,131 [INFO] DbMcusAds:125 - Set database path to: C:\Users\Alfred\.stmcufinder\plugins\mcufinder//mcu/
2026-02-20 12:39:21,131 [WARN] DbFile:41 - Overriding database path with different value: C:\Users\Alfred\.stmcufinder\plugins\mcufinder/ => C:\Users\Alfred\.stmcufinder\plugins\mcufinder
2026-02-20 12:39:21,132 [WARN] DbFile:41 - Overriding database path with different value: C:\Users\Alfred\.stmcufinder\plugins\mcufinder/ => C:\Users\Alfred\.stmcufinder\plugins\mcufinder
2026-02-20 12:39:21,132 [INFO] CrossReferenceDbSqlite:203 - Set database path to: C:\Users\Alfred\.stmcufinder\plugins\mcufinder//mcu/cs/
2026-02-20 12:39:21,204 [INFO] MainPanel:274 - HeapMemory: 268435456
2026-02-20 12:39:21,311 [INFO] DbMcusXml:78 - Set database path to: C:\ST\STM32CubeIDE_1.19.0\STM32CubeIDE\plugins\com.st.stm32cube.common.mx_6.15.0.202507011659\\db\/mcu/
2026-02-20 12:39:21,312 [INFO] ApiDb:274 - Set plugin database path to: C:\ST\STM32CubeIDE_1.19.0\STM32CubeIDE\plugins\com.st.stm32cube.common.mx_6.15.0.202507011659\\db\/plugins/boardmanager/
2026-02-20 12:39:21,312 [INFO] ApiDb:261 - Set plugin images path to: C:\ST\STM32CubeIDE_1.19.0\STM32CubeIDE\plugins\com.st.stm32cube.common.mx_6.15.0.202507011659\\db\/plugins/mcufinder/images/
2026-02-20 12:39:21,312 [WARN] DbFile:41 - Overriding database path with different value: C:\Users\Alfred\.stmcufinder\plugins\mcufinder/ => C:\Users\Alfred\.stmcufinder\plugins\mcufinder
2026-02-20 12:39:21,312 [INFO] ApiDb:250 - Set database path to: C:\Users\Alfred\.stmcufinder\plugins\mcufinder//mcu/
2026-02-20 12:39:21,312 [WARN] DbFile:41 - Overriding database path with different value: C:\Users\Alfred\.stmcufinder\plugins\mcufinder/ => C:\Users\Alfred\.stmcufinder\plugins\mcufinder
2026-02-20 12:39:21,312 [INFO] DbMcusAds:125 - Set database path to: C:\Users\Alfred\.stmcufinder\plugins\mcufinder//mcu/
2026-02-20 12:39:21,313 [WARN] DbFile:41 - Overriding database path with different value: C:\Users\Alfred\.stmcufinder\plugins\mcufinder/ => C:\Users\Alfred\.stmcufinder\plugins\mcufinder
2026-02-20 12:39:21,313 [WARN] DbFile:41 - Overriding database path with different value: C:\Users\Alfred\.stmcufinder\plugins\mcufinder/ => C:\Users\Alfred\.stmcufinder\plugins\mcufinder
2026-02-20 12:39:21,313 [INFO] CrossReferenceDbSqlite:203 - Set database path to: C:\Users\Alfred\.stmcufinder\plugins\mcufinder//mcu/cs/
2026-02-20 12:39:21,329 [INFO] ApplicationProperties:184 - Using Application install path: C:\ST\STM32CubeIDE_1.19.0\STM32CubeIDE\plugins\com.st.stm32cube.common.mx_6.15.0.202507011659
2026-02-20 12:39:21,330 [INFO] PluginManage:196 - Search for loadable plugins [exclusion list=, ]
2026-02-20 12:39:21,331 [INFO] PluginManage:310 - Check plugin analytics
2026-02-20 12:39:21,535 [INFO] AnalyticsPlugin:253 - Accepted Software Licenses: 
2026-02-20 12:39:21,535 [INFO] AnalyticsPlugin:255 - Accepted CMSIS Pack Licenses: 
2026-02-20 12:39:21,536 [INFO] AnalyticsPlugin:257 - Accepted Firmware Licenses: FW.G0.1.6.0
2026-02-20 12:39:21,540 [INFO] PluginManage:359 - Loaded plugin analytics (category:tool,tabindex:-1)
2026-02-20 12:39:21,541 [INFO] PluginManage:310 - Check plugin cadmodel
2026-02-20 12:39:21,561 [INFO] CADModel:105 - Init CAD model plugin
2026-02-20 12:39:21,561 [INFO] PluginManage:359 - Loaded plugin cadmodel (category:power,tabindex:5)
2026-02-20 12:39:21,561 [INFO] PluginManage:310 - Check plugin clock
2026-02-20 12:39:21,582 [INFO] PluginManage:359 - Loaded plugin clock (category:base,tabindex:2)
2026-02-20 12:39:21,582 [INFO] PluginManage:310 - Check plugin ddr
2026-02-20 12:39:21,585 [INFO] PluginManage:359 - Loaded plugin ddr (category:tool,tabindex:6)
2026-02-20 12:39:21,585 [INFO] PluginManage:310 - Check plugin filemanager
2026-02-20 12:39:21,733 [INFO] PluginManage:359 - Loaded plugin filemanager (category:base,tabindex:10)
2026-02-20 12:39:21,733 [INFO] PluginManage:310 - Check plugin ipmanager
2026-02-20 12:39:21,741 [INFO] PluginManage:359 - Loaded plugin ipmanager (category:base,tabindex:5)
2026-02-20 12:39:21,741 [INFO] PluginManage:310 - Check plugin lpbam
2026-02-20 12:39:21,761 [INFO] PluginManage:359 - Loaded plugin lpbam (category:base,tabindex:0)
2026-02-20 12:39:21,761 [INFO] PluginManage:310 - Check plugin memorymap
2026-02-20 12:39:21,785 [INFO] PluginManage:359 - Loaded plugin memorymap (category:base,tabindex:4)
2026-02-20 12:39:21,785 [INFO] PluginManage:310 - Check plugin pinoutandconfiguration
2026-02-20 12:39:21,804 [INFO] PluginManage:359 - Loaded plugin pinoutandconfiguration (category:base,tabindex:1)
2026-02-20 12:39:21,805 [INFO] PluginManage:310 - Check plugin pinoutconfig
2026-02-20 12:39:21,904 [WARN] SupportedApi:132 - Cannot load RTOS API schema: s4s-elt-must-match.1: The content of 'definitions' must match (annotation?, (simpleType | complexType)?, (unique | key | keyref)*)). A problem was found starting at: attribute.
2026-02-20 12:39:22,049 [INFO] PluginManage:359 - Loaded plugin pinoutconfig (category:base,tabindex:0)
2026-02-20 12:39:22,049 [INFO] PluginManage:310 - Check plugin power
2026-02-20 12:39:22,076 [INFO] PluginManage:359 - Loaded plugin power (category:power,tabindex:4)
2026-02-20 12:39:22,076 [INFO] PluginManage:310 - Check plugin projectmanager
2026-02-20 12:39:22,094 [INFO] PluginManage:359 - Loaded plugin projectmanager (category:projectmanager,tabindex:4)
2026-02-20 12:39:22,094 [INFO] PluginManage:310 - Check plugin rif
2026-02-20 12:39:22,115 [INFO] PluginManage:359 - Loaded plugin rif (category:base,tabindex:3)
2026-02-20 12:39:22,115 [INFO] PluginManage:310 - Check plugin thirdparty
2026-02-20 12:39:22,449 [INFO] PluginManage:359 - Loaded plugin thirdparty (category:base,tabindex:-1)
2026-02-20 12:39:22,449 [WARN] IntegrityCheckThread:84 - waiting for thirdparty lock release [integrity check]
2026-02-20 12:39:22,450 [INFO] IntegrityCheckThread:86 - entering critical section [integrity check]
2026-02-20 12:39:22,450 [INFO] PluginManage:310 - Check plugin tools
2026-02-20 12:39:22,450 [INFO] ThirdPartyUpdaterWithRetryManager:70 - Updater plugin not ready yet. [1/15]
2026-02-20 12:39:22,492 [INFO] PluginManage:359 - Loaded plugin tools (category:base,tabindex:7)
2026-02-20 12:39:22,492 [INFO] PluginManage:310 - Check plugin tutovideos
2026-02-20 12:39:22,716 [INFO] PluginManage:359 - Loaded plugin tutovideos (category:base,tabindex:-1)
2026-02-20 12:39:22,716 [INFO] PluginManage:310 - Check plugin updater
2026-02-20 12:39:22,739 [INFO] PluginManage:359 - Loaded plugin updater (category:base,tabindex:12)
2026-02-20 12:39:22,739 [INFO] PluginManage:310 - Check plugin userauth
2026-02-20 12:39:22,743 [INFO] UserAuth:118 - Init User Auth plugin
2026-02-20 12:39:22,744 [INFO] PluginManage:359 - Loaded plugin userauth (category:base,tabindex:14)
2026-02-20 12:39:22,744 [INFO] PluginManage:283 - PluginManage : Loaded plugins [18]
2026-02-20 12:39:22,949 [INFO] PinOutPanel:1589 - setPackage(No Configuration,No Configuration)
2026-02-20 12:39:23,042 [INFO] CADModel:165 - CPN selected for project level
2026-02-20 12:39:23,042 [INFO] CADModel:114 - Register for checkConnection events
2026-02-20 12:39:23,072 [INFO] IPUIPlugin:80 - create IPUIPlugin
2026-02-20 12:39:23,072 [INFO] PluginManager:220 - loadIPPluginJar : add adc
2026-02-20 12:39:23,122 [INFO] IPUIPlugin:80 - create IPUIPlugin
2026-02-20 12:39:23,122 [INFO] PluginManager:220 - loadIPPluginJar : add aes
2026-02-20 12:39:23,175 [INFO] IPUIPlugin:80 - create IPUIPlugin
2026-02-20 12:39:23,175 [INFO] PluginManager:220 - loadIPPluginJar : add can
2026-02-20 12:39:23,207 [INFO] IPUIPlugin:80 - create IPUIPlugin
2026-02-20 12:39:23,208 [INFO] PluginManager:220 - loadIPPluginJar : add comp
2026-02-20 12:39:23,250 [INFO] IPUIPlugin:80 - create IPUIPlugin
2026-02-20 12:39:23,250 [INFO] PluginManager:220 - loadIPPluginJar : add cryp
2026-02-20 12:39:23,263 [INFO] IPUIPlugin:80 - create IPUIPlugin
2026-02-20 12:39:23,264 [INFO] PluginManager:220 - loadIPPluginJar : add ddr_ctrl_phy
2026-02-20 12:39:23,296 [INFO] IPUIPlugin:80 - create IPUIPlugin
2026-02-20 12:39:23,297 [INFO] PluginManager:220 - loadIPPluginJar : add dfsdm
2026-02-20 12:39:23,316 [INFO] IPUIPlugin:80 - create IPUIPlugin
2026-02-20 12:39:23,316 [INFO] PluginManager:220 - loadIPPluginJar : add dma
2026-02-20 12:39:23,360 [INFO] IPUIPlugin:80 - create IPUIPlugin
2026-02-20 12:39:23,360 [INFO] PluginManager:220 - loadIPPluginJar : add dma3
2026-02-20 12:39:23,412 [INFO] IPUIPlugin:80 - create IPUIPlugin
2026-02-20 12:39:23,412 [INFO] PluginManager:220 - loadIPPluginJar : add extmemmanager
2026-02-20 12:39:23,438 [INFO] IPUIPlugin:80 - create IPUIPlugin
2026-02-20 12:39:23,438 [INFO] PluginManager:220 - loadIPPluginJar : add fatfs
2026-02-20 12:39:23,491 [INFO] IPUIPlugin:80 - create IPUIPlugin
2026-02-20 12:39:23,491 [INFO] PluginManager:220 - loadIPPluginJar : add fmc
2026-02-20 12:39:23,508 [INFO] IPUIPlugin:80 - create IPUIPlugin
2026-02-20 12:39:23,508 [INFO] PluginManager:220 - loadIPPluginJar : add freertos
2026-02-20 12:39:23,532 [INFO] IPUIPlugin:80 - create IPUIPlugin
2026-02-20 12:39:23,532 [INFO] PluginManager:220 - loadIPPluginJar : add genericplugin
2026-02-20 12:39:23,634 [INFO] IPUIPlugin:80 - create IPUIPlugin
2026-02-20 12:39:23,634 [INFO] PluginManager:220 - loadIPPluginJar : add gfxmmu
2026-02-20 12:39:23,793 [INFO] IPUIPlugin:80 - create IPUIPlugin
2026-02-20 12:39:23,793 [INFO] PluginManager:220 - loadIPPluginJar : add gic
2026-02-20 12:39:23,811 [INFO] IPUIPlugin:80 - create IPUIPlugin
2026-02-20 12:39:23,811 [INFO] PluginManager:220 - loadIPPluginJar : add gpio
2026-02-20 12:39:23,916 [INFO] IPUIPlugin:80 - create IPUIPlugin
2026-02-20 12:39:23,916 [INFO] PluginManager:220 - loadIPPluginJar : add gtzc
2026-02-20 12:39:23,954 [INFO] IPUIPlugin:80 - create IPUIPlugin
2026-02-20 12:39:23,954 [INFO] PluginManager:220 - loadIPPluginJar : add hash
2026-02-20 12:39:24,013 [INFO] IPUIPlugin:80 - create IPUIPlugin
2026-02-20 12:39:24,013 [INFO] PluginManager:220 - loadIPPluginJar : add i2c
2026-02-20 12:39:24,066 [INFO] IPUIPlugin:80 - create IPUIPlugin
2026-02-20 12:39:24,066 [INFO] PluginManager:220 - loadIPPluginJar : add i2s
2026-02-20 12:39:24,112 [INFO] IPUIPlugin:80 - create IPUIPlugin
2026-02-20 12:39:24,113 [INFO] PluginManager:220 - loadIPPluginJar : add i3c
2026-02-20 12:39:24,239 [INFO] IPUIPlugin:80 - create IPUIPlugin
2026-02-20 12:39:24,239 [INFO] PluginManager:220 - loadIPPluginJar : add ipddr
2026-02-20 12:39:24,336 [INFO] IPUIPlugin:80 - create IPUIPlugin
2026-02-20 12:39:24,336 [INFO] PluginManager:220 - loadIPPluginJar : add linkedlist
2026-02-20 12:39:24,389 [INFO] IPUIPlugin:80 - create IPUIPlugin
2026-02-20 12:39:24,389 [INFO] PluginManager:220 - loadIPPluginJar : add lorawan
2026-02-20 12:39:24,431 [INFO] IPUIPlugin:80 - create IPUIPlugin
2026-02-20 12:39:24,432 [INFO] PluginManager:220 - loadIPPluginJar : add ltdc
2026-02-20 12:39:24,447 [INFO] IPUIPlugin:80 - create IPUIPlugin
2026-02-20 12:39:24,447 [INFO] PluginManager:220 - loadIPPluginJar : add mdma
2026-02-20 12:39:24,463 [INFO] IPUIPlugin:80 - create IPUIPlugin
2026-02-20 12:39:24,463 [INFO] PluginManager:220 - loadIPPluginJar : add nvic
2026-02-20 12:39:24,510 [INFO] IPUIPlugin:80 - create IPUIPlugin
2026-02-20 12:39:24,510 [INFO] PluginManager:220 - loadIPPluginJar : add opamp
2026-02-20 12:39:24,578 [INFO] IPUIPlugin:80 - create IPUIPlugin
2026-02-20 12:39:24,578 [INFO] PluginManager:220 - loadIPPluginJar : add openamp
2026-02-20 12:39:24,639 [INFO] IPUIPlugin:80 - create IPUIPlugin
2026-02-20 12:39:24,639 [INFO] PluginManager:220 - loadIPPluginJar : add pdm2pcm
2026-02-20 12:39:24,654 [INFO] IPUIPlugin:80 - create IPUIPlugin
2026-02-20 12:39:24,656 [INFO] PluginManager:220 - loadIPPluginJar : add plateformsettings
2026-02-20 12:39:24,683 [INFO] IPUIPlugin:80 - create IPUIPlugin
2026-02-20 12:39:24,683 [INFO] PluginManager:220 - loadIPPluginJar : add quadspi
2026-02-20 12:39:24,713 [INFO] IPUIPlugin:80 - create IPUIPlugin
2026-02-20 12:39:24,713 [INFO] PluginManager:220 - loadIPPluginJar : add radio
2026-02-20 12:39:24,727 [INFO] IPUIPlugin:80 - create IPUIPlugin
2026-02-20 12:39:24,727 [INFO] PluginManager:220 - loadIPPluginJar : add resmgrutility
2026-02-20 12:39:24,780 [INFO] IPUIPlugin:80 - create IPUIPlugin
2026-02-20 12:39:24,780 [INFO] PluginManager:220 - loadIPPluginJar : add sai
2026-02-20 12:39:24,820 [INFO] IPUIPlugin:80 - create IPUIPlugin
2026-02-20 12:39:24,820 [INFO] PluginManager:220 - loadIPPluginJar : add spi
2026-02-20 12:39:24,904 [INFO] IPUIPlugin:80 - create IPUIPlugin
2026-02-20 12:39:24,904 [INFO] PluginManager:220 - loadIPPluginJar : add stm32_wpan
2026-02-20 12:39:24,933 [INFO] IPUIPlugin:80 - create IPUIPlugin
2026-02-20 12:39:24,933 [INFO] PluginManager:220 - loadIPPluginJar : add tim
2026-02-20 12:39:25,004 [INFO] IPUIPlugin:80 - create IPUIPlugin
2026-02-20 12:39:25,004 [INFO] PluginManager:220 - loadIPPluginJar : add touchsensing
2026-02-20 12:39:25,033 [INFO] IPUIPlugin:80 - create IPUIPlugin
2026-02-20 12:39:25,033 [INFO] PluginManager:220 - loadIPPluginJar : add tracer_emb
2026-02-20 12:39:25,060 [INFO] IPUIPlugin:80 - create IPUIPlugin
2026-02-20 12:39:25,060 [INFO] PluginManager:220 - loadIPPluginJar : add ts
2026-02-20 12:39:25,087 [INFO] IPUIPlugin:80 - create IPUIPlugin
2026-02-20 12:39:25,087 [INFO] PluginManager:220 - loadIPPluginJar : add tsc
2026-02-20 12:39:25,113 [INFO] IPUIPlugin:80 - create IPUIPlugin
2026-02-20 12:39:25,113 [INFO] PluginManager:220 - loadIPPluginJar : add ucpd
2026-02-20 12:39:25,161 [INFO] IPUIPlugin:80 - create IPUIPlugin
2026-02-20 12:39:25,161 [INFO] PluginManager:220 - loadIPPluginJar : add usart
2026-02-20 12:39:25,213 [INFO] IPUIPlugin:80 - create IPUIPlugin
2026-02-20 12:39:25,213 [INFO] PluginManager:220 - loadIPPluginJar : add usbx
2026-02-20 12:39:25,346 [FATAL] Updater:351 - Updater called before beeing initialized
2026-02-20 12:39:25,368 [INFO] RulesReader:64 - Compatibility file has been processed (317 Rules)
2026-02-20 12:39:25,380 [INFO] RulesReader:64 - Compatibility file has been processed (317 Rules)
2026-02-20 12:39:25,390 [INFO] CADModel:165 - CPN selected for project level
2026-02-20 12:39:25,390 [INFO] CADModel:114 - Register for checkConnection events
2026-02-20 12:39:25,390 [FATAL] Updater:351 - Updater called before beeing initialized
2026-02-20 12:39:25,390 [ERROR] CADModel:125 - Updater not yet initialized, retry later 
2026-02-20 12:39:25,452 [INFO] ThirdPartyUpdaterWithRetryManager:70 - Updater plugin not ready yet. [2/15]
2026-02-20 12:39:25,547 [FATAL] Updater:351 - Updater called before beeing initialized
2026-02-20 12:39:25,549 [INFO] CADModel:165 - CPN selected for project level
2026-02-20 12:39:25,549 [INFO] CADModel:114 - Register for checkConnection events
2026-02-20 12:39:25,549 [FATAL] Updater:351 - Updater called before beeing initialized
2026-02-20 12:39:25,549 [ERROR] CADModel:125 - Updater not yet initialized, retry later 
2026-02-20 12:39:25,551 [FATAL] Updater:351 - Updater called before beeing initialized
2026-02-20 12:39:25,644 [FATAL] Updater:351 - Updater called before beeing initialized
2026-02-20 12:39:25,656 [INFO] DbMcusAds:53 - JSON generation date=Tue Feb 10 17:46:36 IST 2026 (1770725796209)
2026-02-20 12:39:25,656 [FATAL] Updater:351 - Updater called before beeing initialized
2026-02-20 12:39:25,694 [WARN] DetailPanel:346 - Failed to get advertising image, set to default
2026-02-20 12:39:25,818 [FATAL] Updater:351 - Updater called before beeing initialized
2026-02-20 12:39:25,820 [FATAL] Updater:351 - Updater called before beeing initialized
2026-02-20 12:39:25,821 [FATAL] Updater:351 - Updater called before beeing initialized
2026-02-20 12:39:25,821 [WARN] DetailPanel:346 - Failed to get advertising image, set to default
2026-02-20 12:39:25,822 [FATAL] Updater:351 - Updater called before beeing initialized
2026-02-20 12:39:25,891 [ERROR] Updater:1198 - MainUpdater not yet initialized. External WinMGr cannot be set.
2026-02-20 12:39:25,906 [INFO] Updater:1134 - Updater Version found : 6.15.0
2026-02-20 12:39:25,919 [INFO] ApplicationProperties:184 - Using Application install path: C:\ST\STM32CubeIDE_1.19.0\STM32CubeIDE\plugins\com.st.stm32cube.common.mx_6.15.0.202507011659
2026-02-20 12:39:26,354 [INFO] MainUpdater:2872 - connection check result : 10
2026-02-20 12:39:26,354 [INFO] MainUpdater:3604 - Updater definition file requires update
2026-02-20 12:39:26,356 [INFO] MainUpdater:289 - Updater Check For Update Now.
2026-02-20 12:39:26,356 [INFO] MicroXplorer:498 - Change Database Version : DB.6.0.150
2026-02-20 12:39:26,377 [INFO] McuFinderGlobals:63 - Set McuFinder mode to 2 (CubeIDE integrated)
2026-02-20 12:39:26,385 [INFO] UserAuth:487 - Internet connection configuration mode: 1
2026-02-20 12:39:26,418 [INFO] JxBrowserEngine:152 - Initiate JxBrowser Engine with user profile folder
2026-02-20 12:39:26,435 [INFO] ServerAccessManage:452 - Complete download http(s) 200
2026-02-20 12:39:26,436 [INFO] ServerAccessManage:509 - Download File updaters.zip
2026-02-20 12:39:26,604 [INFO] FileExtend:248 - Unzip File : updaters.zip
2026-02-20 12:39:26,604 [INFO] FileExtend:263 - Standard Zip Deflate
2026-02-20 12:39:27,590 [INFO] ServerAccessManage:452 - Complete download http(s) 200
2026-02-20 12:39:27,590 [INFO] ServerAccessManage:509 - Download File PacksControlFlags.xml
2026-02-20 12:39:27,717 [INFO] ServerAccessManage:452 - Complete download http(s) 200
2026-02-20 12:39:27,717 [INFO] ServerAccessManage:509 - Download File cubemx.pidx
2026-02-20 12:39:28,452 [WARN] MainUpdater:1193 - Updater busy. Cannot search thirdparties
2026-02-20 12:39:28,452 [INFO] ThirdPartyUpdaterWithRetryManager:96 - Updater plugin is busy. [1/15]
2026-02-20 12:39:28,577 [INFO] ServerAccessManage:452 - Complete download http(s) 200
2026-02-20 12:39:28,577 [INFO] ServerAccessManage:509 - Download File STMicroelectronics.FP-SNS-MOTENVWB1.pdsc
2026-02-20 12:39:28,782 [INFO] WebApp:169 - Instantiating new browser for Auth
2026-02-20 12:39:30,386 [INFO] WebApp:463 - Apply proxy settings
2026-02-20 12:39:30,387 [INFO] WebApp:548 - Chromium requires no authentication
2026-02-20 12:39:30,419 [INFO] WebApp:491 - Direct internet connection detected
2026-02-20 12:39:30,546 [INFO] WebApp:900 - Register for checkConnection events
2026-02-20 12:39:30,547 [INFO] WebApp:463 - Apply proxy settings
2026-02-20 12:39:30,547 [INFO] WebApp:548 - Chromium requires no authentication
2026-02-20 12:39:30,547 [INFO] WebApp:491 - Direct internet connection detected
2026-02-20 12:39:30,710 [WARN] PackLoader:240 - Cannot read IP mode file for STMicroelectronics.FP-SNS-MOTENVWB1.1.5.0
2026-02-20 12:39:30,713 [INFO] PopulateThirdPartyThread:66 - Ending populate Thread
2026-02-20 12:39:30,715 [INFO] ThirdParty:1030 - CMSIS Pack Vendor :STMicroelectronics FP-SNS-MOTENVWB1 1.5.0
2026-02-20 12:39:30,715 [INFO] LoadServerUpdatesThread:375 - End of LoadServerUpdate Thread
2026-02-20 12:39:30,806 [INFO] CheckServerUpdateThread:120 - End of CheckServer Thread
2026-02-20 12:39:30,914 [INFO] WebApp:225 - Starting web application
2026-02-20 12:39:30,914 [INFO] WebApp:593 - Web application path used C:\ST\STM32CubeIDE_1.19.0\STM32CubeIDE\plugins\com.st.stm32cube.common.mx_6.15.0.202507011659\db\plugins\mcufinder\reactClient1\index.html
2026-02-20 12:39:31,038 [INFO] WebApp:191 - Connection restablished
2026-02-20 12:39:31,123 [INFO] UserAuth:487 - Internet connection configuration mode: 1
2026-02-20 12:39:31,865 [WARN] PackLoader:240 - Cannot read IP mode file for STMicroelectronics.FP-SNS-MOTENVWB1.1.4.0
2026-02-20 12:39:31,874 [WARN] PackLoader:240 - Cannot read IP mode file for STMicroelectronics.FP-ATR-ASTRA1.2.0.2
2026-02-20 12:39:31,898 [WARN] PackLoader:240 - Cannot read IP mode file for STMicroelectronics.X-CUBE-SMBUS.2.1.0
2026-02-20 12:39:31,944 [WARN] PackLoader:240 - Cannot read IP mode file for STMicroelectronics.X-CUBE-AZRTOS-F7.1.1.0
2026-02-20 12:39:31,957 [WARN] PackLoader:240 - Cannot read IP mode file for Cesanta.I-CUBE-Mongoose.7.19.0
2026-02-20 12:39:31,979 [WARN] PackLoader:240 - Cannot read IP mode file for STMicroelectronics.FP-SNS-MOTENV1.5.1.0
2026-02-20 12:39:32,016 [WARN] PackLoader:240 - Cannot read IP mode file for WES.I-CUBE-Cesium.1.4.0
2026-02-20 12:39:32,066 [WARN] PackLoader:240 - Cannot read IP mode file for Infineon.AIROC-Wi-Fi-Bluetooth-STM32.1.7.1
2026-02-20 12:39:32,124 [WARN] PackLoader:240 - Cannot read IP mode file for STMicroelectronics.X-CUBE-AZRTOS-H7.3.4.0
2026-02-20 12:39:32,154 [WARN] PackLoader:240 - Cannot read IP mode file for STMicroelectronics.X-CUBE-DISPLAY.3.0.0
2026-02-20 12:39:32,164 [WARN] PackLoader:240 - Cannot read IP mode file for STMicroelectronics.FP-SNS-MOTENVWB1.1.5.0
2026-02-20 12:39:32,199 [WARN] PackLoader:240 - Cannot read IP mode file for STMicroelectronics.X-CUBE-NFC10.1.0.0
2026-02-20 12:39:32,224 [WARN] PackLoader:240 - Cannot read IP mode file for STMicroelectronics.X-CUBE-ST60.1.1.0
2026-02-20 12:39:32,246 [WARN] PackLoader:240 - Cannot read IP mode file for emotas.I-CUBE-CANOPEN.1.3.0
2026-02-20 12:39:32,270 [WARN] PackLoader:240 - Cannot read IP mode file for STMicroelectronics.X-CUBE-GNSS1.7.1.0
2026-02-20 12:39:32,298 [WARN] PackLoader:240 - Cannot read IP mode file for STMicroelectronics.FP-SNS-STBOX1.2.1.0
2026-02-20 12:39:32,325 [WARN] PackLoader:240 - Cannot read IP mode file for STMicroelectronics.FP-SNS-SMARTAG2.1.2.0
2026-02-20 12:39:32,333 [WARN] PackLoader:240 - Cannot read IP mode file for STMicroelectronics.FP-SNS-FLIGHT1.5.1.0
2026-02-20 12:39:32,376 [INFO] LogOutputStream:77 - [STDOUT_REDIRECT] 1 : Invalid condition id : UX_CORESTACK_Condition cause : null
2026-02-20 12:39:32,377 [INFO] LogOutputStream:77 - [STDOUT_REDIRECT] 1 : Invalid condition id : UX_CORESTACK_Condition cause : null
2026-02-20 12:39:32,379 [INFO] LogOutputStream:77 - [STDOUT_REDIRECT] 1 : Invalid condition id : UX_CORESTACK_Condition cause : null
2026-02-20 12:39:32,384 [INFO] LogOutputStream:77 - [STDOUT_REDIRECT] 1 : Invalid condition id : UX_CORESTACK_Condition cause : null
2026-02-20 12:39:32,386 [INFO] LogOutputStream:77 - [STDOUT_REDIRECT] 1 : Invalid condition id : UX_CORESTACK_Condition cause : null
2026-02-20 12:39:32,393 [WARN] PackLoader:240 - Cannot read IP mode file for STMicroelectronics.X-CUBE-AZRTOS-WL.2.0.0
2026-02-20 12:39:32,419 [WARN] PackLoader:240 - Cannot read IP mode file for STMicroelectronics.FP-SNS-MOTENV1.5.0.0
2026-02-20 12:39:32,465 [WARN] PackLoader:240 - Cannot read IP mode file for STMicroelectronics.X-CUBE-AZRTOS-H7RS.1.2.0
2026-02-20 12:39:32,493 [WARN] PackLoader:240 - Cannot read IP mode file for STMicroelectronics.X-CUBE-BLE2.3.3.0
2026-02-20 12:39:32,549 [WARN] PackLoader:240 - Cannot read IP mode file for STMicroelectronics.X-CUBE-NFC9.1.0.0
2026-02-20 12:39:32,569 [WARN] PackLoader:240 - Cannot read IP mode file for wolfSSL.I-CUBE-wolfSSL.5.8.2
2026-02-20 12:39:32,591 [WARN] PackLoader:240 - Cannot read IP mode file for STMicroelectronics.X-CUBE-BLE1.7.1.0
2026-02-20 12:39:32,596 [WARN] PackLoader:240 - Cannot read IP mode file for wolfSSL.I-CUBE-wolfMQTT.1.19.2
2026-02-20 12:39:32,616 [WARN] PackLoader:240 - Cannot read IP mode file for STMicroelectronics.X-CUBE-FREERTOS.1.4.0
2026-02-20 12:39:32,635 [WARN] PackLoader:240 - Cannot read IP mode file for STMicroelectronics.X-CUBE-EEPRMA1.5.2.0
2026-02-20 12:39:32,657 [WARN] PackLoader:240 - Cannot read IP mode file for STMicroelectronics.X-CUBE-ST67W61.1.1.0
2026-02-20 12:39:32,726 [WARN] PackLoader:240 - Cannot read IP mode file for STMicroelectronics.X-CUBE-MEMS1.12.0.0
2026-02-20 12:39:32,906 [WARN] PackLoader:240 - Cannot read IP mode file for STMicroelectronics.X-CUBE-AZRTOS-G0.1.1.0
2026-02-20 12:39:32,937 [WARN] PackLoader:240 - Cannot read IP mode file for STMicroelectronics.X-CUBE-SAFEA1.1.2.2
2026-02-20 12:39:32,974 [WARN] PackLoader:240 - Cannot read IP mode file for STMicroelectronics.X-CUBE-NFC4.3.0.0
2026-02-20 12:39:33,018 [WARN] PackLoader:240 - Cannot read IP mode file for EmbeddedOffice.I-CUBE-FS-RTOS.1.0.1
2026-02-20 12:39:33,049 [WARN] PackLoader:240 - Cannot read IP mode file for STMicroelectronics.X-CUBE-WB05N.2.0.0
2026-02-20 12:39:33,060 [WARN] PackLoader:240 - Cannot read IP mode file for wolfSSL.I-CUBE-wolfTPM.3.8.0
2026-02-20 12:39:33,085 [WARN] PackLoader:240 - Cannot read IP mode file for STMicroelectronics.X-CUBE-TCPP.4.2.0
2026-02-20 12:39:33,119 [WARN] PackLoader:240 - Cannot read IP mode file for RealThread.X-CUBE-RT-Thread_Nano.4.1.1
2026-02-20 12:39:33,127 [WARN] PackLoader:240 - Cannot read IP mode file for STMicroelectronics.FP-ATR-SIGFOX1.3.2.0
2026-02-20 12:39:33,155 [WARN] PackLoader:240 - Cannot read IP mode file for ITTIA_DB.I-CUBE-ITTIADB.8.9.0
2026-02-20 12:39:33,181 [WARN] PackLoader:240 - Cannot read IP mode file for STMicroelectronics.X-CUBE-NFC6.3.2.0
2026-02-20 12:39:33,209 [WARN] PackLoader:240 - Cannot read IP mode file for STMicroelectronics.X-CUBE-AI.10.2.0
2026-02-20 12:39:33,252 [WARN] PackLoader:240 - Cannot read IP mode file for SEGGER.I-CUBE-embOS.1.3.1
2026-02-20 12:39:33,306 [WARN] PackLoader:240 - Cannot read IP mode file for STMicroelectronics.X-CUBE-ALGOBUILD.1.4.0
2026-02-20 12:39:33,378 [WARN] PackLoader:240 - Cannot read IP mode file for STMicroelectronics.X-CUBE-MEMS1.11.3.0
2026-02-20 12:39:33,475 [WARN] PackLoader:240 - Cannot read IP mode file for STMicroelectronics.X-CUBE-PM33A1.1.0.0
2026-02-20 12:39:33,528 [WARN] PackLoader:240 - Cannot read IP mode file for STMicroelectronics.X-CUBE-AZRTOS-F4.1.1.0
2026-02-20 12:39:33,556 [WARN] PackLoader:240 - Cannot read IP mode file for STMicroelectronics.X-CUBE-ISPU.2.1.0
2026-02-20 12:39:33,587 [WARN] PackLoader:240 - Cannot read IP mode file for STMicroelectronics.X-CUBE-IPS.3.2.0
2026-02-20 12:39:33,616 [WARN] PackLoader:240 - Cannot read IP mode file for STMicroelectronics.X-CUBE-NFC12.1.0.0
2026-02-20 12:39:33,667 [WARN] PackLoader:240 - Cannot read IP mode file for STMicroelectronics.X-CUBE-AZRTOS-L5.2.0.0
2026-02-20 12:39:33,701 [WARN] PackLoader:240 - Cannot read IP mode file for STMicroelectronics.X-CUBE-NFC6.3.1.0
2026-02-20 12:39:33,727 [WARN] PackLoader:240 - Cannot read IP mode file for STMicroelectronics.X-CUBE-FREERTOS.1.3.1
2026-02-20 12:39:33,907 [WARN] PackLoader:240 - Cannot read IP mode file for STMicroelectronics.X-CUBE-TOUCHGFX.4.26.0
2026-02-20 12:39:33,933 [WARN] PackLoader:240 - Cannot read IP mode file for STMicroelectronics.FP-SNS-STAIOTCFT.1.0.0
2026-02-20 12:39:33,954 [WARN] PackLoader:240 - Cannot read IP mode file for STMicroelectronics.X-CUBE-DPower.1.3.0
2026-02-20 12:39:34,015 [WARN] ConditionMgr:438 - getConditionDescription Invalid condition id : LAN8742 Phy interface Condition cause : null
2026-02-20 12:39:34,016 [WARN] PackLoader:240 - Cannot read IP mode file for STMicroelectronics.X-CUBE-AZRTOS-L4.2.0.0
2026-02-20 12:39:34,016 [WARN] ConditionMgr:1044 - genDependencies : Invalid condition id : LAN8742 Phy interface Condition cause : null
2026-02-20 12:39:34,017 [WARN] ConditionMgr:1044 - genDependencies : Invalid condition id : LAN8742 Phy interface Condition cause : null
2026-02-20 12:39:34,017 [WARN] ConditionMgr:1044 - genDependencies : Invalid condition id : LAN8742 Phy interface Condition cause : null
2026-02-20 12:39:34,040 [WARN] PackLoader:240 - Cannot read IP mode file for STMicroelectronics.X-CUBE-SFXS2LP1.4.0.0
2026-02-20 12:39:34,066 [WARN] PackLoader:240 - Cannot read IP mode file for STMicroelectronics.X-CUBE-ST67W61.1.2.0
2026-02-20 12:39:34,097 [WARN] PackLoader:240 - Cannot read IP mode file for STMicroelectronics.X-CUBE-BLEMGR.4.1.0
2026-02-20 12:39:34,157 [WARN] ConditionMgr:438 - getConditionDescription Invalid condition id : UX DEVICE CLASS RTOS Condition cause : null
2026-02-20 12:39:34,157 [WARN] ConditionMgr:438 - getConditionDescription Invalid condition id : UX DEVICE CLASS RTOS Condition cause : null
2026-02-20 12:39:34,158 [WARN] PackLoader:240 - Cannot read IP mode file for STMicroelectronics.X-CUBE-AZRTOS-WB.2.0.0
2026-02-20 12:39:34,159 [WARN] ConditionMgr:1044 - genDependencies : Invalid condition id : UX DEVICE CLASS RTOS Condition cause : null
2026-02-20 12:39:34,159 [WARN] ConditionMgr:1044 - genDependencies : Invalid condition id : UX DEVICE CLASS RTOS Condition cause : null
2026-02-20 12:39:34,159 [WARN] ConditionMgr:1044 - genDependencies : Invalid condition id : UX DEVICE CLASS RTOS Condition cause : null
2026-02-20 12:39:34,161 [WARN] ConditionMgr:1044 - genDependencies : Invalid condition id : UX DEVICE CLASS RTOS Condition cause : null
2026-02-20 12:39:34,161 [WARN] ConditionMgr:1044 - genDependencies : Invalid condition id : UX DEVICE CLASS RTOS Condition cause : null
2026-02-20 12:39:34,186 [WARN] PackLoader:240 - Cannot read IP mode file for STMicroelectronics.X-CUBE-GNSS1.7.0.1
2026-02-20 12:39:34,196 [WARN] ConditionMgr:438 - getConditionDescription Invalid condition id : Cortex-A Device cause : null
2026-02-20 12:39:34,225 [WARN] ConditionMgr:1044 - genDependencies : Invalid condition id : Cortex-A Device cause : null
2026-02-20 12:39:34,225 [WARN] ConditionMgr:1044 - genDependencies : Invalid condition id : Cortex-A Device cause : null
2026-02-20 12:39:34,225 [WARN] ConditionMgr:1044 - genDependencies : Invalid condition id : Cortex-A Device cause : null
2026-02-20 12:39:34,257 [WARN] PackLoader:240 - Cannot read IP mode file for STMicroelectronics.X-CUBE-STSE01.2.0.0
2026-02-20 12:39:34,310 [WARN] PackLoader:240 - Cannot read IP mode file for STMicroelectronics.X-CUBE-SUBG2.5.0.0
2026-02-20 12:39:34,349 [WARN] PackLoader:240 - Cannot read IP mode file for STMicroelectronics.X-CUBE-AZRTOS-H7RS.1.1.0
2026-02-20 12:39:34,410 [WARN] PackLoader:240 - Cannot read IP mode file for STMicroelectronics.X-CUBE-AZRTOS-G4.2.0.0
2026-02-20 12:39:34,416 [WARN] PackLoader:240 - Cannot read IP mode file for wolfSSL.I-CUBE-wolfSSH.1.4.20
2026-02-20 12:39:34,433 [WARN] PackLoader:240 - Cannot read IP mode file for STMicroelectronics.X-CUBE-NFC7.2.0.0
2026-02-20 12:39:34,449 [WARN] PackLoader:240 - Cannot read IP mode file for STMicroelectronics.X-CUBE-ALS.1.0.2
2026-02-20 12:39:34,469 [WARN] PackLoader:240 - Cannot read IP mode file for STMicroelectronics.X-CUBE-STSE01.1.0.0
2026-02-20 12:39:34,496 [WARN] PackLoader:240 - Cannot read IP mode file for STMicroelectronics.X-CUBE-TOF1.3.4.3
2026-02-20 12:39:34,503 [INFO] ThirdParty:978 - Integrity check success = true
2026-02-20 12:39:34,503 [INFO] IntegrityCheckThread:100 - exiting critical section [integrity check]
2026-02-20 12:39:34,503 [INFO] IntegrityCheckThread:103 - End integrity checks thread
2026-02-20 15:01:59,103 [INFO] WebApp:194 - Connection lost
2026-02-20 15:07:34,766 [INFO] WebApp:191 - Connection restablished
2026-02-20 15:07:37,785 [INFO] WebApp:194 - Connection lost
2026-02-20 15:07:37,977 [INFO] WebApp:191 - Connection restablished
2026-02-20 16:59:50,039 [ERROR] LogOutputStream:75 - [STDERR_REDIRECT] 
