2026-03-09 11:34:43,236 [INFO] Activator:176 - 


2026-03-09 11:34:43,246 [INFO] Activator:177 - !SESSION log4j initialized
2026-03-09 11:34:56,443 [INFO] LogOutputStream:77 - [STDOUT_REDIRECT] 
2026-03-09 11:34:58,992 [INFO] ApplicationProperties:184 - Using Application install path: C:\ST\STM32CubeIDE_1.19.0\STM32CubeIDE\plugins\com.st.stm32cube.common.mx_6.15.0.202507011659
2026-03-09 11:34:59,016 [INFO] DbMcusXml:78 - Set database path to: C:\ST\STM32CubeIDE_1.19.0\STM32CubeIDE\plugins\com.st.stm32cube.common.mx_6.15.0.202507011659\\db\/mcu/
2026-03-09 11:34:59,016 [INFO] ApiDb:274 - Set plugin database path to: C:\ST\STM32CubeIDE_1.19.0\STM32CubeIDE\plugins\com.st.stm32cube.common.mx_6.15.0.202507011659\\db\/plugins/boardmanager/
2026-03-09 11:34:59,016 [WARN] ApiDb:259 - Overriding images path with different value:  => C:\ST\STM32CubeIDE_1.19.0\STM32CubeIDE\plugins\com.st.stm32cube.common.mx_6.15.0.202507011659\\db\/plugins/mcufinder/images/
2026-03-09 11:34:59,025 [INFO] ApiDb:250 - Set database path to: C:\Users\Alfred\.stmcufinder\plugins\mcufinder//mcu/
2026-03-09 11:34:59,031 [INFO] DbMcusAds:125 - Set database path to: C:\Users\Alfred\.stmcufinder\plugins\mcufinder//mcu/
2026-03-09 11:34:59,031 [INFO] CrossReferenceDbSqlite:203 - Set database path to: C:\Users\Alfred\.stmcufinder\plugins\mcufinder//mcu/cs/
2026-03-09 11:34:59,173 [INFO] RulesReader:64 - Compatibility file has been processed (317 Rules)
2026-03-09 11:34:59,298 [INFO] DbMcusXml:78 - Set database path to: C:\ST\STM32CubeIDE_1.19.0\STM32CubeIDE\plugins\com.st.stm32cube.common.mx_6.15.0.202507011659\\db\/mcu/
2026-03-09 11:34:59,298 [INFO] ApiDb:274 - Set plugin database path to: C:\ST\STM32CubeIDE_1.19.0\STM32CubeIDE\plugins\com.st.stm32cube.common.mx_6.15.0.202507011659\\db\/plugins/boardmanager/
2026-03-09 11:34:59,298 [INFO] ApiDb:261 - Set plugin images path to: C:\ST\STM32CubeIDE_1.19.0\STM32CubeIDE\plugins\com.st.stm32cube.common.mx_6.15.0.202507011659\\db\/plugins/mcufinder/images/
2026-03-09 11:34:59,299 [WARN] DbFile:41 - Overriding database path with different value: C:\Users\Alfred\.stmcufinder\plugins\mcufinder/ => C:\Users\Alfred\.stmcufinder\plugins\mcufinder
2026-03-09 11:34:59,299 [INFO] ApiDb:250 - Set database path to: C:\Users\Alfred\.stmcufinder\plugins\mcufinder//mcu/
2026-03-09 11:34:59,299 [WARN] DbFile:41 - Overriding database path with different value: C:\Users\Alfred\.stmcufinder\plugins\mcufinder/ => C:\Users\Alfred\.stmcufinder\plugins\mcufinder
2026-03-09 11:34:59,299 [INFO] DbMcusAds:125 - Set database path to: C:\Users\Alfred\.stmcufinder\plugins\mcufinder//mcu/
2026-03-09 11:34:59,299 [WARN] DbFile:41 - Overriding database path with different value: C:\Users\Alfred\.stmcufinder\plugins\mcufinder/ => C:\Users\Alfred\.stmcufinder\plugins\mcufinder
2026-03-09 11:34:59,299 [WARN] DbFile:41 - Overriding database path with different value: C:\Users\Alfred\.stmcufinder\plugins\mcufinder/ => C:\Users\Alfred\.stmcufinder\plugins\mcufinder
2026-03-09 11:34:59,299 [INFO] CrossReferenceDbSqlite:203 - Set database path to: C:\Users\Alfred\.stmcufinder\plugins\mcufinder//mcu/cs/
2026-03-09 11:34:59,401 [INFO] MainPanel:274 - HeapMemory: 268435456
2026-03-09 11:34:59,583 [INFO] DbMcusXml:78 - Set database path to: C:\ST\STM32CubeIDE_1.19.0\STM32CubeIDE\plugins\com.st.stm32cube.common.mx_6.15.0.202507011659\\db\/mcu/
2026-03-09 11:34:59,583 [INFO] ApiDb:274 - Set plugin database path to: C:\ST\STM32CubeIDE_1.19.0\STM32CubeIDE\plugins\com.st.stm32cube.common.mx_6.15.0.202507011659\\db\/plugins/boardmanager/
2026-03-09 11:34:59,583 [INFO] ApiDb:261 - Set plugin images path to: C:\ST\STM32CubeIDE_1.19.0\STM32CubeIDE\plugins\com.st.stm32cube.common.mx_6.15.0.202507011659\\db\/plugins/mcufinder/images/
2026-03-09 11:34:59,587 [WARN] DbFile:41 - Overriding database path with different value: C:\Users\Alfred\.stmcufinder\plugins\mcufinder/ => C:\Users\Alfred\.stmcufinder\plugins\mcufinder
2026-03-09 11:34:59,587 [INFO] ApiDb:250 - Set database path to: C:\Users\Alfred\.stmcufinder\plugins\mcufinder//mcu/
2026-03-09 11:34:59,587 [WARN] DbFile:41 - Overriding database path with different value: C:\Users\Alfred\.stmcufinder\plugins\mcufinder/ => C:\Users\Alfred\.stmcufinder\plugins\mcufinder
2026-03-09 11:34:59,587 [INFO] DbMcusAds:125 - Set database path to: C:\Users\Alfred\.stmcufinder\plugins\mcufinder//mcu/
2026-03-09 11:34:59,587 [WARN] DbFile:41 - Overriding database path with different value: C:\Users\Alfred\.stmcufinder\plugins\mcufinder/ => C:\Users\Alfred\.stmcufinder\plugins\mcufinder
2026-03-09 11:34:59,587 [WARN] DbFile:41 - Overriding database path with different value: C:\Users\Alfred\.stmcufinder\plugins\mcufinder/ => C:\Users\Alfred\.stmcufinder\plugins\mcufinder
2026-03-09 11:34:59,587 [INFO] CrossReferenceDbSqlite:203 - Set database path to: C:\Users\Alfred\.stmcufinder\plugins\mcufinder//mcu/cs/
2026-03-09 11:34:59,637 [INFO] ApplicationProperties:184 - Using Application install path: C:\ST\STM32CubeIDE_1.19.0\STM32CubeIDE\plugins\com.st.stm32cube.common.mx_6.15.0.202507011659
2026-03-09 11:34:59,643 [INFO] PluginManage:196 - Search for loadable plugins [exclusion list=, ]
2026-03-09 11:34:59,643 [INFO] PluginManage:310 - Check plugin analytics
2026-03-09 11:34:59,919 [INFO] AnalyticsPlugin:253 - Accepted Software Licenses: 
2026-03-09 11:34:59,919 [INFO] AnalyticsPlugin:255 - Accepted CMSIS Pack Licenses: 
2026-03-09 11:34:59,924 [INFO] AnalyticsPlugin:257 - Accepted Firmware Licenses: FW.G0.1.6.0
2026-03-09 11:34:59,924 [INFO] PluginManage:359 - Loaded plugin analytics (category:tool,tabindex:-1)
2026-03-09 11:34:59,924 [INFO] PluginManage:310 - Check plugin cadmodel
2026-03-09 11:34:59,949 [INFO] CADModel:105 - Init CAD model plugin
2026-03-09 11:34:59,949 [INFO] PluginManage:359 - Loaded plugin cadmodel (category:power,tabindex:5)
2026-03-09 11:34:59,949 [INFO] PluginManage:310 - Check plugin clock
2026-03-09 11:34:59,990 [INFO] PluginManage:359 - Loaded plugin clock (category:base,tabindex:2)
2026-03-09 11:34:59,990 [INFO] PluginManage:310 - Check plugin ddr
2026-03-09 11:34:59,993 [INFO] PluginManage:359 - Loaded plugin ddr (category:tool,tabindex:6)
2026-03-09 11:34:59,993 [INFO] PluginManage:310 - Check plugin filemanager
2026-03-09 11:35:00,168 [INFO] PluginManage:359 - Loaded plugin filemanager (category:base,tabindex:10)
2026-03-09 11:35:00,168 [INFO] PluginManage:310 - Check plugin ipmanager
2026-03-09 11:35:00,180 [INFO] PluginManage:359 - Loaded plugin ipmanager (category:base,tabindex:5)
2026-03-09 11:35:00,180 [INFO] PluginManage:310 - Check plugin lpbam
2026-03-09 11:35:00,204 [INFO] PluginManage:359 - Loaded plugin lpbam (category:base,tabindex:0)
2026-03-09 11:35:00,204 [INFO] PluginManage:310 - Check plugin memorymap
2026-03-09 11:35:00,240 [INFO] PluginManage:359 - Loaded plugin memorymap (category:base,tabindex:4)
2026-03-09 11:35:00,240 [INFO] PluginManage:310 - Check plugin pinoutandconfiguration
2026-03-09 11:35:00,265 [INFO] PluginManage:359 - Loaded plugin pinoutandconfiguration (category:base,tabindex:1)
2026-03-09 11:35:00,265 [INFO] PluginManage:310 - Check plugin pinoutconfig
2026-03-09 11:35:00,419 [WARN] SupportedApi:132 - Cannot load RTOS API schema: s4s-elt-must-match.1: The content of 'definitions' must match (annotation?, (simpleType | complexType)?, (unique | key | keyref)*)). A problem was found starting at: attribute.
2026-03-09 11:35:00,626 [INFO] PluginManage:359 - Loaded plugin pinoutconfig (category:base,tabindex:0)
2026-03-09 11:35:00,628 [INFO] PluginManage:310 - Check plugin power
2026-03-09 11:35:00,651 [INFO] PluginManage:359 - Loaded plugin power (category:power,tabindex:4)
2026-03-09 11:35:00,651 [INFO] PluginManage:310 - Check plugin projectmanager
2026-03-09 11:35:00,682 [INFO] PluginManage:359 - Loaded plugin projectmanager (category:projectmanager,tabindex:4)
2026-03-09 11:35:00,682 [INFO] PluginManage:310 - Check plugin rif
2026-03-09 11:35:00,712 [INFO] PluginManage:359 - Loaded plugin rif (category:base,tabindex:3)
2026-03-09 11:35:00,712 [INFO] PluginManage:310 - Check plugin thirdparty
2026-03-09 11:35:01,382 [INFO] PluginManage:359 - Loaded plugin thirdparty (category:base,tabindex:-1)
2026-03-09 11:35:01,382 [WARN] IntegrityCheckThread:84 - waiting for thirdparty lock release [integrity check]
2026-03-09 11:35:01,382 [INFO] PluginManage:310 - Check plugin tools
2026-03-09 11:35:01,382 [INFO] IntegrityCheckThread:86 - entering critical section [integrity check]
2026-03-09 11:35:01,382 [INFO] ThirdPartyUpdaterWithRetryManager:70 - Updater plugin not ready yet. [1/15]
2026-03-09 11:35:01,443 [INFO] PluginManage:359 - Loaded plugin tools (category:base,tabindex:7)
2026-03-09 11:35:01,443 [INFO] PluginManage:310 - Check plugin tutovideos
2026-03-09 11:35:01,690 [INFO] PluginManage:359 - Loaded plugin tutovideos (category:base,tabindex:-1)
2026-03-09 11:35:01,690 [INFO] PluginManage:310 - Check plugin updater
2026-03-09 11:35:01,710 [INFO] PluginManage:359 - Loaded plugin updater (category:base,tabindex:12)
2026-03-09 11:35:01,710 [INFO] PluginManage:310 - Check plugin userauth
2026-03-09 11:35:01,720 [INFO] UserAuth:118 - Init User Auth plugin
2026-03-09 11:35:01,720 [INFO] PluginManage:359 - Loaded plugin userauth (category:base,tabindex:14)
2026-03-09 11:35:01,720 [INFO] PluginManage:283 - PluginManage : Loaded plugins [18]
2026-03-09 11:35:01,977 [INFO] PinOutPanel:1589 - setPackage(No Configuration,No Configuration)
2026-03-09 11:35:02,101 [INFO] CADModel:165 - CPN selected for project level
2026-03-09 11:35:02,101 [INFO] CADModel:114 - Register for checkConnection events
2026-03-09 11:35:02,139 [INFO] IPUIPlugin:80 - create IPUIPlugin
2026-03-09 11:35:02,139 [INFO] PluginManager:220 - loadIPPluginJar : add adc
2026-03-09 11:35:02,190 [INFO] IPUIPlugin:80 - create IPUIPlugin
2026-03-09 11:35:02,190 [INFO] PluginManager:220 - loadIPPluginJar : add aes
2026-03-09 11:35:02,251 [INFO] IPUIPlugin:80 - create IPUIPlugin
2026-03-09 11:35:02,251 [INFO] PluginManager:220 - loadIPPluginJar : add can
2026-03-09 11:35:02,291 [INFO] IPUIPlugin:80 - create IPUIPlugin
2026-03-09 11:35:02,291 [INFO] PluginManager:220 - loadIPPluginJar : add comp
2026-03-09 11:35:02,342 [INFO] IPUIPlugin:80 - create IPUIPlugin
2026-03-09 11:35:02,342 [INFO] PluginManager:220 - loadIPPluginJar : add cryp
2026-03-09 11:35:02,361 [INFO] IPUIPlugin:80 - create IPUIPlugin
2026-03-09 11:35:02,361 [INFO] PluginManager:220 - loadIPPluginJar : add ddr_ctrl_phy
2026-03-09 11:35:02,397 [INFO] IPUIPlugin:80 - create IPUIPlugin
2026-03-09 11:35:02,397 [INFO] PluginManager:220 - loadIPPluginJar : add dfsdm
2026-03-09 11:35:02,403 [INFO] IPUIPlugin:80 - create IPUIPlugin
2026-03-09 11:35:02,403 [INFO] PluginManager:220 - loadIPPluginJar : add dma
2026-03-09 11:35:02,445 [INFO] IPUIPlugin:80 - create IPUIPlugin
2026-03-09 11:35:02,445 [INFO] PluginManager:220 - loadIPPluginJar : add dma3
2026-03-09 11:35:02,505 [INFO] IPUIPlugin:80 - create IPUIPlugin
2026-03-09 11:35:02,505 [INFO] PluginManager:220 - loadIPPluginJar : add extmemmanager
2026-03-09 11:35:02,526 [INFO] IPUIPlugin:80 - create IPUIPlugin
2026-03-09 11:35:02,526 [INFO] PluginManager:220 - loadIPPluginJar : add fatfs
2026-03-09 11:35:02,579 [INFO] IPUIPlugin:80 - create IPUIPlugin
2026-03-09 11:35:02,579 [INFO] PluginManager:220 - loadIPPluginJar : add fmc
2026-03-09 11:35:02,597 [INFO] IPUIPlugin:80 - create IPUIPlugin
2026-03-09 11:35:02,597 [INFO] PluginManager:220 - loadIPPluginJar : add freertos
2026-03-09 11:35:02,617 [INFO] IPUIPlugin:80 - create IPUIPlugin
2026-03-09 11:35:02,617 [INFO] PluginManager:220 - loadIPPluginJar : add genericplugin
2026-03-09 11:35:02,721 [INFO] IPUIPlugin:80 - create IPUIPlugin
2026-03-09 11:35:02,721 [INFO] PluginManager:220 - loadIPPluginJar : add gfxmmu
2026-03-09 11:35:02,859 [INFO] IPUIPlugin:80 - create IPUIPlugin
2026-03-09 11:35:02,859 [INFO] PluginManager:220 - loadIPPluginJar : add gic
2026-03-09 11:35:02,873 [INFO] IPUIPlugin:80 - create IPUIPlugin
2026-03-09 11:35:02,873 [INFO] PluginManager:220 - loadIPPluginJar : add gpio
2026-03-09 11:35:02,974 [INFO] IPUIPlugin:80 - create IPUIPlugin
2026-03-09 11:35:02,974 [INFO] PluginManager:220 - loadIPPluginJar : add gtzc
2026-03-09 11:35:03,008 [INFO] IPUIPlugin:80 - create IPUIPlugin
2026-03-09 11:35:03,008 [INFO] PluginManager:220 - loadIPPluginJar : add hash
2026-03-09 11:35:03,055 [INFO] IPUIPlugin:80 - create IPUIPlugin
2026-03-09 11:35:03,055 [INFO] PluginManager:220 - loadIPPluginJar : add i2c
2026-03-09 11:35:03,106 [INFO] IPUIPlugin:80 - create IPUIPlugin
2026-03-09 11:35:03,106 [INFO] PluginManager:220 - loadIPPluginJar : add i2s
2026-03-09 11:35:03,147 [INFO] IPUIPlugin:80 - create IPUIPlugin
2026-03-09 11:35:03,147 [INFO] PluginManager:220 - loadIPPluginJar : add i3c
2026-03-09 11:35:03,249 [INFO] IPUIPlugin:80 - create IPUIPlugin
2026-03-09 11:35:03,249 [INFO] PluginManager:220 - loadIPPluginJar : add ipddr
2026-03-09 11:35:03,352 [INFO] IPUIPlugin:80 - create IPUIPlugin
2026-03-09 11:35:03,352 [INFO] PluginManager:220 - loadIPPluginJar : add linkedlist
2026-03-09 11:35:03,383 [INFO] IPUIPlugin:80 - create IPUIPlugin
2026-03-09 11:35:03,383 [INFO] PluginManager:220 - loadIPPluginJar : add lorawan
2026-03-09 11:35:03,424 [INFO] IPUIPlugin:80 - create IPUIPlugin
2026-03-09 11:35:03,424 [INFO] PluginManager:220 - loadIPPluginJar : add ltdc
2026-03-09 11:35:03,445 [INFO] IPUIPlugin:80 - create IPUIPlugin
2026-03-09 11:35:03,445 [INFO] PluginManager:220 - loadIPPluginJar : add mdma
2026-03-09 11:35:03,459 [INFO] IPUIPlugin:80 - create IPUIPlugin
2026-03-09 11:35:03,459 [INFO] PluginManager:220 - loadIPPluginJar : add nvic
2026-03-09 11:35:03,506 [INFO] IPUIPlugin:80 - create IPUIPlugin
2026-03-09 11:35:03,506 [INFO] PluginManager:220 - loadIPPluginJar : add opamp
2026-03-09 11:35:03,576 [INFO] IPUIPlugin:80 - create IPUIPlugin
2026-03-09 11:35:03,576 [INFO] PluginManager:220 - loadIPPluginJar : add openamp
2026-03-09 11:35:03,623 [INFO] IPUIPlugin:80 - create IPUIPlugin
2026-03-09 11:35:03,623 [INFO] PluginManager:220 - loadIPPluginJar : add pdm2pcm
2026-03-09 11:35:03,637 [INFO] IPUIPlugin:80 - create IPUIPlugin
2026-03-09 11:35:03,637 [INFO] PluginManager:220 - loadIPPluginJar : add plateformsettings
2026-03-09 11:35:03,667 [INFO] IPUIPlugin:80 - create IPUIPlugin
2026-03-09 11:35:03,667 [INFO] PluginManager:220 - loadIPPluginJar : add quadspi
2026-03-09 11:35:03,698 [INFO] IPUIPlugin:80 - create IPUIPlugin
2026-03-09 11:35:03,698 [INFO] PluginManager:220 - loadIPPluginJar : add radio
2026-03-09 11:35:03,712 [INFO] IPUIPlugin:80 - create IPUIPlugin
2026-03-09 11:35:03,716 [INFO] PluginManager:220 - loadIPPluginJar : add resmgrutility
2026-03-09 11:35:03,769 [INFO] IPUIPlugin:80 - create IPUIPlugin
2026-03-09 11:35:03,769 [INFO] PluginManager:220 - loadIPPluginJar : add sai
2026-03-09 11:35:03,810 [INFO] IPUIPlugin:80 - create IPUIPlugin
2026-03-09 11:35:03,810 [INFO] PluginManager:220 - loadIPPluginJar : add spi
2026-03-09 11:35:03,892 [INFO] IPUIPlugin:80 - create IPUIPlugin
2026-03-09 11:35:03,892 [INFO] PluginManager:220 - loadIPPluginJar : add stm32_wpan
2026-03-09 11:35:03,923 [INFO] IPUIPlugin:80 - create IPUIPlugin
2026-03-09 11:35:03,923 [INFO] PluginManager:220 - loadIPPluginJar : add tim
2026-03-09 11:35:03,995 [INFO] IPUIPlugin:80 - create IPUIPlugin
2026-03-09 11:35:03,995 [INFO] PluginManager:220 - loadIPPluginJar : add touchsensing
2026-03-09 11:35:04,020 [INFO] IPUIPlugin:80 - create IPUIPlugin
2026-03-09 11:35:04,020 [INFO] PluginManager:220 - loadIPPluginJar : add tracer_emb
2026-03-09 11:35:04,046 [INFO] IPUIPlugin:80 - create IPUIPlugin
2026-03-09 11:35:04,046 [INFO] PluginManager:220 - loadIPPluginJar : add ts
2026-03-09 11:35:04,064 [INFO] IPUIPlugin:80 - create IPUIPlugin
2026-03-09 11:35:04,064 [INFO] PluginManager:220 - loadIPPluginJar : add tsc
2026-03-09 11:35:04,097 [INFO] IPUIPlugin:80 - create IPUIPlugin
2026-03-09 11:35:04,097 [INFO] PluginManager:220 - loadIPPluginJar : add ucpd
2026-03-09 11:35:04,147 [INFO] IPUIPlugin:80 - create IPUIPlugin
2026-03-09 11:35:04,147 [INFO] PluginManager:220 - loadIPPluginJar : add usart
2026-03-09 11:35:04,188 [INFO] IPUIPlugin:80 - create IPUIPlugin
2026-03-09 11:35:04,188 [INFO] PluginManager:220 - loadIPPluginJar : add usbx
2026-03-09 11:35:04,339 [FATAL] Updater:351 - Updater called before beeing initialized
2026-03-09 11:35:04,359 [INFO] RulesReader:64 - Compatibility file has been processed (317 Rules)
2026-03-09 11:35:04,370 [INFO] RulesReader:64 - Compatibility file has been processed (317 Rules)
2026-03-09 11:35:04,380 [INFO] CADModel:165 - CPN selected for project level
2026-03-09 11:35:04,380 [INFO] CADModel:114 - Register for checkConnection events
2026-03-09 11:35:04,380 [FATAL] Updater:351 - Updater called before beeing initialized
2026-03-09 11:35:04,380 [ERROR] CADModel:125 - Updater not yet initialized, retry later 
2026-03-09 11:35:04,390 [INFO] ThirdPartyUpdaterWithRetryManager:70 - Updater plugin not ready yet. [2/15]
2026-03-09 11:35:04,554 [FATAL] Updater:351 - Updater called before beeing initialized
2026-03-09 11:35:04,554 [INFO] CADModel:165 - CPN selected for project level
2026-03-09 11:35:04,554 [INFO] CADModel:114 - Register for checkConnection events
2026-03-09 11:35:04,554 [FATAL] Updater:351 - Updater called before beeing initialized
2026-03-09 11:35:04,554 [ERROR] CADModel:125 - Updater not yet initialized, retry later 
2026-03-09 11:35:04,554 [FATAL] Updater:351 - Updater called before beeing initialized
2026-03-09 11:35:04,667 [FATAL] Updater:351 - Updater called before beeing initialized
2026-03-09 11:35:04,678 [INFO] DbMcusAds:53 - JSON generation date=Tue Feb 10 17:46:36 IST 2026 (1770725796209)
2026-03-09 11:35:04,678 [FATAL] Updater:351 - Updater called before beeing initialized
2026-03-09 11:35:04,718 [WARN] DetailPanel:346 - Failed to get advertising image, set to default
2026-03-09 11:35:04,799 [FATAL] Updater:351 - Updater called before beeing initialized
2026-03-09 11:35:04,799 [FATAL] Updater:351 - Updater called before beeing initialized
2026-03-09 11:35:04,799 [FATAL] Updater:351 - Updater called before beeing initialized
2026-03-09 11:35:04,799 [WARN] DetailPanel:346 - Failed to get advertising image, set to default
2026-03-09 11:35:04,799 [FATAL] Updater:351 - Updater called before beeing initialized
2026-03-09 11:35:04,860 [ERROR] Updater:1198 - MainUpdater not yet initialized. External WinMGr cannot be set.
2026-03-09 11:35:04,870 [INFO] Updater:1134 - Updater Version found : 6.15.0
2026-03-09 11:35:04,897 [INFO] ApplicationProperties:184 - Using Application install path: C:\ST\STM32CubeIDE_1.19.0\STM32CubeIDE\plugins\com.st.stm32cube.common.mx_6.15.0.202507011659
2026-03-09 11:35:05,397 [INFO] MainUpdater:2872 - connection check result : 10
2026-03-09 11:35:05,397 [INFO] MainUpdater:3604 - Updater definition file requires update
2026-03-09 11:35:05,397 [INFO] MainUpdater:289 - Updater Check For Update Now.
2026-03-09 11:35:05,397 [INFO] MicroXplorer:498 - Change Database Version : DB.6.0.150
2026-03-09 11:35:05,417 [INFO] McuFinderGlobals:63 - Set McuFinder mode to 2 (CubeIDE integrated)
2026-03-09 11:35:05,417 [INFO] UserAuth:487 - Internet connection configuration mode: 1
2026-03-09 11:35:05,448 [INFO] JxBrowserEngine:152 - Initiate JxBrowser Engine with user profile folder
2026-03-09 11:35:05,462 [INFO] ServerAccessManage:452 - Complete download http(s) 200
2026-03-09 11:35:05,463 [INFO] ServerAccessManage:509 - Download File updaters.zip
2026-03-09 11:35:05,792 [INFO] FileExtend:248 - Unzip File : updaters.zip
2026-03-09 11:35:05,792 [INFO] FileExtend:263 - Standard Zip Deflate
2026-03-09 11:35:07,398 [WARN] MainUpdater:1193 - Updater busy. Cannot search thirdparties
2026-03-09 11:35:07,398 [INFO] ThirdPartyUpdaterWithRetryManager:96 - Updater plugin is busy. [1/15]
2026-03-09 11:35:08,014 [INFO] ServerAccessManage:452 - Complete download http(s) 200
2026-03-09 11:35:08,020 [INFO] ServerAccessManage:509 - Download File PacksControlFlags.xml
2026-03-09 11:35:08,560 [INFO] ServerAccessManage:452 - Complete download http(s) 200
2026-03-09 11:35:08,561 [INFO] ServerAccessManage:509 - Download File cubemx.pidx
2026-03-09 11:35:08,835 [INFO] LoadServerUpdatesThread:375 - End of LoadServerUpdate Thread
2026-03-09 11:35:08,957 [INFO] WebApp:169 - Instantiating new browser for Auth
2026-03-09 11:35:09,041 [INFO] CheckServerUpdateThread:120 - End of CheckServer Thread
2026-03-09 11:35:11,571 [WARN] PackLoader:240 - Cannot read IP mode file for STMicroelectronics.X-CUBE-AZRTOS-H7.3.5.0
2026-03-09 11:35:11,622 [WARN] PackLoader:240 - Cannot read IP mode file for STMicroelectronics.FP-SNS-MOTENVWB1.1.4.0
2026-03-09 11:35:11,649 [WARN] PackLoader:240 - Cannot read IP mode file for STMicroelectronics.FP-ATR-ASTRA1.2.0.2
2026-03-09 11:35:11,694 [WARN] PackLoader:240 - Cannot read IP mode file for STMicroelectronics.X-CUBE-SMBUS.2.1.0
2026-03-09 11:35:12,002 [WARN] PackLoader:240 - Cannot read IP mode file for STMicroelectronics.X-CUBE-AZRTOS-F7.1.1.0
2026-03-09 11:35:12,033 [WARN] PackLoader:240 - Cannot read IP mode file for Cesanta.I-CUBE-Mongoose.7.19.0
2026-03-09 11:35:12,042 [WARN] PackLoader:240 - Cannot read IP mode file for STMicroelectronics.FP-SNS-MOTENV1.5.1.0
2026-03-09 11:35:12,086 [WARN] PackLoader:240 - Cannot read IP mode file for WES.I-CUBE-Cesium.1.4.0
2026-03-09 11:35:12,105 [INFO] WebApp:463 - Apply proxy settings
2026-03-09 11:35:12,105 [INFO] WebApp:548 - Chromium requires no authentication
2026-03-09 11:35:12,137 [WARN] PackLoader:240 - Cannot read IP mode file for Infineon.AIROC-Wi-Fi-Bluetooth-STM32.1.7.1
2026-03-09 11:35:12,137 [INFO] WebApp:491 - Direct internet connection detected
2026-03-09 11:35:12,181 [WARN] PackLoader:240 - Cannot read IP mode file for STMicroelectronics.X-CUBE-AZRTOS-H7.3.4.0
2026-03-09 11:35:12,190 [INFO] WebApp:900 - Register for checkConnection events
2026-03-09 11:35:12,192 [INFO] WebApp:463 - Apply proxy settings
2026-03-09 11:35:12,192 [INFO] WebApp:548 - Chromium requires no authentication
2026-03-09 11:35:12,192 [INFO] WebApp:491 - Direct internet connection detected
2026-03-09 11:35:12,223 [WARN] PackLoader:240 - Cannot read IP mode file for STMicroelectronics.X-CUBE-DISPLAY.3.0.0
2026-03-09 11:35:12,252 [WARN] PackLoader:240 - Cannot read IP mode file for STMicroelectronics.FP-SNS-MOTENVWB1.1.5.0
2026-03-09 11:35:12,273 [WARN] PackLoader:240 - Cannot read IP mode file for STMicroelectronics.X-CUBE-NFC10.1.0.0
2026-03-09 11:35:12,293 [WARN] PackLoader:240 - Cannot read IP mode file for STMicroelectronics.X-CUBE-ST60.1.1.0
2026-03-09 11:35:12,323 [WARN] PackLoader:240 - Cannot read IP mode file for emotas.I-CUBE-CANOPEN.1.3.0
2026-03-09 11:35:12,348 [WARN] PackLoader:240 - Cannot read IP mode file for STMicroelectronics.X-CUBE-GNSS1.7.1.0
2026-03-09 11:35:12,380 [WARN] PackLoader:240 - Cannot read IP mode file for STMicroelectronics.FP-SNS-STBOX1.2.1.0
2026-03-09 11:35:12,988 [WARN] PackLoader:240 - Cannot read IP mode file for STMicroelectronics.FP-SNS-SMARTAG2.1.2.0
2026-03-09 11:35:13,047 [INFO] WebApp:191 - Connection restablished
2026-03-09 11:35:13,058 [WARN] PackLoader:240 - Cannot read IP mode file for STMicroelectronics.FP-SNS-FLIGHT1.5.1.0
2026-03-09 11:35:13,120 [INFO] LogOutputStream:77 - [STDOUT_REDIRECT] 1 : Invalid condition id : UX_CORESTACK_Condition cause : null
2026-03-09 11:35:13,122 [INFO] LogOutputStream:77 - [STDOUT_REDIRECT] 1 : Invalid condition id : UX_CORESTACK_Condition cause : null
2026-03-09 11:35:13,124 [INFO] LogOutputStream:77 - [STDOUT_REDIRECT] 1 : Invalid condition id : UX_CORESTACK_Condition cause : null
2026-03-09 11:35:13,125 [INFO] LogOutputStream:77 - [STDOUT_REDIRECT] 1 : Invalid condition id : UX_CORESTACK_Condition cause : null
2026-03-09 11:35:13,127 [INFO] LogOutputStream:77 - [STDOUT_REDIRECT] 1 : Invalid condition id : UX_CORESTACK_Condition cause : null
2026-03-09 11:35:13,135 [WARN] PackLoader:240 - Cannot read IP mode file for STMicroelectronics.X-CUBE-AZRTOS-WL.2.0.0
2026-03-09 11:35:13,166 [WARN] PackLoader:240 - Cannot read IP mode file for STMicroelectronics.FP-SNS-MOTENV1.5.0.0
2026-03-09 11:35:13,227 [WARN] PackLoader:240 - Cannot read IP mode file for STMicroelectronics.X-CUBE-AZRTOS-H7RS.1.2.0
2026-03-09 11:35:13,274 [WARN] PackLoader:240 - Cannot read IP mode file for STMicroelectronics.X-CUBE-BLE2.3.3.0
2026-03-09 11:35:13,303 [INFO] WebApp:225 - Starting web application
2026-03-09 11:35:13,303 [INFO] WebApp:593 - Web application path used C:\ST\STM32CubeIDE_1.19.0\STM32CubeIDE\plugins\com.st.stm32cube.common.mx_6.15.0.202507011659\db\plugins\mcufinder\reactClient1\index.html
2026-03-09 11:35:13,482 [WARN] PackLoader:240 - Cannot read IP mode file for STMicroelectronics.X-CUBE-NFC9.1.0.0
2026-03-09 11:35:13,544 [WARN] PackLoader:240 - Cannot read IP mode file for wolfSSL.I-CUBE-wolfSSL.5.8.2
2026-03-09 11:35:13,577 [WARN] PackLoader:240 - Cannot read IP mode file for STMicroelectronics.X-CUBE-BLE1.7.1.0
2026-03-09 11:35:13,608 [WARN] PackLoader:240 - Cannot read IP mode file for wolfSSL.I-CUBE-wolfMQTT.1.19.2
2026-03-09 11:35:13,640 [WARN] PackLoader:240 - Cannot read IP mode file for STMicroelectronics.X-CUBE-FREERTOS.1.4.0
2026-03-09 11:35:13,669 [WARN] PackLoader:240 - Cannot read IP mode file for STMicroelectronics.X-CUBE-EEPRMA1.5.2.0
2026-03-09 11:35:13,706 [WARN] PackLoader:240 - Cannot read IP mode file for STMicroelectronics.X-CUBE-ST67W61.1.1.0
2026-03-09 11:35:13,748 [INFO] UserAuth:487 - Internet connection configuration mode: 1
2026-03-09 11:35:13,847 [WARN] PackLoader:240 - Cannot read IP mode file for STMicroelectronics.X-CUBE-MEMS1.12.0.0
2026-03-09 11:35:14,224 [WARN] PackLoader:240 - Cannot read IP mode file for STMicroelectronics.X-CUBE-AZRTOS-G0.1.1.0
2026-03-09 11:35:14,373 [WARN] PackLoader:240 - Cannot read IP mode file for STMicroelectronics.X-CUBE-SAFEA1.1.2.2
2026-03-09 11:35:14,482 [WARN] PackLoader:240 - Cannot read IP mode file for STMicroelectronics.X-CUBE-NFC4.3.0.0
2026-03-09 11:35:14,572 [WARN] PackLoader:240 - Cannot read IP mode file for EmbeddedOffice.I-CUBE-FS-RTOS.1.0.1
2026-03-09 11:35:14,656 [WARN] PackLoader:240 - Cannot read IP mode file for STMicroelectronics.X-CUBE-WB05N.2.0.0
2026-03-09 11:35:14,738 [WARN] PackLoader:240 - Cannot read IP mode file for wolfSSL.I-CUBE-wolfTPM.3.8.0
2026-03-09 11:35:14,816 [WARN] PackLoader:240 - Cannot read IP mode file for STMicroelectronics.X-CUBE-TCPP.4.2.0
2026-03-09 11:35:14,895 [WARN] PackLoader:240 - Cannot read IP mode file for RealThread.X-CUBE-RT-Thread_Nano.4.1.1
2026-03-09 11:35:14,970 [WARN] PackLoader:240 - Cannot read IP mode file for STMicroelectronics.FP-ATR-SIGFOX1.3.2.0
2026-03-09 11:35:15,050 [WARN] PackLoader:240 - Cannot read IP mode file for STMicroelectronics.X-CUBE-FREERTOS.1.5.0
2026-03-09 11:35:15,168 [WARN] PackLoader:240 - Cannot read IP mode file for ITTIA_DB.I-CUBE-ITTIADB.8.9.0
2026-03-09 11:35:15,309 [WARN] PackLoader:240 - Cannot read IP mode file for STMicroelectronics.X-CUBE-NFC6.3.2.0
2026-03-09 11:35:15,428 [WARN] PackLoader:240 - Cannot read IP mode file for STMicroelectronics.X-CUBE-AI.10.2.0
2026-03-09 11:35:15,589 [WARN] PackLoader:240 - Cannot read IP mode file for SEGGER.I-CUBE-embOS.1.3.1
2026-03-09 11:35:15,719 [WARN] PackLoader:240 - Cannot read IP mode file for STMicroelectronics.X-CUBE-ALGOBUILD.1.4.0
2026-03-09 11:35:15,928 [WARN] PackLoader:240 - Cannot read IP mode file for STMicroelectronics.X-CUBE-MEMS1.11.3.0
2026-03-09 11:35:16,654 [WARN] PackLoader:240 - Cannot read IP mode file for STMicroelectronics.X-CUBE-PM33A1.1.0.0
2026-03-09 11:35:16,878 [WARN] PackLoader:240 - Cannot read IP mode file for STMicroelectronics.X-CUBE-AZRTOS-F4.1.1.0
2026-03-09 11:35:16,946 [WARN] PackLoader:240 - Cannot read IP mode file for STMicroelectronics.X-CUBE-ISPU.2.1.0
2026-03-09 11:35:17,044 [WARN] PackLoader:240 - Cannot read IP mode file for STMicroelectronics.X-CUBE-IPS.3.2.0
2026-03-09 11:35:17,120 [WARN] PackLoader:240 - Cannot read IP mode file for STMicroelectronics.X-CUBE-NFC12.1.0.0
2026-03-09 11:35:17,195 [WARN] PackLoader:240 - Cannot read IP mode file for STMicroelectronics.X-CUBE-AZRTOS-L5.2.0.0
2026-03-09 11:35:17,223 [WARN] PackLoader:240 - Cannot read IP mode file for STMicroelectronics.X-CUBE-NFC6.3.1.0
2026-03-09 11:35:17,256 [WARN] PackLoader:240 - Cannot read IP mode file for STMicroelectronics.X-CUBE-FREERTOS.1.3.1
2026-03-09 11:35:17,298 [WARN] PackLoader:240 - Cannot read IP mode file for STMicroelectronics.X-CUBE-TOUCHGFX.4.26.0
2026-03-09 11:35:17,340 [WARN] PackLoader:240 - Cannot read IP mode file for STMicroelectronics.X-CUBE-TOUCHGFX.4.26.1
2026-03-09 11:35:17,403 [WARN] PackLoader:240 - Cannot read IP mode file for STMicroelectronics.FP-SNS-STAIOTCFT.1.0.0
2026-03-09 11:35:17,450 [WARN] PackLoader:240 - Cannot read IP mode file for STMicroelectronics.X-CUBE-DPower.1.3.0
2026-03-09 11:35:17,519 [WARN] ConditionMgr:438 - getConditionDescription Invalid condition id : LAN8742 Phy interface Condition cause : null
2026-03-09 11:35:17,521 [WARN] PackLoader:240 - Cannot read IP mode file for STMicroelectronics.X-CUBE-AZRTOS-L4.2.0.0
2026-03-09 11:35:17,525 [WARN] ConditionMgr:1044 - genDependencies : Invalid condition id : LAN8742 Phy interface Condition cause : null
2026-03-09 11:35:17,528 [WARN] ConditionMgr:1044 - genDependencies : Invalid condition id : LAN8742 Phy interface Condition cause : null
2026-03-09 11:35:17,529 [WARN] ConditionMgr:1044 - genDependencies : Invalid condition id : LAN8742 Phy interface Condition cause : null
2026-03-09 11:35:17,585 [WARN] PackLoader:240 - Cannot read IP mode file for STMicroelectronics.X-CUBE-SFXS2LP1.4.0.0
2026-03-09 11:35:17,627 [WARN] PackLoader:240 - Cannot read IP mode file for STMicroelectronics.X-CUBE-ST67W61.1.2.0
2026-03-09 11:35:17,676 [WARN] PackLoader:240 - Cannot read IP mode file for STMicroelectronics.X-CUBE-BLEMGR.4.1.0
2026-03-09 11:35:17,730 [WARN] ConditionMgr:438 - getConditionDescription Invalid condition id : UX DEVICE CLASS RTOS Condition cause : null
2026-03-09 11:35:17,731 [WARN] ConditionMgr:438 - getConditionDescription Invalid condition id : UX DEVICE CLASS RTOS Condition cause : null
2026-03-09 11:35:17,734 [WARN] PackLoader:240 - Cannot read IP mode file for STMicroelectronics.X-CUBE-AZRTOS-WB.2.0.0
2026-03-09 11:35:17,735 [WARN] ConditionMgr:1044 - genDependencies : Invalid condition id : UX DEVICE CLASS RTOS Condition cause : null
2026-03-09 11:35:17,735 [WARN] ConditionMgr:1044 - genDependencies : Invalid condition id : UX DEVICE CLASS RTOS Condition cause : null
2026-03-09 11:35:17,736 [WARN] ConditionMgr:1044 - genDependencies : Invalid condition id : UX DEVICE CLASS RTOS Condition cause : null
2026-03-09 11:35:17,736 [WARN] ConditionMgr:1044 - genDependencies : Invalid condition id : UX DEVICE CLASS RTOS Condition cause : null
2026-03-09 11:35:17,736 [WARN] ConditionMgr:1044 - genDependencies : Invalid condition id : UX DEVICE CLASS RTOS Condition cause : null
2026-03-09 11:35:17,772 [WARN] PackLoader:240 - Cannot read IP mode file for STMicroelectronics.X-CUBE-GNSS1.7.0.1
2026-03-09 11:35:17,816 [WARN] ConditionMgr:438 - getConditionDescription Invalid condition id : Cortex-A Device cause : null
2026-03-09 11:35:17,871 [WARN] ConditionMgr:1044 - genDependencies : Invalid condition id : Cortex-A Device cause : null
2026-03-09 11:35:17,871 [WARN] ConditionMgr:1044 - genDependencies : Invalid condition id : Cortex-A Device cause : null
2026-03-09 11:35:17,872 [WARN] ConditionMgr:1044 - genDependencies : Invalid condition id : Cortex-A Device cause : null
2026-03-09 11:35:17,910 [WARN] PackLoader:240 - Cannot read IP mode file for STMicroelectronics.X-CUBE-STSE01.2.0.0
2026-03-09 11:35:18,200 [WARN] PackLoader:240 - Cannot read IP mode file for STMicroelectronics.X-CUBE-SUBG2.5.0.0
2026-03-09 11:35:18,473 [WARN] PackLoader:240 - Cannot read IP mode file for STMicroelectronics.X-CUBE-AZRTOS-H7RS.1.1.0
2026-03-09 11:35:18,556 [WARN] PackLoader:240 - Cannot read IP mode file for STMicroelectronics.X-CUBE-AZRTOS-G4.2.0.0
2026-03-09 11:35:18,597 [WARN] PackLoader:240 - Cannot read IP mode file for wolfSSL.I-CUBE-wolfSSH.1.4.20
2026-03-09 11:35:18,637 [WARN] PackLoader:240 - Cannot read IP mode file for STMicroelectronics.X-CUBE-NFC7.2.0.0
2026-03-09 11:35:18,674 [WARN] PackLoader:240 - Cannot read IP mode file for STMicroelectronics.X-CUBE-ALS.1.0.2
2026-03-09 11:35:18,699 [WARN] PackLoader:240 - Cannot read IP mode file for STMicroelectronics.X-CUBE-STSE01.1.0.0
2026-03-09 11:35:18,731 [WARN] PackLoader:240 - Cannot read IP mode file for STMicroelectronics.X-CUBE-TOF1.3.4.3
2026-03-09 11:35:18,744 [INFO] ThirdParty:978 - Integrity check success = true
2026-03-09 11:35:18,744 [INFO] IntegrityCheckThread:100 - exiting critical section [integrity check]
2026-03-09 11:35:18,745 [INFO] IntegrityCheckThread:103 - End integrity checks thread
2026-03-09 11:36:55,159 [INFO] WebApp:194 - Connection lost
2026-03-09 11:49:30,855 [INFO] Activator:176 - 


2026-03-09 11:49:30,858 [INFO] Activator:177 - !SESSION log4j initialized
2026-03-09 11:49:39,281 [INFO] LogOutputStream:77 - [STDOUT_REDIRECT] 
2026-03-09 11:49:41,114 [INFO] ApplicationProperties:184 - Using Application install path: C:\ST\STM32CubeIDE_1.19.0\STM32CubeIDE\plugins\com.st.stm32cube.common.mx_6.15.0.202507011659
2026-03-09 11:49:41,131 [INFO] DbMcusXml:78 - Set database path to: C:\ST\STM32CubeIDE_1.19.0\STM32CubeIDE\plugins\com.st.stm32cube.common.mx_6.15.0.202507011659\\db\/mcu/
2026-03-09 11:49:41,131 [INFO] ApiDb:274 - Set plugin database path to: C:\ST\STM32CubeIDE_1.19.0\STM32CubeIDE\plugins\com.st.stm32cube.common.mx_6.15.0.202507011659\\db\/plugins/boardmanager/
2026-03-09 11:49:41,131 [WARN] ApiDb:259 - Overriding images path with different value:  => C:\ST\STM32CubeIDE_1.19.0\STM32CubeIDE\plugins\com.st.stm32cube.common.mx_6.15.0.202507011659\\db\/plugins/mcufinder/images/
2026-03-09 11:49:41,141 [INFO] ApiDb:250 - Set database path to: C:\Users\Alfred\.stmcufinder\plugins\mcufinder//mcu/
2026-03-09 11:49:41,142 [INFO] DbMcusAds:125 - Set database path to: C:\Users\Alfred\.stmcufinder\plugins\mcufinder//mcu/
2026-03-09 11:49:41,144 [INFO] CrossReferenceDbSqlite:203 - Set database path to: C:\Users\Alfred\.stmcufinder\plugins\mcufinder//mcu/cs/
2026-03-09 11:49:41,280 [INFO] RulesReader:64 - Compatibility file has been processed (317 Rules)
2026-03-09 11:49:41,383 [INFO] DbMcusXml:78 - Set database path to: C:\ST\STM32CubeIDE_1.19.0\STM32CubeIDE\plugins\com.st.stm32cube.common.mx_6.15.0.202507011659\\db\/mcu/
2026-03-09 11:49:41,383 [INFO] ApiDb:274 - Set plugin database path to: C:\ST\STM32CubeIDE_1.19.0\STM32CubeIDE\plugins\com.st.stm32cube.common.mx_6.15.0.202507011659\\db\/plugins/boardmanager/
2026-03-09 11:49:41,383 [INFO] ApiDb:261 - Set plugin images path to: C:\ST\STM32CubeIDE_1.19.0\STM32CubeIDE\plugins\com.st.stm32cube.common.mx_6.15.0.202507011659\\db\/plugins/mcufinder/images/
2026-03-09 11:49:41,384 [WARN] DbFile:41 - Overriding database path with different value: C:\Users\Alfred\.stmcufinder\plugins\mcufinder/ => C:\Users\Alfred\.stmcufinder\plugins\mcufinder
2026-03-09 11:49:41,384 [INFO] ApiDb:250 - Set database path to: C:\Users\Alfred\.stmcufinder\plugins\mcufinder//mcu/
2026-03-09 11:49:41,384 [WARN] DbFile:41 - Overriding database path with different value: C:\Users\Alfred\.stmcufinder\plugins\mcufinder/ => C:\Users\Alfred\.stmcufinder\plugins\mcufinder
2026-03-09 11:49:41,384 [INFO] DbMcusAds:125 - Set database path to: C:\Users\Alfred\.stmcufinder\plugins\mcufinder//mcu/
2026-03-09 11:49:41,384 [WARN] DbFile:41 - Overriding database path with different value: C:\Users\Alfred\.stmcufinder\plugins\mcufinder/ => C:\Users\Alfred\.stmcufinder\plugins\mcufinder
2026-03-09 11:49:41,384 [WARN] DbFile:41 - Overriding database path with different value: C:\Users\Alfred\.stmcufinder\plugins\mcufinder/ => C:\Users\Alfred\.stmcufinder\plugins\mcufinder
2026-03-09 11:49:41,384 [INFO] CrossReferenceDbSqlite:203 - Set database path to: C:\Users\Alfred\.stmcufinder\plugins\mcufinder//mcu/cs/
2026-03-09 11:49:41,478 [INFO] MainPanel:274 - HeapMemory: 268435456
2026-03-09 11:49:41,609 [INFO] DbMcusXml:78 - Set database path to: C:\ST\STM32CubeIDE_1.19.0\STM32CubeIDE\plugins\com.st.stm32cube.common.mx_6.15.0.202507011659\\db\/mcu/
2026-03-09 11:49:41,609 [INFO] ApiDb:274 - Set plugin database path to: C:\ST\STM32CubeIDE_1.19.0\STM32CubeIDE\plugins\com.st.stm32cube.common.mx_6.15.0.202507011659\\db\/plugins/boardmanager/
2026-03-09 11:49:41,609 [INFO] ApiDb:261 - Set plugin images path to: C:\ST\STM32CubeIDE_1.19.0\STM32CubeIDE\plugins\com.st.stm32cube.common.mx_6.15.0.202507011659\\db\/plugins/mcufinder/images/
2026-03-09 11:49:41,610 [WARN] DbFile:41 - Overriding database path with different value: C:\Users\Alfred\.stmcufinder\plugins\mcufinder/ => C:\Users\Alfred\.stmcufinder\plugins\mcufinder
2026-03-09 11:49:41,610 [INFO] ApiDb:250 - Set database path to: C:\Users\Alfred\.stmcufinder\plugins\mcufinder//mcu/
2026-03-09 11:49:41,610 [WARN] DbFile:41 - Overriding database path with different value: C:\Users\Alfred\.stmcufinder\plugins\mcufinder/ => C:\Users\Alfred\.stmcufinder\plugins\mcufinder
2026-03-09 11:49:41,610 [INFO] DbMcusAds:125 - Set database path to: C:\Users\Alfred\.stmcufinder\plugins\mcufinder//mcu/
2026-03-09 11:49:41,610 [WARN] DbFile:41 - Overriding database path with different value: C:\Users\Alfred\.stmcufinder\plugins\mcufinder/ => C:\Users\Alfred\.stmcufinder\plugins\mcufinder
2026-03-09 11:49:41,610 [WARN] DbFile:41 - Overriding database path with different value: C:\Users\Alfred\.stmcufinder\plugins\mcufinder/ => C:\Users\Alfred\.stmcufinder\plugins\mcufinder
2026-03-09 11:49:41,610 [INFO] CrossReferenceDbSqlite:203 - Set database path to: C:\Users\Alfred\.stmcufinder\plugins\mcufinder//mcu/cs/
2026-03-09 11:49:41,639 [INFO] ApplicationProperties:184 - Using Application install path: C:\ST\STM32CubeIDE_1.19.0\STM32CubeIDE\plugins\com.st.stm32cube.common.mx_6.15.0.202507011659
2026-03-09 11:49:41,644 [INFO] PluginManage:196 - Search for loadable plugins [exclusion list=, ]
2026-03-09 11:49:41,647 [INFO] PluginManage:310 - Check plugin analytics
2026-03-09 11:49:41,936 [INFO] AnalyticsPlugin:253 - Accepted Software Licenses: 
2026-03-09 11:49:41,936 [INFO] AnalyticsPlugin:255 - Accepted CMSIS Pack Licenses: 
2026-03-09 11:49:41,936 [INFO] AnalyticsPlugin:257 - Accepted Firmware Licenses: FW.G0.1.6.0
2026-03-09 11:49:41,942 [INFO] PluginManage:359 - Loaded plugin analytics (category:tool,tabindex:-1)
2026-03-09 11:49:41,943 [INFO] PluginManage:310 - Check plugin cadmodel
2026-03-09 11:49:41,972 [INFO] CADModel:105 - Init CAD model plugin
2026-03-09 11:49:41,972 [INFO] PluginManage:359 - Loaded plugin cadmodel (category:power,tabindex:5)
2026-03-09 11:49:41,972 [INFO] PluginManage:310 - Check plugin clock
2026-03-09 11:49:42,000 [INFO] PluginManage:359 - Loaded plugin clock (category:base,tabindex:2)
2026-03-09 11:49:42,001 [INFO] PluginManage:310 - Check plugin ddr
2026-03-09 11:49:42,003 [INFO] PluginManage:359 - Loaded plugin ddr (category:tool,tabindex:6)
2026-03-09 11:49:42,004 [INFO] PluginManage:310 - Check plugin filemanager
2026-03-09 11:49:42,241 [INFO] PluginManage:359 - Loaded plugin filemanager (category:base,tabindex:10)
2026-03-09 11:49:42,241 [INFO] PluginManage:310 - Check plugin ipmanager
2026-03-09 11:49:42,251 [INFO] PluginManage:359 - Loaded plugin ipmanager (category:base,tabindex:5)
2026-03-09 11:49:42,252 [INFO] PluginManage:310 - Check plugin lpbam
2026-03-09 11:49:42,273 [INFO] PluginManage:359 - Loaded plugin lpbam (category:base,tabindex:0)
2026-03-09 11:49:42,274 [INFO] PluginManage:310 - Check plugin memorymap
2026-03-09 11:49:42,302 [INFO] PluginManage:359 - Loaded plugin memorymap (category:base,tabindex:4)
2026-03-09 11:49:42,302 [INFO] PluginManage:310 - Check plugin pinoutandconfiguration
2026-03-09 11:49:42,325 [INFO] PluginManage:359 - Loaded plugin pinoutandconfiguration (category:base,tabindex:1)
2026-03-09 11:49:42,325 [INFO] PluginManage:310 - Check plugin pinoutconfig
2026-03-09 11:49:42,439 [WARN] SupportedApi:132 - Cannot load RTOS API schema: s4s-elt-must-match.1: The content of 'definitions' must match (annotation?, (simpleType | complexType)?, (unique | key | keyref)*)). A problem was found starting at: attribute.
2026-03-09 11:49:42,614 [INFO] PluginManage:359 - Loaded plugin pinoutconfig (category:base,tabindex:0)
2026-03-09 11:49:42,614 [INFO] PluginManage:310 - Check plugin power
2026-03-09 11:49:42,653 [INFO] PluginManage:359 - Loaded plugin power (category:power,tabindex:4)
2026-03-09 11:49:42,654 [INFO] PluginManage:310 - Check plugin projectmanager
2026-03-09 11:49:42,671 [INFO] PluginManage:359 - Loaded plugin projectmanager (category:projectmanager,tabindex:4)
2026-03-09 11:49:42,671 [INFO] PluginManage:310 - Check plugin rif
2026-03-09 11:49:42,699 [INFO] PluginManage:359 - Loaded plugin rif (category:base,tabindex:3)
2026-03-09 11:49:42,700 [INFO] PluginManage:310 - Check plugin thirdparty
2026-03-09 11:49:43,378 [INFO] PluginManage:359 - Loaded plugin thirdparty (category:base,tabindex:-1)
2026-03-09 11:49:43,378 [WARN] IntegrityCheckThread:84 - waiting for thirdparty lock release [integrity check]
2026-03-09 11:49:43,378 [INFO] PluginManage:310 - Check plugin tools
2026-03-09 11:49:43,378 [INFO] IntegrityCheckThread:86 - entering critical section [integrity check]
2026-03-09 11:49:43,378 [INFO] ThirdPartyUpdaterWithRetryManager:70 - Updater plugin not ready yet. [1/15]
2026-03-09 11:49:43,434 [INFO] PluginManage:359 - Loaded plugin tools (category:base,tabindex:7)
2026-03-09 11:49:43,434 [INFO] PluginManage:310 - Check plugin tutovideos
2026-03-09 11:49:44,060 [INFO] PluginManage:359 - Loaded plugin tutovideos (category:base,tabindex:-1)
2026-03-09 11:49:44,060 [INFO] PluginManage:310 - Check plugin updater
2026-03-09 11:49:44,109 [INFO] PluginManage:359 - Loaded plugin updater (category:base,tabindex:12)
2026-03-09 11:49:44,109 [INFO] PluginManage:310 - Check plugin userauth
2026-03-09 11:49:44,121 [INFO] UserAuth:118 - Init User Auth plugin
2026-03-09 11:49:44,121 [INFO] PluginManage:359 - Loaded plugin userauth (category:base,tabindex:14)
2026-03-09 11:49:44,122 [INFO] PluginManage:283 - PluginManage : Loaded plugins [18]
2026-03-09 11:49:44,495 [INFO] PinOutPanel:1589 - setPackage(No Configuration,No Configuration)
2026-03-09 11:49:44,648 [INFO] CADModel:165 - CPN selected for project level
2026-03-09 11:49:44,648 [INFO] CADModel:114 - Register for checkConnection events
2026-03-09 11:49:44,722 [INFO] IPUIPlugin:80 - create IPUIPlugin
2026-03-09 11:49:44,722 [INFO] PluginManager:220 - loadIPPluginJar : add adc
2026-03-09 11:49:44,846 [INFO] IPUIPlugin:80 - create IPUIPlugin
2026-03-09 11:49:44,846 [INFO] PluginManager:220 - loadIPPluginJar : add aes
2026-03-09 11:49:44,965 [INFO] IPUIPlugin:80 - create IPUIPlugin
2026-03-09 11:49:44,966 [INFO] PluginManager:220 - loadIPPluginJar : add can
2026-03-09 11:49:45,052 [INFO] IPUIPlugin:80 - create IPUIPlugin
2026-03-09 11:49:45,052 [INFO] PluginManager:220 - loadIPPluginJar : add comp
2026-03-09 11:49:45,108 [INFO] IPUIPlugin:80 - create IPUIPlugin
2026-03-09 11:49:45,108 [INFO] PluginManager:220 - loadIPPluginJar : add cryp
2026-03-09 11:49:45,129 [INFO] IPUIPlugin:80 - create IPUIPlugin
2026-03-09 11:49:45,129 [INFO] PluginManager:220 - loadIPPluginJar : add ddr_ctrl_phy
2026-03-09 11:49:45,171 [INFO] IPUIPlugin:80 - create IPUIPlugin
2026-03-09 11:49:45,171 [INFO] PluginManager:220 - loadIPPluginJar : add dfsdm
2026-03-09 11:49:45,196 [INFO] IPUIPlugin:80 - create IPUIPlugin
2026-03-09 11:49:45,197 [INFO] PluginManager:220 - loadIPPluginJar : add dma
2026-03-09 11:49:45,259 [INFO] IPUIPlugin:80 - create IPUIPlugin
2026-03-09 11:49:45,260 [INFO] PluginManager:220 - loadIPPluginJar : add dma3
2026-03-09 11:49:45,350 [INFO] IPUIPlugin:80 - create IPUIPlugin
2026-03-09 11:49:45,350 [INFO] PluginManager:220 - loadIPPluginJar : add extmemmanager
2026-03-09 11:49:45,384 [INFO] IPUIPlugin:80 - create IPUIPlugin
2026-03-09 11:49:45,384 [INFO] PluginManager:220 - loadIPPluginJar : add fatfs
2026-03-09 11:49:45,449 [INFO] IPUIPlugin:80 - create IPUIPlugin
2026-03-09 11:49:45,449 [INFO] PluginManager:220 - loadIPPluginJar : add fmc
2026-03-09 11:49:45,468 [INFO] IPUIPlugin:80 - create IPUIPlugin
2026-03-09 11:49:45,468 [INFO] PluginManager:220 - loadIPPluginJar : add freertos
2026-03-09 11:49:45,502 [INFO] IPUIPlugin:80 - create IPUIPlugin
2026-03-09 11:49:45,502 [INFO] PluginManager:220 - loadIPPluginJar : add genericplugin
2026-03-09 11:49:45,702 [INFO] IPUIPlugin:80 - create IPUIPlugin
2026-03-09 11:49:45,702 [INFO] PluginManager:220 - loadIPPluginJar : add gfxmmu
2026-03-09 11:49:46,075 [INFO] IPUIPlugin:80 - create IPUIPlugin
2026-03-09 11:49:46,075 [INFO] PluginManager:220 - loadIPPluginJar : add gic
2026-03-09 11:49:46,091 [INFO] IPUIPlugin:80 - create IPUIPlugin
2026-03-09 11:49:46,091 [INFO] PluginManager:220 - loadIPPluginJar : add gpio
2026-03-09 11:49:46,267 [INFO] IPUIPlugin:80 - create IPUIPlugin
2026-03-09 11:49:46,267 [INFO] PluginManager:220 - loadIPPluginJar : add gtzc
2026-03-09 11:49:46,327 [INFO] IPUIPlugin:80 - create IPUIPlugin
2026-03-09 11:49:46,327 [INFO] PluginManager:220 - loadIPPluginJar : add hash
2026-03-09 11:49:46,380 [INFO] ThirdPartyUpdaterWithRetryManager:70 - Updater plugin not ready yet. [2/15]
2026-03-09 11:49:46,401 [INFO] IPUIPlugin:80 - create IPUIPlugin
2026-03-09 11:49:46,402 [INFO] PluginManager:220 - loadIPPluginJar : add i2c
2026-03-09 11:49:46,457 [INFO] IPUIPlugin:80 - create IPUIPlugin
2026-03-09 11:49:46,457 [INFO] PluginManager:220 - loadIPPluginJar : add i2s
2026-03-09 11:49:46,537 [INFO] IPUIPlugin:80 - create IPUIPlugin
2026-03-09 11:49:46,537 [INFO] PluginManager:220 - loadIPPluginJar : add i3c
2026-03-09 11:49:46,793 [INFO] IPUIPlugin:80 - create IPUIPlugin
2026-03-09 11:49:46,793 [INFO] PluginManager:220 - loadIPPluginJar : add ipddr
2026-03-09 11:49:47,043 [INFO] IPUIPlugin:80 - create IPUIPlugin
2026-03-09 11:49:47,043 [INFO] PluginManager:220 - loadIPPluginJar : add linkedlist
2026-03-09 11:49:47,103 [INFO] IPUIPlugin:80 - create IPUIPlugin
2026-03-09 11:49:47,103 [INFO] PluginManager:220 - loadIPPluginJar : add lorawan
2026-03-09 11:49:47,177 [INFO] IPUIPlugin:80 - create IPUIPlugin
2026-03-09 11:49:47,177 [INFO] PluginManager:220 - loadIPPluginJar : add ltdc
2026-03-09 11:49:47,207 [INFO] IPUIPlugin:80 - create IPUIPlugin
2026-03-09 11:49:47,207 [INFO] PluginManager:220 - loadIPPluginJar : add mdma
2026-03-09 11:49:47,226 [INFO] IPUIPlugin:80 - create IPUIPlugin
2026-03-09 11:49:47,226 [INFO] PluginManager:220 - loadIPPluginJar : add nvic
2026-03-09 11:49:47,304 [INFO] IPUIPlugin:80 - create IPUIPlugin
2026-03-09 11:49:47,305 [INFO] PluginManager:220 - loadIPPluginJar : add opamp
2026-03-09 11:49:47,428 [INFO] IPUIPlugin:80 - create IPUIPlugin
2026-03-09 11:49:47,428 [INFO] PluginManager:220 - loadIPPluginJar : add openamp
2026-03-09 11:49:47,510 [INFO] IPUIPlugin:80 - create IPUIPlugin
2026-03-09 11:49:47,510 [INFO] PluginManager:220 - loadIPPluginJar : add pdm2pcm
2026-03-09 11:49:47,534 [INFO] IPUIPlugin:80 - create IPUIPlugin
2026-03-09 11:49:47,537 [INFO] PluginManager:220 - loadIPPluginJar : add plateformsettings
2026-03-09 11:49:47,599 [INFO] IPUIPlugin:80 - create IPUIPlugin
2026-03-09 11:49:47,600 [INFO] PluginManager:220 - loadIPPluginJar : add quadspi
2026-03-09 11:49:47,668 [INFO] IPUIPlugin:80 - create IPUIPlugin
2026-03-09 11:49:47,668 [INFO] PluginManager:220 - loadIPPluginJar : add radio
2026-03-09 11:49:47,702 [INFO] IPUIPlugin:80 - create IPUIPlugin
2026-03-09 11:49:47,702 [INFO] PluginManager:220 - loadIPPluginJar : add resmgrutility
2026-03-09 11:49:47,828 [INFO] IPUIPlugin:80 - create IPUIPlugin
2026-03-09 11:49:47,828 [INFO] PluginManager:220 - loadIPPluginJar : add sai
2026-03-09 11:49:47,915 [INFO] IPUIPlugin:80 - create IPUIPlugin
2026-03-09 11:49:47,915 [INFO] PluginManager:220 - loadIPPluginJar : add spi
2026-03-09 11:49:48,062 [INFO] IPUIPlugin:80 - create IPUIPlugin
2026-03-09 11:49:48,062 [INFO] PluginManager:220 - loadIPPluginJar : add stm32_wpan
2026-03-09 11:49:48,102 [INFO] IPUIPlugin:80 - create IPUIPlugin
2026-03-09 11:49:48,102 [INFO] PluginManager:220 - loadIPPluginJar : add tim
2026-03-09 11:49:48,212 [INFO] IPUIPlugin:80 - create IPUIPlugin
2026-03-09 11:49:48,212 [INFO] PluginManager:220 - loadIPPluginJar : add touchsensing
2026-03-09 11:49:48,245 [INFO] IPUIPlugin:80 - create IPUIPlugin
2026-03-09 11:49:48,245 [INFO] PluginManager:220 - loadIPPluginJar : add tracer_emb
2026-03-09 11:49:48,280 [INFO] IPUIPlugin:80 - create IPUIPlugin
2026-03-09 11:49:48,280 [INFO] PluginManager:220 - loadIPPluginJar : add ts
2026-03-09 11:49:48,326 [INFO] IPUIPlugin:80 - create IPUIPlugin
2026-03-09 11:49:48,326 [INFO] PluginManager:220 - loadIPPluginJar : add tsc
2026-03-09 11:49:48,359 [INFO] IPUIPlugin:80 - create IPUIPlugin
2026-03-09 11:49:48,359 [INFO] PluginManager:220 - loadIPPluginJar : add ucpd
2026-03-09 11:49:48,490 [INFO] IPUIPlugin:80 - create IPUIPlugin
2026-03-09 11:49:48,491 [INFO] PluginManager:220 - loadIPPluginJar : add usart
2026-03-09 11:49:48,577 [INFO] IPUIPlugin:80 - create IPUIPlugin
2026-03-09 11:49:48,577 [INFO] PluginManager:220 - loadIPPluginJar : add usbx
2026-03-09 11:49:48,907 [FATAL] Updater:351 - Updater called before beeing initialized
2026-03-09 11:49:48,985 [INFO] RulesReader:64 - Compatibility file has been processed (317 Rules)
2026-03-09 11:49:49,001 [INFO] RulesReader:64 - Compatibility file has been processed (317 Rules)
2026-03-09 11:49:49,023 [INFO] CADModel:165 - CPN selected for project level
2026-03-09 11:49:49,024 [INFO] CADModel:114 - Register for checkConnection events
2026-03-09 11:49:49,024 [FATAL] Updater:351 - Updater called before beeing initialized
2026-03-09 11:49:49,024 [ERROR] CADModel:125 - Updater not yet initialized, retry later 
2026-03-09 11:49:49,310 [FATAL] Updater:351 - Updater called before beeing initialized
2026-03-09 11:49:49,314 [INFO] CADModel:165 - CPN selected for project level
2026-03-09 11:49:49,314 [INFO] CADModel:114 - Register for checkConnection events
2026-03-09 11:49:49,314 [FATAL] Updater:351 - Updater called before beeing initialized
2026-03-09 11:49:49,314 [ERROR] CADModel:125 - Updater not yet initialized, retry later 
2026-03-09 11:49:49,321 [FATAL] Updater:351 - Updater called before beeing initialized
2026-03-09 11:49:49,382 [INFO] ThirdPartyUpdaterWithRetryManager:70 - Updater plugin not ready yet. [3/15]
2026-03-09 11:49:49,660 [FATAL] Updater:351 - Updater called before beeing initialized
2026-03-09 11:49:49,694 [INFO] DbMcusAds:53 - JSON generation date=Tue Feb 10 17:46:36 IST 2026 (1770725796209)
2026-03-09 11:49:49,694 [FATAL] Updater:351 - Updater called before beeing initialized
2026-03-09 11:49:49,743 [WARN] DetailPanel:346 - Failed to get advertising image, set to default
2026-03-09 11:49:49,857 [FATAL] Updater:351 - Updater called before beeing initialized
2026-03-09 11:49:49,859 [FATAL] Updater:351 - Updater called before beeing initialized
2026-03-09 11:49:49,859 [FATAL] Updater:351 - Updater called before beeing initialized
2026-03-09 11:49:49,859 [WARN] DetailPanel:346 - Failed to get advertising image, set to default
2026-03-09 11:49:49,860 [FATAL] Updater:351 - Updater called before beeing initialized
2026-03-09 11:49:50,003 [ERROR] Updater:1198 - MainUpdater not yet initialized. External WinMGr cannot be set.
2026-03-09 11:49:50,050 [INFO] Updater:1134 - Updater Version found : 6.15.0
2026-03-09 11:49:50,129 [INFO] ApplicationProperties:184 - Using Application install path: C:\ST\STM32CubeIDE_1.19.0\STM32CubeIDE\plugins\com.st.stm32cube.common.mx_6.15.0.202507011659
2026-03-09 11:49:51,229 [INFO] MainUpdater:2872 - connection check result : 10
2026-03-09 11:49:51,232 [INFO] MainUpdater:289 - Updater Check For Update Now.
2026-03-09 11:49:51,232 [INFO] MicroXplorer:498 - Change Database Version : DB.6.0.150
2026-03-09 11:49:51,274 [INFO] McuFinderGlobals:63 - Set McuFinder mode to 2 (CubeIDE integrated)
2026-03-09 11:49:51,291 [INFO] UserAuth:487 - Internet connection configuration mode: 1
2026-03-09 11:49:51,410 [INFO] JxBrowserEngine:152 - Initiate JxBrowser Engine with user profile folder
2026-03-09 11:49:51,586 [INFO] CheckServerUpdateThread:120 - End of CheckServer Thread
2026-03-09 11:49:53,248 [WARN] PackLoader:240 - Cannot read IP mode file for STMicroelectronics.X-CUBE-AZRTOS-H7.3.5.0
2026-03-09 11:49:53,339 [WARN] PackLoader:240 - Cannot read IP mode file for STMicroelectronics.FP-SNS-MOTENVWB1.1.4.0
2026-03-09 11:49:53,367 [WARN] PackLoader:240 - Cannot read IP mode file for STMicroelectronics.FP-ATR-ASTRA1.2.0.2
2026-03-09 11:49:53,390 [WARN] PackLoader:240 - Cannot read IP mode file for STMicroelectronics.X-CUBE-SMBUS.2.1.0
2026-03-09 11:49:53,437 [WARN] PackLoader:240 - Cannot read IP mode file for STMicroelectronics.X-CUBE-AZRTOS-F7.1.1.0
2026-03-09 11:49:53,656 [WARN] PackLoader:240 - Cannot read IP mode file for Cesanta.I-CUBE-Mongoose.7.19.0
2026-03-09 11:49:53,683 [WARN] PackLoader:240 - Cannot read IP mode file for STMicroelectronics.FP-SNS-MOTENV1.5.1.0
2026-03-09 11:49:53,745 [WARN] PackLoader:240 - Cannot read IP mode file for WES.I-CUBE-Cesium.1.4.0
2026-03-09 11:49:53,801 [WARN] PackLoader:240 - Cannot read IP mode file for Infineon.AIROC-Wi-Fi-Bluetooth-STM32.1.7.1
2026-03-09 11:49:53,892 [WARN] PackLoader:240 - Cannot read IP mode file for STMicroelectronics.X-CUBE-AZRTOS-H7.3.4.0
2026-03-09 11:49:53,943 [WARN] PackLoader:240 - Cannot read IP mode file for STMicroelectronics.X-CUBE-DISPLAY.3.0.0
2026-03-09 11:49:54,009 [WARN] PackLoader:240 - Cannot read IP mode file for STMicroelectronics.FP-SNS-MOTENVWB1.1.5.0
2026-03-09 11:49:54,060 [WARN] PackLoader:240 - Cannot read IP mode file for STMicroelectronics.X-CUBE-NFC10.1.0.0
2026-03-09 11:49:54,119 [WARN] PackLoader:240 - Cannot read IP mode file for STMicroelectronics.X-CUBE-ST60.1.1.0
2026-03-09 11:49:54,191 [WARN] PackLoader:240 - Cannot read IP mode file for emotas.I-CUBE-CANOPEN.1.3.0
2026-03-09 11:49:54,244 [WARN] PackLoader:240 - Cannot read IP mode file for STMicroelectronics.X-CUBE-GNSS1.7.1.0
2026-03-09 11:49:54,306 [WARN] PackLoader:240 - Cannot read IP mode file for STMicroelectronics.FP-SNS-STBOX1.2.1.0
2026-03-09 11:49:54,338 [WARN] PackLoader:240 - Cannot read IP mode file for STMicroelectronics.FP-SNS-SMARTAG2.1.2.0
2026-03-09 11:49:54,365 [WARN] PackLoader:240 - Cannot read IP mode file for STMicroelectronics.FP-SNS-FLIGHT1.5.1.0
2026-03-09 11:49:54,518 [INFO] LogOutputStream:77 - [STDOUT_REDIRECT] 1 : Invalid condition id : UX_CORESTACK_Condition cause : null
2026-03-09 11:49:54,590 [INFO] LogOutputStream:77 - [STDOUT_REDIRECT] 1 : Invalid condition id : UX_CORESTACK_Condition cause : null
2026-03-09 11:49:54,593 [INFO] LogOutputStream:77 - [STDOUT_REDIRECT] 1 : Invalid condition id : UX_CORESTACK_Condition cause : null
2026-03-09 11:49:54,597 [INFO] LogOutputStream:77 - [STDOUT_REDIRECT] 1 : Invalid condition id : UX_CORESTACK_Condition cause : null
2026-03-09 11:49:54,600 [INFO] LogOutputStream:77 - [STDOUT_REDIRECT] 1 : Invalid condition id : UX_CORESTACK_Condition cause : null
2026-03-09 11:49:54,620 [WARN] PackLoader:240 - Cannot read IP mode file for STMicroelectronics.X-CUBE-AZRTOS-WL.2.0.0
2026-03-09 11:49:54,650 [WARN] PackLoader:240 - Cannot read IP mode file for STMicroelectronics.FP-SNS-MOTENV1.5.0.0
2026-03-09 11:49:54,757 [WARN] PackLoader:240 - Cannot read IP mode file for STMicroelectronics.X-CUBE-AZRTOS-H7RS.1.2.0
2026-03-09 11:49:54,816 [WARN] PackLoader:240 - Cannot read IP mode file for STMicroelectronics.X-CUBE-BLE2.3.3.0
2026-03-09 11:49:54,963 [WARN] PackLoader:240 - Cannot read IP mode file for STMicroelectronics.X-CUBE-NFC9.1.0.0
2026-03-09 11:49:55,010 [WARN] PackLoader:240 - Cannot read IP mode file for wolfSSL.I-CUBE-wolfSSL.5.8.2
2026-03-09 11:49:55,051 [WARN] PackLoader:240 - Cannot read IP mode file for STMicroelectronics.X-CUBE-BLE1.7.1.0
2026-03-09 11:49:55,094 [WARN] PackLoader:240 - Cannot read IP mode file for wolfSSL.I-CUBE-wolfMQTT.1.19.2
2026-03-09 11:49:55,134 [WARN] PackLoader:240 - Cannot read IP mode file for STMicroelectronics.X-CUBE-FREERTOS.1.4.0
2026-03-09 11:49:55,175 [WARN] PackLoader:240 - Cannot read IP mode file for STMicroelectronics.X-CUBE-EEPRMA1.5.2.0
2026-03-09 11:49:55,234 [WARN] PackLoader:240 - Cannot read IP mode file for STMicroelectronics.X-CUBE-ST67W61.1.1.0
2026-03-09 11:49:55,327 [WARN] PackLoader:240 - Cannot read IP mode file for STMicroelectronics.X-CUBE-MEMS1.12.0.0
2026-03-09 11:49:55,511 [WARN] PackLoader:240 - Cannot read IP mode file for STMicroelectronics.X-CUBE-AZRTOS-G0.1.1.0
2026-03-09 11:49:55,553 [WARN] PackLoader:240 - Cannot read IP mode file for STMicroelectronics.X-CUBE-SAFEA1.1.2.2
2026-03-09 11:49:55,791 [WARN] PackLoader:240 - Cannot read IP mode file for STMicroelectronics.X-CUBE-NFC4.3.0.0
2026-03-09 11:49:57,124 [WARN] PackLoader:240 - Cannot read IP mode file for EmbeddedOffice.I-CUBE-FS-RTOS.1.0.1
2026-03-09 11:49:57,159 [WARN] PackLoader:240 - Cannot read IP mode file for STMicroelectronics.X-CUBE-WB05N.2.0.0
2026-03-09 11:49:57,198 [WARN] PackLoader:240 - Cannot read IP mode file for wolfSSL.I-CUBE-wolfTPM.3.8.0
2026-03-09 11:49:57,250 [WARN] PackLoader:240 - Cannot read IP mode file for STMicroelectronics.X-CUBE-TCPP.4.2.0
2026-03-09 11:49:57,294 [WARN] PackLoader:240 - Cannot read IP mode file for RealThread.X-CUBE-RT-Thread_Nano.4.1.1
2026-03-09 11:49:57,337 [WARN] PackLoader:240 - Cannot read IP mode file for STMicroelectronics.FP-ATR-SIGFOX1.3.2.0
2026-03-09 11:49:57,370 [WARN] PackLoader:240 - Cannot read IP mode file for STMicroelectronics.X-CUBE-FREERTOS.1.5.0
2026-03-09 11:49:57,415 [WARN] PackLoader:240 - Cannot read IP mode file for ITTIA_DB.I-CUBE-ITTIADB.8.9.0
2026-03-09 11:49:57,457 [WARN] PackLoader:240 - Cannot read IP mode file for STMicroelectronics.X-CUBE-NFC6.3.2.0
2026-03-09 11:49:57,658 [WARN] PackLoader:240 - Cannot read IP mode file for STMicroelectronics.X-CUBE-AI.10.2.0
2026-03-09 11:49:58,836 [WARN] PackLoader:240 - Cannot read IP mode file for SEGGER.I-CUBE-embOS.1.3.1
2026-03-09 11:49:58,996 [WARN] PackLoader:240 - Cannot read IP mode file for STMicroelectronics.X-CUBE-ALGOBUILD.1.4.0
2026-03-09 11:49:59,109 [WARN] PackLoader:240 - Cannot read IP mode file for STMicroelectronics.X-CUBE-MEMS1.11.3.0
2026-03-09 11:49:59,273 [WARN] PackLoader:240 - Cannot read IP mode file for STMicroelectronics.X-CUBE-PM33A1.1.0.0
2026-03-09 11:49:59,329 [WARN] PackLoader:240 - Cannot read IP mode file for STMicroelectronics.X-CUBE-AZRTOS-F4.1.1.0
2026-03-09 11:49:59,374 [WARN] PackLoader:240 - Cannot read IP mode file for STMicroelectronics.X-CUBE-ISPU.2.1.0
2026-03-09 11:49:59,461 [WARN] PackLoader:240 - Cannot read IP mode file for STMicroelectronics.X-CUBE-IPS.3.2.0
2026-03-09 11:49:59,545 [WARN] PackLoader:240 - Cannot read IP mode file for STMicroelectronics.X-CUBE-NFC12.1.0.0
2026-03-09 11:49:59,619 [INFO] WebApp:169 - Instantiating new browser for Auth
2026-03-09 11:49:59,765 [WARN] PackLoader:240 - Cannot read IP mode file for STMicroelectronics.X-CUBE-AZRTOS-L5.2.0.0
2026-03-09 11:49:59,815 [WARN] PackLoader:240 - Cannot read IP mode file for STMicroelectronics.X-CUBE-NFC6.3.1.0
2026-03-09 11:49:59,858 [WARN] PackLoader:240 - Cannot read IP mode file for STMicroelectronics.X-CUBE-FREERTOS.1.3.1
2026-03-09 11:49:59,897 [WARN] PackLoader:240 - Cannot read IP mode file for STMicroelectronics.X-CUBE-TOUCHGFX.4.26.0
2026-03-09 11:49:59,933 [WARN] PackLoader:240 - Cannot read IP mode file for STMicroelectronics.X-CUBE-TOUCHGFX.4.26.1
2026-03-09 11:50:00,008 [WARN] PackLoader:240 - Cannot read IP mode file for STMicroelectronics.FP-SNS-STAIOTCFT.1.0.0
2026-03-09 11:50:00,068 [WARN] PackLoader:240 - Cannot read IP mode file for STMicroelectronics.X-CUBE-DPower.1.3.0
2026-03-09 11:50:00,254 [WARN] ConditionMgr:438 - getConditionDescription Invalid condition id : LAN8742 Phy interface Condition cause : null
2026-03-09 11:50:00,255 [WARN] PackLoader:240 - Cannot read IP mode file for STMicroelectronics.X-CUBE-AZRTOS-L4.2.0.0
2026-03-09 11:50:00,258 [WARN] ConditionMgr:1044 - genDependencies : Invalid condition id : LAN8742 Phy interface Condition cause : null
2026-03-09 11:50:00,258 [WARN] ConditionMgr:1044 - genDependencies : Invalid condition id : LAN8742 Phy interface Condition cause : null
2026-03-09 11:50:00,258 [WARN] ConditionMgr:1044 - genDependencies : Invalid condition id : LAN8742 Phy interface Condition cause : null
2026-03-09 11:50:00,308 [WARN] PackLoader:240 - Cannot read IP mode file for STMicroelectronics.X-CUBE-SFXS2LP1.4.0.0
2026-03-09 11:50:00,360 [WARN] PackLoader:240 - Cannot read IP mode file for STMicroelectronics.X-CUBE-ST67W61.1.2.0
2026-03-09 11:50:00,403 [WARN] PackLoader:240 - Cannot read IP mode file for STMicroelectronics.X-CUBE-BLEMGR.4.1.0
2026-03-09 11:50:00,467 [WARN] ConditionMgr:438 - getConditionDescription Invalid condition id : UX DEVICE CLASS RTOS Condition cause : null
2026-03-09 11:50:00,467 [WARN] ConditionMgr:438 - getConditionDescription Invalid condition id : UX DEVICE CLASS RTOS Condition cause : null
2026-03-09 11:50:00,469 [WARN] PackLoader:240 - Cannot read IP mode file for STMicroelectronics.X-CUBE-AZRTOS-WB.2.0.0
2026-03-09 11:50:00,470 [WARN] ConditionMgr:1044 - genDependencies : Invalid condition id : UX DEVICE CLASS RTOS Condition cause : null
2026-03-09 11:50:00,470 [WARN] ConditionMgr:1044 - genDependencies : Invalid condition id : UX DEVICE CLASS RTOS Condition cause : null
2026-03-09 11:50:00,471 [WARN] ConditionMgr:1044 - genDependencies : Invalid condition id : UX DEVICE CLASS RTOS Condition cause : null
2026-03-09 11:50:00,471 [WARN] ConditionMgr:1044 - genDependencies : Invalid condition id : UX DEVICE CLASS RTOS Condition cause : null
2026-03-09 11:50:00,471 [WARN] ConditionMgr:1044 - genDependencies : Invalid condition id : UX DEVICE CLASS RTOS Condition cause : null
2026-03-09 11:50:00,499 [WARN] PackLoader:240 - Cannot read IP mode file for STMicroelectronics.X-CUBE-GNSS1.7.0.1
2026-03-09 11:50:00,542 [WARN] ConditionMgr:438 - getConditionDescription Invalid condition id : Cortex-A Device cause : null
2026-03-09 11:50:00,588 [WARN] ConditionMgr:1044 - genDependencies : Invalid condition id : Cortex-A Device cause : null
2026-03-09 11:50:00,588 [WARN] ConditionMgr:1044 - genDependencies : Invalid condition id : Cortex-A Device cause : null
2026-03-09 11:50:00,588 [WARN] ConditionMgr:1044 - genDependencies : Invalid condition id : Cortex-A Device cause : null
2026-03-09 11:50:00,618 [WARN] PackLoader:240 - Cannot read IP mode file for STMicroelectronics.X-CUBE-STSE01.2.0.0
2026-03-09 11:50:00,655 [WARN] PackLoader:240 - Cannot read IP mode file for STMicroelectronics.X-CUBE-SUBG2.5.0.0
2026-03-09 11:50:00,721 [WARN] PackLoader:240 - Cannot read IP mode file for STMicroelectronics.X-CUBE-AZRTOS-H7RS.1.1.0
2026-03-09 11:50:00,776 [WARN] PackLoader:240 - Cannot read IP mode file for STMicroelectronics.X-CUBE-AZRTOS-G4.2.0.0
2026-03-09 11:50:00,806 [WARN] PackLoader:240 - Cannot read IP mode file for wolfSSL.I-CUBE-wolfSSH.1.4.20
2026-03-09 11:50:00,838 [WARN] PackLoader:240 - Cannot read IP mode file for STMicroelectronics.X-CUBE-NFC7.2.0.0
2026-03-09 11:50:00,873 [WARN] PackLoader:240 - Cannot read IP mode file for STMicroelectronics.X-CUBE-ALS.1.0.2
2026-03-09 11:50:00,910 [WARN] PackLoader:240 - Cannot read IP mode file for STMicroelectronics.X-CUBE-STSE01.1.0.0
2026-03-09 11:50:00,985 [WARN] PackLoader:240 - Cannot read IP mode file for STMicroelectronics.X-CUBE-TOF1.3.4.3
2026-03-09 11:50:01,009 [INFO] ThirdParty:978 - Integrity check success = true
2026-03-09 11:50:01,010 [INFO] IntegrityCheckThread:100 - exiting critical section [integrity check]
2026-03-09 11:50:01,010 [INFO] IntegrityCheckThread:103 - End integrity checks thread
2026-03-09 11:50:07,444 [INFO] WebApp:463 - Apply proxy settings
2026-03-09 11:50:07,515 [INFO] WebApp:548 - Chromium requires no authentication
2026-03-09 11:50:07,547 [INFO] WebApp:491 - Direct internet connection detected
2026-03-09 11:50:07,697 [INFO] WebApp:900 - Register for checkConnection events
2026-03-09 11:50:07,703 [INFO] WebApp:463 - Apply proxy settings
2026-03-09 11:50:07,704 [INFO] WebApp:548 - Chromium requires no authentication
2026-03-09 11:50:07,706 [INFO] WebApp:491 - Direct internet connection detected
2026-03-09 11:50:08,126 [INFO] WebApp:225 - Starting web application
2026-03-09 11:50:08,126 [INFO] WebApp:593 - Web application path used C:\ST\STM32CubeIDE_1.19.0\STM32CubeIDE\plugins\com.st.stm32cube.common.mx_6.15.0.202507011659\db\plugins\mcufinder\reactClient1\index.html
2026-03-09 11:50:08,773 [INFO] WebApp:191 - Connection restablished
2026-03-09 11:50:10,747 [INFO] UserAuth:487 - Internet connection configuration mode: 1
2026-03-09 11:53:00,878 [INFO] WebApp:194 - Connection lost
2026-03-09 11:53:02,806 [INFO] WebApp:191 - Connection restablished
2026-03-09 12:01:03,355 [INFO] WebApp:194 - Connection lost
2026-03-09 12:01:04,803 [INFO] WebApp:191 - Connection restablished
2026-03-09 12:01:45,441 [INFO] WebApp:194 - Connection lost
2026-03-09 12:01:45,993 [INFO] WebApp:191 - Connection restablished
2026-03-09 12:11:17,863 [INFO] WebApp:194 - Connection lost
2026-03-09 12:11:19,831 [INFO] WebApp:191 - Connection restablished
2026-03-09 12:15:51,199 [INFO] WebApp:194 - Connection lost
2026-03-09 12:15:52,663 [INFO] WebApp:191 - Connection restablished
2026-03-09 12:18:24,171 [INFO] WebApp:194 - Connection lost
2026-03-09 12:18:25,952 [INFO] WebApp:191 - Connection restablished
2026-03-09 12:26:13,810 [INFO] WebApp:194 - Connection lost
2026-03-09 12:26:14,406 [INFO] WebApp:191 - Connection restablished
2026-03-09 12:53:09,245 [INFO] WebApp:194 - Connection lost
2026-03-09 12:53:09,901 [INFO] WebApp:191 - Connection restablished
2026-03-09 13:06:58,531 [INFO] WebApp:194 - Connection lost
2026-03-09 13:07:00,548 [INFO] WebApp:191 - Connection restablished
2026-03-09 13:07:00,589 [INFO] WebApp:194 - Connection lost
2026-03-09 13:07:01,813 [INFO] WebApp:191 - Connection restablished
2026-03-09 13:28:05,190 [INFO] WebApp:194 - Connection lost
2026-03-09 13:28:06,455 [INFO] WebApp:191 - Connection restablished
2026-03-09 14:14:21,248 [INFO] WebApp:194 - Connection lost
2026-03-09 14:14:22,058 [INFO] WebApp:191 - Connection restablished
2026-03-09 14:19:20,009 [INFO] WebApp:194 - Connection lost
2026-03-09 14:19:22,172 [INFO] WebApp:191 - Connection restablished
2026-03-09 14:21:28,288 [INFO] WebApp:194 - Connection lost
2026-03-09 14:21:29,437 [INFO] WebApp:191 - Connection restablished
2026-03-09 14:22:55,435 [INFO] WebApp:194 - Connection lost
2026-03-09 14:22:56,336 [INFO] WebApp:191 - Connection restablished
2026-03-09 14:38:49,421 [INFO] WebApp:194 - Connection lost
2026-03-09 14:38:51,359 [INFO] WebApp:191 - Connection restablished
2026-03-09 14:50:55,292 [INFO] WebApp:194 - Connection lost
2026-03-09 14:50:56,056 [INFO] WebApp:191 - Connection restablished
2026-03-09 15:25:22,505 [INFO] WebApp:194 - Connection lost
2026-03-09 15:25:23,186 [INFO] WebApp:191 - Connection restablished
2026-03-09 15:50:23,788 [INFO] WebApp:194 - Connection lost
2026-03-09 15:50:24,540 [INFO] WebApp:191 - Connection restablished
2026-03-09 15:50:58,263 [INFO] WebApp:194 - Connection lost
2026-03-09 15:50:58,902 [INFO] WebApp:191 - Connection restablished
2026-03-09 16:20:09,247 [INFO] WebApp:194 - Connection lost
2026-03-09 16:20:09,765 [INFO] WebApp:191 - Connection restablished
2026-03-09 16:44:17,137 [INFO] WebApp:194 - Connection lost
2026-03-09 16:44:17,674 [INFO] WebApp:191 - Connection restablished
2026-03-09 16:44:30,317 [INFO] WebApp:194 - Connection lost
2026-03-09 16:44:30,487 [INFO] WebApp:191 - Connection restablished
2026-03-09 16:50:49,765 [INFO] WebApp:194 - Connection lost
2026-03-09 16:50:50,537 [INFO] WebApp:191 - Connection restablished
2026-03-09 17:02:18,194 [INFO] WebApp:194 - Connection lost
2026-03-09 17:02:18,720 [INFO] WebApp:191 - Connection restablished
2026-03-09 17:07:48,648 [INFO] WebApp:194 - Connection lost
2026-03-09 17:07:49,246 [INFO] WebApp:191 - Connection restablished
2026-03-09 17:12:51,198 [INFO] WebApp:194 - Connection lost
2026-03-09 17:12:51,756 [INFO] WebApp:191 - Connection restablished
2026-03-09 17:29:10,084 [INFO] WebApp:194 - Connection lost
2026-03-09 17:29:12,236 [INFO] WebApp:191 - Connection restablished
2026-03-09 17:30:18,373 [INFO] WebApp:194 - Connection lost
2026-03-09 17:30:19,991 [INFO] WebApp:191 - Connection restablished
2026-03-09 17:32:48,457 [INFO] WebApp:194 - Connection lost
2026-03-09 17:32:50,287 [INFO] WebApp:191 - Connection restablished
2026-03-09 17:43:16,845 [INFO] WebApp:194 - Connection lost
2026-03-09 17:43:17,526 [INFO] WebApp:191 - Connection restablished
2026-03-09 17:43:24,314 [INFO] WebApp:194 - Connection lost
2026-03-09 17:43:24,499 [INFO] WebApp:191 - Connection restablished
2026-03-09 17:44:52,451 [INFO] WebApp:194 - Connection lost
2026-03-09 17:44:52,805 [INFO] WebApp:191 - Connection restablished
2026-03-09 17:44:57,305 [INFO] WebApp:194 - Connection lost
2026-03-09 17:44:57,466 [INFO] WebApp:191 - Connection restablished
2026-03-09 17:46:34,338 [INFO] WebApp:194 - Connection lost
2026-03-09 17:46:34,978 [INFO] WebApp:191 - Connection restablished
2026-03-09 17:46:40,791 [INFO] WebApp:194 - Connection lost
2026-03-09 17:46:41,130 [INFO] WebApp:191 - Connection restablished
2026-03-09 17:48:14,306 [INFO] WebApp:194 - Connection lost
2026-03-09 17:48:14,540 [INFO] WebApp:191 - Connection restablished
2026-03-09 17:50:49,163 [INFO] WebApp:194 - Connection lost
2026-03-09 17:50:49,668 [INFO] WebApp:191 - Connection restablished
2026-03-09 17:51:01,800 [INFO] WebApp:194 - Connection lost
2026-03-09 17:51:01,989 [INFO] WebApp:191 - Connection restablished
2026-03-09 17:51:49,751 [INFO] WebApp:194 - Connection lost
2026-03-09 17:51:53,560 [INFO] WebApp:191 - Connection restablished
2026-03-09 17:51:55,796 [INFO] WebApp:194 - Connection lost
2026-03-09 17:51:55,947 [INFO] WebApp:191 - Connection restablished
2026-03-09 17:52:03,311 [INFO] WebApp:194 - Connection lost
2026-03-09 17:52:03,491 [INFO] WebApp:191 - Connection restablished
2026-03-09 17:53:00,015 [INFO] WebApp:194 - Connection lost
2026-03-09 17:53:03,721 [INFO] WebApp:191 - Connection restablished
2026-03-09 17:53:06,816 [INFO] WebApp:194 - Connection lost
2026-03-09 17:53:06,976 [INFO] WebApp:191 - Connection restablished
2026-03-09 17:53:46,311 [INFO] WebApp:194 - Connection lost
2026-03-09 17:53:46,551 [INFO] WebApp:191 - Connection restablished
2026-03-09 17:54:01,298 [INFO] WebApp:194 - Connection lost
2026-03-09 17:54:01,469 [INFO] WebApp:191 - Connection restablished
2026-03-09 17:54:53,815 [INFO] WebApp:194 - Connection lost
2026-03-09 17:54:54,091 [INFO] WebApp:191 - Connection restablished
