12:50:36 **** Incremental Build of configuration Debug for project alfred_ultrasonic_hedghog ****
make -j12 all 
arm-none-eabi-gcc "../Core/Src/main.c" -mcpu=cortex-m0 -std=gnu11 -g3 -DDEBUG -DSTM32F030x6 -DUSE_FULL_LL_DRIVER -DHSE_VALUE=8000000 -DHSE_STARTUP_TIMEOUT=100 -DLSE_STARTUP_TIMEOUT=5000 -DLSE_VALUE=32768 -DHSI_VALUE=8000000 -DLSI_VALUE=40000 -DVDD_VALUE=3300 -DPREFETCH_ENABLE=1 -DINSTRUCTION_CACHE_ENABLE=0 -DDATA_CACHE_ENABLE=0 -c -I../Core/Inc -I../Drivers/STM32F0xx_HAL_Driver/Inc -I../Drivers/CMSIS/Device/ST/STM32F0xx/Include -I../Drivers/CMSIS/Include -O0 -ffunction-sections -fdata-sections -Wall -fstack-usage -fcyclomatic-complexity -MMD -MP -MF"Core/Src/main.d" -MT"Core/Src/main.o" --specs=nano.specs -mfloat-abi=soft -mthumb -o "Core/Src/main.o"
arm-none-eabi-gcc -o "alfred_ultrasonic_hedghog.elf" @"objects.list"   -mcpu=cortex-m0 -T"C:\Users\Alfred\STM32CubeIDE\workspace_1.19.0\alfred_ultrasonic_hedghog\STM32F030F4PX_FLASH.ld" --specs=nosys.specs -Wl,-Map="alfred_ultrasonic_hedghog.map" -Wl,--gc-sections -static --specs=nano.specs -mfloat-abi=soft -mthumb -Wl,--start-group -lc -lm -Wl,--end-group
Finished building target: alfred_ultrasonic_hedghog.elf
 
arm-none-eabi-size  alfred_ultrasonic_hedghog.elf 
arm-none-eabi-objdump -h -S alfred_ultrasonic_hedghog.elf  > "alfred_ultrasonic_hedghog.list"
   text	   data	    bss	    dec	    hex	filename
   4452	      4	   1596	   6052	   17a4	alfred_ultrasonic_hedghog.elf
Finished building: default.size.stdout
 
Finished building: alfred_ultrasonic_hedghog.list
 

12:50:41 Build Finished. 0 errors, 0 warnings. (took 5s.190ms)

