14:04:39 **** Build of configuration Debug for project alfred_ultrasonic_hedghog ****
make -j12 all 
arm-none-eabi-gcc "../Drivers/STM32F0xx_HAL_Driver/Src/stm32f0xx_ll_dma.c" -mcpu=cortex-m0 -std=gnu11 -g3 -DDEBUG -DSTM32F030x6 -DUSE_FULL_LL_DRIVER -DHSE_VALUE=8000000 -DHSE_STARTUP_TIMEOUT=100 -DLSE_STARTUP_TIMEOUT=5000 -DLSE_VALUE=32768 -DHSI_VALUE=8000000 -DLSI_VALUE=40000 -DVDD_VALUE=3300 -DPREFETCH_ENABLE=1 -DINSTRUCTION_CACHE_ENABLE=0 -DDATA_CACHE_ENABLE=0 -c -I../Core/Inc -I../Drivers/STM32F0xx_HAL_Driver/Inc -I../Drivers/CMSIS/Device/ST/STM32F0xx/Include -I../Drivers/CMSIS/Include -O0 -ffunction-sections -fdata-sections -Wall -fstack-usage -fcyclomatic-complexity -MMD -MP -MF"Drivers/STM32F0xx_HAL_Driver/Src/stm32f0xx_ll_dma.d" -MT"Drivers/STM32F0xx_HAL_Driver/Src/stm32f0xx_ll_dma.o" --specs=nano.specs -mfloat-abi=soft -mthumb -o "Drivers/STM32F0xx_HAL_Driver/Src/stm32f0xx_ll_dma.o"
arm-none-eabi-gcc "../Drivers/STM32F0xx_HAL_Driver/Src/stm32f0xx_ll_exti.c" -mcpu=cortex-m0 -std=gnu11 -g3 -DDEBUG -DSTM32F030x6 -DUSE_FULL_LL_DRIVER -DHSE_VALUE=8000000 -DHSE_STARTUP_TIMEOUT=100 -DLSE_STARTUP_TIMEOUT=5000 -DLSE_VALUE=32768 -DHSI_VALUE=8000000 -DLSI_VALUE=40000 -DVDD_VALUE=3300 -DPREFETCH_ENABLE=1 -DINSTRUCTION_CACHE_ENABLE=0 -DDATA_CACHE_ENABLE=0 -c -I../Core/Inc -I../Drivers/STM32F0xx_HAL_Driver/Inc -I../Drivers/CMSIS/Device/ST/STM32F0xx/Include -I../Drivers/CMSIS/Include -O0 -ffunction-sections -fdata-sections -Wall -fstack-usage -fcyclomatic-complexity -MMD -MP -MF"Drivers/STM32F0xx_HAL_Driver/Src/stm32f0xx_ll_exti.d" -MT"Drivers/STM32F0xx_HAL_Driver/Src/stm32f0xx_ll_exti.o" --specs=nano.specs -mfloat-abi=soft -mthumb -o "Drivers/STM32F0xx_HAL_Driver/Src/stm32f0xx_ll_exti.o"
arm-none-eabi-gcc "../Drivers/STM32F0xx_HAL_Driver/Src/stm32f0xx_ll_gpio.c" -mcpu=cortex-m0 -std=gnu11 -g3 -DDEBUG -DSTM32F030x6 -DUSE_FULL_LL_DRIVER -DHSE_VALUE=8000000 -DHSE_STARTUP_TIMEOUT=100 -DLSE_STARTUP_TIMEOUT=5000 -DLSE_VALUE=32768 -DHSI_VALUE=8000000 -DLSI_VALUE=40000 -DVDD_VALUE=3300 -DPREFETCH_ENABLE=1 -DINSTRUCTION_CACHE_ENABLE=0 -DDATA_CACHE_ENABLE=0 -c -I../Core/Inc -I../Drivers/STM32F0xx_HAL_Driver/Inc -I../Drivers/CMSIS/Device/ST/STM32F0xx/Include -I../Drivers/CMSIS/Include -O0 -ffunction-sections -fdata-sections -Wall -fstack-usage -fcyclomatic-complexity -MMD -MP -MF"Drivers/STM32F0xx_HAL_Driver/Src/stm32f0xx_ll_gpio.d" -MT"Drivers/STM32F0xx_HAL_Driver/Src/stm32f0xx_ll_gpio.o" --specs=nano.specs -mfloat-abi=soft -mthumb -o "Drivers/STM32F0xx_HAL_Driver/Src/stm32f0xx_ll_gpio.o"
arm-none-eabi-gcc "../Drivers/STM32F0xx_HAL_Driver/Src/stm32f0xx_ll_pwr.c" -mcpu=cortex-m0 -std=gnu11 -g3 -DDEBUG -DSTM32F030x6 -DUSE_FULL_LL_DRIVER -DHSE_VALUE=8000000 -DHSE_STARTUP_TIMEOUT=100 -DLSE_STARTUP_TIMEOUT=5000 -DLSE_VALUE=32768 -DHSI_VALUE=8000000 -DLSI_VALUE=40000 -DVDD_VALUE=3300 -DPREFETCH_ENABLE=1 -DINSTRUCTION_CACHE_ENABLE=0 -DDATA_CACHE_ENABLE=0 -c -I../Core/Inc -I../Drivers/STM32F0xx_HAL_Driver/Inc -I../Drivers/CMSIS/Device/ST/STM32F0xx/Include -I../Drivers/CMSIS/Include -O0 -ffunction-sections -fdata-sections -Wall -fstack-usage -fcyclomatic-complexity -MMD -MP -MF"Drivers/STM32F0xx_HAL_Driver/Src/stm32f0xx_ll_pwr.d" -MT"Drivers/STM32F0xx_HAL_Driver/Src/stm32f0xx_ll_pwr.o" --specs=nano.specs -mfloat-abi=soft -mthumb -o "Drivers/STM32F0xx_HAL_Driver/Src/stm32f0xx_ll_pwr.o"
arm-none-eabi-gcc "../Drivers/STM32F0xx_HAL_Driver/Src/stm32f0xx_ll_rcc.c" -mcpu=cortex-m0 -std=gnu11 -g3 -DDEBUG -DSTM32F030x6 -DUSE_FULL_LL_DRIVER -DHSE_VALUE=8000000 -DHSE_STARTUP_TIMEOUT=100 -DLSE_STARTUP_TIMEOUT=5000 -DLSE_VALUE=32768 -DHSI_VALUE=8000000 -DLSI_VALUE=40000 -DVDD_VALUE=3300 -DPREFETCH_ENABLE=1 -DINSTRUCTION_CACHE_ENABLE=0 -DDATA_CACHE_ENABLE=0 -c -I../Core/Inc -I../Drivers/STM32F0xx_HAL_Driver/Inc -I../Drivers/CMSIS/Device/ST/STM32F0xx/Include -I../Drivers/CMSIS/Include -O0 -ffunction-sections -fdata-sections -Wall -fstack-usage -fcyclomatic-complexity -MMD -MP -MF"Drivers/STM32F0xx_HAL_Driver/Src/stm32f0xx_ll_rcc.d" -MT"Drivers/STM32F0xx_HAL_Driver/Src/stm32f0xx_ll_rcc.o" --specs=nano.specs -mfloat-abi=soft -mthumb -o "Drivers/STM32F0xx_HAL_Driver/Src/stm32f0xx_ll_rcc.o"
arm-none-eabi-gcc "../Drivers/STM32F0xx_HAL_Driver/Src/stm32f0xx_ll_tim.c" -mcpu=cortex-m0 -std=gnu11 -g3 -DDEBUG -DSTM32F030x6 -DUSE_FULL_LL_DRIVER -DHSE_VALUE=8000000 -DHSE_STARTUP_TIMEOUT=100 -DLSE_STARTUP_TIMEOUT=5000 -DLSE_VALUE=32768 -DHSI_VALUE=8000000 -DLSI_VALUE=40000 -DVDD_VALUE=3300 -DPREFETCH_ENABLE=1 -DINSTRUCTION_CACHE_ENABLE=0 -DDATA_CACHE_ENABLE=0 -c -I../Core/Inc -I../Drivers/STM32F0xx_HAL_Driver/Inc -I../Drivers/CMSIS/Device/ST/STM32F0xx/Include -I../Drivers/CMSIS/Include -O0 -ffunction-sections -fdata-sections -Wall -fstack-usage -fcyclomatic-complexity -MMD -MP -MF"Drivers/STM32F0xx_HAL_Driver/Src/stm32f0xx_ll_tim.d" -MT"Drivers/STM32F0xx_HAL_Driver/Src/stm32f0xx_ll_tim.o" --specs=nano.specs -mfloat-abi=soft -mthumb -o "Drivers/STM32F0xx_HAL_Driver/Src/stm32f0xx_ll_tim.o"
arm-none-eabi-gcc "../Drivers/STM32F0xx_HAL_Driver/Src/stm32f0xx_ll_utils.c" -mcpu=cortex-m0 -std=gnu11 -g3 -DDEBUG -DSTM32F030x6 -DUSE_FULL_LL_DRIVER -DHSE_VALUE=8000000 -DHSE_STARTUP_TIMEOUT=100 -DLSE_STARTUP_TIMEOUT=5000 -DLSE_VALUE=32768 -DHSI_VALUE=8000000 -DLSI_VALUE=40000 -DVDD_VALUE=3300 -DPREFETCH_ENABLE=1 -DINSTRUCTION_CACHE_ENABLE=0 -DDATA_CACHE_ENABLE=0 -c -I../Core/Inc -I../Drivers/STM32F0xx_HAL_Driver/Inc -I../Drivers/CMSIS/Device/ST/STM32F0xx/Include -I../Drivers/CMSIS/Include -O0 -ffunction-sections -fdata-sections -Wall -fstack-usage -fcyclomatic-complexity -MMD -MP -MF"Drivers/STM32F0xx_HAL_Driver/Src/stm32f0xx_ll_utils.d" -MT"Drivers/STM32F0xx_HAL_Driver/Src/stm32f0xx_ll_utils.o" --specs=nano.specs -mfloat-abi=soft -mthumb -o "Drivers/STM32F0xx_HAL_Driver/Src/stm32f0xx_ll_utils.o"
arm-none-eabi-gcc -mcpu=cortex-m0 -g3 -DDEBUG -c -x assembler-with-cpp -MMD -MP -MF"Core/Startup/startup_stm32f030f4px.d" -MT"Core/Startup/startup_stm32f030f4px.o" --specs=nano.specs -mfloat-abi=soft -mthumb -o "Core/Startup/startup_stm32f030f4px.o" "../Core/Startup/startup_stm32f030f4px.s"
arm-none-eabi-gcc "../Core/Src/main.c" -mcpu=cortex-m0 -std=gnu11 -g3 -DDEBUG -DSTM32F030x6 -DUSE_FULL_LL_DRIVER -DHSE_VALUE=8000000 -DHSE_STARTUP_TIMEOUT=100 -DLSE_STARTUP_TIMEOUT=5000 -DLSE_VALUE=32768 -DHSI_VALUE=8000000 -DLSI_VALUE=40000 -DVDD_VALUE=3300 -DPREFETCH_ENABLE=1 -DINSTRUCTION_CACHE_ENABLE=0 -DDATA_CACHE_ENABLE=0 -c -I../Core/Inc -I../Drivers/STM32F0xx_HAL_Driver/Inc -I../Drivers/CMSIS/Device/ST/STM32F0xx/Include -I../Drivers/CMSIS/Include -O0 -ffunction-sections -fdata-sections -Wall -fstack-usage -fcyclomatic-complexity -MMD -MP -MF"Core/Src/main.d" -MT"Core/Src/main.o" --specs=nano.specs -mfloat-abi=soft -mthumb -o "Core/Src/main.o"
arm-none-eabi-gcc "../Core/Src/stm32f0xx_it.c" -mcpu=cortex-m0 -std=gnu11 -g3 -DDEBUG -DSTM32F030x6 -DUSE_FULL_LL_DRIVER -DHSE_VALUE=8000000 -DHSE_STARTUP_TIMEOUT=100 -DLSE_STARTUP_TIMEOUT=5000 -DLSE_VALUE=32768 -DHSI_VALUE=8000000 -DLSI_VALUE=40000 -DVDD_VALUE=3300 -DPREFETCH_ENABLE=1 -DINSTRUCTION_CACHE_ENABLE=0 -DDATA_CACHE_ENABLE=0 -c -I../Core/Inc -I../Drivers/STM32F0xx_HAL_Driver/Inc -I../Drivers/CMSIS/Device/ST/STM32F0xx/Include -I../Drivers/CMSIS/Include -O0 -ffunction-sections -fdata-sections -Wall -fstack-usage -fcyclomatic-complexity -MMD -MP -MF"Core/Src/stm32f0xx_it.d" -MT"Core/Src/stm32f0xx_it.o" --specs=nano.specs -mfloat-abi=soft -mthumb -o "Core/Src/stm32f0xx_it.o"
arm-none-eabi-gcc "../Core/Src/syscalls.c" -mcpu=cortex-m0 -std=gnu11 -g3 -DDEBUG -DSTM32F030x6 -DUSE_FULL_LL_DRIVER -DHSE_VALUE=8000000 -DHSE_STARTUP_TIMEOUT=100 -DLSE_STARTUP_TIMEOUT=5000 -DLSE_VALUE=32768 -DHSI_VALUE=8000000 -DLSI_VALUE=40000 -DVDD_VALUE=3300 -DPREFETCH_ENABLE=1 -DINSTRUCTION_CACHE_ENABLE=0 -DDATA_CACHE_ENABLE=0 -c -I../Core/Inc -I../Drivers/STM32F0xx_HAL_Driver/Inc -I../Drivers/CMSIS/Device/ST/STM32F0xx/Include -I../Drivers/CMSIS/Include -O0 -ffunction-sections -fdata-sections -Wall -fstack-usage -fcyclomatic-complexity -MMD -MP -MF"Core/Src/syscalls.d" -MT"Core/Src/syscalls.o" --specs=nano.specs -mfloat-abi=soft -mthumb -o "Core/Src/syscalls.o"
arm-none-eabi-gcc "../Core/Src/sysmem.c" -mcpu=cortex-m0 -std=gnu11 -g3 -DDEBUG -DSTM32F030x6 -DUSE_FULL_LL_DRIVER -DHSE_VALUE=8000000 -DHSE_STARTUP_TIMEOUT=100 -DLSE_STARTUP_TIMEOUT=5000 -DLSE_VALUE=32768 -DHSI_VALUE=8000000 -DLSI_VALUE=40000 -DVDD_VALUE=3300 -DPREFETCH_ENABLE=1 -DINSTRUCTION_CACHE_ENABLE=0 -DDATA_CACHE_ENABLE=0 -c -I../Core/Inc -I../Drivers/STM32F0xx_HAL_Driver/Inc -I../Drivers/CMSIS/Device/ST/STM32F0xx/Include -I../Drivers/CMSIS/Include -O0 -ffunction-sections -fdata-sections -Wall -fstack-usage -fcyclomatic-complexity -MMD -MP -MF"Core/Src/sysmem.d" -MT"Core/Src/sysmem.o" --specs=nano.specs -mfloat-abi=soft -mthumb -o "Core/Src/sysmem.o"
../Core/Src/main.c:98:9: note: '#pragma message: [CONFIG] ACTIVE_FREQ = 40 kHz'
   98 | #pragma message ("[CONFIG] ACTIVE_FREQ = 40 kHz")
      |         ^~~~~~~
arm-none-eabi-gcc "../Core/Src/system_stm32f0xx.c" -mcpu=cortex-m0 -std=gnu11 -g3 -DDEBUG -DSTM32F030x6 -DUSE_FULL_LL_DRIVER -DHSE_VALUE=8000000 -DHSE_STARTUP_TIMEOUT=100 -DLSE_STARTUP_TIMEOUT=5000 -DLSE_VALUE=32768 -DHSI_VALUE=8000000 -DLSI_VALUE=40000 -DVDD_VALUE=3300 -DPREFETCH_ENABLE=1 -DINSTRUCTION_CACHE_ENABLE=0 -DDATA_CACHE_ENABLE=0 -c -I../Core/Inc -I../Drivers/STM32F0xx_HAL_Driver/Inc -I../Drivers/CMSIS/Device/ST/STM32F0xx/Include -I../Drivers/CMSIS/Include -O0 -ffunction-sections -fdata-sections -Wall -fstack-usage -fcyclomatic-complexity -MMD -MP -MF"Core/Src/system_stm32f0xx.d" -MT"Core/Src/system_stm32f0xx.o" --specs=nano.specs -mfloat-abi=soft -mthumb -o "Core/Src/system_stm32f0xx.o"
arm-none-eabi-gcc -o "alfred_ultrasonic_hedghog.elf" @"objects.list"   -mcpu=cortex-m0 -T"C:\Users\Alfred\STM32CubeIDE\workspace_1.19.0\alfred_ultrasonic_hedghog\STM32F030F4PX_FLASH.ld" --specs=nosys.specs -Wl,-Map="alfred_ultrasonic_hedghog.map" -Wl,--gc-sections -static --specs=nano.specs -mfloat-abi=soft -mthumb -Wl,--start-group -lc -lm -Wl,--end-group
Finished building target: alfred_ultrasonic_hedghog.elf
 
arm-none-eabi-size  alfred_ultrasonic_hedghog.elf 
arm-none-eabi-objdump -h -S alfred_ultrasonic_hedghog.elf  > "alfred_ultrasonic_hedghog.list"
   text	   data	    bss	    dec	    hex	filename
   4308	      4	   1588	   5900	   170c	alfred_ultrasonic_hedghog.elf
Finished building: default.size.stdout
 
Finished building: alfred_ultrasonic_hedghog.list
 
18:20:16 **** Incremental Build of configuration Debug for project alfred_ultrasonic_hedghog ****
make -j12 all 
arm-none-eabi-size  alfred_ultrasonic_hedghog.elf 
   text	   data	    bss	    dec	    hex	filename
   4308	      4	   1588	   5900	   170c	alfred_ultrasonic_hedghog.elf
Finished building: default.size.stdout
 
18:25:01 **** Incremental Build of configuration Debug for project alfred_ultrasonic_hedghog ****
make -j12 all 
arm-none-eabi-gcc "../Core/Src/main.c" -mcpu=cortex-m0 -std=gnu11 -g3 -DDEBUG -DSTM32F030x6 -DUSE_FULL_LL_DRIVER -DHSE_VALUE=8000000 -DHSE_STARTUP_TIMEOUT=100 -DLSE_STARTUP_TIMEOUT=5000 -DLSE_VALUE=32768 -DHSI_VALUE=8000000 -DLSI_VALUE=40000 -DVDD_VALUE=3300 -DPREFETCH_ENABLE=1 -DINSTRUCTION_CACHE_ENABLE=0 -DDATA_CACHE_ENABLE=0 -c -I../Core/Inc -I../Drivers/STM32F0xx_HAL_Driver/Inc -I../Drivers/CMSIS/Device/ST/STM32F0xx/Include -I../Drivers/CMSIS/Include -O0 -ffunction-sections -fdata-sections -Wall -fstack-usage -fcyclomatic-complexity -MMD -MP -MF"Core/Src/main.d" -MT"Core/Src/main.o" --specs=nano.specs -mfloat-abi=soft -mthumb -o "Core/Src/main.o"
../Core/Src/main.c:98:9: note: '#pragma message: [CONFIG] ACTIVE_FREQ = 40 kHz'
   98 | #pragma message ("[CONFIG] ACTIVE_FREQ = 40 kHz")
      |         ^~~~~~~
arm-none-eabi-gcc -o "alfred_ultrasonic_hedghog.elf" @"objects.list"   -mcpu=cortex-m0 -T"C:\Users\Alfred\STM32CubeIDE\workspace_1.19.0\alfred_ultrasonic_hedghog\STM32F030F4PX_FLASH.ld" --specs=nosys.specs -Wl,-Map="alfred_ultrasonic_hedghog.map" -Wl,--gc-sections -static --specs=nano.specs -mfloat-abi=soft -mthumb -Wl,--start-group -lc -lm -Wl,--end-group
Finished building target: alfred_ultrasonic_hedghog.elf
 
arm-none-eabi-size  alfred_ultrasonic_hedghog.elf 
arm-none-eabi-objdump -h -S alfred_ultrasonic_hedghog.elf  > "alfred_ultrasonic_hedghog.list"
   text	   data	    bss	    dec	    hex	filename
   4308	      4	   1588	   5900	   170c	alfred_ultrasonic_hedghog.elf
Finished building: default.size.stdout
 
Finished building: alfred_ultrasonic_hedghog.list
 
18:26:59 **** Incremental Build of configuration Debug for project alfred_ultrasonic_hedghog ****
make -j12 all 
arm-none-eabi-size  alfred_ultrasonic_hedghog.elf 
   text	   data	    bss	    dec	    hex	filename
   4308	      4	   1588	   5900	   170c	alfred_ultrasonic_hedghog.elf
Finished building: default.size.stdout
 
18:29:05 **** Incremental Build of configuration Debug for project alfred_ultrasonic_hedghog ****
make -j12 all 
arm-none-eabi-gcc "../Core/Src/main.c" -mcpu=cortex-m0 -std=gnu11 -g3 -DDEBUG -DSTM32F030x6 -DUSE_FULL_LL_DRIVER -DHSE_VALUE=8000000 -DHSE_STARTUP_TIMEOUT=100 -DLSE_STARTUP_TIMEOUT=5000 -DLSE_VALUE=32768 -DHSI_VALUE=8000000 -DLSI_VALUE=40000 -DVDD_VALUE=3300 -DPREFETCH_ENABLE=1 -DINSTRUCTION_CACHE_ENABLE=0 -DDATA_CACHE_ENABLE=0 -c -I../Core/Inc -I../Drivers/STM32F0xx_HAL_Driver/Inc -I../Drivers/CMSIS/Device/ST/STM32F0xx/Include -I../Drivers/CMSIS/Include -O0 -ffunction-sections -fdata-sections -Wall -fstack-usage -fcyclomatic-complexity -MMD -MP -MF"Core/Src/main.d" -MT"Core/Src/main.o" --specs=nano.specs -mfloat-abi=soft -mthumb -o "Core/Src/main.o"
../Core/Src/main.c:98:9: note: '#pragma message: [CONFIG] ACTIVE_FREQ = 40 kHz'
   98 | #pragma message ("[CONFIG] ACTIVE_FREQ = 40 kHz")
      |         ^~~~~~~
arm-none-eabi-gcc -o "alfred_ultrasonic_hedghog.elf" @"objects.list"   -mcpu=cortex-m0 -T"C:\Users\Alfred\STM32CubeIDE\workspace_1.19.0\alfred_ultrasonic_hedghog\STM32F030F4PX_FLASH.ld" --specs=nosys.specs -Wl,-Map="alfred_ultrasonic_hedghog.map" -Wl,--gc-sections -static --specs=nano.specs -mfloat-abi=soft -mthumb -Wl,--start-group -lc -lm -Wl,--end-group
Finished building target: alfred_ultrasonic_hedghog.elf
 
arm-none-eabi-size  alfred_ultrasonic_hedghog.elf 
arm-none-eabi-objdump -h -S alfred_ultrasonic_hedghog.elf  > "alfred_ultrasonic_hedghog.list"
   text	   data	    bss	    dec	    hex	filename
   4308	      4	   1588	   5900	   170c	alfred_ultrasonic_hedghog.elf
Finished building: default.size.stdout
 
Finished building: alfred_ultrasonic_hedghog.list
 
18:29:51 **** Incremental Build of configuration Debug for project alfred_ultrasonic_hedghog ****
make -j12 all 
arm-none-eabi-gcc "../Core/Src/main.c" -mcpu=cortex-m0 -std=gnu11 -g3 -DDEBUG -DSTM32F030x6 -DUSE_FULL_LL_DRIVER -DHSE_VALUE=8000000 -DHSE_STARTUP_TIMEOUT=100 -DLSE_STARTUP_TIMEOUT=5000 -DLSE_VALUE=32768 -DHSI_VALUE=8000000 -DLSI_VALUE=40000 -DVDD_VALUE=3300 -DPREFETCH_ENABLE=1 -DINSTRUCTION_CACHE_ENABLE=0 -DDATA_CACHE_ENABLE=0 -c -I../Core/Inc -I../Drivers/STM32F0xx_HAL_Driver/Inc -I../Drivers/CMSIS/Device/ST/STM32F0xx/Include -I../Drivers/CMSIS/Include -O0 -ffunction-sections -fdata-sections -Wall -fstack-usage -fcyclomatic-complexity -MMD -MP -MF"Core/Src/main.d" -MT"Core/Src/main.o" --specs=nano.specs -mfloat-abi=soft -mthumb -o "Core/Src/main.o"
../Core/Src/main.c:98:9: note: '#pragma message: [CONFIG] ACTIVE_FREQ = 40 kHz'
   98 | #pragma message ("[CONFIG] ACTIVE_FREQ = 40 kHz")
      |         ^~~~~~~
arm-none-eabi-gcc -o "alfred_ultrasonic_hedghog.elf" @"objects.list"   -mcpu=cortex-m0 -T"C:\Users\Alfred\STM32CubeIDE\workspace_1.19.0\alfred_ultrasonic_hedghog\STM32F030F4PX_FLASH.ld" --specs=nosys.specs -Wl,-Map="alfred_ultrasonic_hedghog.map" -Wl,--gc-sections -static --specs=nano.specs -mfloat-abi=soft -mthumb -Wl,--start-group -lc -lm -Wl,--end-group
Finished building target: alfred_ultrasonic_hedghog.elf
 
arm-none-eabi-size  alfred_ultrasonic_hedghog.elf 
arm-none-eabi-objdump -h -S alfred_ultrasonic_hedghog.elf  > "alfred_ultrasonic_hedghog.list"
   text	   data	    bss	    dec	    hex	filename
   4308	      4	   1588	   5900	   170c	alfred_ultrasonic_hedghog.elf
Finished building: default.size.stdout
 
Finished building: alfred_ultrasonic_hedghog.list
 
18:31:47 **** Incremental Build of configuration Debug for project alfred_ultrasonic_hedghog ****
make -j12 all 
arm-none-eabi-gcc "../Core/Src/main.c" -mcpu=cortex-m0 -std=gnu11 -g3 -DDEBUG -DSTM32F030x6 -DUSE_FULL_LL_DRIVER -DHSE_VALUE=8000000 -DHSE_STARTUP_TIMEOUT=100 -DLSE_STARTUP_TIMEOUT=5000 -DLSE_VALUE=32768 -DHSI_VALUE=8000000 -DLSI_VALUE=40000 -DVDD_VALUE=3300 -DPREFETCH_ENABLE=1 -DINSTRUCTION_CACHE_ENABLE=0 -DDATA_CACHE_ENABLE=0 -c -I../Core/Inc -I../Drivers/STM32F0xx_HAL_Driver/Inc -I../Drivers/CMSIS/Device/ST/STM32F0xx/Include -I../Drivers/CMSIS/Include -O0 -ffunction-sections -fdata-sections -Wall -fstack-usage -fcyclomatic-complexity -MMD -MP -MF"Core/Src/main.d" -MT"Core/Src/main.o" --specs=nano.specs -mfloat-abi=soft -mthumb -o "Core/Src/main.o"
../Core/Src/main.c:98:9: note: '#pragma message: [CONFIG] ACTIVE_FREQ = 40 kHz'
   98 | #pragma message ("[CONFIG] ACTIVE_FREQ = 40 kHz")
      |         ^~~~~~~
arm-none-eabi-gcc -o "alfred_ultrasonic_hedghog.elf" @"objects.list"   -mcpu=cortex-m0 -T"C:\Users\Alfred\STM32CubeIDE\workspace_1.19.0\alfred_ultrasonic_hedghog\STM32F030F4PX_FLASH.ld" --specs=nosys.specs -Wl,-Map="alfred_ultrasonic_hedghog.map" -Wl,--gc-sections -static --specs=nano.specs -mfloat-abi=soft -mthumb -Wl,--start-group -lc -lm -Wl,--end-group
Finished building target: alfred_ultrasonic_hedghog.elf
 
arm-none-eabi-size  alfred_ultrasonic_hedghog.elf 
arm-none-eabi-objdump -h -S alfred_ultrasonic_hedghog.elf  > "alfred_ultrasonic_hedghog.list"
   text	   data	    bss	    dec	    hex	filename
   4308	      4	   1588	   5900	   170c	alfred_ultrasonic_hedghog.elf
Finished building: default.size.stdout
 
Finished building: alfred_ultrasonic_hedghog.list
 
18:39:37 **** Incremental Build of configuration Debug for project alfred_ultrasonic_hedghog ****
make -j12 all 
arm-none-eabi-gcc "../Core/Src/main.c" -mcpu=cortex-m0 -std=gnu11 -g3 -DDEBUG -DSTM32F030x6 -DUSE_FULL_LL_DRIVER -DHSE_VALUE=8000000 -DHSE_STARTUP_TIMEOUT=100 -DLSE_STARTUP_TIMEOUT=5000 -DLSE_VALUE=32768 -DHSI_VALUE=8000000 -DLSI_VALUE=40000 -DVDD_VALUE=3300 -DPREFETCH_ENABLE=1 -DINSTRUCTION_CACHE_ENABLE=0 -DDATA_CACHE_ENABLE=0 -c -I../Core/Inc -I../Drivers/STM32F0xx_HAL_Driver/Inc -I../Drivers/CMSIS/Device/ST/STM32F0xx/Include -I../Drivers/CMSIS/Include -O0 -ffunction-sections -fdata-sections -Wall -fstack-usage -fcyclomatic-complexity -MMD -MP -MF"Core/Src/main.d" -MT"Core/Src/main.o" --specs=nano.specs -mfloat-abi=soft -mthumb -o "Core/Src/main.o"
../Core/Src/main.c:98:9: note: '#pragma message: [CONFIG] ACTIVE_FREQ = 40 kHz'
   98 | #pragma message ("[CONFIG] ACTIVE_FREQ = 40 kHz")
      |         ^~~~~~~
arm-none-eabi-gcc -o "alfred_ultrasonic_hedghog.elf" @"objects.list"   -mcpu=cortex-m0 -T"C:\Users\Alfred\STM32CubeIDE\workspace_1.19.0\alfred_ultrasonic_hedghog\STM32F030F4PX_FLASH.ld" --specs=nosys.specs -Wl,-Map="alfred_ultrasonic_hedghog.map" -Wl,--gc-sections -static --specs=nano.specs -mfloat-abi=soft -mthumb -Wl,--start-group -lc -lm -Wl,--end-group
Finished building target: alfred_ultrasonic_hedghog.elf
 
arm-none-eabi-size  alfred_ultrasonic_hedghog.elf 
arm-none-eabi-objdump -h -S alfred_ultrasonic_hedghog.elf  > "alfred_ultrasonic_hedghog.list"
   text	   data	    bss	    dec	    hex	filename
   4308	      4	   1588	   5900	   170c	alfred_ultrasonic_hedghog.elf
Finished building: default.size.stdout
 
Finished building: alfred_ultrasonic_hedghog.list
 
12:54:00 **** Incremental Build of configuration Debug for project alfred_ultrasonic_hedghog ****
make -j12 all 
arm-none-eabi-gcc "../Core/Src/main.c" -mcpu=cortex-m0 -std=gnu11 -g3 -DDEBUG -DSTM32F030x6 -DUSE_FULL_LL_DRIVER -DHSE_VALUE=8000000 -DHSE_STARTUP_TIMEOUT=100 -DLSE_STARTUP_TIMEOUT=5000 -DLSE_VALUE=32768 -DHSI_VALUE=8000000 -DLSI_VALUE=40000 -DVDD_VALUE=3300 -DPREFETCH_ENABLE=1 -DINSTRUCTION_CACHE_ENABLE=0 -DDATA_CACHE_ENABLE=0 -c -I../Core/Inc -I../Drivers/STM32F0xx_HAL_Driver/Inc -I../Drivers/CMSIS/Device/ST/STM32F0xx/Include -I../Drivers/CMSIS/Include -O0 -ffunction-sections -fdata-sections -Wall -fstack-usage -fcyclomatic-complexity -MMD -MP -MF"Core/Src/main.d" -MT"Core/Src/main.o" --specs=nano.specs -mfloat-abi=soft -mthumb -o "Core/Src/main.o"
../Core/Src/main.c:105:9: note: '#pragma message: [CONFIG] ACTIVE_FREQ = 40 kHz'
  105 | #pragma message ("[CONFIG] ACTIVE_FREQ = 40 kHz")
      |         ^~~~~~~
arm-none-eabi-gcc -o "alfred_ultrasonic_hedghog.elf" @"objects.list"   -mcpu=cortex-m0 -T"C:\Users\Alfred\STM32CubeIDE\workspace_1.19.0\alfred_ultrasonic_hedghog\STM32F030F4PX_FLASH.ld" --specs=nosys.specs -Wl,-Map="alfred_ultrasonic_hedghog.map" -Wl,--gc-sections -static --specs=nano.specs -mfloat-abi=soft -mthumb -Wl,--start-group -lc -lm -Wl,--end-group
Finished building target: alfred_ultrasonic_hedghog.elf
 
arm-none-eabi-size  alfred_ultrasonic_hedghog.elf 
arm-none-eabi-objdump -h -S alfred_ultrasonic_hedghog.elf  > "alfred_ultrasonic_hedghog.list"
   text	   data	    bss	    dec	    hex	filename
   4380	      4	   1588	   5972	   1754	alfred_ultrasonic_hedghog.elf
Finished building: default.size.stdout
 
Finished building: alfred_ultrasonic_hedghog.list
 
12:54:46 **** Incremental Build of configuration Debug for project alfred_ultrasonic_hedghog ****
make -j12 all 
arm-none-eabi-size  alfred_ultrasonic_hedghog.elf 
   text	   data	    bss	    dec	    hex	filename
   4380	      4	   1588	   5972	   1754	alfred_ultrasonic_hedghog.elf
Finished building: default.size.stdout
 
13:03:13 **** Incremental Build of configuration Debug for project alfred_ultrasonic_hedghog ****
make -j12 all 
arm-none-eabi-gcc "../Core/Src/main.c" -mcpu=cortex-m0 -std=gnu11 -g3 -DDEBUG -DSTM32F030x6 -DUSE_FULL_LL_DRIVER -DHSE_VALUE=8000000 -DHSE_STARTUP_TIMEOUT=100 -DLSE_STARTUP_TIMEOUT=5000 -DLSE_VALUE=32768 -DHSI_VALUE=8000000 -DLSI_VALUE=40000 -DVDD_VALUE=3300 -DPREFETCH_ENABLE=1 -DINSTRUCTION_CACHE_ENABLE=0 -DDATA_CACHE_ENABLE=0 -c -I../Core/Inc -I../Drivers/STM32F0xx_HAL_Driver/Inc -I../Drivers/CMSIS/Device/ST/STM32F0xx/Include -I../Drivers/CMSIS/Include -O0 -ffunction-sections -fdata-sections -Wall -fstack-usage -fcyclomatic-complexity -MMD -MP -MF"Core/Src/main.d" -MT"Core/Src/main.o" --specs=nano.specs -mfloat-abi=soft -mthumb -o "Core/Src/main.o"
../Core/Src/main.c:105:9: note: '#pragma message: [CONFIG] ACTIVE_FREQ = 40 kHz'
  105 | #pragma message ("[CONFIG] ACTIVE_FREQ = 40 kHz")
      |         ^~~~~~~
arm-none-eabi-gcc -o "alfred_ultrasonic_hedghog.elf" @"objects.list"   -mcpu=cortex-m0 -T"C:\Users\Alfred\STM32CubeIDE\workspace_1.19.0\alfred_ultrasonic_hedghog\STM32F030F4PX_FLASH.ld" --specs=nosys.specs -Wl,-Map="alfred_ultrasonic_hedghog.map" -Wl,--gc-sections -static --specs=nano.specs -mfloat-abi=soft -mthumb -Wl,--start-group -lc -lm -Wl,--end-group
Finished building target: alfred_ultrasonic_hedghog.elf
 
arm-none-eabi-size  alfred_ultrasonic_hedghog.elf 
arm-none-eabi-objdump -h -S alfred_ultrasonic_hedghog.elf  > "alfred_ultrasonic_hedghog.list"
   text	   data	    bss	    dec	    hex	filename
   4380	      4	   1588	   5972	   1754	alfred_ultrasonic_hedghog.elf
Finished building: default.size.stdout
 
Finished building: alfred_ultrasonic_hedghog.list
 
13:04:05 **** Incremental Build of configuration Debug for project alfred_ultrasonic_hedghog ****
make -j12 all 
arm-none-eabi-size  alfred_ultrasonic_hedghog.elf 
   text	   data	    bss	    dec	    hex	filename
   4380	      4	   1588	   5972	   1754	alfred_ultrasonic_hedghog.elf
Finished building: default.size.stdout
 
15:29:43 **** Build of configuration Debug for project alfred_ultrasonic_hedghog ****
make -j12 all 
arm-none-eabi-gcc "../Core/Src/main.c" -mcpu=cortex-m0 -std=gnu11 -g3 -DDEBUG -DSTM32F030x6 -DUSE_FULL_LL_DRIVER -DHSE_VALUE=8000000 -DHSE_STARTUP_TIMEOUT=100 -DLSE_STARTUP_TIMEOUT=5000 -DLSE_VALUE=32768 -DHSI_VALUE=8000000 -DLSI_VALUE=40000 -DVDD_VALUE=3300 -DPREFETCH_ENABLE=1 -DINSTRUCTION_CACHE_ENABLE=0 -DDATA_CACHE_ENABLE=0 -c -I../Core/Inc -I../Drivers/STM32F0xx_HAL_Driver/Inc -I../Drivers/CMSIS/Device/ST/STM32F0xx/Include -I../Drivers/CMSIS/Include -O0 -ffunction-sections -fdata-sections -Wall -fstack-usage -fcyclomatic-complexity -MMD -MP -MF"Core/Src/main.d" -MT"Core/Src/main.o" --specs=nano.specs -mfloat-abi=soft -mthumb -o "Core/Src/main.o"
../Core/Src/main.c:105:9: note: '#pragma message: [CONFIG] ACTIVE_FREQ = 40 kHz'
  105 | #pragma message ("[CONFIG] ACTIVE_FREQ = 40 kHz")
      |         ^~~~~~~
arm-none-eabi-gcc -o "alfred_ultrasonic_hedghog.elf" @"objects.list"   -mcpu=cortex-m0 -T"C:\Users\Alfred\STM32CubeIDE\workspace_1.19.0\alfred_ultrasonic_hedghog\STM32F030F4PX_FLASH.ld" --specs=nosys.specs -Wl,-Map="alfred_ultrasonic_hedghog.map" -Wl,--gc-sections -static --specs=nano.specs -mfloat-abi=soft -mthumb -Wl,--start-group -lc -lm -Wl,--end-group
Finished building target: alfred_ultrasonic_hedghog.elf
 
arm-none-eabi-size  alfred_ultrasonic_hedghog.elf 
arm-none-eabi-objdump -h -S alfred_ultrasonic_hedghog.elf  > "alfred_ultrasonic_hedghog.list"
   text	   data	    bss	    dec	    hex	filename
   4380	      4	   1588	   5972	   1754	alfred_ultrasonic_hedghog.elf
Finished building: default.size.stdout
 
Finished building: alfred_ultrasonic_hedghog.list
 
15:31:37 **** Incremental Build of configuration Debug for project alfred_ultrasonic_hedghog ****
make -j12 all 
arm-none-eabi-size  alfred_ultrasonic_hedghog.elf 
   text	   data	    bss	    dec	    hex	filename
   4380	      4	   1588	   5972	   1754	alfred_ultrasonic_hedghog.elf
Finished building: default.size.stdout
 
16:19:47 **** Incremental Build of configuration Debug for project alfred_ultrasonic_hedghog ****
make -j12 all 
arm-none-eabi-gcc "../Core/Src/main.c" -mcpu=cortex-m0 -std=gnu11 -g3 -DDEBUG -DSTM32F030x6 -DUSE_FULL_LL_DRIVER -DHSE_VALUE=8000000 -DHSE_STARTUP_TIMEOUT=100 -DLSE_STARTUP_TIMEOUT=5000 -DLSE_VALUE=32768 -DHSI_VALUE=8000000 -DLSI_VALUE=40000 -DVDD_VALUE=3300 -DPREFETCH_ENABLE=1 -DINSTRUCTION_CACHE_ENABLE=0 -DDATA_CACHE_ENABLE=0 -c -I../Core/Inc -I../Drivers/STM32F0xx_HAL_Driver/Inc -I../Drivers/CMSIS/Device/ST/STM32F0xx/Include -I../Drivers/CMSIS/Include -O0 -ffunction-sections -fdata-sections -Wall -fstack-usage -fcyclomatic-complexity -MMD -MP -MF"Core/Src/main.d" -MT"Core/Src/main.o" --specs=nano.specs -mfloat-abi=soft -mthumb -o "Core/Src/main.o"
../Core/Src/main.c:105:9: note: '#pragma message: [CONFIG] ACTIVE_FREQ = 40 kHz'
  105 | #pragma message ("[CONFIG] ACTIVE_FREQ = 40 kHz")
      |         ^~~~~~~
arm-none-eabi-gcc -o "alfred_ultrasonic_hedghog.elf" @"objects.list"   -mcpu=cortex-m0 -T"C:\Users\Alfred\STM32CubeIDE\workspace_1.19.0\alfred_ultrasonic_hedghog\STM32F030F4PX_FLASH.ld" --specs=nosys.specs -Wl,-Map="alfred_ultrasonic_hedghog.map" -Wl,--gc-sections -static --specs=nano.specs -mfloat-abi=soft -mthumb -Wl,--start-group -lc -lm -Wl,--end-group
Finished building target: alfred_ultrasonic_hedghog.elf
 
arm-none-eabi-size  alfred_ultrasonic_hedghog.elf 
arm-none-eabi-objdump -h -S alfred_ultrasonic_hedghog.elf  > "alfred_ultrasonic_hedghog.list"
   text	   data	    bss	    dec	    hex	filename
   4380	      4	   1588	   5972	   1754	alfred_ultrasonic_hedghog.elf
Finished building: default.size.stdout
 
Finished building: alfred_ultrasonic_hedghog.list
 
16:35:10 **** Incremental Build of configuration Debug for project alfred_ultrasonic_hedghog ****
make -j12 all 
arm-none-eabi-gcc "../Core/Src/main.c" -mcpu=cortex-m0 -std=gnu11 -g3 -DDEBUG -DSTM32F030x6 -DUSE_FULL_LL_DRIVER -DHSE_VALUE=8000000 -DHSE_STARTUP_TIMEOUT=100 -DLSE_STARTUP_TIMEOUT=5000 -DLSE_VALUE=32768 -DHSI_VALUE=8000000 -DLSI_VALUE=40000 -DVDD_VALUE=3300 -DPREFETCH_ENABLE=1 -DINSTRUCTION_CACHE_ENABLE=0 -DDATA_CACHE_ENABLE=0 -c -I../Core/Inc -I../Drivers/STM32F0xx_HAL_Driver/Inc -I../Drivers/CMSIS/Device/ST/STM32F0xx/Include -I../Drivers/CMSIS/Include -O0 -ffunction-sections -fdata-sections -Wall -fstack-usage -fcyclomatic-complexity -MMD -MP -MF"Core/Src/main.d" -MT"Core/Src/main.o" --specs=nano.specs -mfloat-abi=soft -mthumb -o "Core/Src/main.o"
arm-none-eabi-gcc -o "alfred_ultrasonic_hedghog.elf" @"objects.list"   -mcpu=cortex-m0 -T"C:\Users\Alfred\STM32CubeIDE\workspace_1.19.0\alfred_ultrasonic_hedghog\STM32F030F4PX_FLASH.ld" --specs=nosys.specs -Wl,-Map="alfred_ultrasonic_hedghog.map" -Wl,--gc-sections -static --specs=nano.specs -mfloat-abi=soft -mthumb -Wl,--start-group -lc -lm -Wl,--end-group
Finished building target: alfred_ultrasonic_hedghog.elf
 
arm-none-eabi-size  alfred_ultrasonic_hedghog.elf 
arm-none-eabi-objdump -h -S alfred_ultrasonic_hedghog.elf  > "alfred_ultrasonic_hedghog.list"
   text	   data	    bss	    dec	    hex	filename
   4372	      4	   1588	   5964	   174c	alfred_ultrasonic_hedghog.elf
Finished building: default.size.stdout
 
Finished building: alfred_ultrasonic_hedghog.list
 
16:38:33 **** Incremental Build of configuration Debug for project alfred_ultrasonic_hedghog ****
make -j12 all 
arm-none-eabi-gcc "../Core/Src/main.c" -mcpu=cortex-m0 -std=gnu11 -g3 -DDEBUG -DSTM32F030x6 -DUSE_FULL_LL_DRIVER -DHSE_VALUE=8000000 -DHSE_STARTUP_TIMEOUT=100 -DLSE_STARTUP_TIMEOUT=5000 -DLSE_VALUE=32768 -DHSI_VALUE=8000000 -DLSI_VALUE=40000 -DVDD_VALUE=3300 -DPREFETCH_ENABLE=1 -DINSTRUCTION_CACHE_ENABLE=0 -DDATA_CACHE_ENABLE=0 -c -I../Core/Inc -I../Drivers/STM32F0xx_HAL_Driver/Inc -I../Drivers/CMSIS/Device/ST/STM32F0xx/Include -I../Drivers/CMSIS/Include -O0 -ffunction-sections -fdata-sections -Wall -fstack-usage -fcyclomatic-complexity -MMD -MP -MF"Core/Src/main.d" -MT"Core/Src/main.o" --specs=nano.specs -mfloat-abi=soft -mthumb -o "Core/Src/main.o"
arm-none-eabi-gcc -o "alfred_ultrasonic_hedghog.elf" @"objects.list"   -mcpu=cortex-m0 -T"C:\Users\Alfred\STM32CubeIDE\workspace_1.19.0\alfred_ultrasonic_hedghog\STM32F030F4PX_FLASH.ld" --specs=nosys.specs -Wl,-Map="alfred_ultrasonic_hedghog.map" -Wl,--gc-sections -static --specs=nano.specs -mfloat-abi=soft -mthumb -Wl,--start-group -lc -lm -Wl,--end-group
Finished building target: alfred_ultrasonic_hedghog.elf
 
arm-none-eabi-size  alfred_ultrasonic_hedghog.elf 
arm-none-eabi-objdump -h -S alfred_ultrasonic_hedghog.elf  > "alfred_ultrasonic_hedghog.list"
   text	   data	    bss	    dec	    hex	filename
   4376	      4	   1588	   5968	   1750	alfred_ultrasonic_hedghog.elf
Finished building: default.size.stdout
 
Finished building: alfred_ultrasonic_hedghog.list
 
14:15:51 **** Build of configuration Debug for project alfred_ultrasonic_hedghog ****
make -j12 all 
arm-none-eabi-gcc "../Core/Src/main.c" -mcpu=cortex-m0 -std=gnu11 -g3 -DDEBUG -DSTM32F030x6 -DUSE_FULL_LL_DRIVER -DHSE_VALUE=8000000 -DHSE_STARTUP_TIMEOUT=100 -DLSE_STARTUP_TIMEOUT=5000 -DLSE_VALUE=32768 -DHSI_VALUE=8000000 -DLSI_VALUE=40000 -DVDD_VALUE=3300 -DPREFETCH_ENABLE=1 -DINSTRUCTION_CACHE_ENABLE=0 -DDATA_CACHE_ENABLE=0 -c -I../Core/Inc -I../Drivers/STM32F0xx_HAL_Driver/Inc -I../Drivers/CMSIS/Device/ST/STM32F0xx/Include -I../Drivers/CMSIS/Include -O0 -ffunction-sections -fdata-sections -Wall -fstack-usage -fcyclomatic-complexity -MMD -MP -MF"Core/Src/main.d" -MT"Core/Src/main.o" --specs=nano.specs -mfloat-abi=soft -mthumb -o "Core/Src/main.o"
arm-none-eabi-gcc -o "alfred_ultrasonic_hedghog.elf" @"objects.list"   -mcpu=cortex-m0 -T"C:\Users\Alfred\STM32CubeIDE\workspace_1.19.0\alfred_ultrasonic_hedghog\STM32F030F4PX_FLASH.ld" --specs=nosys.specs -Wl,-Map="alfred_ultrasonic_hedghog.map" -Wl,--gc-sections -static --specs=nano.specs -mfloat-abi=soft -mthumb -Wl,--start-group -lc -lm -Wl,--end-group
Finished building target: alfred_ultrasonic_hedghog.elf
 
arm-none-eabi-size  alfred_ultrasonic_hedghog.elf 
arm-none-eabi-objdump -h -S alfred_ultrasonic_hedghog.elf  > "alfred_ultrasonic_hedghog.list"
   text	   data	    bss	    dec	    hex	filename
   4376	      4	   1588	   5968	   1750	alfred_ultrasonic_hedghog.elf
Finished building: default.size.stdout
 
Finished building: alfred_ultrasonic_hedghog.list
 
16:20:20 **** Incremental Build of configuration Debug for project alfred_ultrasonic_hedghog ****
make -j12 all 
arm-none-eabi-gcc "../Core/Src/main.c" -mcpu=cortex-m0 -std=gnu11 -g3 -DDEBUG -DSTM32F030x6 -DUSE_FULL_LL_DRIVER -DHSE_VALUE=8000000 -DHSE_STARTUP_TIMEOUT=100 -DLSE_STARTUP_TIMEOUT=5000 -DLSE_VALUE=32768 -DHSI_VALUE=8000000 -DLSI_VALUE=40000 -DVDD_VALUE=3300 -DPREFETCH_ENABLE=1 -DINSTRUCTION_CACHE_ENABLE=0 -DDATA_CACHE_ENABLE=0 -c -I../Core/Inc -I../Drivers/STM32F0xx_HAL_Driver/Inc -I../Drivers/CMSIS/Device/ST/STM32F0xx/Include -I../Drivers/CMSIS/Include -O0 -ffunction-sections -fdata-sections -Wall -fstack-usage -fcyclomatic-complexity -MMD -MP -MF"Core/Src/main.d" -MT"Core/Src/main.o" --specs=nano.specs -mfloat-abi=soft -mthumb -o "Core/Src/main.o"
arm-none-eabi-gcc -o "alfred_ultrasonic_hedghog.elf" @"objects.list"   -mcpu=cortex-m0 -T"C:\Users\Alfred\STM32CubeIDE\workspace_1.19.0\alfred_ultrasonic_hedghog\STM32F030F4PX_FLASH.ld" --specs=nosys.specs -Wl,-Map="alfred_ultrasonic_hedghog.map" -Wl,--gc-sections -static --specs=nano.specs -mfloat-abi=soft -mthumb -Wl,--start-group -lc -lm -Wl,--end-group
Finished building target: alfred_ultrasonic_hedghog.elf
 
arm-none-eabi-size  alfred_ultrasonic_hedghog.elf 
arm-none-eabi-objdump -h -S alfred_ultrasonic_hedghog.elf  > "alfred_ultrasonic_hedghog.list"
   text	   data	    bss	    dec	    hex	filename
   4376	      4	   1588	   5968	   1750	alfred_ultrasonic_hedghog.elf
Finished building: default.size.stdout
 
Finished building: alfred_ultrasonic_hedghog.list
 
17:00:05 **** Incremental Build of configuration Debug for project alfred_ultrasonic_hedghog ****
make -j12 all 
arm-none-eabi-gcc "../Core/Src/main.c" -mcpu=cortex-m0 -std=gnu11 -g3 -DDEBUG -DSTM32F030x6 -DUSE_FULL_LL_DRIVER -DHSE_VALUE=8000000 -DHSE_STARTUP_TIMEOUT=100 -DLSE_STARTUP_TIMEOUT=5000 -DLSE_VALUE=32768 -DHSI_VALUE=8000000 -DLSI_VALUE=40000 -DVDD_VALUE=3300 -DPREFETCH_ENABLE=1 -DINSTRUCTION_CACHE_ENABLE=0 -DDATA_CACHE_ENABLE=0 -c -I../Core/Inc -I../Drivers/STM32F0xx_HAL_Driver/Inc -I../Drivers/CMSIS/Device/ST/STM32F0xx/Include -I../Drivers/CMSIS/Include -O0 -ffunction-sections -fdata-sections -Wall -fstack-usage -fcyclomatic-complexity -MMD -MP -MF"Core/Src/main.d" -MT"Core/Src/main.o" --specs=nano.specs -mfloat-abi=soft -mthumb -o "Core/Src/main.o"
arm-none-eabi-gcc -o "alfred_ultrasonic_hedghog.elf" @"objects.list"   -mcpu=cortex-m0 -T"C:\Users\Alfred\STM32CubeIDE\workspace_1.19.0\alfred_ultrasonic_hedghog\STM32F030F4PX_FLASH.ld" --specs=nosys.specs -Wl,-Map="alfred_ultrasonic_hedghog.map" -Wl,--gc-sections -static --specs=nano.specs -mfloat-abi=soft -mthumb -Wl,--start-group -lc -lm -Wl,--end-group
Finished building target: alfred_ultrasonic_hedghog.elf
 
arm-none-eabi-size  alfred_ultrasonic_hedghog.elf 
arm-none-eabi-objdump -h -S alfred_ultrasonic_hedghog.elf  > "alfred_ultrasonic_hedghog.list"
   text	   data	    bss	    dec	    hex	filename
   4376	      4	   1588	   5968	   1750	alfred_ultrasonic_hedghog.elf
Finished building: default.size.stdout
 
Finished building: alfred_ultrasonic_hedghog.list
 
17:04:18 **** Incremental Build of configuration Debug for project alfred_ultrasonic_hedghog ****
make -j12 all 
arm-none-eabi-gcc "../Core/Src/main.c" -mcpu=cortex-m0 -std=gnu11 -g3 -DDEBUG -DSTM32F030x6 -DUSE_FULL_LL_DRIVER -DHSE_VALUE=8000000 -DHSE_STARTUP_TIMEOUT=100 -DLSE_STARTUP_TIMEOUT=5000 -DLSE_VALUE=32768 -DHSI_VALUE=8000000 -DLSI_VALUE=40000 -DVDD_VALUE=3300 -DPREFETCH_ENABLE=1 -DINSTRUCTION_CACHE_ENABLE=0 -DDATA_CACHE_ENABLE=0 -c -I../Core/Inc -I../Drivers/STM32F0xx_HAL_Driver/Inc -I../Drivers/CMSIS/Device/ST/STM32F0xx/Include -I../Drivers/CMSIS/Include -O0 -ffunction-sections -fdata-sections -Wall -fstack-usage -fcyclomatic-complexity -MMD -MP -MF"Core/Src/main.d" -MT"Core/Src/main.o" --specs=nano.specs -mfloat-abi=soft -mthumb -o "Core/Src/main.o"
arm-none-eabi-gcc -o "alfred_ultrasonic_hedghog.elf" @"objects.list"   -mcpu=cortex-m0 -T"C:\Users\Alfred\STM32CubeIDE\workspace_1.19.0\alfred_ultrasonic_hedghog\STM32F030F4PX_FLASH.ld" --specs=nosys.specs -Wl,-Map="alfred_ultrasonic_hedghog.map" -Wl,--gc-sections -static --specs=nano.specs -mfloat-abi=soft -mthumb -Wl,--start-group -lc -lm -Wl,--end-group
Finished building target: alfred_ultrasonic_hedghog.elf
 
arm-none-eabi-size  alfred_ultrasonic_hedghog.elf 
arm-none-eabi-objdump -h -S alfred_ultrasonic_hedghog.elf  > "alfred_ultrasonic_hedghog.list"
   text	   data	    bss	    dec	    hex	filename
   4376	      4	   1588	   5968	   1750	alfred_ultrasonic_hedghog.elf
Finished building: default.size.stdout
 
Finished building: alfred_ultrasonic_hedghog.list
 
17:06:29 **** Incremental Build of configuration Debug for project alfred_ultrasonic_hedghog ****
make -j12 all 
arm-none-eabi-gcc "../Core/Src/main.c" -mcpu=cortex-m0 -std=gnu11 -g3 -DDEBUG -DSTM32F030x6 -DUSE_FULL_LL_DRIVER -DHSE_VALUE=8000000 -DHSE_STARTUP_TIMEOUT=100 -DLSE_STARTUP_TIMEOUT=5000 -DLSE_VALUE=32768 -DHSI_VALUE=8000000 -DLSI_VALUE=40000 -DVDD_VALUE=3300 -DPREFETCH_ENABLE=1 -DINSTRUCTION_CACHE_ENABLE=0 -DDATA_CACHE_ENABLE=0 -c -I../Core/Inc -I../Drivers/STM32F0xx_HAL_Driver/Inc -I../Drivers/CMSIS/Device/ST/STM32F0xx/Include -I../Drivers/CMSIS/Include -O0 -ffunction-sections -fdata-sections -Wall -fstack-usage -fcyclomatic-complexity -MMD -MP -MF"Core/Src/main.d" -MT"Core/Src/main.o" --specs=nano.specs -mfloat-abi=soft -mthumb -o "Core/Src/main.o"
arm-none-eabi-gcc -o "alfred_ultrasonic_hedghog.elf" @"objects.list"   -mcpu=cortex-m0 -T"C:\Users\Alfred\STM32CubeIDE\workspace_1.19.0\alfred_ultrasonic_hedghog\STM32F030F4PX_FLASH.ld" --specs=nosys.specs -Wl,-Map="alfred_ultrasonic_hedghog.map" -Wl,--gc-sections -static --specs=nano.specs -mfloat-abi=soft -mthumb -Wl,--start-group -lc -lm -Wl,--end-group
Finished building target: alfred_ultrasonic_hedghog.elf
 
arm-none-eabi-size  alfred_ultrasonic_hedghog.elf 
arm-none-eabi-objdump -h -S alfred_ultrasonic_hedghog.elf  > "alfred_ultrasonic_hedghog.list"
   text	   data	    bss	    dec	    hex	filename
   4376	      4	   1588	   5968	   1750	alfred_ultrasonic_hedghog.elf
Finished building: default.size.stdout
 
Finished building: alfred_ultrasonic_hedghog.list
 
18:06:41 **** Incremental Build of configuration Debug for project alfred_ultrasonic_hedghog ****
make -j12 all 
arm-none-eabi-gcc "../Core/Src/main.c" -mcpu=cortex-m0 -std=gnu11 -g3 -DDEBUG -DSTM32F030x6 -DUSE_FULL_LL_DRIVER -DHSE_VALUE=8000000 -DHSE_STARTUP_TIMEOUT=100 -DLSE_STARTUP_TIMEOUT=5000 -DLSE_VALUE=32768 -DHSI_VALUE=8000000 -DLSI_VALUE=40000 -DVDD_VALUE=3300 -DPREFETCH_ENABLE=1 -DINSTRUCTION_CACHE_ENABLE=0 -DDATA_CACHE_ENABLE=0 -c -I../Core/Inc -I../Drivers/STM32F0xx_HAL_Driver/Inc -I../Drivers/CMSIS/Device/ST/STM32F0xx/Include -I../Drivers/CMSIS/Include -O0 -ffunction-sections -fdata-sections -Wall -fstack-usage -fcyclomatic-complexity -MMD -MP -MF"Core/Src/main.d" -MT"Core/Src/main.o" --specs=nano.specs -mfloat-abi=soft -mthumb -o "Core/Src/main.o"
arm-none-eabi-gcc -o "alfred_ultrasonic_hedghog.elf" @"objects.list"   -mcpu=cortex-m0 -T"C:\Users\Alfred\STM32CubeIDE\workspace_1.19.0\alfred_ultrasonic_hedghog\STM32F030F4PX_FLASH.ld" --specs=nosys.specs -Wl,-Map="alfred_ultrasonic_hedghog.map" -Wl,--gc-sections -static --specs=nano.specs -mfloat-abi=soft -mthumb -Wl,--start-group -lc -lm -Wl,--end-group
Finished building target: alfred_ultrasonic_hedghog.elf
 
arm-none-eabi-size  alfred_ultrasonic_hedghog.elf 
arm-none-eabi-objdump -h -S alfred_ultrasonic_hedghog.elf  > "alfred_ultrasonic_hedghog.list"
   text	   data	    bss	    dec	    hex	filename
   4404	      4	   1588	   5996	   176c	alfred_ultrasonic_hedghog.elf
Finished building: default.size.stdout
 
Finished building: alfred_ultrasonic_hedghog.list
 
18:22:44 **** Incremental Build of configuration Debug for project alfred_ultrasonic_hedghog ****
make -j12 all 
arm-none-eabi-gcc "../Core/Src/main.c" -mcpu=cortex-m0 -std=gnu11 -g3 -DDEBUG -DSTM32F030x6 -DUSE_FULL_LL_DRIVER -DHSE_VALUE=8000000 -DHSE_STARTUP_TIMEOUT=100 -DLSE_STARTUP_TIMEOUT=5000 -DLSE_VALUE=32768 -DHSI_VALUE=8000000 -DLSI_VALUE=40000 -DVDD_VALUE=3300 -DPREFETCH_ENABLE=1 -DINSTRUCTION_CACHE_ENABLE=0 -DDATA_CACHE_ENABLE=0 -c -I../Core/Inc -I../Drivers/STM32F0xx_HAL_Driver/Inc -I../Drivers/CMSIS/Device/ST/STM32F0xx/Include -I../Drivers/CMSIS/Include -O0 -ffunction-sections -fdata-sections -Wall -fstack-usage -fcyclomatic-complexity -MMD -MP -MF"Core/Src/main.d" -MT"Core/Src/main.o" --specs=nano.specs -mfloat-abi=soft -mthumb -o "Core/Src/main.o"
arm-none-eabi-gcc -o "alfred_ultrasonic_hedghog.elf" @"objects.list"   -mcpu=cortex-m0 -T"C:\Users\Alfred\STM32CubeIDE\workspace_1.19.0\alfred_ultrasonic_hedghog\STM32F030F4PX_FLASH.ld" --specs=nosys.specs -Wl,-Map="alfred_ultrasonic_hedghog.map" -Wl,--gc-sections -static --specs=nano.specs -mfloat-abi=soft -mthumb -Wl,--start-group -lc -lm -Wl,--end-group
Finished building target: alfred_ultrasonic_hedghog.elf
 
arm-none-eabi-size  alfred_ultrasonic_hedghog.elf 
arm-none-eabi-objdump -h -S alfred_ultrasonic_hedghog.elf  > "alfred_ultrasonic_hedghog.list"
   text	   data	    bss	    dec	    hex	filename
   4408	      4	   1588	   6000	   1770	alfred_ultrasonic_hedghog.elf
Finished building: default.size.stdout
 
Finished building: alfred_ultrasonic_hedghog.list
 
18:23:09 **** Incremental Build of configuration Debug for project alfred_ultrasonic_hedghog ****
make -j12 all 
arm-none-eabi-size  alfred_ultrasonic_hedghog.elf 
   text	   data	    bss	    dec	    hex	filename
   4408	      4	   1588	   6000	   1770	alfred_ultrasonic_hedghog.elf
Finished building: default.size.stdout
 
18:25:27 **** Incremental Build of configuration Debug for project alfred_ultrasonic_hedghog ****
make -j12 all 
arm-none-eabi-gcc "../Core/Src/main.c" -mcpu=cortex-m0 -std=gnu11 -g3 -DDEBUG -DSTM32F030x6 -DUSE_FULL_LL_DRIVER -DHSE_VALUE=8000000 -DHSE_STARTUP_TIMEOUT=100 -DLSE_STARTUP_TIMEOUT=5000 -DLSE_VALUE=32768 -DHSI_VALUE=8000000 -DLSI_VALUE=40000 -DVDD_VALUE=3300 -DPREFETCH_ENABLE=1 -DINSTRUCTION_CACHE_ENABLE=0 -DDATA_CACHE_ENABLE=0 -c -I../Core/Inc -I../Drivers/STM32F0xx_HAL_Driver/Inc -I../Drivers/CMSIS/Device/ST/STM32F0xx/Include -I../Drivers/CMSIS/Include -O0 -ffunction-sections -fdata-sections -Wall -fstack-usage -fcyclomatic-complexity -MMD -MP -MF"Core/Src/main.d" -MT"Core/Src/main.o" --specs=nano.specs -mfloat-abi=soft -mthumb -o "Core/Src/main.o"
arm-none-eabi-gcc -o "alfred_ultrasonic_hedghog.elf" @"objects.list"   -mcpu=cortex-m0 -T"C:\Users\Alfred\STM32CubeIDE\workspace_1.19.0\alfred_ultrasonic_hedghog\STM32F030F4PX_FLASH.ld" --specs=nosys.specs -Wl,-Map="alfred_ultrasonic_hedghog.map" -Wl,--gc-sections -static --specs=nano.specs -mfloat-abi=soft -mthumb -Wl,--start-group -lc -lm -Wl,--end-group
Finished building target: alfred_ultrasonic_hedghog.elf
 
arm-none-eabi-size  alfred_ultrasonic_hedghog.elf 
arm-none-eabi-objdump -h -S alfred_ultrasonic_hedghog.elf  > "alfred_ultrasonic_hedghog.list"
   text	   data	    bss	    dec	    hex	filename
   4408	      4	   1588	   6000	   1770	alfred_ultrasonic_hedghog.elf
Finished building: default.size.stdout
 
Finished building: alfred_ultrasonic_hedghog.list
 
17:04:23 **** Incremental Build of configuration Debug for project alfred_ultrasonic_hedghog ****
make -j12 all 
arm-none-eabi-gcc "../Core/Src/main.c" -mcpu=cortex-m0 -std=gnu11 -g3 -DDEBUG -DSTM32F030x6 -DUSE_FULL_LL_DRIVER -DHSE_VALUE=8000000 -DHSE_STARTUP_TIMEOUT=100 -DLSE_STARTUP_TIMEOUT=5000 -DLSE_VALUE=32768 -DHSI_VALUE=8000000 -DLSI_VALUE=40000 -DVDD_VALUE=3300 -DPREFETCH_ENABLE=1 -DINSTRUCTION_CACHE_ENABLE=0 -DDATA_CACHE_ENABLE=0 -c -I../Core/Inc -I../Drivers/STM32F0xx_HAL_Driver/Inc -I../Drivers/CMSIS/Device/ST/STM32F0xx/Include -I../Drivers/CMSIS/Include -O0 -ffunction-sections -fdata-sections -Wall -fstack-usage -fcyclomatic-complexity -MMD -MP -MF"Core/Src/main.d" -MT"Core/Src/main.o" --specs=nano.specs -mfloat-abi=soft -mthumb -o "Core/Src/main.o"
arm-none-eabi-gcc -o "alfred_ultrasonic_hedghog.elf" @"objects.list"   -mcpu=cortex-m0 -T"C:\Users\Alfred\STM32CubeIDE\workspace_1.19.0\alfred_ultrasonic_hedghog\STM32F030F4PX_FLASH.ld" --specs=nosys.specs -Wl,-Map="alfred_ultrasonic_hedghog.map" -Wl,--gc-sections -static --specs=nano.specs -mfloat-abi=soft -mthumb -Wl,--start-group -lc -lm -Wl,--end-group
Finished building target: alfred_ultrasonic_hedghog.elf
 
arm-none-eabi-size  alfred_ultrasonic_hedghog.elf 
arm-none-eabi-objdump -h -S alfred_ultrasonic_hedghog.elf  > "alfred_ultrasonic_hedghog.list"
   text	   data	    bss	    dec	    hex	filename
   4532	      4	   1588	   6124	   17ec	alfred_ultrasonic_hedghog.elf
Finished building: default.size.stdout
 
Finished building: alfred_ultrasonic_hedghog.list
 
17:17:58 **** Incremental Build of configuration Debug for project alfred_ultrasonic_hedghog ****
make -j12 all 
arm-none-eabi-gcc "../Core/Src/main.c" -mcpu=cortex-m0 -std=gnu11 -g3 -DDEBUG -DSTM32F030x6 -DUSE_FULL_LL_DRIVER -DHSE_VALUE=8000000 -DHSE_STARTUP_TIMEOUT=100 -DLSE_STARTUP_TIMEOUT=5000 -DLSE_VALUE=32768 -DHSI_VALUE=8000000 -DLSI_VALUE=40000 -DVDD_VALUE=3300 -DPREFETCH_ENABLE=1 -DINSTRUCTION_CACHE_ENABLE=0 -DDATA_CACHE_ENABLE=0 -c -I../Core/Inc -I../Drivers/STM32F0xx_HAL_Driver/Inc -I../Drivers/CMSIS/Device/ST/STM32F0xx/Include -I../Drivers/CMSIS/Include -O0 -ffunction-sections -fdata-sections -Wall -fstack-usage -fcyclomatic-complexity -MMD -MP -MF"Core/Src/main.d" -MT"Core/Src/main.o" --specs=nano.specs -mfloat-abi=soft -mthumb -o "Core/Src/main.o"
arm-none-eabi-gcc -o "alfred_ultrasonic_hedghog.elf" @"objects.list"   -mcpu=cortex-m0 -T"C:\Users\Alfred\STM32CubeIDE\workspace_1.19.0\alfred_ultrasonic_hedghog\STM32F030F4PX_FLASH.ld" --specs=nosys.specs -Wl,-Map="alfred_ultrasonic_hedghog.map" -Wl,--gc-sections -static --specs=nano.specs -mfloat-abi=soft -mthumb -Wl,--start-group -lc -lm -Wl,--end-group
Finished building target: alfred_ultrasonic_hedghog.elf
 
arm-none-eabi-size  alfred_ultrasonic_hedghog.elf 
arm-none-eabi-objdump -h -S alfred_ultrasonic_hedghog.elf  > "alfred_ultrasonic_hedghog.list"
   text	   data	    bss	    dec	    hex	filename
   1868	      4	   1564	   3436	    d6c	alfred_ultrasonic_hedghog.elf
Finished building: default.size.stdout
 
Finished building: alfred_ultrasonic_hedghog.list
 
17:20:27 **** Incremental Build of configuration Debug for project alfred_ultrasonic_hedghog ****
make -j12 all 
arm-none-eabi-gcc "../Core/Src/main.c" -mcpu=cortex-m0 -std=gnu11 -g3 -DDEBUG -DSTM32F030x6 -DUSE_FULL_LL_DRIVER -DHSE_VALUE=8000000 -DHSE_STARTUP_TIMEOUT=100 -DLSE_STARTUP_TIMEOUT=5000 -DLSE_VALUE=32768 -DHSI_VALUE=8000000 -DLSI_VALUE=40000 -DVDD_VALUE=3300 -DPREFETCH_ENABLE=1 -DINSTRUCTION_CACHE_ENABLE=0 -DDATA_CACHE_ENABLE=0 -c -I../Core/Inc -I../Drivers/STM32F0xx_HAL_Driver/Inc -I../Drivers/CMSIS/Device/ST/STM32F0xx/Include -I../Drivers/CMSIS/Include -O0 -ffunction-sections -fdata-sections -Wall -fstack-usage -fcyclomatic-complexity -MMD -MP -MF"Core/Src/main.d" -MT"Core/Src/main.o" --specs=nano.specs -mfloat-abi=soft -mthumb -o "Core/Src/main.o"
arm-none-eabi-gcc -o "alfred_ultrasonic_hedghog.elf" @"objects.list"   -mcpu=cortex-m0 -T"C:\Users\Alfred\STM32CubeIDE\workspace_1.19.0\alfred_ultrasonic_hedghog\STM32F030F4PX_FLASH.ld" --specs=nosys.specs -Wl,-Map="alfred_ultrasonic_hedghog.map" -Wl,--gc-sections -static --specs=nano.specs -mfloat-abi=soft -mthumb -Wl,--start-group -lc -lm -Wl,--end-group
Finished building target: alfred_ultrasonic_hedghog.elf
 
arm-none-eabi-size  alfred_ultrasonic_hedghog.elf 
arm-none-eabi-objdump -h -S alfred_ultrasonic_hedghog.elf  > "alfred_ultrasonic_hedghog.list"
   text	   data	    bss	    dec	    hex	filename
   4408	      4	   1588	   6000	   1770	alfred_ultrasonic_hedghog.elf
Finished building: default.size.stdout
 
Finished building: alfred_ultrasonic_hedghog.list
 
17:24:05 **** Incremental Build of configuration Debug for project alfred_ultrasonic_hedghog ****
make -j12 all 
arm-none-eabi-gcc "../Core/Src/main.c" -mcpu=cortex-m0 -std=gnu11 -g3 -DDEBUG -DSTM32F030x6 -DUSE_FULL_LL_DRIVER -DHSE_VALUE=8000000 -DHSE_STARTUP_TIMEOUT=100 -DLSE_STARTUP_TIMEOUT=5000 -DLSE_VALUE=32768 -DHSI_VALUE=8000000 -DLSI_VALUE=40000 -DVDD_VALUE=3300 -DPREFETCH_ENABLE=1 -DINSTRUCTION_CACHE_ENABLE=0 -DDATA_CACHE_ENABLE=0 -c -I../Core/Inc -I../Drivers/STM32F0xx_HAL_Driver/Inc -I../Drivers/CMSIS/Device/ST/STM32F0xx/Include -I../Drivers/CMSIS/Include -O0 -ffunction-sections -fdata-sections -Wall -fstack-usage -fcyclomatic-complexity -MMD -MP -MF"Core/Src/main.d" -MT"Core/Src/main.o" --specs=nano.specs -mfloat-abi=soft -mthumb -o "Core/Src/main.o"
arm-none-eabi-gcc -o "alfred_ultrasonic_hedghog.elf" @"objects.list"   -mcpu=cortex-m0 -T"C:\Users\Alfred\STM32CubeIDE\workspace_1.19.0\alfred_ultrasonic_hedghog\STM32F030F4PX_FLASH.ld" --specs=nosys.specs -Wl,-Map="alfred_ultrasonic_hedghog.map" -Wl,--gc-sections -static --specs=nano.specs -mfloat-abi=soft -mthumb -Wl,--start-group -lc -lm -Wl,--end-group
Finished building target: alfred_ultrasonic_hedghog.elf
 
arm-none-eabi-size  alfred_ultrasonic_hedghog.elf 
arm-none-eabi-objdump -h -S alfred_ultrasonic_hedghog.elf  > "alfred_ultrasonic_hedghog.list"
   text	   data	    bss	    dec	    hex	filename
   4252	      4	   1580	   5836	   16cc	alfred_ultrasonic_hedghog.elf
Finished building: default.size.stdout
 
Finished building: alfred_ultrasonic_hedghog.list
 
17:29:48 **** Incremental Build of configuration Debug for project alfred_ultrasonic_hedghog ****
make -j12 all 
arm-none-eabi-gcc "../Core/Src/main.c" -mcpu=cortex-m0 -std=gnu11 -g3 -DDEBUG -DSTM32F030x6 -DUSE_FULL_LL_DRIVER -DHSE_VALUE=8000000 -DHSE_STARTUP_TIMEOUT=100 -DLSE_STARTUP_TIMEOUT=5000 -DLSE_VALUE=32768 -DHSI_VALUE=8000000 -DLSI_VALUE=40000 -DVDD_VALUE=3300 -DPREFETCH_ENABLE=1 -DINSTRUCTION_CACHE_ENABLE=0 -DDATA_CACHE_ENABLE=0 -c -I../Core/Inc -I../Drivers/STM32F0xx_HAL_Driver/Inc -I../Drivers/CMSIS/Device/ST/STM32F0xx/Include -I../Drivers/CMSIS/Include -O0 -ffunction-sections -fdata-sections -Wall -fstack-usage -fcyclomatic-complexity -MMD -MP -MF"Core/Src/main.d" -MT"Core/Src/main.o" --specs=nano.specs -mfloat-abi=soft -mthumb -o "Core/Src/main.o"
arm-none-eabi-gcc -o "alfred_ultrasonic_hedghog.elf" @"objects.list"   -mcpu=cortex-m0 -T"C:\Users\Alfred\STM32CubeIDE\workspace_1.19.0\alfred_ultrasonic_hedghog\STM32F030F4PX_FLASH.ld" --specs=nosys.specs -Wl,-Map="alfred_ultrasonic_hedghog.map" -Wl,--gc-sections -static --specs=nano.specs -mfloat-abi=soft -mthumb -Wl,--start-group -lc -lm -Wl,--end-group
Finished building target: alfred_ultrasonic_hedghog.elf
 
arm-none-eabi-size  alfred_ultrasonic_hedghog.elf 
arm-none-eabi-objdump -h -S alfred_ultrasonic_hedghog.elf  > "alfred_ultrasonic_hedghog.list"
   text	   data	    bss	    dec	    hex	filename
   4252	      4	   1580	   5836	   16cc	alfred_ultrasonic_hedghog.elf
Finished building: default.size.stdout
 
Finished building: alfred_ultrasonic_hedghog.list
 
17:30:36 **** Incremental Build of configuration Debug for project alfred_ultrasonic_hedghog ****
make -j12 all 
arm-none-eabi-gcc "../Core/Src/main.c" -mcpu=cortex-m0 -std=gnu11 -g3 -DDEBUG -DSTM32F030x6 -DUSE_FULL_LL_DRIVER -DHSE_VALUE=8000000 -DHSE_STARTUP_TIMEOUT=100 -DLSE_STARTUP_TIMEOUT=5000 -DLSE_VALUE=32768 -DHSI_VALUE=8000000 -DLSI_VALUE=40000 -DVDD_VALUE=3300 -DPREFETCH_ENABLE=1 -DINSTRUCTION_CACHE_ENABLE=0 -DDATA_CACHE_ENABLE=0 -c -I../Core/Inc -I../Drivers/STM32F0xx_HAL_Driver/Inc -I../Drivers/CMSIS/Device/ST/STM32F0xx/Include -I../Drivers/CMSIS/Include -O0 -ffunction-sections -fdata-sections -Wall -fstack-usage -fcyclomatic-complexity -MMD -MP -MF"Core/Src/main.d" -MT"Core/Src/main.o" --specs=nano.specs -mfloat-abi=soft -mthumb -o "Core/Src/main.o"
arm-none-eabi-gcc -o "alfred_ultrasonic_hedghog.elf" @"objects.list"   -mcpu=cortex-m0 -T"C:\Users\Alfred\STM32CubeIDE\workspace_1.19.0\alfred_ultrasonic_hedghog\STM32F030F4PX_FLASH.ld" --specs=nosys.specs -Wl,-Map="alfred_ultrasonic_hedghog.map" -Wl,--gc-sections -static --specs=nano.specs -mfloat-abi=soft -mthumb -Wl,--start-group -lc -lm -Wl,--end-group
Finished building target: alfred_ultrasonic_hedghog.elf
 
arm-none-eabi-size  alfred_ultrasonic_hedghog.elf 
arm-none-eabi-objdump -h -S alfred_ultrasonic_hedghog.elf  > "alfred_ultrasonic_hedghog.list"
   text	   data	    bss	    dec	    hex	filename
   4252	      4	   1580	   5836	   16cc	alfred_ultrasonic_hedghog.elf
Finished building: default.size.stdout
 
Finished building: alfred_ultrasonic_hedghog.list
 
17:31:01 **** Incremental Build of configuration Debug for project alfred_ultrasonic_hedghog ****
make -j12 all 
arm-none-eabi-size  alfred_ultrasonic_hedghog.elf 
   text	   data	    bss	    dec	    hex	filename
   4252	      4	   1580	   5836	   16cc	alfred_ultrasonic_hedghog.elf
Finished building: default.size.stdout
 
16:33:05 **** Incremental Build of configuration Debug for project alfred_ultrasonic_hedghog ****
make -j12 all 
arm-none-eabi-gcc "../Core/Src/main.c" -mcpu=cortex-m0 -std=gnu11 -g3 -DDEBUG -DSTM32F030x6 -DUSE_FULL_LL_DRIVER -DHSE_VALUE=8000000 -DHSE_STARTUP_TIMEOUT=100 -DLSE_STARTUP_TIMEOUT=5000 -DLSE_VALUE=32768 -DHSI_VALUE=8000000 -DLSI_VALUE=40000 -DVDD_VALUE=3300 -DPREFETCH_ENABLE=1 -DINSTRUCTION_CACHE_ENABLE=0 -DDATA_CACHE_ENABLE=0 -c -I../Core/Inc -I../Drivers/STM32F0xx_HAL_Driver/Inc -I../Drivers/CMSIS/Device/ST/STM32F0xx/Include -I../Drivers/CMSIS/Include -O0 -ffunction-sections -fdata-sections -Wall -fstack-usage -fcyclomatic-complexity -MMD -MP -MF"Core/Src/main.d" -MT"Core/Src/main.o" --specs=nano.specs -mfloat-abi=soft -mthumb -o "Core/Src/main.o"
arm-none-eabi-gcc -o "alfred_ultrasonic_hedghog.elf" @"objects.list"   -mcpu=cortex-m0 -T"C:\Users\Alfred\STM32CubeIDE\workspace_1.19.0\alfred_ultrasonic_hedghog\STM32F030F4PX_FLASH.ld" --specs=nosys.specs -Wl,-Map="alfred_ultrasonic_hedghog.map" -Wl,--gc-sections -static --specs=nano.specs -mfloat-abi=soft -mthumb -Wl,--start-group -lc -lm -Wl,--end-group
Finished building target: alfred_ultrasonic_hedghog.elf
 
arm-none-eabi-size  alfred_ultrasonic_hedghog.elf 
arm-none-eabi-objdump -h -S alfred_ultrasonic_hedghog.elf  > "alfred_ultrasonic_hedghog.list"
   text	   data	    bss	    dec	    hex	filename
   4484	      4	   1588	   6076	   17bc	alfred_ultrasonic_hedghog.elf
Finished building: default.size.stdout
 
Finished building: alfred_ultrasonic_hedghog.list
 
17:44:30 **** Incremental Build of configuration Debug for project alfred_ultrasonic_hedghog ****
make -j12 all 
arm-none-eabi-size  alfred_ultrasonic_hedghog.elf 
   text	   data	    bss	    dec	    hex	filename
   4484	      4	   1588	   6076	   17bc	alfred_ultrasonic_hedghog.elf
Finished building: default.size.stdout
 
18:03:02 **** Incremental Build of configuration Debug for project alfred_ultrasonic_hedghog ****
make -j12 all 
arm-none-eabi-gcc "../Core/Src/main.c" -mcpu=cortex-m0 -std=gnu11 -g3 -DDEBUG -DSTM32F030x6 -DUSE_FULL_LL_DRIVER -DHSE_VALUE=8000000 -DHSE_STARTUP_TIMEOUT=100 -DLSE_STARTUP_TIMEOUT=5000 -DLSE_VALUE=32768 -DHSI_VALUE=8000000 -DLSI_VALUE=40000 -DVDD_VALUE=3300 -DPREFETCH_ENABLE=1 -DINSTRUCTION_CACHE_ENABLE=0 -DDATA_CACHE_ENABLE=0 -c -I../Core/Inc -I../Drivers/STM32F0xx_HAL_Driver/Inc -I../Drivers/CMSIS/Device/ST/STM32F0xx/Include -I../Drivers/CMSIS/Include -O0 -ffunction-sections -fdata-sections -Wall -fstack-usage -fcyclomatic-complexity -MMD -MP -MF"Core/Src/main.d" -MT"Core/Src/main.o" --specs=nano.specs -mfloat-abi=soft -mthumb -o "Core/Src/main.o"
arm-none-eabi-gcc -o "alfred_ultrasonic_hedghog.elf" @"objects.list"   -mcpu=cortex-m0 -T"C:\Users\Alfred\STM32CubeIDE\workspace_1.19.0\alfred_ultrasonic_hedghog\STM32F030F4PX_FLASH.ld" --specs=nosys.specs -Wl,-Map="alfred_ultrasonic_hedghog.map" -Wl,--gc-sections -static --specs=nano.specs -mfloat-abi=soft -mthumb -Wl,--start-group -lc -lm -Wl,--end-group
Finished building target: alfred_ultrasonic_hedghog.elf
 
arm-none-eabi-size  alfred_ultrasonic_hedghog.elf 
arm-none-eabi-objdump -h -S alfred_ultrasonic_hedghog.elf  > "alfred_ultrasonic_hedghog.list"
   text	   data	    bss	    dec	    hex	filename
   4484	      4	   1588	   6076	   17bc	alfred_ultrasonic_hedghog.elf
Finished building: default.size.stdout
 
Finished building: alfred_ultrasonic_hedghog.list
 
18:06:41 **** Incremental Build of configuration Debug for project alfred_ultrasonic_hedghog ****
make -j12 all 
arm-none-eabi-gcc "../Core/Src/main.c" -mcpu=cortex-m0 -std=gnu11 -g3 -DDEBUG -DSTM32F030x6 -DUSE_FULL_LL_DRIVER -DHSE_VALUE=8000000 -DHSE_STARTUP_TIMEOUT=100 -DLSE_STARTUP_TIMEOUT=5000 -DLSE_VALUE=32768 -DHSI_VALUE=8000000 -DLSI_VALUE=40000 -DVDD_VALUE=3300 -DPREFETCH_ENABLE=1 -DINSTRUCTION_CACHE_ENABLE=0 -DDATA_CACHE_ENABLE=0 -c -I../Core/Inc -I../Drivers/STM32F0xx_HAL_Driver/Inc -I../Drivers/CMSIS/Device/ST/STM32F0xx/Include -I../Drivers/CMSIS/Include -O0 -ffunction-sections -fdata-sections -Wall -fstack-usage -fcyclomatic-complexity -MMD -MP -MF"Core/Src/main.d" -MT"Core/Src/main.o" --specs=nano.specs -mfloat-abi=soft -mthumb -o "Core/Src/main.o"
arm-none-eabi-gcc -o "alfred_ultrasonic_hedghog.elf" @"objects.list"   -mcpu=cortex-m0 -T"C:\Users\Alfred\STM32CubeIDE\workspace_1.19.0\alfred_ultrasonic_hedghog\STM32F030F4PX_FLASH.ld" --specs=nosys.specs -Wl,-Map="alfred_ultrasonic_hedghog.map" -Wl,--gc-sections -static --specs=nano.specs -mfloat-abi=soft -mthumb -Wl,--start-group -lc -lm -Wl,--end-group
Finished building target: alfred_ultrasonic_hedghog.elf
 
arm-none-eabi-size  alfred_ultrasonic_hedghog.elf 
arm-none-eabi-objdump -h -S alfred_ultrasonic_hedghog.elf  > "alfred_ultrasonic_hedghog.list"
   text	   data	    bss	    dec	    hex	filename
   4484	      4	   1588	   6076	   17bc	alfred_ultrasonic_hedghog.elf
Finished building: default.size.stdout
 
Finished building: alfred_ultrasonic_hedghog.list
 
18:18:30 **** Incremental Build of configuration Debug for project alfred_ultrasonic_hedghog ****
make -j12 all 
arm-none-eabi-gcc "../Core/Src/main.c" -mcpu=cortex-m0 -std=gnu11 -g3 -DDEBUG -DSTM32F030x6 -DUSE_FULL_LL_DRIVER -DHSE_VALUE=8000000 -DHSE_STARTUP_TIMEOUT=100 -DLSE_STARTUP_TIMEOUT=5000 -DLSE_VALUE=32768 -DHSI_VALUE=8000000 -DLSI_VALUE=40000 -DVDD_VALUE=3300 -DPREFETCH_ENABLE=1 -DINSTRUCTION_CACHE_ENABLE=0 -DDATA_CACHE_ENABLE=0 -c -I../Core/Inc -I../Drivers/STM32F0xx_HAL_Driver/Inc -I../Drivers/CMSIS/Device/ST/STM32F0xx/Include -I../Drivers/CMSIS/Include -O0 -ffunction-sections -fdata-sections -Wall -fstack-usage -fcyclomatic-complexity -MMD -MP -MF"Core/Src/main.d" -MT"Core/Src/main.o" --specs=nano.specs -mfloat-abi=soft -mthumb -o "Core/Src/main.o"
arm-none-eabi-gcc -o "alfred_ultrasonic_hedghog.elf" @"objects.list"   -mcpu=cortex-m0 -T"C:\Users\Alfred\STM32CubeIDE\workspace_1.19.0\alfred_ultrasonic_hedghog\STM32F030F4PX_FLASH.ld" --specs=nosys.specs -Wl,-Map="alfred_ultrasonic_hedghog.map" -Wl,--gc-sections -static --specs=nano.specs -mfloat-abi=soft -mthumb -Wl,--start-group -lc -lm -Wl,--end-group
Finished building target: alfred_ultrasonic_hedghog.elf
 
arm-none-eabi-size  alfred_ultrasonic_hedghog.elf 
arm-none-eabi-objdump -h -S alfred_ultrasonic_hedghog.elf  > "alfred_ultrasonic_hedghog.list"
   text	   data	    bss	    dec	    hex	filename
   4484	      4	   1588	   6076	   17bc	alfred_ultrasonic_hedghog.elf
Finished building: default.size.stdout
 
Finished building: alfred_ultrasonic_hedghog.list
 
18:53:02 **** Incremental Build of configuration Debug for project alfred_ultrasonic_hedghog ****
make -j12 all 
arm-none-eabi-gcc "../Core/Src/main.c" -mcpu=cortex-m0 -std=gnu11 -g3 -DDEBUG -DSTM32F030x6 -DUSE_FULL_LL_DRIVER -DHSE_VALUE=8000000 -DHSE_STARTUP_TIMEOUT=100 -DLSE_STARTUP_TIMEOUT=5000 -DLSE_VALUE=32768 -DHSI_VALUE=8000000 -DLSI_VALUE=40000 -DVDD_VALUE=3300 -DPREFETCH_ENABLE=1 -DINSTRUCTION_CACHE_ENABLE=0 -DDATA_CACHE_ENABLE=0 -c -I../Core/Inc -I../Drivers/STM32F0xx_HAL_Driver/Inc -I../Drivers/CMSIS/Device/ST/STM32F0xx/Include -I../Drivers/CMSIS/Include -O0 -ffunction-sections -fdata-sections -Wall -fstack-usage -fcyclomatic-complexity -MMD -MP -MF"Core/Src/main.d" -MT"Core/Src/main.o" --specs=nano.specs -mfloat-abi=soft -mthumb -o "Core/Src/main.o"
arm-none-eabi-gcc -o "alfred_ultrasonic_hedghog.elf" @"objects.list"   -mcpu=cortex-m0 -T"C:\Users\Alfred\STM32CubeIDE\workspace_1.19.0\alfred_ultrasonic_hedghog\STM32F030F4PX_FLASH.ld" --specs=nosys.specs -Wl,-Map="alfred_ultrasonic_hedghog.map" -Wl,--gc-sections -static --specs=nano.specs -mfloat-abi=soft -mthumb -Wl,--start-group -lc -lm -Wl,--end-group
Finished building target: alfred_ultrasonic_hedghog.elf
 
arm-none-eabi-size  alfred_ultrasonic_hedghog.elf 
arm-none-eabi-objdump -h -S alfred_ultrasonic_hedghog.elf  > "alfred_ultrasonic_hedghog.list"
   text	   data	    bss	    dec	    hex	filename
   1852	      4	   1564	   3420	    d5c	alfred_ultrasonic_hedghog.elf
Finished building: default.size.stdout
 
Finished building: alfred_ultrasonic_hedghog.list
 
12:10:21 **** Incremental Build of configuration Debug for project alfred_ultrasonic_hedghog ****
make -j12 all 
arm-none-eabi-gcc "../Core/Src/main.c" -mcpu=cortex-m0 -std=gnu11 -g3 -DDEBUG -DSTM32F030x6 -DUSE_FULL_LL_DRIVER -DHSE_VALUE=8000000 -DHSE_STARTUP_TIMEOUT=100 -DLSE_STARTUP_TIMEOUT=5000 -DLSE_VALUE=32768 -DHSI_VALUE=8000000 -DLSI_VALUE=40000 -DVDD_VALUE=3300 -DPREFETCH_ENABLE=1 -DINSTRUCTION_CACHE_ENABLE=0 -DDATA_CACHE_ENABLE=0 -c -I../Core/Inc -I../Drivers/STM32F0xx_HAL_Driver/Inc -I../Drivers/CMSIS/Device/ST/STM32F0xx/Include -I../Drivers/CMSIS/Include -O0 -ffunction-sections -fdata-sections -Wall -fstack-usage -fcyclomatic-complexity -MMD -MP -MF"Core/Src/main.d" -MT"Core/Src/main.o" --specs=nano.specs -mfloat-abi=soft -mthumb -o "Core/Src/main.o"
arm-none-eabi-gcc -o "alfred_ultrasonic_hedghog.elf" @"objects.list"   -mcpu=cortex-m0 -T"C:\Users\Alfred\STM32CubeIDE\workspace_1.19.0\alfred_ultrasonic_hedghog\STM32F030F4PX_FLASH.ld" --specs=nosys.specs -Wl,-Map="alfred_ultrasonic_hedghog.map" -Wl,--gc-sections -static --specs=nano.specs -mfloat-abi=soft -mthumb -Wl,--start-group -lc -lm -Wl,--end-group
Finished building target: alfred_ultrasonic_hedghog.elf
 
arm-none-eabi-size  alfred_ultrasonic_hedghog.elf 
arm-none-eabi-objdump -h -S alfred_ultrasonic_hedghog.elf  > "alfred_ultrasonic_hedghog.list"
   text	   data	    bss	    dec	    hex	filename
   1852	      4	   1564	   3420	    d5c	alfred_ultrasonic_hedghog.elf
Finished building: default.size.stdout
 
Finished building: alfred_ultrasonic_hedghog.list
 
12:22:25 **** Incremental Build of configuration Debug for project alfred_ultrasonic_hedghog ****
make -j12 all 
arm-none-eabi-size  alfred_ultrasonic_hedghog.elf 
   text	   data	    bss	    dec	    hex	filename
   1852	      4	   1564	   3420	    d5c	alfred_ultrasonic_hedghog.elf
Finished building: default.size.stdout
 
12:22:48 **** Incremental Build of configuration Debug for project alfred_ultrasonic_hedghog ****
make -j12 all 
arm-none-eabi-size  alfred_ultrasonic_hedghog.elf 
   text	   data	    bss	    dec	    hex	filename
   1852	      4	   1564	   3420	    d5c	alfred_ultrasonic_hedghog.elf
Finished building: default.size.stdout
 
12:34:30 **** Incremental Build of configuration Debug for project alfred_ultrasonic_hedghog ****
make -j12 all 
arm-none-eabi-gcc "../Core/Src/main.c" -mcpu=cortex-m0 -std=gnu11 -g3 -DDEBUG -DSTM32F030x6 -DUSE_FULL_LL_DRIVER -DHSE_VALUE=8000000 -DHSE_STARTUP_TIMEOUT=100 -DLSE_STARTUP_TIMEOUT=5000 -DLSE_VALUE=32768 -DHSI_VALUE=8000000 -DLSI_VALUE=40000 -DVDD_VALUE=3300 -DPREFETCH_ENABLE=1 -DINSTRUCTION_CACHE_ENABLE=0 -DDATA_CACHE_ENABLE=0 -c -I../Core/Inc -I../Drivers/STM32F0xx_HAL_Driver/Inc -I../Drivers/CMSIS/Device/ST/STM32F0xx/Include -I../Drivers/CMSIS/Include -O0 -ffunction-sections -fdata-sections -Wall -fstack-usage -fcyclomatic-complexity -MMD -MP -MF"Core/Src/main.d" -MT"Core/Src/main.o" --specs=nano.specs -mfloat-abi=soft -mthumb -o "Core/Src/main.o"
arm-none-eabi-gcc -o "alfred_ultrasonic_hedghog.elf" @"objects.list"   -mcpu=cortex-m0 -T"C:\Users\Alfred\STM32CubeIDE\workspace_1.19.0\alfred_ultrasonic_hedghog\STM32F030F4PX_FLASH.ld" --specs=nosys.specs -Wl,-Map="alfred_ultrasonic_hedghog.map" -Wl,--gc-sections -static --specs=nano.specs -mfloat-abi=soft -mthumb -Wl,--start-group -lc -lm -Wl,--end-group
Finished building target: alfred_ultrasonic_hedghog.elf
 
arm-none-eabi-size  alfred_ultrasonic_hedghog.elf 
arm-none-eabi-objdump -h -S alfred_ultrasonic_hedghog.elf  > "alfred_ultrasonic_hedghog.list"
   text	   data	    bss	    dec	    hex	filename
   4484	      4	   1588	   6076	   17bc	alfred_ultrasonic_hedghog.elf
Finished building: default.size.stdout
 
Finished building: alfred_ultrasonic_hedghog.list
 
13:20:03 **** Incremental Build of configuration Debug for project alfred_ultrasonic_hedghog ****
make -j12 all 
arm-none-eabi-gcc "../Core/Src/main.c" -mcpu=cortex-m0 -std=gnu11 -g3 -DDEBUG -DSTM32F030x6 -DUSE_FULL_LL_DRIVER -DHSE_VALUE=8000000 -DHSE_STARTUP_TIMEOUT=100 -DLSE_STARTUP_TIMEOUT=5000 -DLSE_VALUE=32768 -DHSI_VALUE=8000000 -DLSI_VALUE=40000 -DVDD_VALUE=3300 -DPREFETCH_ENABLE=1 -DINSTRUCTION_CACHE_ENABLE=0 -DDATA_CACHE_ENABLE=0 -c -I../Core/Inc -I../Drivers/STM32F0xx_HAL_Driver/Inc -I../Drivers/CMSIS/Device/ST/STM32F0xx/Include -I../Drivers/CMSIS/Include -O0 -ffunction-sections -fdata-sections -Wall -fstack-usage -fcyclomatic-complexity -MMD -MP -MF"Core/Src/main.d" -MT"Core/Src/main.o" --specs=nano.specs -mfloat-abi=soft -mthumb -o "Core/Src/main.o"
../Core/Src/main.c:2:10: fatal error: system_init.h: No such file or directory
    2 | #include "system_init.h"
      |          ^~~~~~~~~~~~~~~
compilation terminated.
make: *** [Core/Src/subdir.mk:31: Core/Src/main.o] Error 1
"make -j12 all" terminated with exit code 2. Build might be incomplete.
13:31:45 **** Incremental Build of configuration Debug for project alfred_ultrasonic_hedghog ****
make -j12 all 
arm-none-eabi-gcc "../Core/Src/main.c" -mcpu=cortex-m0 -std=gnu11 -g3 -DDEBUG -DSTM32F030x6 -DUSE_FULL_LL_DRIVER -DHSE_VALUE=8000000 -DHSE_STARTUP_TIMEOUT=100 -DLSE_STARTUP_TIMEOUT=5000 -DLSE_VALUE=32768 -DHSI_VALUE=8000000 -DLSI_VALUE=40000 -DVDD_VALUE=3300 -DPREFETCH_ENABLE=1 -DINSTRUCTION_CACHE_ENABLE=0 -DDATA_CACHE_ENABLE=0 -c -I../Core/Inc -I../Drivers/STM32F0xx_HAL_Driver/Inc -I../Drivers/CMSIS/Device/ST/STM32F0xx/Include -I../Drivers/CMSIS/Include -O0 -ffunction-sections -fdata-sections -Wall -fstack-usage -fcyclomatic-complexity -MMD -MP -MF"Core/Src/main.d" -MT"Core/Src/main.o" --specs=nano.specs -mfloat-abi=soft -mthumb -o "Core/Src/main.o"
arm-none-eabi-gcc -o "alfred_ultrasonic_hedghog.elf" @"objects.list"   -mcpu=cortex-m0 -T"C:\Users\Alfred\STM32CubeIDE\workspace_1.19.0\alfred_ultrasonic_hedghog\STM32F030F4PX_FLASH.ld" --specs=nosys.specs -Wl,-Map="alfred_ultrasonic_hedghog.map" -Wl,--gc-sections -static --specs=nano.specs -mfloat-abi=soft -mthumb -Wl,--start-group -lc -lm -Wl,--end-group
Finished building target: alfred_ultrasonic_hedghog.elf
 
arm-none-eabi-size  alfred_ultrasonic_hedghog.elf 
arm-none-eabi-objdump -h -S alfred_ultrasonic_hedghog.elf  > "alfred_ultrasonic_hedghog.list"
   text	   data	    bss	    dec	    hex	filename
   4172	      4	   1588	   5764	   1684	alfred_ultrasonic_hedghog.elf
Finished building: default.size.stdout
 
Finished building: alfred_ultrasonic_hedghog.list
 
13:32:13 **** Incremental Build of configuration Debug for project alfred_ultrasonic_hedghog ****
make -j12 all 
arm-none-eabi-gcc "../Core/Src/main.c" -mcpu=cortex-m0 -std=gnu11 -g3 -DDEBUG -DSTM32F030x6 -DUSE_FULL_LL_DRIVER -DHSE_VALUE=8000000 -DHSE_STARTUP_TIMEOUT=100 -DLSE_STARTUP_TIMEOUT=5000 -DLSE_VALUE=32768 -DHSI_VALUE=8000000 -DLSI_VALUE=40000 -DVDD_VALUE=3300 -DPREFETCH_ENABLE=1 -DINSTRUCTION_CACHE_ENABLE=0 -DDATA_CACHE_ENABLE=0 -c -I../Core/Inc -I../Drivers/STM32F0xx_HAL_Driver/Inc -I../Drivers/CMSIS/Device/ST/STM32F0xx/Include -I../Drivers/CMSIS/Include -O0 -ffunction-sections -fdata-sections -Wall -fstack-usage -fcyclomatic-complexity -MMD -MP -MF"Core/Src/main.d" -MT"Core/Src/main.o" --specs=nano.specs -mfloat-abi=soft -mthumb -o "Core/Src/main.o"
arm-none-eabi-gcc -o "alfred_ultrasonic_hedghog.elf" @"objects.list"   -mcpu=cortex-m0 -T"C:\Users\Alfred\STM32CubeIDE\workspace_1.19.0\alfred_ultrasonic_hedghog\STM32F030F4PX_FLASH.ld" --specs=nosys.specs -Wl,-Map="alfred_ultrasonic_hedghog.map" -Wl,--gc-sections -static --specs=nano.specs -mfloat-abi=soft -mthumb -Wl,--start-group -lc -lm -Wl,--end-group
Finished building target: alfred_ultrasonic_hedghog.elf
 
arm-none-eabi-size  alfred_ultrasonic_hedghog.elf 
arm-none-eabi-objdump -h -S alfred_ultrasonic_hedghog.elf  > "alfred_ultrasonic_hedghog.list"
   text	   data	    bss	    dec	    hex	filename
   4172	      4	   1588	   5764	   1684	alfred_ultrasonic_hedghog.elf
Finished building: default.size.stdout
 
Finished building: alfred_ultrasonic_hedghog.list
 
13:32:56 **** Incremental Build of configuration Debug for project alfred_ultrasonic_hedghog ****
make -j12 all 
arm-none-eabi-size  alfred_ultrasonic_hedghog.elf 
   text	   data	    bss	    dec	    hex	filename
   4172	      4	   1588	   5764	   1684	alfred_ultrasonic_hedghog.elf
Finished building: default.size.stdout
 
13:33:13 **** Incremental Build of configuration Debug for project alfred_ultrasonic_hedghog ****
make -j12 all 
arm-none-eabi-size  alfred_ultrasonic_hedghog.elf 
   text	   data	    bss	    dec	    hex	filename
   4172	      4	   1588	   5764	   1684	alfred_ultrasonic_hedghog.elf
Finished building: default.size.stdout
 
13:46:26 **** Incremental Build of configuration Debug for project alfred_ultrasonic_hedghog ****
make -j12 all 
arm-none-eabi-gcc "../Core/Src/main.c" -mcpu=cortex-m0 -std=gnu11 -g3 -DDEBUG -DSTM32F030x6 -DUSE_FULL_LL_DRIVER -DHSE_VALUE=8000000 -DHSE_STARTUP_TIMEOUT=100 -DLSE_STARTUP_TIMEOUT=5000 -DLSE_VALUE=32768 -DHSI_VALUE=8000000 -DLSI_VALUE=40000 -DVDD_VALUE=3300 -DPREFETCH_ENABLE=1 -DINSTRUCTION_CACHE_ENABLE=0 -DDATA_CACHE_ENABLE=0 -c -I../Core/Inc -I../Drivers/STM32F0xx_HAL_Driver/Inc -I../Drivers/CMSIS/Device/ST/STM32F0xx/Include -I../Drivers/CMSIS/Include -O0 -ffunction-sections -fdata-sections -Wall -fstack-usage -fcyclomatic-complexity -MMD -MP -MF"Core/Src/main.d" -MT"Core/Src/main.o" --specs=nano.specs -mfloat-abi=soft -mthumb -o "Core/Src/main.o"
arm-none-eabi-gcc -o "alfred_ultrasonic_hedghog.elf" @"objects.list"   -mcpu=cortex-m0 -T"C:\Users\Alfred\STM32CubeIDE\workspace_1.19.0\alfred_ultrasonic_hedghog\STM32F030F4PX_FLASH.ld" --specs=nosys.specs -Wl,-Map="alfred_ultrasonic_hedghog.map" -Wl,--gc-sections -static --specs=nano.specs -mfloat-abi=soft -mthumb -Wl,--start-group -lc -lm -Wl,--end-group
Finished building target: alfred_ultrasonic_hedghog.elf
 
arm-none-eabi-size  alfred_ultrasonic_hedghog.elf 
arm-none-eabi-objdump -h -S alfred_ultrasonic_hedghog.elf  > "alfred_ultrasonic_hedghog.list"
   text	   data	    bss	    dec	    hex	filename
   4152	      4	   1580	   5736	   1668	alfred_ultrasonic_hedghog.elf
Finished building: default.size.stdout
 
Finished building: alfred_ultrasonic_hedghog.list
 
13:49:55 **** Incremental Build of configuration Debug for project alfred_ultrasonic_hedghog ****
make -j12 all 
arm-none-eabi-gcc "../Core/Src/main.c" -mcpu=cortex-m0 -std=gnu11 -g3 -DDEBUG -DSTM32F030x6 -DUSE_FULL_LL_DRIVER -DHSE_VALUE=8000000 -DHSE_STARTUP_TIMEOUT=100 -DLSE_STARTUP_TIMEOUT=5000 -DLSE_VALUE=32768 -DHSI_VALUE=8000000 -DLSI_VALUE=40000 -DVDD_VALUE=3300 -DPREFETCH_ENABLE=1 -DINSTRUCTION_CACHE_ENABLE=0 -DDATA_CACHE_ENABLE=0 -c -I../Core/Inc -I../Drivers/STM32F0xx_HAL_Driver/Inc -I../Drivers/CMSIS/Device/ST/STM32F0xx/Include -I../Drivers/CMSIS/Include -O0 -ffunction-sections -fdata-sections -Wall -fstack-usage -fcyclomatic-complexity -MMD -MP -MF"Core/Src/main.d" -MT"Core/Src/main.o" --specs=nano.specs -mfloat-abi=soft -mthumb -o "Core/Src/main.o"
arm-none-eabi-gcc -o "alfred_ultrasonic_hedghog.elf" @"objects.list"   -mcpu=cortex-m0 -T"C:\Users\Alfred\STM32CubeIDE\workspace_1.19.0\alfred_ultrasonic_hedghog\STM32F030F4PX_FLASH.ld" --specs=nosys.specs -Wl,-Map="alfred_ultrasonic_hedghog.map" -Wl,--gc-sections -static --specs=nano.specs -mfloat-abi=soft -mthumb -Wl,--start-group -lc -lm -Wl,--end-group
Finished building target: alfred_ultrasonic_hedghog.elf
 
arm-none-eabi-size  alfred_ultrasonic_hedghog.elf 
arm-none-eabi-objdump -h -S alfred_ultrasonic_hedghog.elf  > "alfred_ultrasonic_hedghog.list"
   text	   data	    bss	    dec	    hex	filename
   4296	      4	   1580	   5880	   16f8	alfred_ultrasonic_hedghog.elf
Finished building: default.size.stdout
 
Finished building: alfred_ultrasonic_hedghog.list
 
13:50:19 **** Incremental Build of configuration Debug for project alfred_ultrasonic_hedghog ****
make -j12 all 
arm-none-eabi-size  alfred_ultrasonic_hedghog.elf 
   text	   data	    bss	    dec	    hex	filename
   4296	      4	   1580	   5880	   16f8	alfred_ultrasonic_hedghog.elf
Finished building: default.size.stdout
 
13:54:50 **** Incremental Build of configuration Debug for project alfred_ultrasonic_hedghog ****
make -j12 all 
arm-none-eabi-gcc "../Core/Src/main.c" -mcpu=cortex-m0 -std=gnu11 -g3 -DDEBUG -DSTM32F030x6 -DUSE_FULL_LL_DRIVER -DHSE_VALUE=8000000 -DHSE_STARTUP_TIMEOUT=100 -DLSE_STARTUP_TIMEOUT=5000 -DLSE_VALUE=32768 -DHSI_VALUE=8000000 -DLSI_VALUE=40000 -DVDD_VALUE=3300 -DPREFETCH_ENABLE=1 -DINSTRUCTION_CACHE_ENABLE=0 -DDATA_CACHE_ENABLE=0 -c -I../Core/Inc -I../Drivers/STM32F0xx_HAL_Driver/Inc -I../Drivers/CMSIS/Device/ST/STM32F0xx/Include -I../Drivers/CMSIS/Include -O0 -ffunction-sections -fdata-sections -Wall -fstack-usage -fcyclomatic-complexity -MMD -MP -MF"Core/Src/main.d" -MT"Core/Src/main.o" --specs=nano.specs -mfloat-abi=soft -mthumb -o "Core/Src/main.o"
arm-none-eabi-gcc -o "alfred_ultrasonic_hedghog.elf" @"objects.list"   -mcpu=cortex-m0 -T"C:\Users\Alfred\STM32CubeIDE\workspace_1.19.0\alfred_ultrasonic_hedghog\STM32F030F4PX_FLASH.ld" --specs=nosys.specs -Wl,-Map="alfred_ultrasonic_hedghog.map" -Wl,--gc-sections -static --specs=nano.specs -mfloat-abi=soft -mthumb -Wl,--start-group -lc -lm -Wl,--end-group
Finished building target: alfred_ultrasonic_hedghog.elf
 
arm-none-eabi-size  alfred_ultrasonic_hedghog.elf 
arm-none-eabi-objdump -h -S alfred_ultrasonic_hedghog.elf  > "alfred_ultrasonic_hedghog.list"
   text	   data	    bss	    dec	    hex	filename
   4460	      4	   1588	   6052	   17a4	alfred_ultrasonic_hedghog.elf
Finished building: default.size.stdout
 
Finished building: alfred_ultrasonic_hedghog.list
 
13:58:29 **** Incremental Build of configuration Debug for project alfred_ultrasonic_hedghog ****
make -j12 all 
arm-none-eabi-gcc "../Core/Src/main.c" -mcpu=cortex-m0 -std=gnu11 -g3 -DDEBUG -DSTM32F030x6 -DUSE_FULL_LL_DRIVER -DHSE_VALUE=8000000 -DHSE_STARTUP_TIMEOUT=100 -DLSE_STARTUP_TIMEOUT=5000 -DLSE_VALUE=32768 -DHSI_VALUE=8000000 -DLSI_VALUE=40000 -DVDD_VALUE=3300 -DPREFETCH_ENABLE=1 -DINSTRUCTION_CACHE_ENABLE=0 -DDATA_CACHE_ENABLE=0 -c -I../Core/Inc -I../Drivers/STM32F0xx_HAL_Driver/Inc -I../Drivers/CMSIS/Device/ST/STM32F0xx/Include -I../Drivers/CMSIS/Include -O0 -ffunction-sections -fdata-sections -Wall -fstack-usage -fcyclomatic-complexity -MMD -MP -MF"Core/Src/main.d" -MT"Core/Src/main.o" --specs=nano.specs -mfloat-abi=soft -mthumb -o "Core/Src/main.o"
arm-none-eabi-gcc -o "alfred_ultrasonic_hedghog.elf" @"objects.list"   -mcpu=cortex-m0 -T"C:\Users\Alfred\STM32CubeIDE\workspace_1.19.0\alfred_ultrasonic_hedghog\STM32F030F4PX_FLASH.ld" --specs=nosys.specs -Wl,-Map="alfred_ultrasonic_hedghog.map" -Wl,--gc-sections -static --specs=nano.specs -mfloat-abi=soft -mthumb -Wl,--start-group -lc -lm -Wl,--end-group
Finished building target: alfred_ultrasonic_hedghog.elf
 
arm-none-eabi-size  alfred_ultrasonic_hedghog.elf 
arm-none-eabi-objdump -h -S alfred_ultrasonic_hedghog.elf  > "alfred_ultrasonic_hedghog.list"
   text	   data	    bss	    dec	    hex	filename
   4516	      4	   1596	   6116	   17e4	alfred_ultrasonic_hedghog.elf
Finished building: default.size.stdout
 
Finished building: alfred_ultrasonic_hedghog.list
 
14:04:59 **** Incremental Build of configuration Debug for project alfred_ultrasonic_hedghog ****
make -j12 all 
arm-none-eabi-gcc "../Core/Src/main.c" -mcpu=cortex-m0 -std=gnu11 -g3 -DDEBUG -DSTM32F030x6 -DUSE_FULL_LL_DRIVER -DHSE_VALUE=8000000 -DHSE_STARTUP_TIMEOUT=100 -DLSE_STARTUP_TIMEOUT=5000 -DLSE_VALUE=32768 -DHSI_VALUE=8000000 -DLSI_VALUE=40000 -DVDD_VALUE=3300 -DPREFETCH_ENABLE=1 -DINSTRUCTION_CACHE_ENABLE=0 -DDATA_CACHE_ENABLE=0 -c -I../Core/Inc -I../Drivers/STM32F0xx_HAL_Driver/Inc -I../Drivers/CMSIS/Device/ST/STM32F0xx/Include -I../Drivers/CMSIS/Include -O0 -ffunction-sections -fdata-sections -Wall -fstack-usage -fcyclomatic-complexity -MMD -MP -MF"Core/Src/main.d" -MT"Core/Src/main.o" --specs=nano.specs -mfloat-abi=soft -mthumb -o "Core/Src/main.o"
arm-none-eabi-gcc -o "alfred_ultrasonic_hedghog.elf" @"objects.list"   -mcpu=cortex-m0 -T"C:\Users\Alfred\STM32CubeIDE\workspace_1.19.0\alfred_ultrasonic_hedghog\STM32F030F4PX_FLASH.ld" --specs=nosys.specs -Wl,-Map="alfred_ultrasonic_hedghog.map" -Wl,--gc-sections -static --specs=nano.specs -mfloat-abi=soft -mthumb -Wl,--start-group -lc -lm -Wl,--end-group
Finished building target: alfred_ultrasonic_hedghog.elf
 
arm-none-eabi-size  alfred_ultrasonic_hedghog.elf 
arm-none-eabi-objdump -h -S alfred_ultrasonic_hedghog.elf  > "alfred_ultrasonic_hedghog.list"
   text	   data	    bss	    dec	    hex	filename
   4516	      4	   1596	   6116	   17e4	alfred_ultrasonic_hedghog.elf
Finished building: default.size.stdout
 
Finished building: alfred_ultrasonic_hedghog.list
 
14:07:28 **** Incremental Build of configuration Debug for project alfred_ultrasonic_hedghog ****
make -j12 all 
arm-none-eabi-gcc "../Core/Src/main.c" -mcpu=cortex-m0 -std=gnu11 -g3 -DDEBUG -DSTM32F030x6 -DUSE_FULL_LL_DRIVER -DHSE_VALUE=8000000 -DHSE_STARTUP_TIMEOUT=100 -DLSE_STARTUP_TIMEOUT=5000 -DLSE_VALUE=32768 -DHSI_VALUE=8000000 -DLSI_VALUE=40000 -DVDD_VALUE=3300 -DPREFETCH_ENABLE=1 -DINSTRUCTION_CACHE_ENABLE=0 -DDATA_CACHE_ENABLE=0 -c -I../Core/Inc -I../Drivers/STM32F0xx_HAL_Driver/Inc -I../Drivers/CMSIS/Device/ST/STM32F0xx/Include -I../Drivers/CMSIS/Include -O0 -ffunction-sections -fdata-sections -Wall -fstack-usage -fcyclomatic-complexity -MMD -MP -MF"Core/Src/main.d" -MT"Core/Src/main.o" --specs=nano.specs -mfloat-abi=soft -mthumb -o "Core/Src/main.o"
arm-none-eabi-gcc -o "alfred_ultrasonic_hedghog.elf" @"objects.list"   -mcpu=cortex-m0 -T"C:\Users\Alfred\STM32CubeIDE\workspace_1.19.0\alfred_ultrasonic_hedghog\STM32F030F4PX_FLASH.ld" --specs=nosys.specs -Wl,-Map="alfred_ultrasonic_hedghog.map" -Wl,--gc-sections -static --specs=nano.specs -mfloat-abi=soft -mthumb -Wl,--start-group -lc -lm -Wl,--end-group
Finished building target: alfred_ultrasonic_hedghog.elf
 
arm-none-eabi-size  alfred_ultrasonic_hedghog.elf 
arm-none-eabi-objdump -h -S alfred_ultrasonic_hedghog.elf  > "alfred_ultrasonic_hedghog.list"
   text	   data	    bss	    dec	    hex	filename
   4512	      4	   1596	   6112	   17e0	alfred_ultrasonic_hedghog.elf
Finished building: default.size.stdout
 
Finished building: alfred_ultrasonic_hedghog.list
 
14:10:41 **** Incremental Build of configuration Debug for project alfred_ultrasonic_hedghog ****
make -j12 all 
arm-none-eabi-size  alfred_ultrasonic_hedghog.elf 
   text	   data	    bss	    dec	    hex	filename
   4512	      4	   1596	   6112	   17e0	alfred_ultrasonic_hedghog.elf
Finished building: default.size.stdout
 
14:11:58 **** Incremental Build of configuration Debug for project alfred_ultrasonic_hedghog ****
make -j12 all 
[...]
make -j12 all 
arm-none-eabi-gcc "../Core/Src/main.c" -mcpu=cortex-m0 -std=gnu11 -g3 -DDEBUG -DSTM32F030x6 -DUSE_FULL_LL_DRIVER -DHSE_VALUE=8000000 -DHSE_STARTUP_TIMEOUT=100 -DLSE_STARTUP_TIMEOUT=5000 -DLSE_VALUE=32768 -DHSI_VALUE=8000000 -DLSI_VALUE=40000 -DVDD_VALUE=3300 -DPREFETCH_ENABLE=1 -DINSTRUCTION_CACHE_ENABLE=0 -DDATA_CACHE_ENABLE=0 -c -I../Core/Inc -I../Drivers/STM32F0xx_HAL_Driver/Inc -I../Drivers/CMSIS/Device/ST/STM32F0xx/Include -I../Drivers/CMSIS/Include -O0 -ffunction-sections -fdata-sections -Wall -fstack-usage -fcyclomatic-complexity -MMD -MP -MF"Core/Src/main.d" -MT"Core/Src/main.o" --specs=nano.specs -mfloat-abi=soft -mthumb -o "Core/Src/main.o"
../Core/Src/main.c: In function 'TIM3_IRQHandler':
../Core/Src/main.c:8:226: error: expected ')' before numeric constant
    8 | #define DIST_MIN_CM         1                                                                                                                                                                                                    0
      |                                                                                                                                                                                                                                  ^
../Core/Src/main.c:24:48: note: in expansion of macro 'DIST_MIN_CM'
   24 | #define DIST_MIN_TICKS      (TICKS_PER_METRE * DIST_MIN_CM / 100UL)
      |                                                ^~~~~~~~~~~
../Core/Src/main.c:182:16: note: in expansion of macro 'DIST_MIN_TICKS'
  182 |     if (tof >= DIST_MIN_TICKS && tof <= DIST_MAX_TICKS)
      |                ^~~~~~~~~~~~~~
../Core/Src/main.c:24:29: note: to match this '('
   24 | #define DIST_MIN_TICKS      (TICKS_PER_METRE * DIST_MIN_CM / 100UL)
      |                             ^
../Core/Src/main.c:182:16: note: in expansion of macro 'DIST_MIN_TICKS'
  182 |     if (tof >= DIST_MIN_TICKS && tof <= DIST_MAX_TICKS)
      |                ^~~~~~~~~~~~~~
make: *** [Core/Src/subdir.mk:31: Core/Src/main.o] Error 1
"make -j12 all" terminated with exit code 2. Build might be incomplete.
16:47:46 **** Incremental Build of configuration Debug for project alfred_ultrasonic_hedghog ****
make -j12 all 
arm-none-eabi-gcc "../Core/Src/main.c" -mcpu=cortex-m0 -std=gnu11 -g3 -DDEBUG -DSTM32F030x6 -DUSE_FULL_LL_DRIVER -DHSE_VALUE=8000000 -DHSE_STARTUP_TIMEOUT=100 -DLSE_STARTUP_TIMEOUT=5000 -DLSE_VALUE=32768 -DHSI_VALUE=8000000 -DLSI_VALUE=40000 -DVDD_VALUE=3300 -DPREFETCH_ENABLE=1 -DINSTRUCTION_CACHE_ENABLE=0 -DDATA_CACHE_ENABLE=0 -c -I../Core/Inc -I../Drivers/STM32F0xx_HAL_Driver/Inc -I../Drivers/CMSIS/Device/ST/STM32F0xx/Include -I../Drivers/CMSIS/Include -O0 -ffunction-sections -fdata-sections -Wall -fstack-usage -fcyclomatic-complexity -MMD -MP -MF"Core/Src/main.d" -MT"Core/Src/main.o" --specs=nano.specs -mfloat-abi=soft -mthumb -o "Core/Src/main.o"
../Core/Src/main.c: In function 'TIM3_IRQHandler':
../Core/Src/main.c:8:226: error: expected ')' before numeric constant
    8 | #define DIST_MIN_CM         1                                                                                                                                                                                                    0
      |                                                                                                                                                                                                                                  ^
../Core/Src/main.c:24:48: note: in expansion of macro 'DIST_MIN_CM'
   24 | #define DIST_MIN_TICKS      (TICKS_PER_METRE * DIST_MIN_CM / 100UL)
      |                                                ^~~~~~~~~~~
../Core/Src/main.c:182:16: note: in expansion of macro 'DIST_MIN_TICKS'
  182 |     if (tof >= DIST_MIN_TICKS && tof <= DIST_MAX_TICKS)
      |                ^~~~~~~~~~~~~~
../Core/Src/main.c:24:29: note: to match this '('
   24 | #define DIST_MIN_TICKS      (TICKS_PER_METRE * DIST_MIN_CM / 100UL)
      |                             ^
../Core/Src/main.c:182:16: note: in expansion of macro 'DIST_MIN_TICKS'
  182 |     if (tof >= DIST_MIN_TICKS && tof <= DIST_MAX_TICKS)
      |                ^~~~~~~~~~~~~~
make: *** [Core/Src/subdir.mk:31: Core/Src/main.o] Error 1
"make -j12 all" terminated with exit code 2. Build might be incomplete.
16:50:19 **** Incremental Build of configuration Debug for project alfred_ultrasonic_hedghog ****
make -j12 all 
arm-none-eabi-gcc "../Core/Src/main.c" -mcpu=cortex-m0 -std=gnu11 -g3 -DDEBUG -DSTM32F030x6 -DUSE_FULL_LL_DRIVER -DHSE_VALUE=8000000 -DHSE_STARTUP_TIMEOUT=100 -DLSE_STARTUP_TIMEOUT=5000 -DLSE_VALUE=32768 -DHSI_VALUE=8000000 -DLSI_VALUE=40000 -DVDD_VALUE=3300 -DPREFETCH_ENABLE=1 -DINSTRUCTION_CACHE_ENABLE=0 -DDATA_CACHE_ENABLE=0 -c -I../Core/Inc -I../Drivers/STM32F0xx_HAL_Driver/Inc -I../Drivers/CMSIS/Device/ST/STM32F0xx/Include -I../Drivers/CMSIS/Include -O0 -ffunction-sections -fdata-sections -Wall -fstack-usage -fcyclomatic-complexity -MMD -MP -MF"Core/Src/main.d" -MT"Core/Src/main.o" --specs=nano.specs -mfloat-abi=soft -mthumb -o "Core/Src/main.o"
arm-none-eabi-gcc -o "alfred_ultrasonic_hedghog.elf" @"objects.list"   -mcpu=cortex-m0 -T"C:\Users\Alfred\STM32CubeIDE\workspace_1.19.0\alfred_ultrasonic_hedghog\STM32F030F4PX_FLASH.ld" --specs=nosys.specs -Wl,-Map="alfred_ultrasonic_hedghog.map" -Wl,--gc-sections -static --specs=nano.specs -mfloat-abi=soft -mthumb -Wl,--start-group -lc -lm -Wl,--end-group
Finished building target: alfred_ultrasonic_hedghog.elf
 
arm-none-eabi-size  alfred_ultrasonic_hedghog.elf 
arm-none-eabi-objdump -h -S alfred_ultrasonic_hedghog.elf  > "alfred_ultrasonic_hedghog.list"
   text	   data	    bss	    dec	    hex	filename
   4452	      4	   1596	   6052	   17a4	alfred_ultrasonic_hedghog.elf
Finished building: default.size.stdout
 
Finished building: alfred_ultrasonic_hedghog.list
 
16:51:22 **** Incremental Build of configuration Debug for project alfred_ultrasonic_hedghog ****
make -j12 all 
arm-none-eabi-gcc "../Core/Src/main.c" -mcpu=cortex-m0 -std=gnu11 -g3 -DDEBUG -DSTM32F030x6 -DUSE_FULL_LL_DRIVER -DHSE_VALUE=8000000 -DHSE_STARTUP_TIMEOUT=100 -DLSE_STARTUP_TIMEOUT=5000 -DLSE_VALUE=32768 -DHSI_VALUE=8000000 -DLSI_VALUE=40000 -DVDD_VALUE=3300 -DPREFETCH_ENABLE=1 -DINSTRUCTION_CACHE_ENABLE=0 -DDATA_CACHE_ENABLE=0 -c -I../Core/Inc -I../Drivers/STM32F0xx_HAL_Driver/Inc -I../Drivers/CMSIS/Device/ST/STM32F0xx/Include -I../Drivers/CMSIS/Include -O0 -ffunction-sections -fdata-sections -Wall -fstack-usage -fcyclomatic-complexity -MMD -MP -MF"Core/Src/main.d" -MT"Core/Src/main.o" --specs=nano.specs -mfloat-abi=soft -mthumb -o "Core/Src/main.o"
arm-none-eabi-gcc -o "alfred_ultrasonic_hedghog.elf" @"objects.list"   -mcpu=cortex-m0 -T"C:\Users\Alfred\STM32CubeIDE\workspace_1.19.0\alfred_ultrasonic_hedghog\STM32F030F4PX_FLASH.ld" --specs=nosys.specs -Wl,-Map="alfred_ultrasonic_hedghog.map" -Wl,--gc-sections -static --specs=nano.specs -mfloat-abi=soft -mthumb -Wl,--start-group -lc -lm -Wl,--end-group
Finished building target: alfred_ultrasonic_hedghog.elf
 
arm-none-eabi-size  alfred_ultrasonic_hedghog.elf 
arm-none-eabi-objdump -h -S alfred_ultrasonic_hedghog.elf  > "alfred_ultrasonic_hedghog.list"
   text	   data	    bss	    dec	    hex	filename
   4460	      4	   1596	   6060	   17ac	alfred_ultrasonic_hedghog.elf
Finished building: default.size.stdout
 
Finished building: alfred_ultrasonic_hedghog.list
 
16:51:51 **** Incremental Build of configuration Debug for project alfred_ultrasonic_hedghog ****
make -j12 all 
arm-none-eabi-size  alfred_ultrasonic_hedghog.elf 
   text	   data	    bss	    dec	    hex	filename
   4460	      4	   1596	   6060	   17ac	alfred_ultrasonic_hedghog.elf
Finished building: default.size.stdout
 
16:52:28 **** Incremental Build of configuration Debug for project alfred_ultrasonic_hedghog ****
make -j12 all 
arm-none-eabi-gcc "../Core/Src/main.c" -mcpu=cortex-m0 -std=gnu11 -g3 -DDEBUG -DSTM32F030x6 -DUSE_FULL_LL_DRIVER -DHSE_VALUE=8000000 -DHSE_STARTUP_TIMEOUT=100 -DLSE_STARTUP_TIMEOUT=5000 -DLSE_VALUE=32768 -DHSI_VALUE=8000000 -DLSI_VALUE=40000 -DVDD_VALUE=3300 -DPREFETCH_ENABLE=1 -DINSTRUCTION_CACHE_ENABLE=0 -DDATA_CACHE_ENABLE=0 -c -I../Core/Inc -I../Drivers/STM32F0xx_HAL_Driver/Inc -I../Drivers/CMSIS/Device/ST/STM32F0xx/Include -I../Drivers/CMSIS/Include -O0 -ffunction-sections -fdata-sections -Wall -fstack-usage -fcyclomatic-complexity -MMD -MP -MF"Core/Src/main.d" -MT"Core/Src/main.o" --specs=nano.specs -mfloat-abi=soft -mthumb -o "Core/Src/main.o"
../Core/Src/main.c: In function 'TIM3_IRQHandler':
../Core/Src/main.c:8:226: error: expected ')' before numeric constant
    8 | #define DIST_MIN_CM         1                                                                                                                                                                                                    0
      |                                                                                                                                                                                                                                  ^
../Core/Src/main.c:24:48: note: in expansion of macro 'DIST_MIN_CM'
   24 | #define DIST_MIN_TICKS      (TICKS_PER_METRE * DIST_MIN_CM / 100UL)
      |                                                ^~~~~~~~~~~
../Core/Src/main.c:182:16: note: in expansion of macro 'DIST_MIN_TICKS'
  182 |     if (tof >= DIST_MIN_TICKS && tof <= DIST_MAX_TICKS)
      |                ^~~~~~~~~~~~~~
../Core/Src/main.c:24:29: note: to match this '('
   24 | #define DIST_MIN_TICKS      (TICKS_PER_METRE * DIST_MIN_CM / 100UL)
      |                             ^
../Core/Src/main.c:182:16: note: in expansion of macro 'DIST_MIN_TICKS'
  182 |     if (tof >= DIST_MIN_TICKS && tof <= DIST_MAX_TICKS)
      |                ^~~~~~~~~~~~~~
make: *** [Core/Src/subdir.mk:31: Core/Src/main.o] Error 1
"make -j12 all" terminated with exit code 2. Build might be incomplete.
16:52:51 **** Incremental Build of configuration Debug for project alfred_ultrasonic_hedghog ****
make -j12 all 
arm-none-eabi-gcc "../Core/Src/main.c" -mcpu=cortex-m0 -std=gnu11 -g3 -DDEBUG -DSTM32F030x6 -DUSE_FULL_LL_DRIVER -DHSE_VALUE=8000000 -DHSE_STARTUP_TIMEOUT=100 -DLSE_STARTUP_TIMEOUT=5000 -DLSE_VALUE=32768 -DHSI_VALUE=8000000 -DLSI_VALUE=40000 -DVDD_VALUE=3300 -DPREFETCH_ENABLE=1 -DINSTRUCTION_CACHE_ENABLE=0 -DDATA_CACHE_ENABLE=0 -c -I../Core/Inc -I../Drivers/STM32F0xx_HAL_Driver/Inc -I../Drivers/CMSIS/Device/ST/STM32F0xx/Include -I../Drivers/CMSIS/Include -O0 -ffunction-sections -fdata-sections -Wall -fstack-usage -fcyclomatic-complexity -MMD -MP -MF"Core/Src/main.d" -MT"Core/Src/main.o" --specs=nano.specs -mfloat-abi=soft -mthumb -o "Core/Src/main.o"
../Core/Src/main.c: In function 'TIM3_IRQHandler':
../Core/Src/main.c:8:227: error: expected ')' before numeric constant
    8 | #define DIST_MIN_CM         10                                                                                                                                                                                                    0
      |                                                                                                                                                                                                                                   ^
../Core/Src/main.c:24:48: note: in expansion of macro 'DIST_MIN_CM'
   24 | #define DIST_MIN_TICKS      (TICKS_PER_METRE * DIST_MIN_CM / 100UL)
      |                                                ^~~~~~~~~~~
../Core/Src/main.c:182:16: note: in expansion of macro 'DIST_MIN_TICKS'
  182 |     if (tof >= DIST_MIN_TICKS && tof <= DIST_MAX_TICKS)
      |                ^~~~~~~~~~~~~~
../Core/Src/main.c:24:29: note: to match this '('
   24 | #define DIST_MIN_TICKS      (TICKS_PER_METRE * DIST_MIN_CM / 100UL)
      |                             ^
../Core/Src/main.c:182:16: note: in expansion of macro 'DIST_MIN_TICKS'
  182 |     if (tof >= DIST_MIN_TICKS && tof <= DIST_MAX_TICKS)
      |                ^~~~~~~~~~~~~~
make: *** [Core/Src/subdir.mk:31: Core/Src/main.o] Error 1
"make -j12 all" terminated with exit code 2. Build might be incomplete.
16:53:14 **** Incremental Build of configuration Debug for project alfred_ultrasonic_hedghog ****
make -j12 all 
arm-none-eabi-gcc "../Core/Src/main.c" -mcpu=cortex-m0 -std=gnu11 -g3 -DDEBUG -DSTM32F030x6 -DUSE_FULL_LL_DRIVER -DHSE_VALUE=8000000 -DHSE_STARTUP_TIMEOUT=100 -DLSE_STARTUP_TIMEOUT=5000 -DLSE_VALUE=32768 -DHSI_VALUE=8000000 -DLSI_VALUE=40000 -DVDD_VALUE=3300 -DPREFETCH_ENABLE=1 -DINSTRUCTION_CACHE_ENABLE=0 -DDATA_CACHE_ENABLE=0 -c -I../Core/Inc -I../Drivers/STM32F0xx_HAL_Driver/Inc -I../Drivers/CMSIS/Device/ST/STM32F0xx/Include -I../Drivers/CMSIS/Include -O0 -ffunction-sections -fdata-sections -Wall -fstack-usage -fcyclomatic-complexity -MMD -MP -MF"Core/Src/main.d" -MT"Core/Src/main.o" --specs=nano.specs -mfloat-abi=soft -mthumb -o "Core/Src/main.o"
arm-none-eabi-gcc -o "alfred_ultrasonic_hedghog.elf" @"objects.list"   -mcpu=cortex-m0 -T"C:\Users\Alfred\STM32CubeIDE\workspace_1.19.0\alfred_ultrasonic_hedghog\STM32F030F4PX_FLASH.ld" --specs=nosys.specs -Wl,-Map="alfred_ultrasonic_hedghog.map" -Wl,--gc-sections -static --specs=nano.specs -mfloat-abi=soft -mthumb -Wl,--start-group -lc -lm -Wl,--end-group
Finished building target: alfred_ultrasonic_hedghog.elf
 
arm-none-eabi-size  alfred_ultrasonic_hedghog.elf 
arm-none-eabi-objdump -h -S alfred_ultrasonic_hedghog.elf  > "alfred_ultrasonic_hedghog.list"
   text	   data	    bss	    dec	    hex	filename
   4452	      4	   1596	   6052	   17a4	alfred_ultrasonic_hedghog.elf
Finished building: default.size.stdout
 
Finished building: alfred_ultrasonic_hedghog.list
 
16:54:15 **** Incremental Build of configuration Debug for project alfred_ultrasonic_hedghog ****
make -j12 all 
arm-none-eabi-gcc "../Core/Src/main.c" -mcpu=cortex-m0 -std=gnu11 -g3 -DDEBUG -DSTM32F030x6 -DUSE_FULL_LL_DRIVER -DHSE_VALUE=8000000 -DHSE_STARTUP_TIMEOUT=100 -DLSE_STARTUP_TIMEOUT=5000 -DLSE_VALUE=32768 -DHSI_VALUE=8000000 -DLSI_VALUE=40000 -DVDD_VALUE=3300 -DPREFETCH_ENABLE=1 -DINSTRUCTION_CACHE_ENABLE=0 -DDATA_CACHE_ENABLE=0 -c -I../Core/Inc -I../Drivers/STM32F0xx_HAL_Driver/Inc -I../Drivers/CMSIS/Device/ST/STM32F0xx/Include -I../Drivers/CMSIS/Include -O0 -ffunction-sections -fdata-sections -Wall -fstack-usage -fcyclomatic-complexity -MMD -MP -MF"Core/Src/main.d" -MT"Core/Src/main.o" --specs=nano.specs -mfloat-abi=soft -mthumb -o "Core/Src/main.o"
arm-none-eabi-gcc -o "alfred_ultrasonic_hedghog.elf" @"objects.list"   -mcpu=cortex-m0 -T"C:\Users\Alfred\STM32CubeIDE\workspace_1.19.0\alfred_ultrasonic_hedghog\STM32F030F4PX_FLASH.ld" --specs=nosys.specs -Wl,-Map="alfred_ultrasonic_hedghog.map" -Wl,--gc-sections -static --specs=nano.specs -mfloat-abi=soft -mthumb -Wl,--start-group -lc -lm -Wl,--end-group
Finished building target: alfred_ultrasonic_hedghog.elf
 
arm-none-eabi-size  alfred_ultrasonic_hedghog.elf 
arm-none-eabi-objdump -h -S alfred_ultrasonic_hedghog.elf  > "alfred_ultrasonic_hedghog.list"
   text	   data	    bss	    dec	    hex	filename
   4452	      4	   1596	   6052	   17a4	alfred_ultrasonic_hedghog.elf
Finished building: default.size.stdout
 
Finished building: alfred_ultrasonic_hedghog.list
 
16:54:41 **** Incremental Build of configuration Debug for project alfred_ultrasonic_hedghog ****
make -j12 all 
arm-none-eabi-gcc "../Core/Src/main.c" -mcpu=cortex-m0 -std=gnu11 -g3 -DDEBUG -DSTM32F030x6 -DUSE_FULL_LL_DRIVER -DHSE_VALUE=8000000 -DHSE_STARTUP_TIMEOUT=100 -DLSE_STARTUP_TIMEOUT=5000 -DLSE_VALUE=32768 -DHSI_VALUE=8000000 -DLSI_VALUE=40000 -DVDD_VALUE=3300 -DPREFETCH_ENABLE=1 -DINSTRUCTION_CACHE_ENABLE=0 -DDATA_CACHE_ENABLE=0 -c -I../Core/Inc -I../Drivers/STM32F0xx_HAL_Driver/Inc -I../Drivers/CMSIS/Device/ST/STM32F0xx/Include -I../Drivers/CMSIS/Include -O0 -ffunction-sections -fdata-sections -Wall -fstack-usage -fcyclomatic-complexity -MMD -MP -MF"Core/Src/main.d" -MT"Core/Src/main.o" --specs=nano.specs -mfloat-abi=soft -mthumb -o "Core/Src/main.o"
arm-none-eabi-gcc -o "alfred_ultrasonic_hedghog.elf" @"objects.list"   -mcpu=cortex-m0 -T"C:\Users\Alfred\STM32CubeIDE\workspace_1.19.0\alfred_ultrasonic_hedghog\STM32F030F4PX_FLASH.ld" --specs=nosys.specs -Wl,-Map="alfred_ultrasonic_hedghog.map" -Wl,--gc-sections -static --specs=nano.specs -mfloat-abi=soft -mthumb -Wl,--start-group -lc -lm -Wl,--end-group
Finished building target: alfred_ultrasonic_hedghog.elf
 
arm-none-eabi-size  alfred_ultrasonic_hedghog.elf 
arm-none-eabi-objdump -h -S alfred_ultrasonic_hedghog.elf  > "alfred_ultrasonic_hedghog.list"
   text	   data	    bss	    dec	    hex	filename
   4444	      4	   1596	   6044	   179c	alfred_ultrasonic_hedghog.elf
Finished building: default.size.stdout
 
Finished building: alfred_ultrasonic_hedghog.list
 
16:56:38 **** Incremental Build of configuration Debug for project alfred_ultrasonic_hedghog ****
make -j12 all 
arm-none-eabi-gcc "../Core/Src/main.c" -mcpu=cortex-m0 -std=gnu11 -g3 -DDEBUG -DSTM32F030x6 -DUSE_FULL_LL_DRIVER -DHSE_VALUE=8000000 -DHSE_STARTUP_TIMEOUT=100 -DLSE_STARTUP_TIMEOUT=5000 -DLSE_VALUE=32768 -DHSI_VALUE=8000000 -DLSI_VALUE=40000 -DVDD_VALUE=3300 -DPREFETCH_ENABLE=1 -DINSTRUCTION_CACHE_ENABLE=0 -DDATA_CACHE_ENABLE=0 -c -I../Core/Inc -I../Drivers/STM32F0xx_HAL_Driver/Inc -I../Drivers/CMSIS/Device/ST/STM32F0xx/Include -I../Drivers/CMSIS/Include -O0 -ffunction-sections -fdata-sections -Wall -fstack-usage -fcyclomatic-complexity -MMD -MP -MF"Core/Src/main.d" -MT"Core/Src/main.o" --specs=nano.specs -mfloat-abi=soft -mthumb -o "Core/Src/main.o"
arm-none-eabi-gcc -o "alfred_ultrasonic_hedghog.elf" @"objects.list"   -mcpu=cortex-m0 -T"C:\Users\Alfred\STM32CubeIDE\workspace_1.19.0\alfred_ultrasonic_hedghog\STM32F030F4PX_FLASH.ld" --specs=nosys.specs -Wl,-Map="alfred_ultrasonic_hedghog.map" -Wl,--gc-sections -static --specs=nano.specs -mfloat-abi=soft -mthumb -Wl,--start-group -lc -lm -Wl,--end-group
Finished building target: alfred_ultrasonic_hedghog.elf
 
arm-none-eabi-size  alfred_ultrasonic_hedghog.elf 
arm-none-eabi-objdump -h -S alfred_ultrasonic_hedghog.elf  > "alfred_ultrasonic_hedghog.list"
   text	   data	    bss	    dec	    hex	filename
   4440	      4	   1596	   6040	   1798	alfred_ultrasonic_hedghog.elf
Finished building: default.size.stdout
 
Finished building: alfred_ultrasonic_hedghog.list
 
12:50:36 **** Incremental Build of configuration Debug for project alfred_ultrasonic_hedghog ****
make -j12 all 
arm-none-eabi-gcc "../Core/Src/main.c" -mcpu=cortex-m0 -std=gnu11 -g3 -DDEBUG -DSTM32F030x6 -DUSE_FULL_LL_DRIVER -DHSE_VALUE=8000000 -DHSE_STARTUP_TIMEOUT=100 -DLSE_STARTUP_TIMEOUT=5000 -DLSE_VALUE=32768 -DHSI_VALUE=8000000 -DLSI_VALUE=40000 -DVDD_VALUE=3300 -DPREFETCH_ENABLE=1 -DINSTRUCTION_CACHE_ENABLE=0 -DDATA_CACHE_ENABLE=0 -c -I../Core/Inc -I../Drivers/STM32F0xx_HAL_Driver/Inc -I../Drivers/CMSIS/Device/ST/STM32F0xx/Include -I../Drivers/CMSIS/Include -O0 -ffunction-sections -fdata-sections -Wall -fstack-usage -fcyclomatic-complexity -MMD -MP -MF"Core/Src/main.d" -MT"Core/Src/main.o" --specs=nano.specs -mfloat-abi=soft -mthumb -o "Core/Src/main.o"
arm-none-eabi-gcc -o "alfred_ultrasonic_hedghog.elf" @"objects.list"   -mcpu=cortex-m0 -T"C:\Users\Alfred\STM32CubeIDE\workspace_1.19.0\alfred_ultrasonic_hedghog\STM32F030F4PX_FLASH.ld" --specs=nosys.specs -Wl,-Map="alfred_ultrasonic_hedghog.map" -Wl,--gc-sections -static --specs=nano.specs -mfloat-abi=soft -mthumb -Wl,--start-group -lc -lm -Wl,--end-group
Finished building target: alfred_ultrasonic_hedghog.elf
 
arm-none-eabi-size  alfred_ultrasonic_hedghog.elf 
arm-none-eabi-objdump -h -S alfred_ultrasonic_hedghog.elf  > "alfred_ultrasonic_hedghog.list"
   text	   data	    bss	    dec	    hex	filename
   4452	      4	   1596	   6052	   17a4	alfred_ultrasonic_hedghog.elf
Finished building: default.size.stdout
 
Finished building: alfred_ultrasonic_hedghog.list
 
