../Drivers/CMSIS/Include/core_cm0.h:623:22:__NVIC_EnableIRQ	2
../Drivers/CMSIS/Include/core_cm0.h:730:22:__NVIC_SetPriority	2
../Drivers/STM32F0xx_HAL_Driver/Inc/stm32f0xx_ll_rcc.h:708:22:LL_RCC_HSE_Enable	1
../Drivers/STM32F0xx_HAL_Driver/Inc/stm32f0xx_ll_rcc.h:728:26:LL_RCC_HSE_IsReady	1
../Drivers/STM32F0xx_HAL_Driver/Inc/stm32f0xx_ll_rcc.h:1098:22:LL_RCC_SetSysClkSource	1
../Drivers/STM32F0xx_HAL_Driver/Inc/stm32f0xx_ll_rcc.h:1114:26:LL_RCC_GetSysClkSource	1
../Drivers/STM32F0xx_HAL_Driver/Inc/stm32f0xx_ll_rcc.h:1134:22:LL_RCC_SetAHBPrescaler	1
../Drivers/STM32F0xx_HAL_Driver/Inc/stm32f0xx_ll_rcc.h:1150:22:LL_RCC_SetAPB1Prescaler	1
../Drivers/STM32F0xx_HAL_Driver/Inc/stm32f0xx_ll_rcc.h:1505:22:LL_RCC_PLL_Enable	1
../Drivers/STM32F0xx_HAL_Driver/Inc/stm32f0xx_ll_rcc.h:1526:26:LL_RCC_PLL_IsReady	1
../Drivers/STM32F0xx_HAL_Driver/Inc/stm32f0xx_ll_rcc.h:1627:22:LL_RCC_PLL_ConfigDomain_SYS	1
../Drivers/STM32F0xx_HAL_Driver/Inc/stm32f0xx_ll_bus.h:225:22:LL_AHB1_GRP1_EnableClock	1
../Drivers/STM32F0xx_HAL_Driver/Inc/stm32f0xx_ll_bus.h:413:22:LL_APB1_GRP1_EnableClock	1
../Drivers/STM32F0xx_HAL_Driver/Inc/stm32f0xx_ll_bus.h:663:22:LL_APB1_GRP2_EnableClock	1
../Drivers/STM32F0xx_HAL_Driver/Inc/stm32f0xx_ll_system.h:1778:22:LL_FLASH_SetLatency	1
../Drivers/STM32F0xx_HAL_Driver/Inc/stm32f0xx_ll_system.h:1790:26:LL_FLASH_GetLatency	1
../Drivers/STM32F0xx_HAL_Driver/Inc/stm32f0xx_ll_tim.h:1073:22:LL_TIM_EnableCounter	1
../Drivers/STM32F0xx_HAL_Driver/Inc/stm32f0xx_ll_tim.h:1368:22:LL_TIM_SetPrescaler	1
../Drivers/STM32F0xx_HAL_Driver/Inc/stm32f0xx_ll_tim.h:1395:22:LL_TIM_SetAutoReload	1
../Drivers/STM32F0xx_HAL_Driver/Inc/stm32f0xx_ll_tim.h:1569:22:LL_TIM_CC_EnableChannel	1
../Drivers/STM32F0xx_HAL_Driver/Inc/stm32f0xx_ll_tim.h:1691:22:LL_TIM_OC_SetMode	7
../Drivers/STM32F0xx_HAL_Driver/Inc/stm32f0xx_ll_tim.h:2094:22:LL_TIM_OC_SetCompareCH2	1
../Drivers/STM32F0xx_HAL_Driver/Inc/stm32f0xx_ll_tim.h:2268:22:LL_TIM_IC_SetActiveInput	7
../Drivers/STM32F0xx_HAL_Driver/Inc/stm32f0xx_ll_tim.h:2447:22:LL_TIM_IC_SetPolarity	7
../Drivers/STM32F0xx_HAL_Driver/Inc/stm32f0xx_ll_tim.h:2952:22:LL_TIM_EnableAllOutputs	1
../Drivers/STM32F0xx_HAL_Driver/Inc/stm32f0xx_ll_tim.h:3105:22:LL_TIM_ClearFlag_UPDATE	1
../Drivers/STM32F0xx_HAL_Driver/Inc/stm32f0xx_ll_tim.h:3116:26:LL_TIM_IsActiveFlag_UPDATE	2
../Drivers/STM32F0xx_HAL_Driver/Inc/stm32f0xx_ll_tim.h:3149:22:LL_TIM_ClearFlag_CC2	1
../Drivers/STM32F0xx_HAL_Driver/Inc/stm32f0xx_ll_tim.h:3160:26:LL_TIM_IsActiveFlag_CC2	2
../Drivers/STM32F0xx_HAL_Driver/Inc/stm32f0xx_ll_tim.h:3193:22:LL_TIM_ClearFlag_CC4	1
../Drivers/STM32F0xx_HAL_Driver/Inc/stm32f0xx_ll_tim.h:3204:26:LL_TIM_IsActiveFlag_CC4	2
../Drivers/STM32F0xx_HAL_Driver/Inc/stm32f0xx_ll_tim.h:3380:22:LL_TIM_EnableIT_UPDATE	1
../Drivers/STM32F0xx_HAL_Driver/Inc/stm32f0xx_ll_tim.h:3446:22:LL_TIM_EnableIT_CC2	1
../Drivers/STM32F0xx_HAL_Driver/Inc/stm32f0xx_ll_tim.h:3512:22:LL_TIM_EnableIT_CC4	1
../Drivers/STM32F0xx_HAL_Driver/Inc/stm32f0xx_ll_gpio.h:267:22:LL_GPIO_SetPinMode	1
../Drivers/STM32F0xx_HAL_Driver/Inc/stm32f0xx_ll_gpio.h:405:22:LL_GPIO_SetPinSpeed	1
../Drivers/STM32F0xx_HAL_Driver/Inc/stm32f0xx_ll_gpio.h:473:22:LL_GPIO_SetPinPull	1
../Drivers/STM32F0xx_HAL_Driver/Inc/stm32f0xx_ll_gpio.h:536:22:LL_GPIO_SetAFPin_0_7	1
../Drivers/STM32F0xx_HAL_Driver/Inc/stm32f0xx_ll_gpio.h:597:22:LL_GPIO_SetAFPin_8_15	1
../Core/Src/main.c:50:6:SystemClock_Config	5
../Core/Src/main.c:83:6:TIM1_CC_IRQHandler	15
../Core/Src/main.c:141:6:TIM14_IRQHandler	4
../Core/Src/main.c:152:6:TIM3_IRQHandler	11
../Core/Src/main.c:197:5:main	2
../Core/Src/main.c:263:6:Error_Handler	1
